Jun  4 19:57:29 email-threat-docker postfix/cleanup[190]: 32B7197297: message-id=<>
Jun  4 19:57:29 email-threat-docker postfix/qmgr[99]: 32B7197297: from=<noreply@itdept.company.com>, size=2278, nrcpt=1 (queue active)
Jun  4 19:57:29 email-threat-docker postfix/smtpd[179]: disconnect from unknown[172.20.0.1] ehlo=1 mail=1 rcpt=1 data=1 quit=1 commands=5
Jun  4 19:57:29 email-threat-docker postfix/smtp[191]: 32B7197297: to=<recipient@email-threat-docker.local>, relay=scanner[172.20.0.3]:10025, delay=0.03, delays=0.01/0/0.01/0.01, dsn=2.0.0, status=sent (250 Message quarantined)
Jun  4 19:57:29 email-threat-docker postfix/qmgr[99]: 32B7197297: removed
Jun  4 19:57:29 email-threat-docker postfix/smtpd[179]: connect from unknown[172.20.0.1]
Jun  4 19:57:30 email-threat-docker postfix/smtpd[179]: 2E80997297: client=unknown[172.20.0.1]
Jun  4 19:57:30 email-threat-docker postfix/cleanup[190]: 2E80997297: prepend: header Subject: Undelivered Mail Notification from unknown[172.20.0.1]; from=<teamlead@company.com> to=<recipient@email-threat-docker.local> proto=ESMTP helo=<[192.168.48.1]>: [Subject: ]
Jun  4 19:57:30 email-threat-docker postfix/cleanup[190]: 2E80997297: message-id=<>
Jun  4 19:57:30 email-threat-docker postfix/qmgr[99]: 2E80997297: from=<teamlead@company.com>, size=891, nrcpt=1 (queue active)
Jun  4 19:57:30 email-threat-docker postfix/smtpd[179]: disconnect from unknown[172.20.0.1] ehlo=1 mail=1 rcpt=1 data=1 quit=1 commands=5
Jun  4 19:57:30 email-threat-docker postfix/smtp[191]: 2E80997297: to=<recipient@email-threat-docker.local>, relay=scanner[172.20.0.3]:10025, delay=0.03, delays=0.01/0/0.01/0.01, dsn=2.0.0, status=sent (250 Message quarantined)
Jun  4 19:57:30 email-threat-docker postfix/qmgr[99]: 2E80997297: removed
Jun  4 19:59:17 email-threat-docker postfix/smtpd[408]: warning: dict_nis_init: NIS domain name not set - NIS lookups disabled
Jun  4 19:59:17 email-threat-docker postfix/smtpd[408]: connect from unknown[172.20.0.1]
Jun  4 19:59:18 email-threat-docker postfix/smtpd[408]: 6753A84986: client=unknown[172.20.0.1]
Jun  4 19:59:18 email-threat-docker postfix/cleanup[411]: 6753A84986: prepend: header Subject: Upcoming Holiday Schedule from unknown[172.20.0.1]; from=<billing@legit-company.com> to=<recipient@email-threat-docker.local> proto=ESMTP helo=<[192.168.48.1]>: [Subject: ]
Jun  4 19:59:18 email-threat-docker postfix/cleanup[411]: 6753A84986: message-id=<>
Jun  4 19:59:18 email-threat-docker postfix/qmgr[99]: 6753A84986: from=<billing@legit-company.com>, size=625, nrcpt=1 (queue active)
Jun  4 19:59:18 email-threat-docker postfix/smtpd[408]: disconnect from unknown[172.20.0.1] ehlo=1 mail=1 rcpt=1 data=1 quit=1 commands=5
Jun  4 19:59:18 email-threat-docker postfix/smtpd[413]: warning: dict_nis_init: NIS domain name not set - NIS lookups disabled
Jun  4 19:59:18 email-threat-docker postfix/smtpd[413]: connect from scanner.holbertonshcool-cybersecurity-final-proyect_threat-net[172.20.0.3]
Jun  4 19:59:18 email-threat-docker postfix/smtpd[413]: 747E584997: client=scanner.holbertonshcool-cybersecurity-final-proyect_threat-net[172.20.0.3]
Jun  4 19:59:18 email-threat-docker postfix/cleanup[411]: 747E584997: message-id=<>
Jun  4 19:59:18 email-threat-docker postfix/qmgr[99]: 747E584997: from=<billing@legit-company.com>, size=881, nrcpt=1 (queue active)
Jun  4 19:59:18 email-threat-docker postfix/smtpd[413]: disconnect from scanner.holbertonshcool-cybersecurity-final-proyect_threat-net[172.20.0.3] ehlo=1 mail=1 rcpt=1 data=1 quit=1 commands=5
Jun  4 19:59:18 email-threat-docker postfix/smtp[412]: 6753A84986: to=<recipient@email-threat-docker.local>, relay=scanner[172.20.0.3]:10025, delay=0.07, delays=0.02/0.01/0.01/0.04, dsn=2.0.0, status=sent (250 Message delivered)
Jun  4 19:59:18 email-threat-docker postfix/qmgr[99]: 6753A84986: removed
Jun  4 19:59:18 email-threat-docker postfix/local[414]: warning: dict_nis_init: NIS domain name not set - NIS lookups disabled
Jun  4 19:59:18 email-threat-docker postfix/local[414]: 747E584997: to=<recipient@email-threat-docker.local>, relay=local, delay=0.03, delays=0.01/0.01/0/0.01, dsn=2.0.0, status=sent (delivered to command: /usr/bin/procmail)
Jun  4 19:59:18 email-threat-docker postfix/qmgr[99]: 747E584997: removed
Jun  4 19:59:18 email-threat-docker postfix/smtpd[408]: connect from unknown[172.20.0.1]
Jun  4 19:59:19 email-threat-docker postfix/smtpd[408]: 64F0984986: client=unknown[172.20.0.1]
Jun  4 19:59:19 email-threat-docker postfix/cleanup[411]: 64F0984986: prepend: header Subject: Project Kickoff Meeting from unknown[172.20.0.1]; from=<communications@company.com> to=<recipient@email-threat-docker.local> proto=ESMTP helo=<[192.168.48.1]>: [Subject: ]
Jun  4 19:59:19 email-threat-docker postfix/cleanup[411]: 64F0984986: message-id=<>
Jun  4 19:59:19 email-threat-docker postfix/qmgr[99]: 64F0984986: from=<communications@company.com>, size=640, nrcpt=1 (queue active)
Jun  4 19:59:19 email-threat-docker postfix/smtpd[408]: disconnect from unknown[172.20.0.1] ehlo=1 mail=1 rcpt=1 data=1 quit=1 commands=5
Jun  4 19:59:19 email-threat-docker postfix/smtpd[413]: connect from scanner.holbertonshcool-cybersecurity-final-proyect_threat-net[172.20.0.3]
Jun  4 19:59:19 email-threat-docker postfix/smtpd[413]: 6D3C584997: client=scanner.holbertonshcool-cybersecurity-final-proyect_threat-net[172.20.0.3]
Jun  4 19:59:19 email-threat-docker postfix/cleanup[411]: 6D3C584997: message-id=<>
Jun  4 19:59:19 email-threat-docker postfix/qmgr[99]: 6D3C584997: from=<communications@company.com>, size=896, nrcpt=1 (queue active)
Jun  4 19:59:19 email-threat-docker postfix/smtpd[413]: disconnect from scanner.holbertonshcool-cybersecurity-final-proyect_threat-net[172.20.0.3] ehlo=1 mail=1 rcpt=1 data=1 quit=1 commands=5
Jun  4 19:59:19 email-threat-docker postfix/smtp[412]: 64F0984986: to=<recipient@email-threat-docker.local>, relay=scanner[172.20.0.3]:10025, delay=0.05, delays=0.01/0/0.01/0.03, dsn=2.0.0, status=sent (250 Message delivered)
Jun  4 19:59:19 email-threat-docker postfix/qmgr[99]: 64F0984986: removed
Jun  4 19:59:19 email-threat-docker postfix/local[414]: 6D3C584997: to=<recipient@email-threat-docker.local>, relay=local, delay=0.02, delays=0.01/0/0/0.01, dsn=2.0.0, status=sent (delivered to command: /usr/bin/procmail)
Jun  4 19:59:19 email-threat-docker postfix/qmgr[99]: 6D3C584997: removed
Jun  4 19:59:19 email-threat-docker postfix/smtpd[408]: connect from unknown[172.20.0.1]
Jun  4 19:59:20 email-threat-docker postfix/smtpd[408]: 61C5A84986: client=unknown[172.20.0.1]
Jun  4 19:59:20 email-threat-docker postfix/cleanup[411]: 61C5A84986: prepend: header Subject: Scheduled Maintenance Tonight from unknown[172.20.0.1]; from=<admin@company.com> to=<recipient@email-threat-docker.local> proto=ESMTP helo=<[192.168.48.1]>: [Subject: ]
Jun  4 19:59:20 email-threat-docker postfix/cleanup[411]: 61C5A84986: message-id=<>
Jun  4 19:59:20 email-threat-docker postfix/qmgr[99]: 61C5A84986: from=<admin@company.com>, size=632, nrcpt=1 (queue active)
Jun  4 19:59:20 email-threat-docker postfix/smtpd[408]: disconnect from unknown[172.20.0.1] ehlo=1 mail=1 rcpt=1 data=1 quit=1 commands=5
Jun  4 19:59:20 email-threat-docker postfix/smtpd[413]: connect from scanner.holbertonshcool-cybersecurity-final-proyect_threat-net[172.20.0.3]
Jun  4 19:59:20 email-threat-docker postfix/smtpd[413]: 690C684997: client=scanner.holbertonshcool-cybersecurity-final-proyect_threat-net[172.20.0.3]
Jun  4 19:59:20 email-threat-docker postfix/cleanup[411]: 690C684997: message-id=<>
Jun  4 19:59:20 email-threat-docker postfix/qmgr[99]: 690C684997: from=<admin@company.com>, size=888, nrcpt=1 (queue active)
Jun  4 19:59:20 email-threat-docker postfix/smtpd[413]: disconnect from scanner.holbertonshcool-cybersecurity-final-proyect_threat-net[172.20.0.3] ehlo=1 mail=1 rcpt=1 data=1 quit=1 commands=5
Jun  4 19:59:20 email-threat-docker postfix/smtp[412]: 61C5A84986: to=<recipient@email-threat-docker.local>, relay=scanner[172.20.0.3]:10025, delay=0.04, delays=0.01/0/0.01/0.02, dsn=2.0.0, status=sent (250 Message delivered)
Jun  4 19:59:20 email-threat-docker postfix/qmgr[99]: 61C5A84986: removed
Jun  4 19:59:20 email-threat-docker postfix/local[414]: 690C684997: to=<recipient@email-threat-docker.local>, relay=local, delay=0.02, delays=0.01/0/0/0.01, dsn=2.0.0, status=sent (delivered to command: /usr/bin/procmail)
Jun  4 19:59:20 email-threat-docker postfix/qmgr[99]: 690C684997: removed
Jun  4 19:59:20 email-threat-docker postfix/smtpd[408]: connect from unknown[172.20.0.1]
Jun  4 19:59:21 email-threat-docker postfix/smtpd[408]: 5C9F184986: client=unknown[172.20.0.1]
Jun  4 19:59:21 email-threat-docker postfix/cleanup[411]: 5C9F184986: prepend: header Subject: Your Subscription Renewal Confirmation from unknown[172.20.0.1]; from=<support@onlineservice.com> to=<recipient@email-threat-docker.local> proto=ESMTP helo=<[192.168.48.1]>: [Subject: ]
Jun  4 19:59:21 email-threat-docker postfix/cleanup[411]: 5C9F184986: message-id=<>
Jun  4 19:59:21 email-threat-docker postfix/qmgr[99]: 5C9F184986: from=<support@onlineservice.com>, size=605, nrcpt=1 (queue active)
Jun  4 19:59:21 email-threat-docker postfix/smtpd[408]: disconnect from unknown[172.20.0.1] ehlo=1 mail=1 rcpt=1 data=1 quit=1 commands=5
Jun  4 19:59:21 email-threat-docker postfix/smtpd[413]: connect from scanner.holbertonshcool-cybersecurity-final-proyect_threat-net[172.20.0.3]
Jun  4 19:59:21 email-threat-docker postfix/smtpd[413]: 6435284997: client=scanner.holbertonshcool-cybersecurity-final-proyect_threat-net[172.20.0.3]
Jun  4 19:59:21 email-threat-docker postfix/cleanup[411]: 6435284997: message-id=<>
Jun  4 19:59:21 email-threat-docker postfix/qmgr[99]: 6435284997: from=<support@onlineservice.com>, size=861, nrcpt=1 (queue active)
Jun  4 19:59:21 email-threat-docker postfix/smtpd[413]: disconnect from scanner.holbertonshcool-cybersecurity-final-proyect_threat-net[172.20.0.3] ehlo=1 mail=1 rcpt=1 data=1 quit=1 commands=5
Jun  4 19:59:21 email-threat-docker postfix/smtp[412]: 5C9F184986: to=<recipient@email-threat-docker.local>, relay=scanner[172.20.0.3]:10025, delay=0.04, delays=0.01/0/0.01/0.02, dsn=2.0.0, status=sent (250 Message delivered)
Jun  4 19:59:21 email-threat-docker postfix/qmgr[99]: 5C9F184986: removed
Jun  4 19:59:21 email-threat-docker postfix/local[414]: 6435284997: to=<recipient@email-threat-docker.local>, relay=local, delay=0.02, delays=0.01/0/0/0.01, dsn=2.0.0, status=sent (delivered to command: /usr/bin/procmail)
Jun  4 19:59:21 email-threat-docker postfix/qmgr[99]: 6435284997: removed
Jun  4 19:59:21 email-threat-docker postfix/smtpd[408]: connect from unknown[172.20.0.1]
Jun  4 19:59:22 email-threat-docker postfix/smtpd[408]: 5ADF384986: client=unknown[172.20.0.1]
Jun  4 19:59:22 email-threat-docker postfix/cleanup[411]: 5ADF384986: prepend: header Subject: Join Us for the Charity Run! from unknown[172.20.0.1]; from=<admin@company.com> to=<recipient@email-threat-docker.local> proto=ESMTP helo=<[192.168.48.1]>: [Subject: ]
Jun  4 19:59:22 email-threat-docker postfix/cleanup[411]: 5ADF384986: message-id=<>
Jun  4 19:59:22 email-threat-docker postfix/qmgr[99]: 5ADF384986: from=<admin@company.com>, size=640, nrcpt=1 (queue active)
Jun  4 19:59:22 email-threat-docker postfix/smtpd[408]: disconnect from unknown[172.20.0.1] ehlo=1 mail=1 rcpt=1 data=1 quit=1 commands=5
Jun  4 19:59:22 email-threat-docker postfix/smtpd[413]: connect from scanner.holbertonshcool-cybersecurity-final-proyect_threat-net[172.20.0.3]
Jun  4 19:59:22 email-threat-docker postfix/smtpd[413]: 64BF684997: client=scanner.holbertonshcool-cybersecurity-final-proyect_threat-net[172.20.0.3]
Jun  4 19:59:22 email-threat-docker postfix/cleanup[411]: 64BF684997: message-id=<>
Jun  4 19:59:22 email-threat-docker postfix/qmgr[99]: 64BF684997: from=<admin@company.com>, size=896, nrcpt=1 (queue active)
Jun  4 19:59:22 email-threat-docker postfix/smtpd[413]: disconnect from scanner.holbertonshcool-cybersecurity-final-proyect_threat-net[172.20.0.3] ehlo=1 mail=1 rcpt=1 data=1 quit=1 commands=5
Jun  4 19:59:22 email-threat-docker postfix/smtp[412]: 5ADF384986: to=<recipient@email-threat-docker.local>, relay=scanner[172.20.0.3]:10025, delay=0.05, delays=0.02/0/0.01/0.03, dsn=2.0.0, status=sent (250 Message delivered)
Jun  4 19:59:22 email-threat-docker postfix/qmgr[99]: 5ADF384986: removed
Jun  4 19:59:22 email-threat-docker postfix/local[414]: 64BF684997: to=<recipient@email-threat-docker.local>, relay=local, delay=0.02, delays=0.01/0/0/0.01, dsn=2.0.0, status=sent (delivered to command: /usr/bin/procmail)
Jun  4 19:59:22 email-threat-docker postfix/qmgr[99]: 64BF684997: removed
Jun  4 19:59:22 email-threat-docker postfix/smtpd[408]: connect from unknown[172.20.0.1]
Jun  4 19:59:23 email-threat-docker postfix/smtpd[408]: 5943E84986: client=unknown[172.20.0.1]
Jun  4 19:59:23 email-threat-docker postfix/cleanup[411]: 5943E84986: prepend: header Subject: Password Change Successful from unknown[172.20.0.1]; from=<notifications@company.com> to=<recipient@email-threat-docker.local> proto=ESMTP helo=<[192.168.48.1]>: [Subject: ]
Jun  4 19:59:23 email-threat-docker postfix/cleanup[411]: 5943E84986: message-id=<>
Jun  4 19:59:23 email-threat-docker postfix/qmgr[99]: 5943E84986: from=<notifications@company.com>, size=636, nrcpt=1 (queue active)
Jun  4 19:59:23 email-threat-docker postfix/smtpd[408]: disconnect from unknown[172.20.0.1] ehlo=1 mail=1 rcpt=1 data=1 quit=1 commands=5
Jun  4 19:59:23 email-threat-docker postfix/smtpd[413]: connect from scanner.holbertonshcool-cybersecurity-final-proyect_threat-net[172.20.0.3]
Jun  4 19:59:23 email-threat-docker postfix/smtpd[413]: 5FF3684997: client=scanner.holbertonshcool-cybersecurity-final-proyect_threat-net[172.20.0.3]
Jun  4 19:59:23 email-threat-docker postfix/cleanup[411]: 5FF3684997: message-id=<>
Jun  4 19:59:23 email-threat-docker postfix/qmgr[99]: 5FF3684997: from=<notifications@company.com>, size=892, nrcpt=1 (queue active)
Jun  4 19:59:23 email-threat-docker postfix/smtpd[413]: disconnect from scanner.holbertonshcool-cybersecurity-final-proyect_threat-net[172.20.0.3] ehlo=1 mail=1 rcpt=1 data=1 quit=1 commands=5
Jun  4 19:59:23 email-threat-docker postfix/smtp[412]: 5943E84986: to=<recipient@email-threat-docker.local>, relay=scanner[172.20.0.3]:10025, delay=0.04, delays=0.01/0/0.01/0.02, dsn=2.0.0, status=sent (250 Message delivered)
Jun  4 19:59:23 email-threat-docker postfix/qmgr[99]: 5943E84986: removed
Jun  4 19:59:23 email-threat-docker postfix/local[414]: 5FF3684997: to=<recipient@email-threat-docker.local>, relay=local, delay=0.02, delays=0.01/0/0/0.01, dsn=2.0.0, status=sent (delivered to command: /usr/bin/procmail)
Jun  4 19:59:23 email-threat-docker postfix/qmgr[99]: 5FF3684997: removed
Jun  4 19:59:23 email-threat-docker postfix/smtpd[408]: connect from unknown[172.20.0.1]
Jun  4 19:59:24 email-threat-docker postfix/smtpd[408]: 56FD984986: client=unknown[172.20.0.1]
Jun  4 19:59:24 email-threat-docker postfix/cleanup[411]: 56FD984986: prepend: header Subject: Feature X Deployment from unknown[172.20.0.1]; from=<billing@legit-company.com> to=<recipient@email-threat-docker.local> proto=ESMTP helo=<[192.168.48.1]>: [Subject: ]
Jun  4 19:59:24 email-threat-docker postfix/cleanup[411]: 56FD984986: message-id=<>
Jun  4 19:59:24 email-threat-docker postfix/qmgr[99]: 56FD984986: from=<billing@legit-company.com>, size=624, nrcpt=1 (queue active)
Jun  4 19:59:24 email-threat-docker postfix/smtpd[408]: disconnect from unknown[172.20.0.1] ehlo=1 mail=1 rcpt=1 data=1 quit=1 commands=5
Jun  4 19:59:24 email-threat-docker postfix/smtpd[413]: connect from scanner.holbertonshcool-cybersecurity-final-proyect_threat-net[172.20.0.3]
Jun  4 19:59:24 email-threat-docker postfix/smtpd[413]: 5D45184997: client=scanner.holbertonshcool-cybersecurity-final-proyect_threat-net[172.20.0.3]
Jun  4 19:59:24 email-threat-docker postfix/cleanup[411]: 5D45184997: message-id=<>
Jun  4 19:59:24 email-threat-docker postfix/qmgr[99]: 5D45184997: from=<billing@legit-company.com>, size=880, nrcpt=1 (queue active)
Jun  4 19:59:24 email-threat-docker postfix/smtpd[413]: disconnect from scanner.holbertonshcool-cybersecurity-final-proyect_threat-net[172.20.0.3] ehlo=1 mail=1 rcpt=1 data=1 quit=1 commands=5
Jun  4 19:59:24 email-threat-docker postfix/smtp[412]: 56FD984986: to=<recipient@email-threat-docker.local>, relay=scanner[172.20.0.3]:10025, delay=0.04, delays=0.01/0/0.01/0.02, dsn=2.0.0, status=sent (250 Message delivered)
Jun  4 19:59:24 email-threat-docker postfix/qmgr[99]: 56FD984986: removed
Jun  4 19:59:24 email-threat-docker postfix/local[414]: 5D45184997: to=<recipient@email-threat-docker.local>, relay=local, delay=0.02, delays=0.01/0/0/0.01, dsn=2.0.0, status=sent (delivered to command: /usr/bin/procmail)
Jun  4 19:59:24 email-threat-docker postfix/qmgr[99]: 5D45184997: removed
Jun  4 19:59:24 email-threat-docker postfix/smtpd[408]: connect from unknown[172.20.0.1]
Jun  4 19:59:25 email-threat-docker postfix/smtpd[408]: 5866D822BD: client=unknown[172.20.0.1]
Jun  4 19:59:25 email-threat-docker postfix/cleanup[411]: 5866D822BD: prepend: header Subject: Town Hall Meeting Next Week from unknown[172.20.0.1]; from=<support@apple.com> to=<recipient@email-threat-docker.local> proto=ESMTP helo=<[192.168.48.1]>: [Subject: ]
Jun  4 19:59:25 email-threat-docker postfix/cleanup[411]: 5866D822BD: message-id=<>
Jun  4 19:59:25 email-threat-docker postfix/qmgr[99]: 5866D822BD: from=<support@apple.com>, size=637, nrcpt=1 (queue active)
Jun  4 19:59:25 email-threat-docker postfix/smtpd[408]: disconnect from unknown[172.20.0.1] ehlo=1 mail=1 rcpt=1 data=1 quit=1 commands=5
Jun  4 19:59:25 email-threat-docker postfix/smtpd[413]: connect from scanner.holbertonshcool-cybersecurity-final-proyect_threat-net[172.20.0.3]
Jun  4 19:59:25 email-threat-docker postfix/smtpd[413]: 60CC984997: client=scanner.holbertonshcool-cybersecurity-final-proyect_threat-net[172.20.0.3]
Jun  4 19:59:25 email-threat-docker postfix/cleanup[411]: 60CC984997: message-id=<>
Jun  4 19:59:25 email-threat-docker postfix/qmgr[99]: 60CC984997: from=<support@apple.com>, size=893, nrcpt=1 (queue active)
Jun  4 19:59:25 email-threat-docker postfix/smtpd[413]: disconnect from scanner.holbertonshcool-cybersecurity-final-proyect_threat-net[172.20.0.3] ehlo=1 mail=1 rcpt=1 data=1 quit=1 commands=5
Jun  4 19:59:25 email-threat-docker postfix/smtp[412]: 5866D822BD: to=<recipient@email-threat-docker.local>, relay=scanner[172.20.0.3]:10025, delay=0.05, delays=0.01/0/0.01/0.03, dsn=2.0.0, status=sent (250 Message delivered)
Jun  4 19:59:25 email-threat-docker postfix/qmgr[99]: 5866D822BD: removed
Jun  4 19:59:25 email-threat-docker postfix/local[414]: 60CC984997: to=<recipient@email-threat-docker.local>, relay=local, delay=0.02, delays=0.01/0/0/0.01, dsn=2.0.0, status=sent (delivered to command: /usr/bin/procmail)
Jun  4 19:59:25 email-threat-docker postfix/qmgr[99]: 60CC984997: removed
Jun  4 19:59:26 email-threat-docker postfix/smtpd[408]: connect from unknown[172.20.0.1]
Jun  4 19:59:29 email-threat-docker postfix/smtpd[408]: 08C5F822BD: client=unknown[172.20.0.1]
Jun  4 19:59:29 email-threat-docker postfix/cleanup[411]: 08C5F822BD: prepend: header Subject: Team Lunch from unknown[172.20.0.1]; from=<notifications@company.com> to=<recipient@email-threat-docker.local> proto=ESMTP helo=<[192.168.48.1]>: [Subject: ]
Jun  4 19:59:29 email-threat-docker postfix/cleanup[411]: 08C5F822BD: message-id=<>
Jun  4 19:59:29 email-threat-docker postfix/qmgr[99]: 08C5F822BD: from=<notifications@company.com>, size=439, nrcpt=1 (queue active)
Jun  4 19:59:29 email-threat-docker postfix/smtpd[408]: disconnect from unknown[172.20.0.1] ehlo=1 mail=1 rcpt=1 data=1 quit=1 commands=5
Jun  4 19:59:29 email-threat-docker postfix/smtpd[413]: connect from scanner.holbertonshcool-cybersecurity-final-proyect_threat-net[172.20.0.3]
Jun  4 19:59:29 email-threat-docker postfix/smtpd[413]: 0EF0E84997: client=scanner.holbertonshcool-cybersecurity-final-proyect_threat-net[172.20.0.3]
Jun  4 19:59:29 email-threat-docker postfix/cleanup[411]: 0EF0E84997: message-id=<>
Jun  4 19:59:29 email-threat-docker postfix/qmgr[99]: 0EF0E84997: from=<notifications@company.com>, size=695, nrcpt=1 (queue active)
Jun  4 19:59:29 email-threat-docker postfix/smtpd[413]: disconnect from scanner.holbertonshcool-cybersecurity-final-proyect_threat-net[172.20.0.3] ehlo=1 mail=1 rcpt=1 data=1 quit=1 commands=5
Jun  4 19:59:29 email-threat-docker postfix/smtp[412]: 08C5F822BD: to=<recipient@email-threat-docker.local>, relay=scanner[172.20.0.3]:10025, delay=0.04, delays=0.01/0/0.01/0.02, dsn=2.0.0, status=sent (250 Message delivered)
Jun  4 19:59:29 email-threat-docker postfix/qmgr[99]: 08C5F822BD: removed
Jun  4 19:59:29 email-threat-docker postfix/local[414]: 0EF0E84997: to=<recipient@email-threat-docker.local>, relay=local, delay=0.01, delays=0.01/0/0/0.01, dsn=2.0.0, status=sent (delivered to command: /usr/bin/procmail)
Jun  4 19:59:29 email-threat-docker postfix/qmgr[99]: 0EF0E84997: removed
Jun  4 19:59:29 email-threat-docker postfix/smtpd[408]: connect from unknown[172.20.0.1]
Jun  4 19:59:30 email-threat-docker postfix/smtpd[408]: 08E73822BD: client=unknown[172.20.0.1]
Jun  4 19:59:30 email-threat-docker postfix/cleanup[411]: 08E73822BD: prepend: header Subject: Project Update from unknown[172.20.0.1]; from=<info@company.com> to=<recipient@email-threat-docker.local> proto=ESMTP helo=<[192.168.48.1]>: [Subject: ]
Jun  4 19:59:30 email-threat-docker postfix/cleanup[411]: 08E73822BD: message-id=<>
Jun  4 19:59:30 email-threat-docker postfix/qmgr[99]: 08E73822BD: from=<info@company.com>, size=835, nrcpt=1 (queue active)
Jun  4 19:59:30 email-threat-docker postfix/smtpd[408]: disconnect from unknown[172.20.0.1] ehlo=1 mail=1 rcpt=1 data=1 quit=1 commands=5
Jun  4 19:59:30 email-threat-docker postfix/smtpd[413]: connect from scanner.holbertonshcool-cybersecurity-final-proyect_threat-net[172.20.0.3]
Jun  4 19:59:30 email-threat-docker postfix/smtpd[413]: 1486B84997: client=scanner.holbertonshcool-cybersecurity-final-proyect_threat-net[172.20.0.3]
Jun  4 19:59:30 email-threat-docker postfix/cleanup[411]: 1486B84997: message-id=<>
Jun  4 19:59:30 email-threat-docker postfix/qmgr[99]: 1486B84997: from=<info@company.com>, size=1091, nrcpt=1 (queue active)
Jun  4 19:59:30 email-threat-docker postfix/smtpd[413]: disconnect from scanner.holbertonshcool-cybersecurity-final-proyect_threat-net[172.20.0.3] ehlo=1 mail=1 rcpt=1 data=1 quit=1 commands=5
Jun  4 19:59:30 email-threat-docker postfix/smtp[412]: 08E73822BD: to=<recipient@email-threat-docker.local>, relay=scanner[172.20.0.3]:10025, delay=0.06, delays=0.01/0/0.01/0.04, dsn=2.0.0, status=sent (250 Message delivered)
Jun  4 19:59:30 email-threat-docker postfix/qmgr[99]: 08E73822BD: removed
Jun  4 19:59:30 email-threat-docker postfix/local[414]: 1486B84997: to=<recipient@email-threat-docker.local>, relay=local, delay=0.02, delays=0.01/0/0/0.01, dsn=2.0.0, status=sent (delivered to command: /usr/bin/procmail)
Jun  4 19:59:30 email-threat-docker postfix/qmgr[99]: 1486B84997: removed
Jun  4 19:59:30 email-threat-docker postfix/smtpd[408]: connect from unknown[172.20.0.1]
Jun  4 19:59:31 email-threat-docker postfix/smtpd[408]: 0AED6822BD: client=unknown[172.20.0.1]
Jun  4 19:59:31 email-threat-docker postfix/cleanup[411]: 0AED6822BD: prepend: header Subject: Meeting Reminder from unknown[172.20.0.1]; from=<events@company.com> to=<recipient@email-threat-docker.local> proto=ESMTP helo=<[192.168.48.1]>: [Subject: ]
Jun  4 19:59:31 email-threat-docker postfix/cleanup[411]: 0AED6822BD: message-id=<>
Jun  4 19:59:31 email-threat-docker postfix/qmgr[99]: 0AED6822BD: from=<events@company.com>, size=438, nrcpt=1 (queue active)
Jun  4 19:59:31 email-threat-docker postfix/smtpd[408]: disconnect from unknown[172.20.0.1] ehlo=1 mail=1 rcpt=1 data=1 quit=1 commands=5
Jun  4 19:59:31 email-threat-docker postfix/smtpd[413]: connect from scanner.holbertonshcool-cybersecurity-final-proyect_threat-net[172.20.0.3]
Jun  4 19:59:31 email-threat-docker postfix/smtpd[413]: 1572B84997: client=scanner.holbertonshcool-cybersecurity-final-proyect_threat-net[172.20.0.3]
Jun  4 19:59:31 email-threat-docker postfix/cleanup[411]: 1572B84997: message-id=<>
Jun  4 19:59:31 email-threat-docker postfix/qmgr[99]: 1572B84997: from=<events@company.com>, size=694, nrcpt=1 (queue active)
Jun  4 19:59:31 email-threat-docker postfix/smtpd[413]: disconnect from scanner.holbertonshcool-cybersecurity-final-proyect_threat-net[172.20.0.3] ehlo=1 mail=1 rcpt=1 data=1 quit=1 commands=5
Jun  4 19:59:31 email-threat-docker postfix/smtp[412]: 0AED6822BD: to=<recipient@email-threat-docker.local>, relay=scanner[172.20.0.3]:10025, delay=0.06, delays=0.02/0/0.01/0.03, dsn=2.0.0, status=sent (250 Message delivered)
Jun  4 19:59:31 email-threat-docker postfix/qmgr[99]: 0AED6822BD: removed
Jun  4 19:59:31 email-threat-docker postfix/local[414]: 1572B84997: to=<recipient@email-threat-docker.local>, relay=local, delay=0.02, delays=0.01/0/0/0.01, dsn=2.0.0, status=sent (delivered to command: /usr/bin/procmail)
Jun  4 19:59:31 email-threat-docker postfix/qmgr[99]: 1572B84997: removed
Jun  4 19:59:31 email-threat-docker postfix/smtpd[408]: connect from unknown[172.20.0.1]
Jun  4 19:59:32 email-threat-docker postfix/smtpd[408]: 0C55F822BD: client=unknown[172.20.0.1]
Jun  4 19:59:32 email-threat-docker postfix/cleanup[411]: 0C55F822BD: prepend: header Subject: Network Maintenance from unknown[172.20.0.1]; from=<devteam@company.com> to=<recipient@email-threat-docker.local> proto=ESMTP helo=<[192.168.48.1]>: [Subject: ]
Jun  4 19:59:32 email-threat-docker postfix/cleanup[411]: 0C55F822BD: message-id=<>
Jun  4 19:59:32 email-threat-docker postfix/qmgr[99]: 0C55F822BD: from=<devteam@company.com>, size=448, nrcpt=1 (queue active)
Jun  4 19:59:32 email-threat-docker postfix/smtpd[408]: disconnect from unknown[172.20.0.1] ehlo=1 mail=1 rcpt=1 data=1 quit=1 commands=5
Jun  4 19:59:32 email-threat-docker postfix/smtpd[413]: connect from scanner.holbertonshcool-cybersecurity-final-proyect_threat-net[172.20.0.3]
Jun  4 19:59:32 email-threat-docker postfix/smtpd[413]: 12CDA84997: client=scanner.holbertonshcool-cybersecurity-final-proyect_threat-net[172.20.0.3]
Jun  4 19:59:32 email-threat-docker postfix/cleanup[411]: 12CDA84997: message-id=<>
Jun  4 19:59:32 email-threat-docker postfix/qmgr[99]: 12CDA84997: from=<devteam@company.com>, size=704, nrcpt=1 (queue active)
Jun  4 19:59:32 email-threat-docker postfix/smtpd[413]: disconnect from scanner.holbertonshcool-cybersecurity-final-proyect_threat-net[172.20.0.3] ehlo=1 mail=1 rcpt=1 data=1 quit=1 commands=5
Jun  4 19:59:32 email-threat-docker postfix/smtp[412]: 0C55F822BD: to=<recipient@email-threat-docker.local>, relay=scanner[172.20.0.3]:10025, delay=0.04, delays=0.01/0/0.01/0.02, dsn=2.0.0, status=sent (250 Message delivered)
Jun  4 19:59:32 email-threat-docker postfix/qmgr[99]: 0C55F822BD: removed
Jun  4 19:59:32 email-threat-docker postfix/local[414]: 12CDA84997: to=<recipient@email-threat-docker.local>, relay=local, delay=0.02, delays=0.01/0/0/0.01, dsn=2.0.0, status=sent (delivered to command: /usr/bin/procmail)
Jun  4 19:59:32 email-threat-docker postfix/qmgr[99]: 12CDA84997: removed
Jun  4 19:59:32 email-threat-docker postfix/smtpd[408]: connect from unknown[172.20.0.1]
Jun  4 19:59:33 email-threat-docker postfix/smtpd[408]: 0A7CE822BD: client=unknown[172.20.0.1]
Jun  4 19:59:33 email-threat-docker postfix/cleanup[411]: 0A7CE822BD: prepend: header Subject: New Policy Document from unknown[172.20.0.1]; from=<deals@newsletter.com> to=<recipient@email-threat-docker.local> proto=ESMTP helo=<[192.168.48.1]>: [Subject: ]
Jun  4 19:59:33 email-threat-docker postfix/cleanup[411]: 0A7CE822BD: message-id=<>
Jun  4 19:59:33 email-threat-docker postfix/qmgr[99]: 0A7CE822BD: from=<deals@newsletter.com>, size=846, nrcpt=1 (queue active)
Jun  4 19:59:33 email-threat-docker postfix/smtpd[408]: disconnect from unknown[172.20.0.1] ehlo=1 mail=1 rcpt=1 data=1 quit=1 commands=5
Jun  4 19:59:33 email-threat-docker postfix/smtpd[413]: connect from scanner.holbertonshcool-cybersecurity-final-proyect_threat-net[172.20.0.3]
Jun  4 19:59:33 email-threat-docker postfix/smtpd[413]: 1172484997: client=scanner.holbertonshcool-cybersecurity-final-proyect_threat-net[172.20.0.3]
Jun  4 19:59:33 email-threat-docker postfix/cleanup[411]: 1172484997: message-id=<>
Jun  4 19:59:33 email-threat-docker postfix/qmgr[99]: 1172484997: from=<deals@newsletter.com>, size=1102, nrcpt=1 (queue active)
Jun  4 19:59:33 email-threat-docker postfix/smtpd[413]: disconnect from scanner.holbertonshcool-cybersecurity-final-proyect_threat-net[172.20.0.3] ehlo=1 mail=1 rcpt=1 data=1 quit=1 commands=5
Jun  4 19:59:33 email-threat-docker postfix/smtp[412]: 0A7CE822BD: to=<recipient@email-threat-docker.local>, relay=scanner[172.20.0.3]:10025, delay=0.04, delays=0.01/0/0.01/0.02, dsn=2.0.0, status=sent (250 Message delivered)
Jun  4 19:59:33 email-threat-docker postfix/qmgr[99]: 0A7CE822BD: removed
Jun  4 19:59:33 email-threat-docker postfix/local[414]: 1172484997: to=<recipient@email-threat-docker.local>, relay=local, delay=0.02, delays=0.01/0/0/0.01, dsn=2.0.0, status=sent (delivered to command: /usr/bin/procmail)
Jun  4 19:59:33 email-threat-docker postfix/qmgr[99]: 1172484997: removed
Jun  4 19:59:33 email-threat-docker postfix/smtpd[408]: connect from unknown[172.20.0.1]
Jun  4 19:59:34 email-threat-docker postfix/smtpd[408]: 073F6822BD: client=unknown[172.20.0.1]
Jun  4 19:59:34 email-threat-docker postfix/cleanup[411]: 073F6822BD: prepend: header Subject: Welcome New Hire from unknown[172.20.0.1]; from=<admin@company.com> to=<recipient@email-threat-docker.local> proto=ESMTP helo=<[192.168.48.1]>: [Subject: ]
Jun  4 19:59:34 email-threat-docker postfix/cleanup[411]: 073F6822BD: message-id=<>
Jun  4 19:59:34 email-threat-docker postfix/qmgr[99]: 073F6822BD: from=<admin@company.com>, size=441, nrcpt=1 (queue active)
Jun  4 19:59:34 email-threat-docker postfix/smtpd[408]: disconnect from unknown[172.20.0.1] ehlo=1 mail=1 rcpt=1 data=1 quit=1 commands=5
Jun  4 19:59:34 email-threat-docker postfix/smtpd[413]: connect from scanner.holbertonshcool-cybersecurity-final-proyect_threat-net[172.20.0.3]
Jun  4 19:59:34 email-threat-docker postfix/smtpd[413]: 0D1CB84997: client=scanner.holbertonshcool-cybersecurity-final-proyect_threat-net[172.20.0.3]
Jun  4 19:59:34 email-threat-docker postfix/cleanup[411]: 0D1CB84997: message-id=<>
Jun  4 19:59:34 email-threat-docker postfix/qmgr[99]: 0D1CB84997: from=<admin@company.com>, size=697, nrcpt=1 (queue active)
Jun  4 19:59:34 email-threat-docker postfix/smtpd[413]: disconnect from scanner.holbertonshcool-cybersecurity-final-proyect_threat-net[172.20.0.3] ehlo=1 mail=1 rcpt=1 data=1 quit=1 commands=5
Jun  4 19:59:34 email-threat-docker postfix/smtp[412]: 073F6822BD: to=<recipient@email-threat-docker.local>, relay=scanner[172.20.0.3]:10025, delay=0.03, delays=0.01/0/0.01/0.02, dsn=2.0.0, status=sent (250 Message delivered)
Jun  4 19:59:34 email-threat-docker postfix/qmgr[99]: 073F6822BD: removed
Jun  4 19:59:34 email-threat-docker postfix/local[414]: 0D1CB84997: to=<recipient@email-threat-docker.local>, relay=local, delay=0.02, delays=0.01/0/0/0.01, dsn=2.0.0, status=sent (delivered to command: /usr/bin/procmail)
Jun  4 19:59:34 email-threat-docker postfix/qmgr[99]: 0D1CB84997: removed
Jun  4 19:59:34 email-threat-docker postfix/smtpd[408]: connect from unknown[172.20.0.1]
Jun  4 19:59:35 email-threat-docker postfix/smtpd[408]: 04A65822BD: client=unknown[172.20.0.1]
Jun  4 19:59:35 email-threat-docker postfix/cleanup[411]: 04A65822BD: prepend: header Subject: Office Closure from unknown[172.20.0.1]; from=<security@bigcorp.com> to=<recipient@email-threat-docker.local> proto=ESMTP helo=<[192.168.48.1]>: [Subject: ]
Jun  4 19:59:35 email-threat-docker postfix/cleanup[411]: 04A65822BD: message-id=<>
Jun  4 19:59:35 email-threat-docker postfix/qmgr[99]: 04A65822BD: from=<security@bigcorp.com>, size=443, nrcpt=1 (queue active)
Jun  4 19:59:35 email-threat-docker postfix/smtpd[408]: disconnect from unknown[172.20.0.1] ehlo=1 mail=1 rcpt=1 data=1 quit=1 commands=5
Jun  4 19:59:35 email-threat-docker postfix/smtpd[413]: connect from scanner.holbertonshcool-cybersecurity-final-proyect_threat-net[172.20.0.3]
Jun  4 19:59:35 email-threat-docker postfix/smtpd[413]: 0CECD84997: client=scanner.holbertonshcool-cybersecurity-final-proyect_threat-net[172.20.0.3]
Jun  4 19:59:35 email-threat-docker postfix/cleanup[411]: 0CECD84997: message-id=<>
Jun  4 19:59:35 email-threat-docker postfix/qmgr[99]: 0CECD84997: from=<security@bigcorp.com>, size=699, nrcpt=1 (queue active)
Jun  4 19:59:35 email-threat-docker postfix/smtpd[413]: disconnect from scanner.holbertonshcool-cybersecurity-final-proyect_threat-net[172.20.0.3] ehlo=1 mail=1 rcpt=1 data=1 quit=1 commands=5
Jun  4 19:59:35 email-threat-docker postfix/smtp[412]: 04A65822BD: to=<recipient@email-threat-docker.local>, relay=scanner[172.20.0.3]:10025, delay=0.05, delays=0.01/0/0.01/0.03, dsn=2.0.0, status=sent (250 Message delivered)
Jun  4 19:59:35 email-threat-docker postfix/qmgr[99]: 04A65822BD: removed
Jun  4 19:59:35 email-threat-docker postfix/local[414]: 0CECD84997: to=<recipient@email-threat-docker.local>, relay=local, delay=0.02, delays=0.01/0/0/0.01, dsn=2.0.0, status=sent (delivered to command: /usr/bin/procmail)
Jun  4 19:59:35 email-threat-docker postfix/qmgr[99]: 0CECD84997: removed
Jun  4 19:59:35 email-threat-docker postfix/smtpd[408]: connect from unknown[172.20.0.1]
Jun  4 19:59:36 email-threat-docker postfix/smtpd[408]: 011CF822BD: client=unknown[172.20.0.1]
Jun  4 19:59:36 email-threat-docker postfix/cleanup[411]: 011CF822BD: prepend: header Subject: Benefits Update from unknown[172.20.0.1]; from=<devteam@company.com> to=<recipient@email-threat-docker.local> proto=ESMTP helo=<[192.168.48.1]>: [Subject: ]
Jun  4 19:59:36 email-threat-docker postfix/cleanup[411]: 011CF822BD: message-id=<>
Jun  4 19:59:36 email-threat-docker postfix/qmgr[99]: 011CF822BD: from=<devteam@company.com>, size=441, nrcpt=1 (queue active)
Jun  4 19:59:36 email-threat-docker postfix/smtpd[408]: disconnect from unknown[172.20.0.1] ehlo=1 mail=1 rcpt=1 data=1 quit=1 commands=5
Jun  4 19:59:36 email-threat-docker postfix/smtpd[413]: connect from scanner.holbertonshcool-cybersecurity-final-proyect_threat-net[172.20.0.3]
Jun  4 19:59:36 email-threat-docker postfix/smtpd[413]: 075E384997: client=scanner.holbertonshcool-cybersecurity-final-proyect_threat-net[172.20.0.3]
Jun  4 19:59:36 email-threat-docker postfix/cleanup[411]: 075E384997: message-id=<>
Jun  4 19:59:36 email-threat-docker postfix/qmgr[99]: 075E384997: from=<devteam@company.com>, size=697, nrcpt=1 (queue active)
Jun  4 19:59:36 email-threat-docker postfix/smtpd[413]: disconnect from scanner.holbertonshcool-cybersecurity-final-proyect_threat-net[172.20.0.3] ehlo=1 mail=1 rcpt=1 data=1 quit=1 commands=5
Jun  4 19:59:36 email-threat-docker postfix/smtp[412]: 011CF822BD: to=<recipient@email-threat-docker.local>, relay=scanner[172.20.0.3]:10025, delay=0.04, delays=0.01/0/0.01/0.02, dsn=2.0.0, status=sent (250 Message delivered)
Jun  4 19:59:36 email-threat-docker postfix/qmgr[99]: 011CF822BD: removed
Jun  4 19:59:36 email-threat-docker postfix/local[414]: 075E384997: to=<recipient@email-threat-docker.local>, relay=local, delay=0.01, delays=0.01/0/0/0.01, dsn=2.0.0, status=sent (delivered to command: /usr/bin/procmail)
Jun  4 19:59:36 email-threat-docker postfix/qmgr[99]: 075E384997: removed
Jun  4 19:59:36 email-threat-docker postfix/smtpd[408]: connect from unknown[172.20.0.1]
Jun  4 19:59:36 email-threat-docker postfix/smtpd[408]: F3B06822BD: client=unknown[172.20.0.1]
Jun  4 19:59:37 email-threat-docker postfix/cleanup[411]: F3B06822BD: prepend: header Subject: Password Policy Reminder from unknown[172.20.0.1]; from=<admin@company.com> to=<recipient@email-threat-docker.local> proto=ESMTP helo=<[192.168.48.1]>: [Subject: ]
Jun  4 19:59:37 email-threat-docker postfix/cleanup[411]: F3B06822BD: message-id=<>
Jun  4 19:59:37 email-threat-docker postfix/qmgr[99]: F3B06822BD: from=<admin@company.com>, size=454, nrcpt=1 (queue active)
Jun  4 19:59:37 email-threat-docker postfix/smtpd[408]: disconnect from unknown[172.20.0.1] ehlo=1 mail=1 rcpt=1 data=1 quit=1 commands=5
Jun  4 19:59:37 email-threat-docker postfix/smtpd[413]: connect from scanner.holbertonshcool-cybersecurity-final-proyect_threat-net[172.20.0.3]
Jun  4 19:59:37 email-threat-docker postfix/smtpd[413]: 05F6084997: client=scanner.holbertonshcool-cybersecurity-final-proyect_threat-net[172.20.0.3]
Jun  4 19:59:37 email-threat-docker postfix/cleanup[411]: 05F6084997: message-id=<>
Jun  4 19:59:37 email-threat-docker postfix/qmgr[99]: 05F6084997: from=<admin@company.com>, size=710, nrcpt=1 (queue active)
Jun  4 19:59:37 email-threat-docker postfix/smtpd[413]: disconnect from scanner.holbertonshcool-cybersecurity-final-proyect_threat-net[172.20.0.3] ehlo=1 mail=1 rcpt=1 data=1 quit=1 commands=5
Jun  4 19:59:37 email-threat-docker postfix/smtp[412]: F3B06822BD: to=<recipient@email-threat-docker.local>, relay=scanner[172.20.0.3]:10025, delay=0.04, delays=0.01/0/0.01/0.02, dsn=2.0.0, status=sent (250 Message delivered)
Jun  4 19:59:37 email-threat-docker postfix/qmgr[99]: F3B06822BD: removed
Jun  4 19:59:37 email-threat-docker postfix/local[414]: 05F6084997: to=<recipient@email-threat-docker.local>, relay=local, delay=0.02, delays=0.01/0/0/0.01, dsn=2.0.0, status=sent (delivered to command: /usr/bin/procmail)
Jun  4 19:59:37 email-threat-docker postfix/qmgr[99]: 05F6084997: removed
Jun  4 19:59:37 email-threat-docker postfix/smtpd[408]: connect from unknown[172.20.0.1]
Jun  4 19:59:37 email-threat-docker postfix/smtpd[408]: F0ECB84986: client=unknown[172.20.0.1]
Jun  4 19:59:37 email-threat-docker postfix/cleanup[411]: F0ECB84986: prepend: header Subject: Conference Registration from unknown[172.20.0.1]; from=<events@company.com> to=<recipient@email-threat-docker.local> proto=ESMTP helo=<[192.168.48.1]>: [Subject: ]
Jun  4 19:59:37 email-threat-docker postfix/cleanup[411]: F0ECB84986: message-id=<>
Jun  4 19:59:37 email-threat-docker postfix/qmgr[99]: F0ECB84986: from=<events@company.com>, size=449, nrcpt=1 (queue active)
Jun  4 19:59:37 email-threat-docker postfix/smtpd[408]: disconnect from unknown[172.20.0.1] ehlo=1 mail=1 rcpt=1 data=1 quit=1 commands=5
Jun  4 19:59:38 email-threat-docker postfix/smtpd[413]: connect from scanner.holbertonshcool-cybersecurity-final-proyect_threat-net[172.20.0.3]
Jun  4 19:59:38 email-threat-docker postfix/smtpd[413]: 0308B84997: client=scanner.holbertonshcool-cybersecurity-final-proyect_threat-net[172.20.0.3]
Jun  4 19:59:38 email-threat-docker postfix/cleanup[411]: 0308B84997: message-id=<>
Jun  4 19:59:38 email-threat-docker postfix/qmgr[99]: 0308B84997: from=<events@company.com>, size=705, nrcpt=1 (queue active)
Jun  4 19:59:38 email-threat-docker postfix/smtpd[413]: disconnect from scanner.holbertonshcool-cybersecurity-final-proyect_threat-net[172.20.0.3] ehlo=1 mail=1 rcpt=1 data=1 quit=1 commands=5
Jun  4 19:59:38 email-threat-docker postfix/smtp[412]: F0ECB84986: to=<recipient@email-threat-docker.local>, relay=scanner[172.20.0.3]:10025, delay=0.04, delays=0.01/0/0.01/0.02, dsn=2.0.0, status=sent (250 Message delivered)
Jun  4 19:59:38 email-threat-docker postfix/qmgr[99]: F0ECB84986: removed
Jun  4 19:59:38 email-threat-docker postfix/local[414]: 0308B84997: to=<recipient@email-threat-docker.local>, relay=local, delay=0.02, delays=0.01/0/0/0.01, dsn=2.0.0, status=sent (delivered to command: /usr/bin/procmail)
Jun  4 19:59:38 email-threat-docker postfix/qmgr[99]: 0308B84997: removed
Jun  4 19:59:38 email-threat-docker postfix/smtpd[408]: connect from unknown[172.20.0.1]
Jun  4 19:59:38 email-threat-docker postfix/smtpd[408]: EEFEC84986: client=unknown[172.20.0.1]
Jun  4 19:59:38 email-threat-docker postfix/cleanup[411]: EEFEC84986: prepend: header Subject: Urgent: Invoice Payment Required from unknown[172.20.0.1]; from=<support@bank.com> to=<recipient@email-threat-docker.local> proto=ESMTP helo=<[192.168.48.1]>: [Subject: ]
Jun  4 19:59:38 email-threat-docker postfix/cleanup[411]: EEFEC84986: message-id=<>
Jun  4 19:59:38 email-threat-docker postfix/qmgr[99]: EEFEC84986: from=<support@bank.com>, size=564, nrcpt=1 (queue active)
Jun  4 19:59:38 email-threat-docker postfix/smtpd[408]: disconnect from unknown[172.20.0.1] ehlo=1 mail=1 rcpt=1 data=1 quit=1 commands=5
Jun  4 19:59:39 email-threat-docker postfix/smtp[412]: EEFEC84986: to=<recipient@email-threat-docker.local>, relay=scanner[172.20.0.3]:10025, delay=0.03, delays=0.01/0/0.01/0.01, dsn=2.0.0, status=sent (250 Message quarantined)
Jun  4 19:59:39 email-threat-docker postfix/qmgr[99]: EEFEC84986: removed
Jun  4 19:59:39 email-threat-docker postfix/smtpd[408]: connect from unknown[172.20.0.1]
Jun  4 19:59:39 email-threat-docker postfix/smtpd[408]: EBE5984986: client=unknown[172.20.0.1]
Jun  4 19:59:39 email-threat-docker postfix/cleanup[411]: EBE5984986: prepend: header Subject: Hot Deals This Weekend! from unknown[172.20.0.1]; from=<support@service.com> to=<recipient@email-threat-docker.local> proto=ESMTP helo=<[192.168.48.1]>: [Subject: ]
Jun  4 19:59:39 email-threat-docker postfix/cleanup[411]: EBE5984986: message-id=<>
Jun  4 19:59:39 email-threat-docker postfix/qmgr[99]: EBE5984986: from=<support@service.com>, size=540, nrcpt=1 (queue active)
Jun  4 19:59:39 email-threat-docker postfix/smtpd[408]: disconnect from unknown[172.20.0.1] ehlo=1 mail=1 rcpt=1 data=1 quit=1 commands=5
Jun  4 19:59:39 email-threat-docker postfix/smtp[412]: EBE5984986: to=<recipient@email-threat-docker.local>, relay=scanner[172.20.0.3]:10025, delay=0.02, delays=0.01/0/0.01/0.01, dsn=2.0.0, status=sent (250 Message quarantined)
Jun  4 19:59:39 email-threat-docker postfix/qmgr[99]: EBE5984986: removed
Jun  4 19:59:40 email-threat-docker postfix/smtpd[408]: connect from unknown[172.20.0.1]
Jun  4 19:59:40 email-threat-docker postfix/smtpd[408]: E6EAD84986: client=unknown[172.20.0.1]
Jun  4 19:59:40 email-threat-docker postfix/cleanup[411]: E6EAD84986: prepend: header Subject: Account Locked from unknown[172.20.0.1]; from=<notifications@company.com> to=<recipient@email-threat-docker.local> proto=ESMTP helo=<[192.168.48.1]>: [Subject: ]
Jun  4 19:59:40 email-threat-docker postfix/cleanup[411]: E6EAD84986: message-id=<>
Jun  4 19:59:40 email-threat-docker postfix/qmgr[99]: E6EAD84986: from=<notifications@company.com>, size=558, nrcpt=1 (queue active)
Jun  4 19:59:40 email-threat-docker postfix/smtpd[408]: disconnect from unknown[172.20.0.1] ehlo=1 mail=1 rcpt=1 data=1 quit=1 commands=5
Jun  4 19:59:40 email-threat-docker postfix/smtp[412]: E6EAD84986: to=<recipient@email-threat-docker.local>, relay=scanner[172.20.0.3]:10025, delay=0.02, delays=0.01/0/0.01/0.01, dsn=2.0.0, status=sent (250 Message quarantined)
Jun  4 19:59:40 email-threat-docker postfix/qmgr[99]: E6EAD84986: removed
Jun  4 19:59:41 email-threat-docker postfix/smtpd[408]: connect from unknown[172.20.0.1]
Jun  4 19:59:41 email-threat-docker postfix/smtpd[408]: E7F1284986: client=unknown[172.20.0.1]
Jun  4 19:59:41 email-threat-docker postfix/cleanup[411]: E7F1284986: prepend: header Subject: Password Reset Required from unknown[172.20.0.1]; from=<support@onlineservice.com> to=<recipient@email-threat-docker.local> proto=ESMTP helo=<[192.168.48.1]>: [Subject: ]
Jun  4 19:59:41 email-threat-docker postfix/cleanup[411]: E7F1284986: message-id=<>
Jun  4 19:59:41 email-threat-docker postfix/qmgr[99]: E7F1284986: from=<support@onlineservice.com>, size=597, nrcpt=1 (queue active)
Jun  4 19:59:41 email-threat-docker postfix/smtpd[408]: disconnect from unknown[172.20.0.1] ehlo=1 mail=1 rcpt=1 data=1 quit=1 commands=5
Jun  4 19:59:41 email-threat-docker postfix/smtp[412]: E7F1284986: to=<recipient@email-threat-docker.local>, relay=scanner[172.20.0.3]:10025, delay=0.03, delays=0.01/0/0.01/0.01, dsn=2.0.0, status=sent (250 Message quarantined)
Jun  4 19:59:41 email-threat-docker postfix/qmgr[99]: E7F1284986: removed
Jun  4 19:59:42 email-threat-docker postfix/smtpd[408]: connect from unknown[172.20.0.1]
Jun  4 19:59:42 email-threat-docker postfix/smtpd[408]: E3B7984986: client=unknown[172.20.0.1]
Jun  4 19:59:42 email-threat-docker postfix/cleanup[411]: E3B7984986: prepend: header Subject: Important Document from unknown[172.20.0.1]; from=<events@company.com> to=<recipient@email-threat-docker.local> proto=ESMTP helo=<[192.168.48.1]>: [Subject: ]
Jun  4 19:59:42 email-threat-docker postfix/cleanup[411]: E3B7984986: message-id=<>
Jun  4 19:59:42 email-threat-docker postfix/qmgr[99]: E3B7984986: from=<events@company.com>, size=521, nrcpt=1 (queue active)
Jun  4 19:59:42 email-threat-docker postfix/smtpd[408]: disconnect from unknown[172.20.0.1] ehlo=1 mail=1 rcpt=1 data=1 quit=1 commands=5
Jun  4 19:59:42 email-threat-docker postfix/smtp[412]: E3B7984986: to=<recipient@email-threat-docker.local>, relay=scanner[172.20.0.3]:10025, delay=0.02, delays=0.01/0/0.01/0.01, dsn=2.0.0, status=sent (250 Message quarantined)
Jun  4 19:59:42 email-threat-docker postfix/qmgr[99]: E3B7984986: removed
Jun  4 19:59:43 email-threat-docker postfix/smtpd[408]: connect from unknown[172.20.0.1]
Jun  4 19:59:43 email-threat-docker postfix/smtpd[408]: DEFD084986: client=unknown[172.20.0.1]
Jun  4 19:59:43 email-threat-docker postfix/cleanup[411]: DEFD084986: prepend: header Subject: Monthly Report from unknown[172.20.0.1]; from=<notifications@company.com> to=<recipient@email-threat-docker.local> proto=ESMTP helo=<[192.168.48.1]>: [Subject: ]
Jun  4 19:59:43 email-threat-docker postfix/cleanup[411]: DEFD084986: message-id=<>
Jun  4 19:59:43 email-threat-docker postfix/qmgr[99]: DEFD084986: from=<notifications@company.com>, size=591, nrcpt=1 (queue active)
Jun  4 19:59:43 email-threat-docker postfix/smtpd[408]: disconnect from unknown[172.20.0.1] ehlo=1 mail=1 rcpt=1 data=1 quit=1 commands=5
Jun  4 19:59:43 email-threat-docker postfix/smtp[412]: DEFD084986: to=<recipient@email-threat-docker.local>, relay=scanner[172.20.0.3]:10025, delay=0.03, delays=0.01/0/0.01/0.01, dsn=2.0.0, status=sent (250 Message quarantined)
Jun  4 19:59:43 email-threat-docker postfix/qmgr[99]: DEFD084986: removed
Jun  4 19:59:44 email-threat-docker postfix/smtpd[408]: connect from unknown[172.20.0.1]
Jun  4 19:59:44 email-threat-docker postfix/smtpd[408]: DB32784986: client=unknown[172.20.0.1]
Jun  4 19:59:44 email-threat-docker postfix/cleanup[411]: DB32784986: prepend: header Subject: System Notification from unknown[172.20.0.1]; from=<support@bank.com> to=<recipient@email-threat-docker.local> proto=ESMTP helo=<[192.168.48.1]>: [Subject: ]
Jun  4 19:59:44 email-threat-docker postfix/cleanup[411]: DB32784986: message-id=<>
Jun  4 19:59:44 email-threat-docker postfix/qmgr[99]: DB32784986: from=<support@bank.com>, size=523, nrcpt=1 (queue active)
Jun  4 19:59:44 email-threat-docker postfix/smtpd[408]: disconnect from unknown[172.20.0.1] ehlo=1 mail=1 rcpt=1 data=1 quit=1 commands=5
Jun  4 19:59:44 email-threat-docker postfix/smtp[412]: DB32784986: to=<recipient@email-threat-docker.local>, relay=scanner[172.20.0.3]:10025, delay=0.03, delays=0.01/0/0.01/0.01, dsn=2.0.0, status=sent (250 Message quarantined)
Jun  4 19:59:44 email-threat-docker postfix/qmgr[99]: DB32784986: removed
Jun  4 19:59:45 email-threat-docker postfix/smtpd[408]: connect from unknown[172.20.0.1]
Jun  4 19:59:45 email-threat-docker postfix/smtpd[408]: D655F84986: client=unknown[172.20.0.1]
Jun  4 19:59:45 email-threat-docker postfix/cleanup[411]: D655F84986: prepend: header Subject: Final Warning from unknown[172.20.0.1]; from=<support@apple.com> to=<recipient@email-threat-docker.local> proto=ESMTP helo=<[192.168.48.1]>: [Subject: ]
Jun  4 19:59:45 email-threat-docker postfix/cleanup[411]: D655F84986: message-id=<>
Jun  4 19:59:45 email-threat-docker postfix/qmgr[99]: D655F84986: from=<support@apple.com>, size=568, nrcpt=1 (queue active)
Jun  4 19:59:45 email-threat-docker postfix/smtpd[408]: disconnect from unknown[172.20.0.1] ehlo=1 mail=1 rcpt=1 data=1 quit=1 commands=5
Jun  4 19:59:45 email-threat-docker postfix/smtp[412]: D655F84986: to=<recipient@email-threat-docker.local>, relay=scanner[172.20.0.3]:10025, delay=0.02, delays=0.01/0/0.01/0.01, dsn=2.0.0, status=sent (250 Message quarantined)
Jun  4 19:59:45 email-threat-docker postfix/qmgr[99]: D655F84986: removed
Jun  4 19:59:46 email-threat-docker postfix/smtpd[408]: connect from unknown[172.20.0.1]
Jun  4 19:59:46 email-threat-docker postfix/smtpd[408]: D27F584986: client=unknown[172.20.0.1]
Jun  4 19:59:46 email-threat-docker postfix/cleanup[411]: D27F584986: prepend: header Subject: Mandatory W-2 Form from unknown[172.20.0.1]; from=<billing@legit-company.com> to=<recipient@email-threat-docker.local> proto=ESMTP helo=<[192.168.48.1]>: [Subject: ]
Jun  4 19:59:46 email-threat-docker postfix/cleanup[411]: D27F584986: message-id=<>
Jun  4 19:59:46 email-threat-docker postfix/qmgr[99]: D27F584986: from=<billing@legit-company.com>, size=521, nrcpt=1 (queue active)
Jun  4 19:59:46 email-threat-docker postfix/smtpd[408]: disconnect from unknown[172.20.0.1] ehlo=1 mail=1 rcpt=1 data=1 quit=1 commands=5
Jun  4 19:59:46 email-threat-docker postfix/smtp[412]: D27F584986: to=<recipient@email-threat-docker.local>, relay=scanner[172.20.0.3]:10025, delay=0.03, delays=0.01/0/0.01/0.01, dsn=2.0.0, status=sent (250 Message quarantined)
Jun  4 19:59:46 email-threat-docker postfix/qmgr[99]: D27F584986: removed
Jun  4 19:59:47 email-threat-docker postfix/smtpd[408]: connect from unknown[172.20.0.1]
Jun  4 19:59:47 email-threat-docker postfix/smtpd[408]: D1D20822BD: client=unknown[172.20.0.1]
