Jun 17 12:16:12 email-threat-docker postfix/postfix-script[72]: warning: group or other writable: /etc/postfix/./main.cf
Jun 17 12:16:12 email-threat-docker postfix/postfix-script[73]: warning: group or other writable: /etc/postfix/./master.cf
Jun 17 12:16:12 email-threat-docker postfix/postfix-script[74]: warning: group or other writable: /etc/postfix/./transport
Jun 17 12:16:12 email-threat-docker postfix/postfix-script[97]: starting the Postfix mail system
Jun 17 12:16:12 email-threat-docker postfix/master[1]: daemon started -- version 3.6.4, configuration /etc/postfix
Jun 17 12:18:24 email-threat-docker postfix/smtpd[263]: warning: dict_nis_init: NIS domain name not set - NIS lookups disabled
Jun 17 12:18:24 email-threat-docker postfix/smtpd[263]: connect from unknown[172.20.0.1]
Jun 17 12:18:25 email-threat-docker postfix/smtpd[263]: E816398754: client=unknown[172.20.0.1]
Jun 17 12:18:25 email-threat-docker postfix/cleanup[274]: E816398754: prepend: header Subject: Upcoming Holiday Schedule from unknown[172.20.0.1]; from=<support@bank.com> to=<recipient@email-threat-docker.local> proto=ESMTP helo=<[192.168.48.1]>: [Subject: ]
Jun 17 12:18:25 email-threat-docker postfix/cleanup[274]: E816398754: message-id=<>
Jun 17 12:18:25 email-threat-docker postfix/qmgr[99]: E816398754: from=<support@bank.com>, size=616, nrcpt=1 (queue active)
Jun 17 12:18:25 email-threat-docker postfix/smtpd[263]: disconnect from unknown[172.20.0.1] ehlo=1 mail=1 rcpt=1 data=1 quit=1 commands=5
Jun 17 12:18:25 email-threat-docker postfix/smtpd[276]: warning: dict_nis_init: NIS domain name not set - NIS lookups disabled
Jun 17 12:18:26 email-threat-docker postfix/smtpd[276]: connect from scanner.holbertonshcool-cybersecurity-final-proyect_threat-net[172.20.0.3]
Jun 17 12:18:26 email-threat-docker postfix/smtpd[276]: 011819875C: client=scanner.holbertonshcool-cybersecurity-final-proyect_threat-net[172.20.0.3]
Jun 17 12:18:26 email-threat-docker postfix/cleanup[274]: 011819875C: message-id=<>
Jun 17 12:18:26 email-threat-docker postfix/qmgr[99]: 011819875C: from=<support@bank.com>, size=872, nrcpt=1 (queue active)
Jun 17 12:18:26 email-threat-docker postfix/smtpd[276]: disconnect from scanner.holbertonshcool-cybersecurity-final-proyect_threat-net[172.20.0.3] ehlo=1 mail=1 rcpt=1 data=1 quit=1 commands=5
Jun 17 12:18:26 email-threat-docker postfix/smtp[275]: E816398754: to=<recipient@email-threat-docker.local>, relay=scanner[172.20.0.3]:10025, delay=0.08, delays=0.02/0.01/0.01/0.04, dsn=2.0.0, status=sent (250 Message delivered)
Jun 17 12:18:26 email-threat-docker postfix/qmgr[99]: E816398754: removed
Jun 17 12:18:26 email-threat-docker postfix/local[277]: warning: dict_nis_init: NIS domain name not set - NIS lookups disabled
Jun 17 12:18:26 email-threat-docker postfix/smtpd[263]: connect from unknown[172.20.0.1]
Jun 17 12:18:26 email-threat-docker postfix/smtpd[263]: E373498760: client=unknown[172.20.0.1]
Jun 17 12:18:26 email-threat-docker postfix/cleanup[274]: E373498760: prepend: header Subject: Project Kickoff Meeting from unknown[172.20.0.1]; from=<hr@company.com> to=<recipient@email-threat-docker.local> proto=ESMTP helo=<[192.168.48.1]>: [Subject: ]
Jun 17 12:18:26 email-threat-docker postfix/cleanup[274]: E373498760: message-id=<>
Jun 17 12:18:26 email-threat-docker postfix/qmgr[99]: E373498760: from=<hr@company.com>, size=628, nrcpt=1 (queue active)
Jun 17 12:18:26 email-threat-docker postfix/smtpd[263]: disconnect from unknown[172.20.0.1] ehlo=1 mail=1 rcpt=1 data=1 quit=1 commands=5
Jun 17 12:18:26 email-threat-docker postfix/smtpd[276]: connect from scanner.holbertonshcool-cybersecurity-final-proyect_threat-net[172.20.0.3]
Jun 17 12:18:26 email-threat-docker postfix/smtpd[276]: E965098761: client=scanner.holbertonshcool-cybersecurity-final-proyect_threat-net[172.20.0.3]
Jun 17 12:18:26 email-threat-docker postfix/cleanup[274]: E965098761: message-id=<>
Jun 17 12:18:26 email-threat-docker postfix/qmgr[99]: E965098761: from=<hr@company.com>, size=884, nrcpt=1 (queue active)
Jun 17 12:18:26 email-threat-docker postfix/smtpd[276]: disconnect from scanner.holbertonshcool-cybersecurity-final-proyect_threat-net[172.20.0.3] ehlo=1 mail=1 rcpt=1 data=1 quit=1 commands=5
Jun 17 12:18:26 email-threat-docker postfix/smtp[275]: E373498760: to=<recipient@email-threat-docker.local>, relay=scanner[172.20.0.3]:10025, delay=0.03, delays=0.01/0/0.01/0.02, dsn=2.0.0, status=sent (250 Message delivered)
Jun 17 12:18:26 email-threat-docker postfix/qmgr[99]: E373498760: removed
Jun 17 12:18:26 email-threat-docker postfix/local[279]: warning: dict_nis_init: NIS domain name not set - NIS lookups disabled
Jun 17 12:18:27 email-threat-docker postfix/local[277]: 011819875C: to=<recipient@email-threat-docker.local>, relay=local, delay=1, delays=0.01/0.02/0/1, dsn=2.0.0, status=sent (delivered to command: /usr/bin/procmail)
Jun 17 12:18:27 email-threat-docker postfix/qmgr[99]: 011819875C: removed
Jun 17 12:18:27 email-threat-docker postfix/smtpd[263]: connect from unknown[172.20.0.1]
Jun 17 12:18:27 email-threat-docker postfix/smtpd[263]: DF5F69875C: client=unknown[172.20.0.1]
Jun 17 12:18:27 email-threat-docker postfix/cleanup[274]: DF5F69875C: prepend: header Subject: Scheduled Maintenance Tonight from unknown[172.20.0.1]; from=<hr@company.com> to=<recipient@email-threat-docker.local> proto=ESMTP helo=<[192.168.48.1]>: [Subject: ]
Jun 17 12:18:27 email-threat-docker postfix/cleanup[274]: DF5F69875C: message-id=<>
Jun 17 12:18:27 email-threat-docker postfix/qmgr[99]: DF5F69875C: from=<hr@company.com>, size=629, nrcpt=1 (queue active)
Jun 17 12:18:27 email-threat-docker postfix/smtpd[263]: disconnect from unknown[172.20.0.1] ehlo=1 mail=1 rcpt=1 data=1 quit=1 commands=5
Jun 17 12:18:27 email-threat-docker postfix/smtpd[276]: connect from scanner.holbertonshcool-cybersecurity-final-proyect_threat-net[172.20.0.3]
Jun 17 12:18:27 email-threat-docker postfix/smtpd[276]: E53CF9875F: client=scanner.holbertonshcool-cybersecurity-final-proyect_threat-net[172.20.0.3]
Jun 17 12:18:27 email-threat-docker postfix/cleanup[274]: E53CF9875F: message-id=<>
Jun 17 12:18:27 email-threat-docker postfix/qmgr[99]: E53CF9875F: from=<hr@company.com>, size=885, nrcpt=1 (queue active)
Jun 17 12:18:27 email-threat-docker postfix/smtpd[276]: disconnect from scanner.holbertonshcool-cybersecurity-final-proyect_threat-net[172.20.0.3] ehlo=1 mail=1 rcpt=1 data=1 quit=1 commands=5
Jun 17 12:18:27 email-threat-docker postfix/smtp[275]: DF5F69875C: to=<recipient@email-threat-docker.local>, relay=scanner[172.20.0.3]:10025, delay=0.03, delays=0.01/0/0.01/0.02, dsn=2.0.0, status=sent (250 Message delivered)
Jun 17 12:18:27 email-threat-docker postfix/qmgr[99]: DF5F69875C: removed
Jun 17 12:18:27 email-threat-docker postfix/local[277]: E53CF9875F: to=<recipient@email-threat-docker.local>, relay=local, delay=0.01, delays=0.01/0/0/0.01, dsn=2.0.0, status=sent (delivered to command: /usr/bin/procmail)
Jun 17 12:18:27 email-threat-docker postfix/qmgr[99]: E53CF9875F: removed
Jun 17 12:18:28 email-threat-docker postfix/smtpd[263]: connect from unknown[172.20.0.1]
Jun 17 12:18:28 email-threat-docker postfix/smtpd[263]: E9D959875C: client=unknown[172.20.0.1]
Jun 17 12:18:28 email-threat-docker postfix/cleanup[274]: E9D959875C: prepend: header Subject: Your Subscription Renewal Confirmation from unknown[172.20.0.1]; from=<admin@company.com> to=<recipient@email-threat-docker.local> proto=ESMTP helo=<[192.168.48.1]>: [Subject: ]
Jun 17 12:18:28 email-threat-docker postfix/cleanup[274]: E9D959875C: message-id=<>
Jun 17 12:18:28 email-threat-docker postfix/qmgr[99]: E9D959875C: from=<admin@company.com>, size=597, nrcpt=1 (queue active)
Jun 17 12:18:28 email-threat-docker postfix/smtpd[263]: disconnect from unknown[172.20.0.1] ehlo=1 mail=1 rcpt=1 data=1 quit=1 commands=5
Jun 17 12:18:28 email-threat-docker postfix/smtpd[276]: connect from scanner.holbertonshcool-cybersecurity-final-proyect_threat-net[172.20.0.3]
Jun 17 12:18:28 email-threat-docker postfix/smtpd[276]: EF9C79875F: client=scanner.holbertonshcool-cybersecurity-final-proyect_threat-net[172.20.0.3]
Jun 17 12:18:28 email-threat-docker postfix/cleanup[274]: EF9C79875F: message-id=<>
Jun 17 12:18:28 email-threat-docker postfix/qmgr[99]: EF9C79875F: from=<admin@company.com>, size=853, nrcpt=1 (queue active)
Jun 17 12:18:28 email-threat-docker postfix/smtpd[276]: disconnect from scanner.holbertonshcool-cybersecurity-final-proyect_threat-net[172.20.0.3] ehlo=1 mail=1 rcpt=1 data=1 quit=1 commands=5
Jun 17 12:18:28 email-threat-docker postfix/smtp[275]: E9D959875C: to=<recipient@email-threat-docker.local>, relay=scanner[172.20.0.3]:10025, delay=0.03, delays=0.01/0/0.01/0.02, dsn=2.0.0, status=sent (250 Message delivered)
Jun 17 12:18:28 email-threat-docker postfix/qmgr[99]: E9D959875C: removed
Jun 17 12:18:28 email-threat-docker postfix/local[277]: EF9C79875F: to=<recipient@email-threat-docker.local>, relay=local, delay=0.01, delays=0.01/0/0/0.01, dsn=2.0.0, status=sent (delivered to command: /usr/bin/procmail)
Jun 17 12:18:28 email-threat-docker postfix/qmgr[99]: EF9C79875F: removed
Jun 17 12:18:29 email-threat-docker postfix/smtpd[263]: connect from unknown[172.20.0.1]
Jun 17 12:18:30 email-threat-docker postfix/smtpd[263]: 05A5C9875C: client=unknown[172.20.0.1]
Jun 17 12:18:30 email-threat-docker postfix/cleanup[274]: 05A5C9875C: prepend: header Subject: Join Us for the Charity Run! from unknown[172.20.0.1]; from=<rewards@shopping.com> to=<recipient@email-threat-docker.local> proto=ESMTP helo=<[192.168.48.1]>: [Subject: ]
Jun 17 12:18:30 email-threat-docker postfix/cleanup[274]: 05A5C9875C: message-id=<>
Jun 17 12:18:30 email-threat-docker postfix/qmgr[99]: 05A5C9875C: from=<rewards@shopping.com>, size=643, nrcpt=1 (queue active)
Jun 17 12:18:30 email-threat-docker postfix/smtpd[263]: disconnect from unknown[172.20.0.1] ehlo=1 mail=1 rcpt=1 data=1 quit=1 commands=5
Jun 17 12:18:30 email-threat-docker postfix/smtpd[276]: connect from scanner.holbertonshcool-cybersecurity-final-proyect_threat-net[172.20.0.3]
Jun 17 12:18:30 email-threat-docker postfix/smtpd[276]: 0B9BD9875F: client=scanner.holbertonshcool-cybersecurity-final-proyect_threat-net[172.20.0.3]
Jun 17 12:18:30 email-threat-docker postfix/cleanup[274]: 0B9BD9875F: message-id=<>
Jun 17 12:18:30 email-threat-docker postfix/qmgr[99]: 0B9BD9875F: from=<rewards@shopping.com>, size=899, nrcpt=1 (queue active)
Jun 17 12:18:30 email-threat-docker postfix/smtpd[276]: disconnect from scanner.holbertonshcool-cybersecurity-final-proyect_threat-net[172.20.0.3] ehlo=1 mail=1 rcpt=1 data=1 quit=1 commands=5
Jun 17 12:18:30 email-threat-docker postfix/smtp[275]: 05A5C9875C: to=<recipient@email-threat-docker.local>, relay=scanner[172.20.0.3]:10025, delay=0.03, delays=0.01/0/0.01/0.02, dsn=2.0.0, status=sent (250 Message delivered)
Jun 17 12:18:30 email-threat-docker postfix/qmgr[99]: 05A5C9875C: removed
Jun 17 12:18:30 email-threat-docker postfix/local[277]: 0B9BD9875F: to=<recipient@email-threat-docker.local>, relay=local, delay=0.01, delays=0.01/0/0/0.01, dsn=2.0.0, status=sent (delivered to command: /usr/bin/procmail)
Jun 17 12:18:30 email-threat-docker postfix/qmgr[99]: 0B9BD9875F: removed
Jun 17 12:18:33 email-threat-docker postfix/smtpd[263]: connect from unknown[172.20.0.1]
Jun 17 12:18:34 email-threat-docker postfix/smtpd[263]: 63FE09875C: client=unknown[172.20.0.1]
Jun 17 12:18:34 email-threat-docker postfix/cleanup[274]: 63FE09875C: prepend: header Subject: Password Change Successful from unknown[172.20.0.1]; from=<support@onlineservice.com> to=<recipient@email-threat-docker.local> proto=ESMTP helo=<[192.168.48.1]>: [Subject: ]
Jun 17 12:18:34 email-threat-docker postfix/cleanup[274]: 63FE09875C: message-id=<>
Jun 17 12:18:34 email-threat-docker postfix/qmgr[99]: 63FE09875C: from=<support@onlineservice.com>, size=636, nrcpt=1 (queue active)
Jun 17 12:18:34 email-threat-docker postfix/smtpd[263]: disconnect from unknown[172.20.0.1] ehlo=1 mail=1 rcpt=1 data=1 quit=1 commands=5
Jun 17 12:18:34 email-threat-docker postfix/smtpd[276]: connect from scanner.holbertonshcool-cybersecurity-final-proyect_threat-net[172.20.0.3]
Jun 17 12:18:34 email-threat-docker postfix/smtpd[276]: 699D49875F: client=scanner.holbertonshcool-cybersecurity-final-proyect_threat-net[172.20.0.3]
Jun 17 12:18:34 email-threat-docker postfix/cleanup[274]: 699D49875F: message-id=<>
Jun 17 12:18:34 email-threat-docker postfix/qmgr[99]: 699D49875F: from=<support@onlineservice.com>, size=892, nrcpt=1 (queue active)
Jun 17 12:18:34 email-threat-docker postfix/smtpd[276]: disconnect from scanner.holbertonshcool-cybersecurity-final-proyect_threat-net[172.20.0.3] ehlo=1 mail=1 rcpt=1 data=1 quit=1 commands=5
Jun 17 12:18:34 email-threat-docker postfix/smtp[275]: 63FE09875C: to=<recipient@email-threat-docker.local>, relay=scanner[172.20.0.3]:10025, delay=0.03, delays=0.01/0/0.01/0.02, dsn=2.0.0, status=sent (250 Message delivered)
Jun 17 12:18:34 email-threat-docker postfix/qmgr[99]: 63FE09875C: removed
Jun 17 12:18:34 email-threat-docker postfix/local[277]: 699D49875F: to=<recipient@email-threat-docker.local>, relay=local, delay=0.01, delays=0.01/0/0/0.01, dsn=2.0.0, status=sent (delivered to command: /usr/bin/procmail)
Jun 17 12:18:34 email-threat-docker postfix/qmgr[99]: 699D49875F: removed
Jun 17 12:18:34 email-threat-docker postfix/smtpd[263]: connect from unknown[172.20.0.1]
Jun 17 12:18:35 email-threat-docker postfix/smtpd[263]: 5CA189875C: client=unknown[172.20.0.1]
Jun 17 12:18:35 email-threat-docker postfix/cleanup[274]: 5CA189875C: prepend: header Subject: Feature X Deployment from unknown[172.20.0.1]; from=<communications@company.com> to=<recipient@email-threat-docker.local> proto=ESMTP helo=<[192.168.48.1]>: [Subject: ]
Jun 17 12:18:35 email-threat-docker postfix/cleanup[274]: 5CA189875C: message-id=<>
Jun 17 12:18:35 email-threat-docker postfix/qmgr[99]: 5CA189875C: from=<communications@company.com>, size=625, nrcpt=1 (queue active)
Jun 17 12:18:35 email-threat-docker postfix/smtpd[263]: disconnect from unknown[172.20.0.1] ehlo=1 mail=1 rcpt=1 data=1 quit=1 commands=5
Jun 17 12:18:35 email-threat-docker postfix/smtpd[276]: connect from scanner.holbertonshcool-cybersecurity-final-proyect_threat-net[172.20.0.3]
Jun 17 12:18:35 email-threat-docker postfix/smtpd[276]: 6250F9875F: client=scanner.holbertonshcool-cybersecurity-final-proyect_threat-net[172.20.0.3]
Jun 17 12:18:35 email-threat-docker postfix/cleanup[274]: 6250F9875F: message-id=<>
Jun 17 12:18:35 email-threat-docker postfix/qmgr[99]: 6250F9875F: from=<communications@company.com>, size=881, nrcpt=1 (queue active)
Jun 17 12:18:35 email-threat-docker postfix/smtpd[276]: disconnect from scanner.holbertonshcool-cybersecurity-final-proyect_threat-net[172.20.0.3] ehlo=1 mail=1 rcpt=1 data=1 quit=1 commands=5
Jun 17 12:18:35 email-threat-docker postfix/smtp[275]: 5CA189875C: to=<recipient@email-threat-docker.local>, relay=scanner[172.20.0.3]:10025, delay=0.03, delays=0.01/0/0.01/0.02, dsn=2.0.0, status=sent (250 Message delivered)
Jun 17 12:18:35 email-threat-docker postfix/qmgr[99]: 5CA189875C: removed
Jun 17 12:18:35 email-threat-docker postfix/local[277]: 6250F9875F: to=<recipient@email-threat-docker.local>, relay=local, delay=0.01, delays=0.01/0/0/0.01, dsn=2.0.0, status=sent (delivered to command: /usr/bin/procmail)
Jun 17 12:18:35 email-threat-docker postfix/qmgr[99]: 6250F9875F: removed
Jun 17 12:18:35 email-threat-docker postfix/smtpd[263]: connect from unknown[172.20.0.1]
Jun 17 12:18:36 email-threat-docker postfix/smtpd[263]: 5831C9875C: client=unknown[172.20.0.1]
Jun 17 12:18:36 email-threat-docker postfix/cleanup[274]: 5831C9875C: prepend: header Subject: Town Hall Meeting Next Week from unknown[172.20.0.1]; from=<rewards@shopping.com> to=<recipient@email-threat-docker.local> proto=ESMTP helo=<[192.168.48.1]>: [Subject: ]
Jun 17 12:18:36 email-threat-docker postfix/cleanup[274]: 5831C9875C: message-id=<>
Jun 17 12:18:36 email-threat-docker postfix/qmgr[99]: 5831C9875C: from=<rewards@shopping.com>, size=640, nrcpt=1 (queue active)
Jun 17 12:18:36 email-threat-docker postfix/smtpd[263]: disconnect from unknown[172.20.0.1] ehlo=1 mail=1 rcpt=1 data=1 quit=1 commands=5
Jun 17 12:18:36 email-threat-docker postfix/smtpd[276]: connect from scanner.holbertonshcool-cybersecurity-final-proyect_threat-net[172.20.0.3]
Jun 17 12:18:36 email-threat-docker postfix/smtpd[276]: 5E9DE9875F: client=scanner.holbertonshcool-cybersecurity-final-proyect_threat-net[172.20.0.3]
Jun 17 12:18:36 email-threat-docker postfix/cleanup[274]: 5E9DE9875F: message-id=<>
Jun 17 12:18:36 email-threat-docker postfix/qmgr[99]: 5E9DE9875F: from=<rewards@shopping.com>, size=896, nrcpt=1 (queue active)
Jun 17 12:18:36 email-threat-docker postfix/smtpd[276]: disconnect from scanner.holbertonshcool-cybersecurity-final-proyect_threat-net[172.20.0.3] ehlo=1 mail=1 rcpt=1 data=1 quit=1 commands=5
Jun 17 12:18:36 email-threat-docker postfix/smtp[275]: 5831C9875C: to=<recipient@email-threat-docker.local>, relay=scanner[172.20.0.3]:10025, delay=0.04, delays=0.01/0/0.01/0.02, dsn=2.0.0, status=sent (250 Message delivered)
Jun 17 12:18:36 email-threat-docker postfix/qmgr[99]: 5831C9875C: removed
Jun 17 12:18:36 email-threat-docker postfix/local[277]: 5E9DE9875F: to=<recipient@email-threat-docker.local>, relay=local, delay=0.01, delays=0.01/0/0/0.01, dsn=2.0.0, status=sent (delivered to command: /usr/bin/procmail)
Jun 17 12:18:36 email-threat-docker postfix/qmgr[99]: 5E9DE9875F: removed
Jun 17 12:18:36 email-threat-docker postfix/smtpd[263]: connect from unknown[172.20.0.1]
Jun 17 12:18:37 email-threat-docker postfix/smtpd[263]: 628FA9875C: client=unknown[172.20.0.1]
Jun 17 12:18:37 email-threat-docker postfix/cleanup[274]: 628FA9875C: prepend: header Subject: Team Lunch from unknown[172.20.0.1]; from=<communications@company.com> to=<recipient@email-threat-docker.local> proto=ESMTP helo=<[192.168.48.1]>: [Subject: ]
Jun 17 12:18:37 email-threat-docker postfix/cleanup[274]: 628FA9875C: message-id=<>
Jun 17 12:18:37 email-threat-docker postfix/qmgr[99]: 628FA9875C: from=<communications@company.com>, size=440, nrcpt=1 (queue active)
Jun 17 12:18:37 email-threat-docker postfix/smtpd[263]: disconnect from unknown[172.20.0.1] ehlo=1 mail=1 rcpt=1 data=1 quit=1 commands=5
Jun 17 12:18:37 email-threat-docker postfix/smtpd[276]: connect from scanner.holbertonshcool-cybersecurity-final-proyect_threat-net[172.20.0.3]
Jun 17 12:18:37 email-threat-docker postfix/smtpd[276]: 6971E9875F: client=scanner.holbertonshcool-cybersecurity-final-proyect_threat-net[172.20.0.3]
Jun 17 12:18:37 email-threat-docker postfix/cleanup[274]: 6971E9875F: message-id=<>
Jun 17 12:18:37 email-threat-docker postfix/qmgr[99]: 6971E9875F: from=<communications@company.com>, size=696, nrcpt=1 (queue active)
Jun 17 12:18:37 email-threat-docker postfix/smtpd[276]: disconnect from scanner.holbertonshcool-cybersecurity-final-proyect_threat-net[172.20.0.3] ehlo=1 mail=1 rcpt=1 data=1 quit=1 commands=5
Jun 17 12:18:37 email-threat-docker postfix/smtp[275]: 628FA9875C: to=<recipient@email-threat-docker.local>, relay=scanner[172.20.0.3]:10025, delay=0.04, delays=0.01/0/0.01/0.02, dsn=2.0.0, status=sent (250 Message delivered)
Jun 17 12:18:37 email-threat-docker postfix/qmgr[99]: 628FA9875C: removed
Jun 17 12:18:37 email-threat-docker postfix/local[277]: 6971E9875F: to=<recipient@email-threat-docker.local>, relay=local, delay=0.02, delays=0.01/0/0/0.01, dsn=2.0.0, status=sent (delivered to command: /usr/bin/procmail)
Jun 17 12:18:37 email-threat-docker postfix/qmgr[99]: 6971E9875F: removed
Jun 17 12:18:37 email-threat-docker postfix/smtpd[263]: connect from unknown[172.20.0.1]
Jun 17 12:18:38 email-threat-docker postfix/local[279]: E965098761: to=<recipient@email-threat-docker.local>, relay=local, delay=11, delays=0.01/0.01/0/11, dsn=2.0.0, status=sent (delivered to command: /usr/bin/procmail)
Jun 17 12:18:38 email-threat-docker postfix/qmgr[99]: E965098761: removed
Jun 17 12:18:38 email-threat-docker postfix/smtpd[263]: 647BF9874F: client=unknown[172.20.0.1]
Jun 17 12:18:38 email-threat-docker postfix/cleanup[274]: 647BF9874F: prepend: header Subject: Project Update from unknown[172.20.0.1]; from=<support@onlineservice.com> to=<recipient@email-threat-docker.local> proto=ESMTP helo=<[192.168.48.1]>: [Subject: ]
Jun 17 12:18:38 email-threat-docker postfix/cleanup[274]: 647BF9874F: message-id=<>
Jun 17 12:18:38 email-threat-docker postfix/qmgr[99]: 647BF9874F: from=<support@onlineservice.com>, size=844, nrcpt=1 (queue active)
Jun 17 12:18:38 email-threat-docker postfix/smtpd[263]: disconnect from unknown[172.20.0.1] ehlo=1 mail=1 rcpt=1 data=1 quit=1 commands=5
Jun 17 12:18:38 email-threat-docker postfix/smtpd[276]: connect from scanner.holbertonshcool-cybersecurity-final-proyect_threat-net[172.20.0.3]
Jun 17 12:18:38 email-threat-docker postfix/smtpd[276]: 6AB5A9875F: client=scanner.holbertonshcool-cybersecurity-final-proyect_threat-net[172.20.0.3]
Jun 17 12:18:38 email-threat-docker postfix/cleanup[274]: 6AB5A9875F: message-id=<>
Jun 17 12:18:38 email-threat-docker postfix/qmgr[99]: 6AB5A9875F: from=<support@onlineservice.com>, size=1100, nrcpt=1 (queue active)
Jun 17 12:18:38 email-threat-docker postfix/smtpd[276]: disconnect from scanner.holbertonshcool-cybersecurity-final-proyect_threat-net[172.20.0.3] ehlo=1 mail=1 rcpt=1 data=1 quit=1 commands=5
Jun 17 12:18:38 email-threat-docker postfix/smtp[275]: 647BF9874F: to=<recipient@email-threat-docker.local>, relay=scanner[172.20.0.3]:10025, delay=0.04, delays=0.01/0/0.01/0.02, dsn=2.0.0, status=sent (250 Message delivered)
Jun 17 12:18:38 email-threat-docker postfix/qmgr[99]: 647BF9874F: removed
Jun 17 12:18:38 email-threat-docker postfix/local[277]: 6AB5A9875F: to=<recipient@email-threat-docker.local>, relay=local, delay=0.01, delays=0.01/0/0/0.01, dsn=2.0.0, status=sent (delivered to command: /usr/bin/procmail)
Jun 17 12:18:38 email-threat-docker postfix/qmgr[99]: 6AB5A9875F: removed
Jun 17 12:18:38 email-threat-docker postfix/smtpd[263]: connect from unknown[172.20.0.1]
Jun 17 12:18:39 email-threat-docker postfix/smtpd[263]: 6923B9874F: client=unknown[172.20.0.1]
Jun 17 12:18:39 email-threat-docker postfix/cleanup[274]: 6923B9874F: prepend: header Subject: Meeting Reminder from unknown[172.20.0.1]; from=<support@apple.com> to=<recipient@email-threat-docker.local> proto=ESMTP helo=<[192.168.48.1]>: [Subject: ]
Jun 17 12:18:39 email-threat-docker postfix/cleanup[274]: 6923B9874F: message-id=<>
Jun 17 12:18:39 email-threat-docker postfix/qmgr[99]: 6923B9874F: from=<support@apple.com>, size=437, nrcpt=1 (queue active)
Jun 17 12:18:39 email-threat-docker postfix/smtpd[263]: disconnect from unknown[172.20.0.1] ehlo=1 mail=1 rcpt=1 data=1 quit=1 commands=5
Jun 17 12:18:39 email-threat-docker postfix/smtpd[276]: connect from scanner.holbertonshcool-cybersecurity-final-proyect_threat-net[172.20.0.3]
Jun 17 12:18:39 email-threat-docker postfix/smtpd[276]: 6F4F89875F: client=scanner.holbertonshcool-cybersecurity-final-proyect_threat-net[172.20.0.3]
Jun 17 12:18:39 email-threat-docker postfix/cleanup[274]: 6F4F89875F: message-id=<>
Jun 17 12:18:39 email-threat-docker postfix/qmgr[99]: 6F4F89875F: from=<support@apple.com>, size=693, nrcpt=1 (queue active)
Jun 17 12:18:39 email-threat-docker postfix/smtpd[276]: disconnect from scanner.holbertonshcool-cybersecurity-final-proyect_threat-net[172.20.0.3] ehlo=1 mail=1 rcpt=1 data=1 quit=1 commands=5
Jun 17 12:18:39 email-threat-docker postfix/smtp[275]: 6923B9874F: to=<recipient@email-threat-docker.local>, relay=scanner[172.20.0.3]:10025, delay=0.03, delays=0.01/0/0.01/0.02, dsn=2.0.0, status=sent (250 Message delivered)
Jun 17 12:18:39 email-threat-docker postfix/qmgr[99]: 6923B9874F: removed
Jun 17 12:18:39 email-threat-docker postfix/local[279]: 6F4F89875F: to=<recipient@email-threat-docker.local>, relay=local, delay=0.01, delays=0.01/0/0/0.01, dsn=2.0.0, status=sent (delivered to command: /usr/bin/procmail)
Jun 17 12:18:39 email-threat-docker postfix/qmgr[99]: 6F4F89875F: removed
Jun 17 12:18:39 email-threat-docker postfix/smtpd[263]: connect from unknown[172.20.0.1]
Jun 17 12:18:40 email-threat-docker postfix/smtpd[263]: 645CE9874F: client=unknown[172.20.0.1]
Jun 17 12:18:40 email-threat-docker postfix/cleanup[274]: 645CE9874F: prepend: header Subject: Network Maintenance from unknown[172.20.0.1]; from=<teamlead@company.com> to=<recipient@email-threat-docker.local> proto=ESMTP helo=<[192.168.48.1]>: [Subject: ]
Jun 17 12:18:40 email-threat-docker postfix/cleanup[274]: 645CE9874F: message-id=<>
Jun 17 12:18:40 email-threat-docker postfix/qmgr[99]: 645CE9874F: from=<teamlead@company.com>, size=449, nrcpt=1 (queue active)
Jun 17 12:18:40 email-threat-docker postfix/smtpd[263]: disconnect from unknown[172.20.0.1] ehlo=1 mail=1 rcpt=1 data=1 quit=1 commands=5
Jun 17 12:18:40 email-threat-docker postfix/smtpd[276]: connect from scanner.holbertonshcool-cybersecurity-final-proyect_threat-net[172.20.0.3]
Jun 17 12:18:40 email-threat-docker postfix/smtpd[276]: 6A2999875F: client=scanner.holbertonshcool-cybersecurity-final-proyect_threat-net[172.20.0.3]
Jun 17 12:18:40 email-threat-docker postfix/cleanup[274]: 6A2999875F: message-id=<>
Jun 17 12:18:40 email-threat-docker postfix/qmgr[99]: 6A2999875F: from=<teamlead@company.com>, size=705, nrcpt=1 (queue active)
Jun 17 12:18:40 email-threat-docker postfix/smtpd[276]: disconnect from scanner.holbertonshcool-cybersecurity-final-proyect_threat-net[172.20.0.3] ehlo=1 mail=1 rcpt=1 data=1 quit=1 commands=5
Jun 17 12:18:40 email-threat-docker postfix/smtp[275]: 645CE9874F: to=<recipient@email-threat-docker.local>, relay=scanner[172.20.0.3]:10025, delay=0.03, delays=0.01/0/0.01/0.02, dsn=2.0.0, status=sent (250 Message delivered)
Jun 17 12:18:40 email-threat-docker postfix/qmgr[99]: 645CE9874F: removed
Jun 17 12:18:40 email-threat-docker postfix/local[277]: 6A2999875F: to=<recipient@email-threat-docker.local>, relay=local, delay=0.01, delays=0.01/0/0/0.01, dsn=2.0.0, status=sent (delivered to command: /usr/bin/procmail)
Jun 17 12:18:40 email-threat-docker postfix/qmgr[99]: 6A2999875F: removed
Jun 17 12:18:40 email-threat-docker postfix/smtpd[263]: connect from unknown[172.20.0.1]
Jun 17 12:18:41 email-threat-docker postfix/smtpd[263]: 6877F9874F: client=unknown[172.20.0.1]
Jun 17 12:18:41 email-threat-docker postfix/cleanup[274]: 6877F9874F: prepend: header Subject: New Policy Document from unknown[172.20.0.1]; from=<notifications@company.com> to=<recipient@email-threat-docker.local> proto=ESMTP helo=<[192.168.48.1]>: [Subject: ]
Jun 17 12:18:41 email-threat-docker postfix/cleanup[274]: 6877F9874F: message-id=<>
Jun 17 12:18:41 email-threat-docker postfix/qmgr[99]: 6877F9874F: from=<notifications@company.com>, size=851, nrcpt=1 (queue active)
Jun 17 12:18:41 email-threat-docker postfix/smtpd[263]: disconnect from unknown[172.20.0.1] ehlo=1 mail=1 rcpt=1 data=1 quit=1 commands=5
Jun 17 12:18:41 email-threat-docker postfix/smtpd[276]: connect from scanner.holbertonshcool-cybersecurity-final-proyect_threat-net[172.20.0.3]
Jun 17 12:18:41 email-threat-docker postfix/smtpd[276]: 7002A9875F: client=scanner.holbertonshcool-cybersecurity-final-proyect_threat-net[172.20.0.3]
Jun 17 12:18:41 email-threat-docker postfix/cleanup[274]: 7002A9875F: message-id=<>
Jun 17 12:18:41 email-threat-docker postfix/qmgr[99]: 7002A9875F: from=<notifications@company.com>, size=1107, nrcpt=1 (queue active)
Jun 17 12:18:41 email-threat-docker postfix/smtpd[276]: disconnect from scanner.holbertonshcool-cybersecurity-final-proyect_threat-net[172.20.0.3] ehlo=1 mail=1 rcpt=1 data=1 quit=1 commands=5
Jun 17 12:18:41 email-threat-docker postfix/smtp[275]: 6877F9874F: to=<recipient@email-threat-docker.local>, relay=scanner[172.20.0.3]:10025, delay=0.04, delays=0.01/0/0.01/0.02, dsn=2.0.0, status=sent (250 Message delivered)
Jun 17 12:18:41 email-threat-docker postfix/qmgr[99]: 6877F9874F: removed
Jun 17 12:18:41 email-threat-docker postfix/local[279]: 7002A9875F: to=<recipient@email-threat-docker.local>, relay=local, delay=0.01, delays=0.01/0/0/0.01, dsn=2.0.0, status=sent (delivered to command: /usr/bin/procmail)
Jun 17 12:18:41 email-threat-docker postfix/qmgr[99]: 7002A9875F: removed
Jun 17 12:18:41 email-threat-docker postfix/smtpd[263]: connect from unknown[172.20.0.1]
Jun 17 12:18:42 email-threat-docker postfix/smtpd[263]: 762B59874F: client=unknown[172.20.0.1]
Jun 17 12:18:42 email-threat-docker postfix/cleanup[274]: 762B59874F: prepend: header Subject: Welcome New Hire from unknown[172.20.0.1]; from=<deals@newsletter.com> to=<recipient@email-threat-docker.local> proto=ESMTP helo=<[192.168.48.1]>: [Subject: ]
Jun 17 12:18:42 email-threat-docker postfix/cleanup[274]: 762B59874F: message-id=<>
Jun 17 12:18:42 email-threat-docker postfix/qmgr[99]: 762B59874F: from=<deals@newsletter.com>, size=444, nrcpt=1 (queue active)
Jun 17 12:18:42 email-threat-docker postfix/smtpd[263]: disconnect from unknown[172.20.0.1] ehlo=1 mail=1 rcpt=1 data=1 quit=1 commands=5
Jun 17 12:18:42 email-threat-docker postfix/smtpd[276]: connect from scanner.holbertonshcool-cybersecurity-final-proyect_threat-net[172.20.0.3]
Jun 17 12:18:42 email-threat-docker postfix/smtpd[276]: 7BE8B9875F: client=scanner.holbertonshcool-cybersecurity-final-proyect_threat-net[172.20.0.3]
Jun 17 12:18:42 email-threat-docker postfix/cleanup[274]: 7BE8B9875F: message-id=<>
Jun 17 12:18:42 email-threat-docker postfix/qmgr[99]: 7BE8B9875F: from=<deals@newsletter.com>, size=700, nrcpt=1 (queue active)
Jun 17 12:18:42 email-threat-docker postfix/smtpd[276]: disconnect from scanner.holbertonshcool-cybersecurity-final-proyect_threat-net[172.20.0.3] ehlo=1 mail=1 rcpt=1 data=1 quit=1 commands=5
Jun 17 12:18:42 email-threat-docker postfix/smtp[275]: 762B59874F: to=<recipient@email-threat-docker.local>, relay=scanner[172.20.0.3]:10025, delay=0.03, delays=0.01/0/0.01/0.02, dsn=2.0.0, status=sent (250 Message delivered)
Jun 17 12:18:42 email-threat-docker postfix/qmgr[99]: 762B59874F: removed
Jun 17 12:18:42 email-threat-docker postfix/local[277]: 7BE8B9875F: to=<recipient@email-threat-docker.local>, relay=local, delay=0.01, delays=0.01/0/0/0.01, dsn=2.0.0, status=sent (delivered to command: /usr/bin/procmail)
Jun 17 12:18:42 email-threat-docker postfix/qmgr[99]: 7BE8B9875F: removed
Jun 17 12:18:42 email-threat-docker postfix/smtpd[263]: connect from unknown[172.20.0.1]
Jun 17 12:18:43 email-threat-docker postfix/smtpd[263]: 706919874F: client=unknown[172.20.0.1]
Jun 17 12:18:43 email-threat-docker postfix/cleanup[274]: 706919874F: prepend: header Subject: Office Closure from unknown[172.20.0.1]; from=<security@bigcorp.com> to=<recipient@email-threat-docker.local> proto=ESMTP helo=<[192.168.48.1]>: [Subject: ]
Jun 17 12:18:43 email-threat-docker postfix/cleanup[274]: 706919874F: message-id=<>
Jun 17 12:18:43 email-threat-docker postfix/qmgr[99]: 706919874F: from=<security@bigcorp.com>, size=443, nrcpt=1 (queue active)
Jun 17 12:18:43 email-threat-docker postfix/smtpd[263]: disconnect from unknown[172.20.0.1] ehlo=1 mail=1 rcpt=1 data=1 quit=1 commands=5
Jun 17 12:18:43 email-threat-docker postfix/smtpd[276]: connect from scanner.holbertonshcool-cybersecurity-final-proyect_threat-net[172.20.0.3]
Jun 17 12:18:43 email-threat-docker postfix/smtpd[276]: 766289875F: client=scanner.holbertonshcool-cybersecurity-final-proyect_threat-net[172.20.0.3]
Jun 17 12:18:43 email-threat-docker postfix/cleanup[274]: 766289875F: message-id=<>
Jun 17 12:18:43 email-threat-docker postfix/qmgr[99]: 766289875F: from=<security@bigcorp.com>, size=699, nrcpt=1 (queue active)
Jun 17 12:18:43 email-threat-docker postfix/smtpd[276]: disconnect from scanner.holbertonshcool-cybersecurity-final-proyect_threat-net[172.20.0.3] ehlo=1 mail=1 rcpt=1 data=1 quit=1 commands=5
Jun 17 12:18:43 email-threat-docker postfix/smtp[275]: 706919874F: to=<recipient@email-threat-docker.local>, relay=scanner[172.20.0.3]:10025, delay=0.03, delays=0.01/0/0.01/0.02, dsn=2.0.0, status=sent (250 Message delivered)
Jun 17 12:18:43 email-threat-docker postfix/qmgr[99]: 706919874F: removed
Jun 17 12:18:43 email-threat-docker postfix/local[279]: 766289875F: to=<recipient@email-threat-docker.local>, relay=local, delay=0.01, delays=0.01/0/0/0.01, dsn=2.0.0, status=sent (delivered to command: /usr/bin/procmail)
Jun 17 12:18:43 email-threat-docker postfix/qmgr[99]: 766289875F: removed
Jun 17 12:18:43 email-threat-docker postfix/smtpd[263]: connect from unknown[172.20.0.1]
Jun 17 12:18:44 email-threat-docker postfix/smtpd[263]: 79D1F9874F: client=unknown[172.20.0.1]
Jun 17 12:18:44 email-threat-docker postfix/cleanup[274]: 79D1F9874F: prepend: header Subject: Benefits Update from unknown[172.20.0.1]; from=<support@apple.com> to=<recipient@email-threat-docker.local> proto=ESMTP helo=<[192.168.48.1]>: [Subject: ]
Jun 17 12:18:44 email-threat-docker postfix/cleanup[274]: 79D1F9874F: message-id=<>
Jun 17 12:18:44 email-threat-docker postfix/qmgr[99]: 79D1F9874F: from=<support@apple.com>, size=439, nrcpt=1 (queue active)
Jun 17 12:18:44 email-threat-docker postfix/smtpd[263]: disconnect from unknown[172.20.0.1] ehlo=1 mail=1 rcpt=1 data=1 quit=1 commands=5
Jun 17 12:18:44 email-threat-docker postfix/smtpd[276]: connect from scanner.holbertonshcool-cybersecurity-final-proyect_threat-net[172.20.0.3]
Jun 17 12:18:44 email-threat-docker postfix/smtpd[276]: 8036B9875F: client=scanner.holbertonshcool-cybersecurity-final-proyect_threat-net[172.20.0.3]
Jun 17 12:18:44 email-threat-docker postfix/cleanup[274]: 8036B9875F: message-id=<>
Jun 17 12:18:44 email-threat-docker postfix/qmgr[99]: 8036B9875F: from=<support@apple.com>, size=695, nrcpt=1 (queue active)
Jun 17 12:18:44 email-threat-docker postfix/smtpd[276]: disconnect from scanner.holbertonshcool-cybersecurity-final-proyect_threat-net[172.20.0.3] ehlo=1 mail=1 rcpt=1 data=1 quit=1 commands=5
Jun 17 12:18:44 email-threat-docker postfix/smtp[275]: 79D1F9874F: to=<recipient@email-threat-docker.local>, relay=scanner[172.20.0.3]:10025, delay=0.04, delays=0.01/0/0.01/0.02, dsn=2.0.0, status=sent (250 Message delivered)
Jun 17 12:18:44 email-threat-docker postfix/qmgr[99]: 79D1F9874F: removed
Jun 17 12:18:44 email-threat-docker postfix/local[277]: 8036B9875F: to=<recipient@email-threat-docker.local>, relay=local, delay=0.01, delays=0.01/0/0/0.01, dsn=2.0.0, status=sent (delivered to command: /usr/bin/procmail)
Jun 17 12:18:44 email-threat-docker postfix/qmgr[99]: 8036B9875F: removed
Jun 17 12:18:44 email-threat-docker postfix/smtpd[263]: connect from unknown[172.20.0.1]
Jun 17 12:18:45 email-threat-docker postfix/smtpd[263]: 75C4A9874F: client=unknown[172.20.0.1]
Jun 17 12:18:45 email-threat-docker postfix/cleanup[274]: 75C4A9874F: prepend: header Subject: Password Policy Reminder from unknown[172.20.0.1]; from=<notifications@company.com> to=<recipient@email-threat-docker.local> proto=ESMTP helo=<[192.168.48.1]>: [Subject: ]
Jun 17 12:18:45 email-threat-docker postfix/cleanup[274]: 75C4A9874F: message-id=<>
Jun 17 12:18:45 email-threat-docker postfix/qmgr[99]: 75C4A9874F: from=<notifications@company.com>, size=462, nrcpt=1 (queue active)
Jun 17 12:18:45 email-threat-docker postfix/smtpd[263]: disconnect from unknown[172.20.0.1] ehlo=1 mail=1 rcpt=1 data=1 quit=1 commands=5
Jun 17 12:18:45 email-threat-docker postfix/smtpd[276]: connect from scanner.holbertonshcool-cybersecurity-final-proyect_threat-net[172.20.0.3]
Jun 17 12:18:45 email-threat-docker postfix/smtpd[276]: 7B12E9875F: client=scanner.holbertonshcool-cybersecurity-final-proyect_threat-net[172.20.0.3]
Jun 17 12:18:45 email-threat-docker postfix/cleanup[274]: 7B12E9875F: message-id=<>
Jun 17 12:18:45 email-threat-docker postfix/qmgr[99]: 7B12E9875F: from=<notifications@company.com>, size=718, nrcpt=1 (queue active)
Jun 17 12:18:45 email-threat-docker postfix/smtpd[276]: disconnect from scanner.holbertonshcool-cybersecurity-final-proyect_threat-net[172.20.0.3] ehlo=1 mail=1 rcpt=1 data=1 quit=1 commands=5
Jun 17 12:18:45 email-threat-docker postfix/smtp[275]: 75C4A9874F: to=<recipient@email-threat-docker.local>, relay=scanner[172.20.0.3]:10025, delay=0.03, delays=0.01/0/0/0.02, dsn=2.0.0, status=sent (250 Message delivered)
Jun 17 12:18:45 email-threat-docker postfix/qmgr[99]: 75C4A9874F: removed
Jun 17 12:18:45 email-threat-docker postfix/local[279]: 7B12E9875F: to=<recipient@email-threat-docker.local>, relay=local, delay=0.01, delays=0.01/0/0/0.01, dsn=2.0.0, status=sent (delivered to command: /usr/bin/procmail)
Jun 17 12:18:45 email-threat-docker postfix/qmgr[99]: 7B12E9875F: removed
Jun 17 12:18:45 email-threat-docker postfix/smtpd[263]: connect from unknown[172.20.0.1]
Jun 17 12:18:46 email-threat-docker postfix/smtpd[263]: 814969874F: client=unknown[172.20.0.1]
Jun 17 12:18:46 email-threat-docker postfix/cleanup[274]: 814969874F: prepend: header Subject: Conference Registration from unknown[172.20.0.1]; from=<notifications@company.com> to=<recipient@email-threat-docker.local> proto=ESMTP helo=<[192.168.48.1]>: [Subject: ]
Jun 17 12:18:46 email-threat-docker postfix/cleanup[274]: 814969874F: message-id=<>
Jun 17 12:18:46 email-threat-docker postfix/qmgr[99]: 814969874F: from=<notifications@company.com>, size=456, nrcpt=1 (queue active)
Jun 17 12:18:46 email-threat-docker postfix/smtpd[263]: disconnect from unknown[172.20.0.1] ehlo=1 mail=1 rcpt=1 data=1 quit=1 commands=5
Jun 17 12:18:46 email-threat-docker postfix/smtpd[276]: connect from scanner.holbertonshcool-cybersecurity-final-proyect_threat-net[172.20.0.3]
Jun 17 12:18:46 email-threat-docker postfix/smtpd[276]: 883049875F: client=scanner.holbertonshcool-cybersecurity-final-proyect_threat-net[172.20.0.3]
Jun 17 12:18:46 email-threat-docker postfix/cleanup[274]: 883049875F: message-id=<>
Jun 17 12:18:46 email-threat-docker postfix/qmgr[99]: 883049875F: from=<notifications@company.com>, size=712, nrcpt=1 (queue active)
Jun 17 12:18:46 email-threat-docker postfix/smtpd[276]: disconnect from scanner.holbertonshcool-cybersecurity-final-proyect_threat-net[172.20.0.3] ehlo=1 mail=1 rcpt=1 data=1 quit=1 commands=5
Jun 17 12:18:46 email-threat-docker postfix/smtp[275]: 814969874F: to=<recipient@email-threat-docker.local>, relay=scanner[172.20.0.3]:10025, delay=0.04, delays=0.01/0/0.01/0.02, dsn=2.0.0, status=sent (250 Message delivered)
Jun 17 12:18:46 email-threat-docker postfix/qmgr[99]: 814969874F: removed
Jun 17 12:18:46 email-threat-docker postfix/local[277]: 883049875F: to=<recipient@email-threat-docker.local>, relay=local, delay=0.01, delays=0.01/0/0/0.01, dsn=2.0.0, status=sent (delivered to command: /usr/bin/procmail)
Jun 17 12:18:46 email-threat-docker postfix/qmgr[99]: 883049875F: removed
Jun 17 12:18:46 email-threat-docker postfix/smtpd[263]: connect from unknown[172.20.0.1]
Jun 17 12:18:47 email-threat-docker postfix/smtpd[263]: 7CE0A9874F: client=unknown[172.20.0.1]
Jun 17 12:18:47 email-threat-docker postfix/cleanup[274]: 7CE0A9874F: prepend: header Subject: Urgent: Invoice Payment Required from unknown[172.20.0.1]; from=<security@bigcorp.com> to=<recipient@email-threat-docker.local> proto=ESMTP helo=<[192.168.48.1]>: [Subject: ]
Jun 17 12:18:47 email-threat-docker postfix/cleanup[274]: 7CE0A9874F: message-id=<>
Jun 17 12:18:47 email-threat-docker postfix/qmgr[99]: 7CE0A9874F: from=<security@bigcorp.com>, size=568, nrcpt=1 (queue active)
Jun 17 12:18:47 email-threat-docker postfix/smtpd[263]: disconnect from unknown[172.20.0.1] ehlo=1 mail=1 rcpt=1 data=1 quit=1 commands=5
Jun 17 12:18:47 email-threat-docker postfix/smtpd[276]: connect from scanner.holbertonshcool-cybersecurity-final-proyect_threat-net[172.20.0.3]
Jun 17 12:18:47 email-threat-docker postfix/smtpd[276]: 8348E9875F: client=scanner.holbertonshcool-cybersecurity-final-proyect_threat-net[172.20.0.3]
Jun 17 12:18:47 email-threat-docker postfix/cleanup[274]: 8348E9875F: message-id=<>
Jun 17 12:18:47 email-threat-docker postfix/qmgr[99]: 8348E9875F: from=<security@bigcorp.com>, size=824, nrcpt=1 (queue active)
Jun 17 12:18:47 email-threat-docker postfix/smtpd[276]: disconnect from scanner.holbertonshcool-cybersecurity-final-proyect_threat-net[172.20.0.3] ehlo=1 mail=1 rcpt=1 data=1 quit=1 commands=5
Jun 17 12:18:47 email-threat-docker postfix/smtp[275]: 7CE0A9874F: to=<recipient@email-threat-docker.local>, relay=scanner[172.20.0.3]:10025, delay=0.04, delays=0.01/0/0.01/0.02, dsn=2.0.0, status=sent (250 Message delivered)
Jun 17 12:18:47 email-threat-docker postfix/qmgr[99]: 7CE0A9874F: removed
Jun 17 12:18:47 email-threat-docker postfix/local[279]: 8348E9875F: to=<recipient@email-threat-docker.local>, relay=local, delay=0.01, delays=0.01/0/0/0.01, dsn=2.0.0, status=sent (delivered to command: /usr/bin/procmail)
Jun 17 12:18:47 email-threat-docker postfix/qmgr[99]: 8348E9875F: removed
Jun 17 12:18:47 email-threat-docker postfix/smtpd[263]: connect from unknown[172.20.0.1]
Jun 17 12:18:48 email-threat-docker postfix/smtpd[263]: 7AF979875C: client=unknown[172.20.0.1]
Jun 17 12:18:48 email-threat-docker postfix/cleanup[274]: 7AF979875C: prepend: header Subject: Hot Deals This Weekend! from unknown[172.20.0.1]; from=<security@service.com> to=<recipient@email-threat-docker.local> proto=ESMTP helo=<[192.168.48.1]>: [Subject: ]
Jun 17 12:18:48 email-threat-docker postfix/cleanup[274]: 7AF979875C: message-id=<>
Jun 17 12:18:48 email-threat-docker postfix/qmgr[99]: 7AF979875C: from=<security@service.com>, size=541, nrcpt=1 (queue active)
Jun 17 12:18:48 email-threat-docker postfix/smtpd[263]: disconnect from unknown[172.20.0.1] ehlo=1 mail=1 rcpt=1 data=1 quit=1 commands=5
Jun 17 12:18:48 email-threat-docker postfix/smtpd[276]: connect from scanner.holbertonshcool-cybersecurity-final-proyect_threat-net[172.20.0.3]
Jun 17 12:18:48 email-threat-docker postfix/smtpd[276]: 81AF79875F: client=scanner.holbertonshcool-cybersecurity-final-proyect_threat-net[172.20.0.3]
Jun 17 12:18:48 email-threat-docker postfix/cleanup[274]: 81AF79875F: message-id=<>
Jun 17 12:18:48 email-threat-docker postfix/qmgr[99]: 81AF79875F: from=<security@service.com>, size=797, nrcpt=1 (queue active)
Jun 17 12:18:48 email-threat-docker postfix/smtpd[276]: disconnect from scanner.holbertonshcool-cybersecurity-final-proyect_threat-net[172.20.0.3] ehlo=1 mail=1 rcpt=1 data=1 quit=1 commands=5
Jun 17 12:18:48 email-threat-docker postfix/smtp[275]: 7AF979875C: to=<recipient@email-threat-docker.local>, relay=scanner[172.20.0.3]:10025, delay=0.04, delays=0.01/0/0.01/0.02, dsn=2.0.0, status=sent (250 Message delivered)
Jun 17 12:18:48 email-threat-docker postfix/qmgr[99]: 7AF979875C: removed
Jun 17 12:18:48 email-threat-docker postfix/local[277]: 81AF79875F: to=<recipient@email-threat-docker.local>, relay=local, delay=0.02, delays=0.01/0/0/0.01, dsn=2.0.0, status=sent (delivered to command: /usr/bin/procmail)
Jun 17 12:18:48 email-threat-docker postfix/qmgr[99]: 81AF79875F: removed
Jun 17 12:18:48 email-threat-docker postfix/smtpd[263]: connect from unknown[172.20.0.1]
Jun 17 12:18:49 email-threat-docker postfix/smtpd[263]: 796969875C: client=unknown[172.20.0.1]
Jun 17 12:18:49 email-threat-docker postfix/cleanup[274]: 796969875C: prepend: header Subject: Account Locked from unknown[172.20.0.1]; from=<notifications@company.com> to=<recipient@email-threat-docker.local> proto=ESMTP helo=<[192.168.48.1]>: [Subject: ]
Jun 17 12:18:49 email-threat-docker postfix/cleanup[274]: 796969875C: message-id=<>
Jun 17 12:18:49 email-threat-docker postfix/qmgr[99]: 796969875C: from=<notifications@company.com>, size=558, nrcpt=1 (queue active)
Jun 17 12:18:49 email-threat-docker postfix/smtpd[263]: disconnect from unknown[172.20.0.1] ehlo=1 mail=1 rcpt=1 data=1 quit=1 commands=5
Jun 17 12:18:49 email-threat-docker postfix/smtpd[276]: connect from scanner.holbertonshcool-cybersecurity-final-proyect_threat-net[172.20.0.3]
Jun 17 12:18:49 email-threat-docker postfix/smtpd[276]: 8053B9875F: client=scanner.holbertonshcool-cybersecurity-final-proyect_threat-net[172.20.0.3]
Jun 17 12:18:49 email-threat-docker postfix/cleanup[274]: 8053B9875F: message-id=<>
Jun 17 12:18:49 email-threat-docker postfix/qmgr[99]: 8053B9875F: from=<notifications@company.com>, size=814, nrcpt=1 (queue active)
Jun 17 12:18:49 email-threat-docker postfix/smtpd[276]: disconnect from scanner.holbertonshcool-cybersecurity-final-proyect_threat-net[172.20.0.3] ehlo=1 mail=1 rcpt=1 data=1 quit=1 commands=5
Jun 17 12:18:49 email-threat-docker postfix/smtp[275]: 796969875C: to=<recipient@email-threat-docker.local>, relay=scanner[172.20.0.3]:10025, delay=0.04, delays=0.01/0/0.01/0.02, dsn=2.0.0, status=sent (250 Message delivered)
Jun 17 12:18:49 email-threat-docker postfix/qmgr[99]: 796969875C: removed
Jun 17 12:18:49 email-threat-docker postfix/local[279]: 8053B9875F: to=<recipient@email-threat-docker.local>, relay=local, delay=0.01, delays=0.01/0/0/0.01, dsn=2.0.0, status=sent (delivered to command: /usr/bin/procmail)
Jun 17 12:18:49 email-threat-docker postfix/qmgr[99]: 8053B9875F: removed
Jun 17 12:18:49 email-threat-docker postfix/smtpd[263]: connect from unknown[172.20.0.1]
Jun 17 12:18:50 email-threat-docker postfix/smtpd[263]: 7188E9875C: client=unknown[172.20.0.1]
Jun 17 12:18:50 email-threat-docker postfix/cleanup[274]: 7188E9875C: prepend: header Subject: Password Reset Required from unknown[172.20.0.1]; from=<security@onlinebank.com> to=<recipient@email-threat-docker.local> proto=ESMTP helo=<[192.168.48.1]>: [Subject: ]
Jun 17 12:18:50 email-threat-docker postfix/cleanup[274]: 7188E9875C: message-id=<>
Jun 17 12:18:50 email-threat-docker postfix/qmgr[99]: 7188E9875C: from=<security@onlinebank.com>, size=595, nrcpt=1 (queue active)
Jun 17 12:18:50 email-threat-docker postfix/smtpd[263]: disconnect from unknown[172.20.0.1] ehlo=1 mail=1 rcpt=1 data=1 quit=1 commands=5
Jun 17 12:18:50 email-threat-docker postfix/smtp[275]: 7188E9875C: to=<recipient@email-threat-docker.local>, relay=scanner[172.20.0.3]:10025, delay=0.02, delays=0.01/0/0.01/0.01, dsn=2.0.0, status=sent (250 Message quarantined)
Jun 17 12:18:50 email-threat-docker postfix/qmgr[99]: 7188E9875C: removed
Jun 17 12:18:50 email-threat-docker postfix/smtpd[263]: connect from unknown[172.20.0.1]
Jun 17 12:18:51 email-threat-docker postfix/smtpd[263]: 739319875C: client=unknown[172.20.0.1]
Jun 17 12:18:51 email-threat-docker postfix/cleanup[274]: 739319875C: prepend: header Subject: Important Document from unknown[172.20.0.1]; from=<security@onlinebank.com> to=<recipient@email-threat-docker.local> proto=ESMTP helo=<[192.168.48.1]>: [Subject: ]
Jun 17 12:18:51 email-threat-docker postfix/cleanup[274]: 739319875C: message-id=<>
Jun 17 12:18:51 email-threat-docker postfix/qmgr[99]: 739319875C: from=<security@onlinebank.com>, size=526, nrcpt=1 (queue active)
Jun 17 12:18:51 email-threat-docker postfix/smtpd[263]: disconnect from unknown[172.20.0.1] ehlo=1 mail=1 rcpt=1 data=1 quit=1 commands=5
Jun 17 12:18:51 email-threat-docker postfix/smtp[275]: 739319875C: to=<recipient@email-threat-docker.local>, relay=scanner[172.20.0.3]:10025, delay=0.02, delays=0.01/0/0.01/0.01, dsn=2.0.0, status=sent (250 Message quarantined)
Jun 17 12:18:51 email-threat-docker postfix/qmgr[99]: 739319875C: removed
Jun 17 12:18:51 email-threat-docker postfix/smtpd[263]: connect from unknown[172.20.0.1]
Jun 17 12:18:52 email-threat-docker postfix/smtpd[263]: 6EF449875C: client=unknown[172.20.0.1]
Jun 17 12:18:52 email-threat-docker postfix/cleanup[274]: 6EF449875C: prepend: header Subject: Monthly Report from unknown[172.20.0.1]; from=<info@company.com> to=<recipient@email-threat-docker.local> proto=ESMTP helo=<[192.168.48.1]>: [Subject: ]
Jun 17 12:18:52 email-threat-docker postfix/cleanup[274]: 6EF449875C: message-id=<>
Jun 17 12:18:52 email-threat-docker postfix/qmgr[99]: 6EF449875C: from=<info@company.com>, size=582, nrcpt=1 (queue active)
Jun 17 12:18:52 email-threat-docker postfix/smtpd[263]: disconnect from unknown[172.20.0.1] ehlo=1 mail=1 rcpt=1 data=1 quit=1 commands=5
Jun 17 12:18:52 email-threat-docker postfix/smtp[275]: 6EF449875C: to=<recipient@email-threat-docker.local>, relay=scanner[172.20.0.3]:10025, delay=0.02, delays=0.01/0/0/0.01, dsn=2.0.0, status=sent (250 Message quarantined)
Jun 17 12:18:52 email-threat-docker postfix/qmgr[99]: 6EF449875C: removed
Jun 17 12:18:52 email-threat-docker postfix/smtpd[263]: connect from unknown[172.20.0.1]
Jun 17 12:18:53 email-threat-docker postfix/smtpd[263]: 773499875C: client=unknown[172.20.0.1]
Jun 17 12:18:53 email-threat-docker postfix/cleanup[274]: 773499875C: prepend: header Subject: System Notification from unknown[172.20.0.1]; from=<devteam@company.com> to=<recipient@email-threat-docker.local> proto=ESMTP helo=<[192.168.48.1]>: [Subject: ]
Jun 17 12:18:53 email-threat-docker postfix/cleanup[274]: 773499875C: message-id=<>
Jun 17 12:18:53 email-threat-docker postfix/qmgr[99]: 773499875C: from=<devteam@company.com>, size=526, nrcpt=1 (queue active)
Jun 17 12:18:53 email-threat-docker postfix/smtpd[263]: disconnect from unknown[172.20.0.1] ehlo=1 mail=1 rcpt=1 data=1 quit=1 commands=5
Jun 17 12:18:53 email-threat-docker postfix/smtp[275]: 773499875C: to=<recipient@email-threat-docker.local>, relay=scanner[172.20.0.3]:10025, delay=0.02, delays=0.01/0/0.01/0.01, dsn=2.0.0, status=sent (250 Message quarantined)
Jun 17 12:18:53 email-threat-docker postfix/qmgr[99]: 773499875C: removed
Jun 17 12:18:53 email-threat-docker postfix/smtpd[263]: connect from unknown[172.20.0.1]
Jun 17 12:18:54 email-threat-docker postfix/smtpd[263]: 7CF329875C: client=unknown[172.20.0.1]
Jun 17 12:18:54 email-threat-docker postfix/cleanup[274]: 7CF329875C: prepend: header Subject: Final Warning from unknown[172.20.0.1]; from=<alerts@service.com> to=<recipient@email-threat-docker.local> proto=ESMTP helo=<[192.168.48.1]>: [Subject: ]
Jun 17 12:18:54 email-threat-docker postfix/cleanup[274]: 7CF329875C: message-id=<>
