Jun  4 19:59:47 email-threat-docker postfix/cleanup[411]: D1D20822BD: prepend: header Subject: Account Verification Needed from unknown[172.20.0.1]; from=<support@onlineservice.com> to=<recipient@email-threat-docker.local> proto=ESMTP helo=<[192.168.48.1]>: [Subject: ]
Jun  4 19:59:47 email-threat-docker postfix/cleanup[411]: D1D20822BD: message-id=<>
Jun  4 19:59:47 email-threat-docker postfix/qmgr[99]: D1D20822BD: from=<support@onlineservice.com>, size=577, nrcpt=1 (queue active)
Jun  4 19:59:47 email-threat-docker postfix/smtpd[408]: disconnect from unknown[172.20.0.1] ehlo=1 mail=1 rcpt=1 data=1 quit=1 commands=5
Jun  4 19:59:47 email-threat-docker postfix/smtp[412]: D1D20822BD: to=<recipient@email-threat-docker.local>, relay=scanner[172.20.0.3]:10025, delay=0.03, delays=0.02/0/0.01/0.01, dsn=2.0.0, status=sent (250 Message quarantined)
Jun  4 19:59:47 email-threat-docker postfix/qmgr[99]: D1D20822BD: removed
Jun  4 19:59:48 email-threat-docker postfix/smtpd[408]: connect from unknown[172.20.0.1]
Jun  4 19:59:48 email-threat-docker postfix/smtpd[408]: D18FD822BD: client=unknown[172.20.0.1]
Jun  4 19:59:48 email-threat-docker postfix/cleanup[411]: D18FD822BD: prepend: header Subject: Password Reset Request from unknown[172.20.0.1]; from=<newsletter@store.com> to=<recipient@email-threat-docker.local> proto=ESMTP helo=<[192.168.48.1]>: [Subject: ]
Jun  4 19:59:48 email-threat-docker postfix/cleanup[411]: D18FD822BD: message-id=<>
Jun  4 19:59:48 email-threat-docker postfix/qmgr[99]: D18FD822BD: from=<newsletter@store.com>, size=538, nrcpt=1 (queue active)
Jun  4 19:59:48 email-threat-docker postfix/smtpd[408]: disconnect from unknown[172.20.0.1] ehlo=1 mail=1 rcpt=1 data=1 quit=1 commands=5
Jun  4 19:59:48 email-threat-docker postfix/smtp[412]: D18FD822BD: to=<recipient@email-threat-docker.local>, relay=scanner[172.20.0.3]:10025, delay=0.03, delays=0.01/0/0/0.01, dsn=2.0.0, status=sent (250 Message quarantined)
Jun  4 19:59:48 email-threat-docker postfix/qmgr[99]: D18FD822BD: removed
Jun  4 19:59:49 email-threat-docker postfix/smtpd[408]: connect from unknown[172.20.0.1]
Jun  4 19:59:49 email-threat-docker postfix/smtpd[408]: CD8C4822BD: client=unknown[172.20.0.1]
Jun  4 19:59:49 email-threat-docker postfix/cleanup[411]: CD8C4822BD: prepend: header Subject: Mandatory Company Survey from unknown[172.20.0.1]; from=<deals@newsletter.com> to=<recipient@email-threat-docker.local> proto=ESMTP helo=<[192.168.48.1]>: [Subject: ]
Jun  4 19:59:49 email-threat-docker postfix/cleanup[411]: CD8C4822BD: message-id=<>
Jun  4 19:59:49 email-threat-docker postfix/qmgr[99]: CD8C4822BD: from=<deals@newsletter.com>, size=531, nrcpt=1 (queue active)
Jun  4 19:59:49 email-threat-docker postfix/smtpd[408]: disconnect from unknown[172.20.0.1] ehlo=1 mail=1 rcpt=1 data=1 quit=1 commands=5
Jun  4 19:59:49 email-threat-docker postfix/smtp[412]: CD8C4822BD: to=<recipient@email-threat-docker.local>, relay=scanner[172.20.0.3]:10025, delay=0.02, delays=0.01/0/0.01/0.01, dsn=2.0.0, status=sent (250 Message quarantined)
Jun  4 19:59:49 email-threat-docker postfix/qmgr[99]: CD8C4822BD: removed
Jun  4 19:59:50 email-threat-docker postfix/smtpd[408]: connect from unknown[172.20.0.1]
Jun  4 19:59:50 email-threat-docker postfix/smtpd[408]: CA23F822BD: client=unknown[172.20.0.1]
Jun  4 19:59:50 email-threat-docker postfix/cleanup[411]: CA23F822BD: prepend: header Subject: Suspicious Login Attempt from unknown[172.20.0.1]; from=<security@onlinebank.com> to=<recipient@email-threat-docker.local> proto=ESMTP helo=<[192.168.48.1]>: [Subject: ]
Jun  4 19:59:50 email-threat-docker postfix/cleanup[411]: CA23F822BD: message-id=<>
Jun  4 19:59:50 email-threat-docker postfix/qmgr[99]: CA23F822BD: from=<security@onlinebank.com>, size=555, nrcpt=1 (queue active)
Jun  4 19:59:50 email-threat-docker postfix/smtpd[408]: disconnect from unknown[172.20.0.1] ehlo=1 mail=1 rcpt=1 data=1 quit=1 commands=5
Jun  4 19:59:50 email-threat-docker postfix/smtp[412]: CA23F822BD: to=<recipient@email-threat-docker.local>, relay=scanner[172.20.0.3]:10025, delay=0.02, delays=0.01/0/0.01/0.01, dsn=2.0.0, status=sent (250 Message quarantined)
Jun  4 19:59:50 email-threat-docker postfix/qmgr[99]: CA23F822BD: removed
Jun  4 19:59:51 email-threat-docker postfix/smtpd[408]: connect from unknown[172.20.0.1]
Jun  4 19:59:51 email-threat-docker postfix/smtpd[408]: C6A50822BD: client=unknown[172.20.0.1]
Jun  4 19:59:51 email-threat-docker postfix/cleanup[411]: C6A50822BD: prepend: header Subject: Account Compromised from unknown[172.20.0.1]; from=<notifications@company.com> to=<recipient@email-threat-docker.local> proto=ESMTP helo=<[192.168.48.1]>: [Subject: ]
Jun  4 19:59:51 email-threat-docker postfix/cleanup[411]: C6A50822BD: message-id=<>
Jun  4 19:59:51 email-threat-docker postfix/qmgr[99]: C6A50822BD: from=<notifications@company.com>, size=532, nrcpt=1 (queue active)
Jun  4 19:59:51 email-threat-docker postfix/smtpd[408]: disconnect from unknown[172.20.0.1] ehlo=1 mail=1 rcpt=1 data=1 quit=1 commands=5
Jun  4 19:59:51 email-threat-docker postfix/smtp[412]: C6A50822BD: to=<recipient@email-threat-docker.local>, relay=scanner[172.20.0.3]:10025, delay=0.02, delays=0.01/0/0.01/0.01, dsn=2.0.0, status=sent (250 Message quarantined)
Jun  4 19:59:51 email-threat-docker postfix/qmgr[99]: C6A50822BD: removed
Jun  4 19:59:52 email-threat-docker postfix/smtpd[408]: connect from unknown[172.20.0.1]
Jun  4 19:59:52 email-threat-docker postfix/smtpd[408]: C3037822BD: client=unknown[172.20.0.1]
Jun  4 19:59:52 email-threat-docker postfix/cleanup[411]: C3037822BD: prepend: header Subject: You've Won a $100 Gift Card! from unknown[172.20.0.1]; from=<devteam@company.com> to=<recipient@email-threat-docker.local> proto=ESMTP helo=<[192.168.48.1]>: [Subject: ]
Jun  4 19:59:52 email-threat-docker postfix/cleanup[411]: C3037822BD: message-id=<>
Jun  4 19:59:52 email-threat-docker postfix/qmgr[99]: C3037822BD: from=<devteam@company.com>, size=531, nrcpt=1 (queue active)
Jun  4 19:59:52 email-threat-docker postfix/smtpd[408]: disconnect from unknown[172.20.0.1] ehlo=1 mail=1 rcpt=1 data=1 quit=1 commands=5
Jun  4 19:59:52 email-threat-docker postfix/smtp[412]: C3037822BD: to=<recipient@email-threat-docker.local>, relay=scanner[172.20.0.3]:10025, delay=0.03, delays=0.01/0/0.01/0.01, dsn=2.0.0, status=sent (250 Message quarantined)
Jun  4 19:59:52 email-threat-docker postfix/qmgr[99]: C3037822BD: removed
Jun  4 19:59:53 email-threat-docker postfix/smtpd[408]: connect from unknown[172.20.0.1]
Jun  4 19:59:53 email-threat-docker postfix/smtpd[408]: C14AF822BD: client=unknown[172.20.0.1]
Jun  4 19:59:53 email-threat-docker postfix/cleanup[411]: C14AF822BD: prepend: header Subject: Quick Employee Survey from unknown[172.20.0.1]; from=<teamlead@company.com> to=<recipient@email-threat-docker.local> proto=ESMTP helo=<[192.168.48.1]>: [Subject: ]
Jun  4 19:59:53 email-threat-docker postfix/cleanup[411]: C14AF822BD: message-id=<>
Jun  4 19:59:53 email-threat-docker postfix/qmgr[99]: C14AF822BD: from=<teamlead@company.com>, size=512, nrcpt=1 (queue active)
Jun  4 19:59:53 email-threat-docker postfix/smtpd[408]: disconnect from unknown[172.20.0.1] ehlo=1 mail=1 rcpt=1 data=1 quit=1 commands=5
Jun  4 19:59:53 email-threat-docker postfix/smtp[412]: C14AF822BD: to=<recipient@email-threat-docker.local>, relay=scanner[172.20.0.3]:10025, delay=0.03, delays=0.01/0/0.01/0.01, dsn=2.0.0, status=sent (250 Message quarantined)
Jun  4 19:59:53 email-threat-docker postfix/qmgr[99]: C14AF822BD: removed
Jun  4 19:59:53 email-threat-docker postfix/smtpd[408]: connect from unknown[172.20.0.1]
Jun  4 19:59:54 email-threat-docker postfix/smtpd[408]: C1236822BD: client=unknown[172.20.0.1]
Jun  4 19:59:54 email-threat-docker postfix/cleanup[411]: C1236822BD: prepend: header Subject: URGENT: Security Alert from unknown[172.20.0.1]; from=<communications@company.com> to=<recipient@email-threat-docker.local> proto=ESMTP helo=<[192.168.48.1]>: [Subject: ]
Jun  4 19:59:54 email-threat-docker postfix/cleanup[411]: C1236822BD: message-id=<>
Jun  4 19:59:54 email-threat-docker postfix/qmgr[99]: C1236822BD: from=<communications@company.com>, size=909, nrcpt=1 (queue active)
Jun  4 19:59:54 email-threat-docker postfix/smtpd[408]: disconnect from unknown[172.20.0.1] ehlo=1 mail=1 rcpt=1 data=1 quit=1 commands=5
Jun  4 19:59:54 email-threat-docker postfix/smtp[412]: C1236822BD: to=<recipient@email-threat-docker.local>, relay=scanner[172.20.0.3]:10025, delay=0.03, delays=0.01/0/0.01/0.01, dsn=2.0.0, status=sent (250 Message quarantined)
Jun  4 19:59:54 email-threat-docker postfix/qmgr[99]: C1236822BD: removed
Jun  4 19:59:54 email-threat-docker postfix/smtpd[408]: connect from unknown[172.20.0.1]
Jun  4 19:59:55 email-threat-docker postfix/smtpd[408]: BD1FD822BD: client=unknown[172.20.0.1]
Jun  4 19:59:55 email-threat-docker postfix/cleanup[411]: BD1FD822BD: prepend: header Subject: Invoice #INV-9876 from unknown[172.20.0.1]; from=<billing@legit-company.com> to=<recipient@email-threat-docker.local> proto=ESMTP helo=<[192.168.48.1]>: [Subject: ]
Jun  4 19:59:55 email-threat-docker postfix/cleanup[411]: BD1FD822BD: message-id=<>
Jun  4 19:59:55 email-threat-docker postfix/qmgr[99]: BD1FD822BD: from=<billing@legit-company.com>, size=2203, nrcpt=1 (queue active)
Jun  4 19:59:55 email-threat-docker postfix/smtpd[408]: disconnect from unknown[172.20.0.1] ehlo=1 mail=1 rcpt=1 data=1 quit=1 commands=5
Jun  4 19:59:55 email-threat-docker postfix/smtp[412]: BD1FD822BD: to=<recipient@email-threat-docker.local>, relay=scanner[172.20.0.3]:10025, delay=0.03, delays=0.01/0/0.01/0.01, dsn=2.0.0, status=sent (250 Message quarantined)
Jun  4 19:59:55 email-threat-docker postfix/qmgr[99]: BD1FD822BD: removed
Jun  4 19:59:55 email-threat-docker postfix/smtpd[408]: connect from unknown[172.20.0.1]
Jun  4 19:59:56 email-threat-docker postfix/smtpd[408]: BAD44822BD: client=unknown[172.20.0.1]
Jun  4 19:59:56 email-threat-docker postfix/cleanup[411]: BAD44822BD: prepend: header Subject: Account Verification Needed from unknown[172.20.0.1]; from=<rewards@shopping.com> to=<recipient@email-threat-docker.local> proto=ESMTP helo=<[192.168.48.1]>: [Subject: ]
Jun  4 19:59:56 email-threat-docker postfix/cleanup[411]: BAD44822BD: message-id=<>
Jun  4 19:59:56 email-threat-docker postfix/qmgr[99]: BAD44822BD: from=<rewards@shopping.com>, size=497, nrcpt=1 (queue active)
Jun  4 19:59:56 email-threat-docker postfix/smtpd[408]: disconnect from unknown[172.20.0.1] ehlo=1 mail=1 rcpt=1 data=1 quit=1 commands=5
Jun  4 19:59:56 email-threat-docker postfix/smtp[412]: BAD44822BD: to=<recipient@email-threat-docker.local>, relay=scanner[172.20.0.3]:10025, delay=0.03, delays=0.01/0/0.01/0.01, dsn=2.0.0, status=sent (250 Message quarantined)
Jun  4 19:59:56 email-threat-docker postfix/qmgr[99]: BAD44822BD: removed
Jun  4 19:59:56 email-threat-docker postfix/smtpd[408]: connect from unknown[172.20.0.1]
Jun  4 19:59:57 email-threat-docker postfix/smtpd[408]: B9F7684986: client=unknown[172.20.0.1]
Jun  4 19:59:57 email-threat-docker postfix/cleanup[411]: B9F7684986: prepend: header Subject: Document Shared from unknown[172.20.0.1]; from=<devteam@company.com> to=<recipient@email-threat-docker.local> proto=ESMTP helo=<[192.168.48.1]>: [Subject: ]
Jun  4 19:59:57 email-threat-docker postfix/cleanup[411]: B9F7684986: message-id=<>
Jun  4 19:59:57 email-threat-docker postfix/qmgr[99]: B9F7684986: from=<devteam@company.com>, size=656, nrcpt=1 (queue active)
Jun  4 19:59:57 email-threat-docker postfix/smtpd[408]: disconnect from unknown[172.20.0.1] ehlo=1 mail=1 rcpt=1 data=1 quit=1 commands=5
Jun  4 19:59:57 email-threat-docker postfix/smtp[412]: B9F7684986: to=<recipient@email-threat-docker.local>, relay=scanner[172.20.0.3]:10025, delay=0.04, delays=0.01/0/0.01/0.01, dsn=2.0.0, status=sent (250 Message quarantined)
Jun  4 19:59:57 email-threat-docker postfix/qmgr[99]: B9F7684986: removed
Jun  4 19:59:57 email-threat-docker postfix/smtpd[408]: connect from unknown[172.20.0.1]
Jun  4 20:00:01 email-threat-docker postfix/smtpd[408]: 6839384986: client=unknown[172.20.0.1]
Jun  4 20:00:01 email-threat-docker postfix/cleanup[411]: 6839384986: prepend: header Subject: Encrypted Report from unknown[172.20.0.1]; from=<devteam@company.com> to=<recipient@email-threat-docker.local> proto=ESMTP helo=<[192.168.48.1]>: [Subject: ]
Jun  4 20:00:01 email-threat-docker postfix/cleanup[411]: 6839384986: message-id=<>
Jun  4 20:00:01 email-threat-docker postfix/qmgr[99]: 6839384986: from=<devteam@company.com>, size=2190, nrcpt=1 (queue active)
Jun  4 20:00:01 email-threat-docker postfix/smtpd[408]: disconnect from unknown[172.20.0.1] ehlo=1 mail=1 rcpt=1 data=1 quit=1 commands=5
Jun  4 20:00:01 email-threat-docker postfix/smtp[412]: 6839384986: to=<recipient@email-threat-docker.local>, relay=scanner[172.20.0.3]:10025, delay=0.03, delays=0.01/0/0.01/0.01, dsn=2.0.0, status=sent (250 Message quarantined)
Jun  4 20:00:01 email-threat-docker postfix/qmgr[99]: 6839384986: removed
Jun  4 20:00:01 email-threat-docker postfix/smtpd[408]: connect from unknown[172.20.0.1]
Jun  4 20:00:02 email-threat-docker postfix/smtpd[408]: 7554F84986: client=unknown[172.20.0.1]
Jun  4 20:00:02 email-threat-docker postfix/cleanup[411]: 7554F84986: prepend: header Subject: Password Reset Required from unknown[172.20.0.1]; from=<noreply@itdept.company.com> to=<recipient@email-threat-docker.local> proto=ESMTP helo=<[192.168.48.1]>: [Subject: ]
Jun  4 20:00:02 email-threat-docker postfix/cleanup[411]: 7554F84986: message-id=<>
Jun  4 20:00:02 email-threat-docker postfix/qmgr[99]: 7554F84986: from=<noreply@itdept.company.com>, size=481, nrcpt=1 (queue active)
Jun  4 20:00:02 email-threat-docker postfix/smtpd[408]: disconnect from unknown[172.20.0.1] ehlo=1 mail=1 rcpt=1 data=1 quit=1 commands=5
Jun  4 20:00:02 email-threat-docker postfix/smtp[412]: 7554F84986: to=<recipient@email-threat-docker.local>, relay=scanner[172.20.0.3]:10025, delay=0.06, delays=0.03/0/0.02/0.02, dsn=2.0.0, status=sent (250 Message quarantined)
Jun  4 20:00:02 email-threat-docker postfix/qmgr[99]: 7554F84986: removed
Jun  4 20:00:02 email-threat-docker postfix/smtpd[408]: connect from unknown[172.20.0.1]
Jun  4 20:00:04 email-threat-docker postfix/smtpd[408]: 39A4784986: client=unknown[172.20.0.1]
Jun  4 20:00:04 email-threat-docker postfix/cleanup[411]: 39A4784986: prepend: header Subject: Your Package Tracking from unknown[172.20.0.1]; from=<hr@company.com> to=<recipient@email-threat-docker.local> proto=ESMTP helo=<[192.168.48.1]>: [Subject: ]
Jun  4 20:00:04 email-threat-docker postfix/cleanup[411]: 39A4784986: message-id=<>
Jun  4 20:00:04 email-threat-docker postfix/qmgr[99]: 39A4784986: from=<hr@company.com>, size=465, nrcpt=1 (queue active)
Jun  4 20:00:04 email-threat-docker postfix/smtpd[408]: disconnect from unknown[172.20.0.1] ehlo=1 mail=1 rcpt=1 data=1 quit=1 commands=5
Jun  4 20:00:04 email-threat-docker postfix/smtp[412]: 39A4784986: to=<recipient@email-threat-docker.local>, relay=scanner[172.20.0.3]:10025, delay=0.03, delays=0.01/0/0.01/0.01, dsn=2.0.0, status=sent (250 Message quarantined)
Jun  4 20:00:04 email-threat-docker postfix/qmgr[99]: 39A4784986: removed
Jun  4 20:00:04 email-threat-docker postfix/smtpd[408]: connect from unknown[172.20.0.1]
Jun  4 20:00:05 email-threat-docker postfix/smtpd[408]: 3D02A84986: client=unknown[172.20.0.1]
Jun  4 20:00:05 email-threat-docker postfix/cleanup[411]: 3D02A84986: prepend: header Subject: Financial Report from unknown[172.20.0.1]; from=<rewards@shopping.com> to=<recipient@email-threat-docker.local> proto=ESMTP helo=<[192.168.48.1]>: [Subject: ]
Jun  4 20:00:05 email-threat-docker postfix/cleanup[411]: 3D02A84986: message-id=<>
Jun  4 20:00:05 email-threat-docker postfix/qmgr[99]: 3D02A84986: from=<rewards@shopping.com>, size=810, nrcpt=1 (queue active)
Jun  4 20:00:05 email-threat-docker postfix/smtpd[408]: disconnect from unknown[172.20.0.1] ehlo=1 mail=1 rcpt=1 data=1 quit=1 commands=5
Jun  4 20:00:05 email-threat-docker postfix/smtp[412]: 3D02A84986: to=<recipient@email-threat-docker.local>, relay=scanner[172.20.0.3]:10025, delay=0.03, delays=0.01/0/0.01/0.01, dsn=2.0.0, status=sent (250 Message quarantined)
Jun  4 20:00:05 email-threat-docker postfix/qmgr[99]: 3D02A84986: removed
Jun  4 20:00:05 email-threat-docker postfix/smtpd[408]: connect from unknown[172.20.0.1]
Jun  4 20:00:06 email-threat-docker postfix/smtpd[408]: F3D8A84986: client=unknown[172.20.0.1]
Jun  4 20:00:07 email-threat-docker postfix/cleanup[411]: F3D8A84986: prepend: header Subject: Microsoft Security Update from unknown[172.20.0.1]; from=<notifications@company.com> to=<recipient@email-threat-docker.local> proto=ESMTP helo=<[192.168.48.1]>: [Subject: ]
Jun  4 20:00:07 email-threat-docker postfix/cleanup[411]: F3D8A84986: message-id=<>
Jun  4 20:00:07 email-threat-docker postfix/qmgr[99]: F3D8A84986: from=<notifications@company.com>, size=2277, nrcpt=1 (queue active)
Jun  4 20:00:07 email-threat-docker postfix/smtpd[408]: disconnect from unknown[172.20.0.1] ehlo=1 mail=1 rcpt=1 data=1 quit=1 commands=5
Jun  4 20:00:07 email-threat-docker postfix/smtp[412]: F3D8A84986: to=<recipient@email-threat-docker.local>, relay=scanner[172.20.0.3]:10025, delay=0.04, delays=0.01/0/0.01/0.02, dsn=2.0.0, status=sent (250 Message quarantined)
Jun  4 20:00:07 email-threat-docker postfix/qmgr[99]: F3D8A84986: removed
Jun  4 20:00:07 email-threat-docker postfix/smtpd[408]: connect from unknown[172.20.0.1]
Jun  4 20:00:07 email-threat-docker postfix/smtpd[408]: F3F2084986: client=unknown[172.20.0.1]
Jun  4 20:00:08 email-threat-docker postfix/cleanup[411]: F3F2084986: prepend: header Subject: Undelivered Mail Notification from unknown[172.20.0.1]; from=<hr@company.com> to=<recipient@email-threat-docker.local> proto=ESMTP helo=<[192.168.48.1]>: [Subject: ]
Jun  4 20:00:08 email-threat-docker postfix/cleanup[411]: F3F2084986: message-id=<>
Jun  4 20:00:08 email-threat-docker postfix/qmgr[99]: F3F2084986: from=<hr@company.com>, size=885, nrcpt=1 (queue active)
Jun  4 20:00:08 email-threat-docker postfix/smtpd[408]: disconnect from unknown[172.20.0.1] ehlo=1 mail=1 rcpt=1 data=1 quit=1 commands=5
Jun  4 20:00:08 email-threat-docker postfix/smtp[412]: F3F2084986: to=<recipient@email-threat-docker.local>, relay=scanner[172.20.0.3]:10025, delay=0.03, delays=0.01/0/0.01/0.01, dsn=2.0.0, status=sent (250 Message quarantined)
Jun  4 20:00:08 email-threat-docker postfix/qmgr[99]: F3F2084986: removed
Jun  7 09:38:18 email-threat-docker postfix/postfix-script[64]: warning: group or other writable: /etc/postfix/./main.cf
Jun  7 09:38:18 email-threat-docker postfix/postfix-script[65]: warning: group or other writable: /etc/postfix/./master.cf
Jun  7 09:38:18 email-threat-docker postfix/postfix-script[66]: warning: group or other writable: /etc/postfix/./transport
Jun  7 09:38:19 email-threat-docker postfix/postfix-script[89]: starting the Postfix mail system
Jun  7 09:38:19 email-threat-docker postfix/master[1]: daemon started -- version 3.6.4, configuration /etc/postfix
Jun  7 09:40:08 email-threat-docker postfix/smtpd[239]: warning: dict_nis_init: NIS domain name not set - NIS lookups disabled
Jun  7 09:40:08 email-threat-docker postfix/smtpd[239]: connect from unknown[172.20.0.1]
Jun  7 09:40:09 email-threat-docker postfix/smtpd[239]: D7CBF97304: client=unknown[172.20.0.1]
Jun  7 09:40:09 email-threat-docker postfix/cleanup[243]: D7CBF97304: prepend: header Subject: Upcoming Holiday Schedule from unknown[172.20.0.1]; from=<notifications@company.com> to=<recipient@email-threat-docker.local> proto=ESMTP helo=<[192.168.48.1]>: [Subject: ]
Jun  7 09:40:09 email-threat-docker postfix/cleanup[243]: D7CBF97304: message-id=<>
Jun  7 09:40:09 email-threat-docker postfix/qmgr[91]: D7CBF97304: from=<notifications@company.com>, size=625, nrcpt=1 (queue active)
Jun  7 09:40:09 email-threat-docker postfix/smtpd[239]: disconnect from unknown[172.20.0.1] ehlo=1 mail=1 rcpt=1 data=1 quit=1 commands=5
Jun  7 09:40:09 email-threat-docker postfix/smtpd[245]: warning: dict_nis_init: NIS domain name not set - NIS lookups disabled
Jun  7 09:40:09 email-threat-docker postfix/smtpd[245]: connect from scanner.holbertonshcool-cybersecurity-final-proyect_threat-net[172.20.0.4]
Jun  7 09:40:09 email-threat-docker postfix/smtpd[245]: E8F6A97305: client=scanner.holbertonshcool-cybersecurity-final-proyect_threat-net[172.20.0.4]
Jun  7 09:40:09 email-threat-docker postfix/cleanup[243]: E8F6A97305: message-id=<>
Jun  7 09:40:09 email-threat-docker postfix/qmgr[91]: E8F6A97305: from=<notifications@company.com>, size=881, nrcpt=1 (queue active)
Jun  7 09:40:09 email-threat-docker postfix/smtpd[245]: disconnect from scanner.holbertonshcool-cybersecurity-final-proyect_threat-net[172.20.0.4] ehlo=1 mail=1 rcpt=1 data=1 quit=1 commands=5
Jun  7 09:40:09 email-threat-docker postfix/smtp[244]: D7CBF97304: to=<recipient@email-threat-docker.local>, relay=scanner[172.20.0.4]:10025, delay=0.09, delays=0.02/0.01/0.01/0.05, dsn=2.0.0, status=sent (250 Message delivered)
Jun  7 09:40:09 email-threat-docker postfix/qmgr[91]: D7CBF97304: removed
Jun  7 09:40:09 email-threat-docker postfix/local[246]: warning: dict_nis_init: NIS domain name not set - NIS lookups disabled
Jun  7 09:40:09 email-threat-docker postfix/local[246]: E8F6A97305: to=<recipient@email-threat-docker.local>, relay=local, delay=0.03, delays=0.01/0.01/0/0.01, dsn=2.0.0, status=sent (delivered to command: /usr/bin/procmail)
Jun  7 09:40:09 email-threat-docker postfix/qmgr[91]: E8F6A97305: removed
Jun  7 09:40:10 email-threat-docker postfix/smtpd[239]: connect from unknown[172.20.0.1]
Jun  7 09:40:13 email-threat-docker postfix/smtpd[239]: 938CF97304: client=unknown[172.20.0.1]
Jun  7 09:40:13 email-threat-docker postfix/cleanup[243]: 938CF97304: prepend: header Subject: Project Kickoff Meeting from unknown[172.20.0.1]; from=<notifications@company.com> to=<recipient@email-threat-docker.local> proto=ESMTP helo=<[192.168.48.1]>: [Subject: ]
Jun  7 09:40:13 email-threat-docker postfix/cleanup[243]: 938CF97304: message-id=<>
Jun  7 09:40:13 email-threat-docker postfix/qmgr[91]: 938CF97304: from=<notifications@company.com>, size=639, nrcpt=1 (queue active)
Jun  7 09:40:13 email-threat-docker postfix/smtpd[239]: disconnect from unknown[172.20.0.1] ehlo=1 mail=1 rcpt=1 data=1 quit=1 commands=5
Jun  7 09:40:13 email-threat-docker postfix/smtpd[245]: connect from scanner.holbertonshcool-cybersecurity-final-proyect_threat-net[172.20.0.4]
Jun  7 09:40:13 email-threat-docker postfix/smtpd[245]: 9D41097305: client=scanner.holbertonshcool-cybersecurity-final-proyect_threat-net[172.20.0.4]
Jun  7 09:40:13 email-threat-docker postfix/cleanup[243]: 9D41097305: message-id=<>
Jun  7 09:40:13 email-threat-docker postfix/qmgr[91]: 9D41097305: from=<notifications@company.com>, size=895, nrcpt=1 (queue active)
Jun  7 09:40:13 email-threat-docker postfix/smtpd[245]: disconnect from scanner.holbertonshcool-cybersecurity-final-proyect_threat-net[172.20.0.4] ehlo=1 mail=1 rcpt=1 data=1 quit=1 commands=5
Jun  7 09:40:13 email-threat-docker postfix/smtp[244]: 938CF97304: to=<recipient@email-threat-docker.local>, relay=scanner[172.20.0.4]:10025, delay=0.05, delays=0.01/0/0.01/0.03, dsn=2.0.0, status=sent (250 Message delivered)
Jun  7 09:40:13 email-threat-docker postfix/qmgr[91]: 938CF97304: removed
Jun  7 09:40:13 email-threat-docker postfix/local[246]: 9D41097305: to=<recipient@email-threat-docker.local>, relay=local, delay=0.02, delays=0.01/0/0/0.01, dsn=2.0.0, status=sent (delivered to command: /usr/bin/procmail)
Jun  7 09:40:13 email-threat-docker postfix/qmgr[91]: 9D41097305: removed
Jun  7 09:40:13 email-threat-docker postfix/smtpd[239]: connect from unknown[172.20.0.1]
Jun  7 09:40:14 email-threat-docker postfix/smtpd[239]: 9280897304: client=unknown[172.20.0.1]
Jun  7 09:40:14 email-threat-docker postfix/cleanup[243]: 9280897304: prepend: header Subject: Scheduled Maintenance Tonight from unknown[172.20.0.1]; from=<notifications@company.com> to=<recipient@email-threat-docker.local> proto=ESMTP helo=<[192.168.48.1]>: [Subject: ]
Jun  7 09:40:14 email-threat-docker postfix/cleanup[243]: 9280897304: message-id=<>
Jun  7 09:40:14 email-threat-docker postfix/qmgr[91]: 9280897304: from=<notifications@company.com>, size=640, nrcpt=1 (queue active)
Jun  7 09:40:14 email-threat-docker postfix/smtpd[239]: disconnect from unknown[172.20.0.1] ehlo=1 mail=1 rcpt=1 data=1 quit=1 commands=5
Jun  7 09:40:14 email-threat-docker postfix/smtpd[245]: connect from scanner.holbertonshcool-cybersecurity-final-proyect_threat-net[172.20.0.4]
Jun  7 09:40:14 email-threat-docker postfix/smtpd[245]: B47BA97305: client=scanner.holbertonshcool-cybersecurity-final-proyect_threat-net[172.20.0.4]
Jun  7 09:40:14 email-threat-docker postfix/cleanup[243]: B47BA97305: message-id=<>
Jun  7 09:40:14 email-threat-docker postfix/qmgr[91]: B47BA97305: from=<notifications@company.com>, size=896, nrcpt=1 (queue active)
Jun  7 09:40:14 email-threat-docker postfix/smtpd[245]: disconnect from scanner.holbertonshcool-cybersecurity-final-proyect_threat-net[172.20.0.4] ehlo=1 mail=1 rcpt=1 data=1 quit=1 commands=5
Jun  7 09:40:14 email-threat-docker postfix/smtp[244]: 9280897304: to=<recipient@email-threat-docker.local>, relay=scanner[172.20.0.4]:10025, delay=0.16, delays=0.11/0/0.01/0.04, dsn=2.0.0, status=sent (250 Message delivered)
Jun  7 09:40:14 email-threat-docker postfix/qmgr[91]: 9280897304: removed
Jun  7 09:40:14 email-threat-docker postfix/local[246]: B47BA97305: to=<recipient@email-threat-docker.local>, relay=local, delay=0.02, delays=0.01/0/0/0.01, dsn=2.0.0, status=sent (delivered to command: /usr/bin/procmail)
Jun  7 09:40:14 email-threat-docker postfix/qmgr[91]: B47BA97305: removed
Jun  7 09:40:14 email-threat-docker postfix/smtpd[239]: connect from unknown[172.20.0.1]
Jun  7 09:40:15 email-threat-docker postfix/smtpd[239]: A81A097304: client=unknown[172.20.0.1]
Jun  7 09:40:15 email-threat-docker postfix/cleanup[243]: A81A097304: prepend: header Subject: Your Subscription Renewal Confirmation from unknown[172.20.0.1]; from=<security@onlinebank.com> to=<recipient@email-threat-docker.local> proto=ESMTP helo=<[192.168.48.1]>: [Subject: ]
Jun  7 09:40:15 email-threat-docker postfix/cleanup[243]: A81A097304: message-id=<>
Jun  7 09:40:15 email-threat-docker postfix/qmgr[91]: A81A097304: from=<security@onlinebank.com>, size=603, nrcpt=1 (queue active)
Jun  7 09:40:15 email-threat-docker postfix/smtpd[239]: disconnect from unknown[172.20.0.1] ehlo=1 mail=1 rcpt=1 data=1 quit=1 commands=5
Jun  7 09:40:15 email-threat-docker postfix/smtpd[245]: connect from scanner.holbertonshcool-cybersecurity-final-proyect_threat-net[172.20.0.4]
Jun  7 09:40:15 email-threat-docker postfix/smtpd[245]: AF3BD97305: client=scanner.holbertonshcool-cybersecurity-final-proyect_threat-net[172.20.0.4]
Jun  7 09:40:15 email-threat-docker postfix/cleanup[243]: AF3BD97305: message-id=<>
Jun  7 09:40:15 email-threat-docker postfix/qmgr[91]: AF3BD97305: from=<security@onlinebank.com>, size=859, nrcpt=1 (queue active)
Jun  7 09:40:15 email-threat-docker postfix/smtpd[245]: disconnect from scanner.holbertonshcool-cybersecurity-final-proyect_threat-net[172.20.0.4] ehlo=1 mail=1 rcpt=1 data=1 quit=1 commands=5
Jun  7 09:40:15 email-threat-docker postfix/smtp[244]: A81A097304: to=<recipient@email-threat-docker.local>, relay=scanner[172.20.0.4]:10025, delay=0.04, delays=0.01/0/0.01/0.02, dsn=2.0.0, status=sent (250 Message delivered)
Jun  7 09:40:15 email-threat-docker postfix/qmgr[91]: A81A097304: removed
Jun  7 09:40:15 email-threat-docker postfix/local[246]: AF3BD97305: to=<recipient@email-threat-docker.local>, relay=local, delay=0.02, delays=0.01/0/0/0.01, dsn=2.0.0, status=sent (delivered to command: /usr/bin/procmail)
Jun  7 09:40:15 email-threat-docker postfix/qmgr[91]: AF3BD97305: removed
Jun  7 09:40:15 email-threat-docker postfix/smtpd[239]: connect from unknown[172.20.0.1]
Jun  7 09:40:16 email-threat-docker postfix/smtpd[239]: A50AF97304: client=unknown[172.20.0.1]
Jun  7 09:40:16 email-threat-docker postfix/cleanup[243]: A50AF97304: prepend: header Subject: Join Us for the Charity Run! from unknown[172.20.0.1]; from=<support@apple.com> to=<recipient@email-threat-docker.local> proto=ESMTP helo=<[192.168.48.1]>: [Subject: ]
Jun  7 09:40:16 email-threat-docker postfix/cleanup[243]: A50AF97304: message-id=<>
Jun  7 09:40:16 email-threat-docker postfix/qmgr[91]: A50AF97304: from=<support@apple.com>, size=640, nrcpt=1 (queue active)
Jun  7 09:40:16 email-threat-docker postfix/smtpd[239]: disconnect from unknown[172.20.0.1] ehlo=1 mail=1 rcpt=1 data=1 quit=1 commands=5
Jun  7 09:40:16 email-threat-docker postfix/smtpd[245]: connect from scanner.holbertonshcool-cybersecurity-final-proyect_threat-net[172.20.0.4]
Jun  7 09:40:16 email-threat-docker postfix/smtpd[245]: AD96897305: client=scanner.holbertonshcool-cybersecurity-final-proyect_threat-net[172.20.0.4]
Jun  7 09:40:16 email-threat-docker postfix/cleanup[243]: AD96897305: message-id=<>
Jun  7 09:40:16 email-threat-docker postfix/qmgr[91]: AD96897305: from=<support@apple.com>, size=896, nrcpt=1 (queue active)
Jun  7 09:40:16 email-threat-docker postfix/smtpd[245]: disconnect from scanner.holbertonshcool-cybersecurity-final-proyect_threat-net[172.20.0.4] ehlo=1 mail=1 rcpt=1 data=1 quit=1 commands=5
Jun  7 09:40:16 email-threat-docker postfix/smtp[244]: A50AF97304: to=<recipient@email-threat-docker.local>, relay=scanner[172.20.0.4]:10025, delay=0.05, delays=0.01/0/0.01/0.03, dsn=2.0.0, status=sent (250 Message delivered)
Jun  7 09:40:16 email-threat-docker postfix/qmgr[91]: A50AF97304: removed
Jun  7 09:40:16 email-threat-docker postfix/local[246]: AD96897305: to=<recipient@email-threat-docker.local>, relay=local, delay=0.02, delays=0.01/0/0/0.01, dsn=2.0.0, status=sent (delivered to command: /usr/bin/procmail)
Jun  7 09:40:16 email-threat-docker postfix/qmgr[91]: AD96897305: removed
Jun  7 09:40:16 email-threat-docker postfix/smtpd[239]: connect from unknown[172.20.0.1]
Jun  7 09:40:17 email-threat-docker postfix/smtpd[239]: A394297304: client=unknown[172.20.0.1]
Jun  7 09:40:17 email-threat-docker postfix/cleanup[243]: A394297304: prepend: header Subject: Password Change Successful from unknown[172.20.0.1]; from=<events@company.com> to=<recipient@email-threat-docker.local> proto=ESMTP helo=<[192.168.48.1]>: [Subject: ]
Jun  7 09:40:17 email-threat-docker postfix/cleanup[243]: A394297304: message-id=<>
Jun  7 09:40:17 email-threat-docker postfix/qmgr[91]: A394297304: from=<events@company.com>, size=629, nrcpt=1 (queue active)
Jun  7 09:40:17 email-threat-docker postfix/smtpd[239]: disconnect from unknown[172.20.0.1] ehlo=1 mail=1 rcpt=1 data=1 quit=1 commands=5
Jun  7 09:40:17 email-threat-docker postfix/smtpd[245]: connect from scanner.holbertonshcool-cybersecurity-final-proyect_threat-net[172.20.0.4]
Jun  7 09:40:17 email-threat-docker postfix/smtpd[245]: AAA5D97305: client=scanner.holbertonshcool-cybersecurity-final-proyect_threat-net[172.20.0.4]
Jun  7 09:40:17 email-threat-docker postfix/cleanup[243]: AAA5D97305: message-id=<>
Jun  7 09:40:17 email-threat-docker postfix/qmgr[91]: AAA5D97305: from=<events@company.com>, size=885, nrcpt=1 (queue active)
Jun  7 09:40:17 email-threat-docker postfix/smtpd[245]: disconnect from scanner.holbertonshcool-cybersecurity-final-proyect_threat-net[172.20.0.4] ehlo=1 mail=1 rcpt=1 data=1 quit=1 commands=5
Jun  7 09:40:17 email-threat-docker postfix/smtp[244]: A394297304: to=<recipient@email-threat-docker.local>, relay=scanner[172.20.0.4]:10025, delay=0.04, delays=0.01/0/0.01/0.02, dsn=2.0.0, status=sent (250 Message delivered)
Jun  7 09:40:17 email-threat-docker postfix/qmgr[91]: A394297304: removed
Jun  7 09:40:17 email-threat-docker postfix/local[246]: AAA5D97305: to=<recipient@email-threat-docker.local>, relay=local, delay=0.02, delays=0.01/0/0/0.01, dsn=2.0.0, status=sent (delivered to command: /usr/bin/procmail)
Jun  7 09:40:17 email-threat-docker postfix/qmgr[91]: AAA5D97305: removed
Jun  7 09:40:17 email-threat-docker postfix/smtpd[239]: connect from unknown[172.20.0.1]
Jun  7 09:40:18 email-threat-docker postfix/smtpd[239]: A1D6C97304: client=unknown[172.20.0.1]
Jun  7 09:40:18 email-threat-docker postfix/cleanup[243]: A1D6C97304: prepend: header Subject: Feature X Deployment from unknown[172.20.0.1]; from=<teamlead@company.com> to=<recipient@email-threat-docker.local> proto=ESMTP helo=<[192.168.48.1]>: [Subject: ]
Jun  7 09:40:18 email-threat-docker postfix/cleanup[243]: A1D6C97304: message-id=<>
Jun  7 09:40:18 email-threat-docker postfix/qmgr[91]: A1D6C97304: from=<teamlead@company.com>, size=619, nrcpt=1 (queue active)
Jun  7 09:40:18 email-threat-docker postfix/smtpd[239]: disconnect from unknown[172.20.0.1] ehlo=1 mail=1 rcpt=1 data=1 quit=1 commands=5
Jun  7 09:40:18 email-threat-docker postfix/smtpd[245]: connect from scanner.holbertonshcool-cybersecurity-final-proyect_threat-net[172.20.0.4]
Jun  7 09:40:18 email-threat-docker postfix/smtpd[245]: AB7BF97305: client=scanner.holbertonshcool-cybersecurity-final-proyect_threat-net[172.20.0.4]
Jun  7 09:40:18 email-threat-docker postfix/cleanup[243]: AB7BF97305: message-id=<>
Jun  7 09:40:18 email-threat-docker postfix/qmgr[91]: AB7BF97305: from=<teamlead@company.com>, size=875, nrcpt=1 (queue active)
Jun  7 09:40:18 email-threat-docker postfix/smtpd[245]: disconnect from scanner.holbertonshcool-cybersecurity-final-proyect_threat-net[172.20.0.4] ehlo=1 mail=1 rcpt=1 data=1 quit=1 commands=5
Jun  7 09:40:18 email-threat-docker postfix/smtp[244]: A1D6C97304: to=<recipient@email-threat-docker.local>, relay=scanner[172.20.0.4]:10025, delay=0.06, delays=0.02/0/0.01/0.03, dsn=2.0.0, status=sent (250 Message delivered)
Jun  7 09:40:18 email-threat-docker postfix/qmgr[91]: A1D6C97304: removed
Jun  7 09:40:18 email-threat-docker postfix/local[246]: AB7BF97305: to=<recipient@email-threat-docker.local>, relay=local, delay=0.02, delays=0.01/0/0/0.01, dsn=2.0.0, status=sent (delivered to command: /usr/bin/procmail)
Jun  7 09:40:18 email-threat-docker postfix/qmgr[91]: AB7BF97305: removed
Jun  7 09:40:18 email-threat-docker postfix/smtpd[239]: connect from unknown[172.20.0.1]
Jun  7 09:40:19 email-threat-docker postfix/smtpd[239]: AF8A597304: client=unknown[172.20.0.1]
Jun  7 09:40:19 email-threat-docker postfix/cleanup[243]: AF8A597304: prepend: header Subject: Town Hall Meeting Next Week from unknown[172.20.0.1]; from=<noreply@itdept.company.com> to=<recipient@email-threat-docker.local> proto=ESMTP helo=<[192.168.48.1]>: [Subject: ]
Jun  7 09:40:19 email-threat-docker postfix/cleanup[243]: AF8A597304: message-id=<>
Jun  7 09:40:19 email-threat-docker postfix/qmgr[91]: AF8A597304: from=<noreply@itdept.company.com>, size=646, nrcpt=1 (queue active)
Jun  7 09:40:19 email-threat-docker postfix/smtpd[239]: disconnect from unknown[172.20.0.1] ehlo=1 mail=1 rcpt=1 data=1 quit=1 commands=5
Jun  7 09:40:19 email-threat-docker postfix/smtpd[245]: connect from scanner.holbertonshcool-cybersecurity-final-proyect_threat-net[172.20.0.4]
Jun  7 09:40:19 email-threat-docker postfix/smtpd[245]: BE01197305: client=scanner.holbertonshcool-cybersecurity-final-proyect_threat-net[172.20.0.4]
Jun  7 09:40:19 email-threat-docker postfix/cleanup[243]: BE01197305: message-id=<>
Jun  7 09:40:19 email-threat-docker postfix/qmgr[91]: BE01197305: from=<noreply@itdept.company.com>, size=902, nrcpt=1 (queue active)
Jun  7 09:40:19 email-threat-docker postfix/smtpd[245]: disconnect from scanner.holbertonshcool-cybersecurity-final-proyect_threat-net[172.20.0.4] ehlo=1 mail=1 rcpt=1 data=1 quit=1 commands=5
Jun  7 09:40:19 email-threat-docker postfix/smtp[244]: AF8A597304: to=<recipient@email-threat-docker.local>, relay=scanner[172.20.0.4]:10025, delay=0.08, delays=0.03/0/0.01/0.04, dsn=2.0.0, status=sent (250 Message delivered)
Jun  7 09:40:19 email-threat-docker postfix/qmgr[91]: AF8A597304: removed
Jun  7 09:40:19 email-threat-docker postfix/local[246]: BE01197305: to=<recipient@email-threat-docker.local>, relay=local, delay=0.02, delays=0.01/0/0/0.01, dsn=2.0.0, status=sent (delivered to command: /usr/bin/procmail)
Jun  7 09:40:19 email-threat-docker postfix/qmgr[91]: BE01197305: removed
Jun  7 09:40:19 email-threat-docker postfix/smtpd[239]: connect from unknown[172.20.0.1]
Jun  7 09:40:20 email-threat-docker postfix/smtpd[239]: B32CF97304: client=unknown[172.20.0.1]
Jun  7 09:40:20 email-threat-docker postfix/cleanup[243]: B32CF97304: prepend: header Subject: Team Lunch from unknown[172.20.0.1]; from=<security@service.com> to=<recipient@email-threat-docker.local> proto=ESMTP helo=<[192.168.48.1]>: [Subject: ]
Jun  7 09:40:20 email-threat-docker postfix/cleanup[243]: B32CF97304: message-id=<>
Jun  7 09:40:20 email-threat-docker postfix/qmgr[91]: B32CF97304: from=<security@service.com>, size=434, nrcpt=1 (queue active)
Jun  7 09:40:20 email-threat-docker postfix/smtpd[239]: disconnect from unknown[172.20.0.1] ehlo=1 mail=1 rcpt=1 data=1 quit=1 commands=5
Jun  7 09:40:20 email-threat-docker postfix/smtpd[245]: connect from scanner.holbertonshcool-cybersecurity-final-proyect_threat-net[172.20.0.4]
Jun  7 09:40:20 email-threat-docker postfix/smtpd[245]: BB01297305: client=scanner.holbertonshcool-cybersecurity-final-proyect_threat-net[172.20.0.4]
Jun  7 09:40:20 email-threat-docker postfix/cleanup[243]: BB01297305: message-id=<>
Jun  7 09:40:20 email-threat-docker postfix/qmgr[91]: BB01297305: from=<security@service.com>, size=690, nrcpt=1 (queue active)
Jun  7 09:40:20 email-threat-docker postfix/smtpd[245]: disconnect from scanner.holbertonshcool-cybersecurity-final-proyect_threat-net[172.20.0.4] ehlo=1 mail=1 rcpt=1 data=1 quit=1 commands=5
Jun  7 09:40:20 email-threat-docker postfix/smtp[244]: B32CF97304: to=<recipient@email-threat-docker.local>, relay=scanner[172.20.0.4]:10025, delay=0.05, delays=0.01/0/0.01/0.03, dsn=2.0.0, status=sent (250 Message delivered)
Jun  7 09:40:20 email-threat-docker postfix/qmgr[91]: B32CF97304: removed
Jun  7 09:40:20 email-threat-docker postfix/local[246]: BB01297305: to=<recipient@email-threat-docker.local>, relay=local, delay=0.02, delays=0.01/0/0/0.01, dsn=2.0.0, status=sent (delivered to command: /usr/bin/procmail)
Jun  7 09:40:20 email-threat-docker postfix/qmgr[91]: BB01297305: removed
Jun  7 09:40:20 email-threat-docker postfix/smtpd[239]: connect from unknown[172.20.0.1]
Jun  7 09:40:21 email-threat-docker postfix/smtpd[239]: AF9A997304: client=unknown[172.20.0.1]
Jun  7 09:40:21 email-threat-docker postfix/cleanup[243]: AF9A997304: prepend: header Subject: Project Update from unknown[172.20.0.1]; from=<events@company.com> to=<recipient@email-threat-docker.local> proto=ESMTP helo=<[192.168.48.1]>: [Subject: ]
Jun  7 09:40:21 email-threat-docker postfix/cleanup[243]: AF9A997304: message-id=<>
Jun  7 09:40:21 email-threat-docker postfix/qmgr[91]: AF9A997304: from=<events@company.com>, size=837, nrcpt=1 (queue active)
Jun  7 09:40:21 email-threat-docker postfix/smtpd[239]: disconnect from unknown[172.20.0.1] ehlo=1 mail=1 rcpt=1 data=1 quit=1 commands=5
Jun  7 09:40:21 email-threat-docker postfix/smtpd[245]: connect from scanner.holbertonshcool-cybersecurity-final-proyect_threat-net[172.20.0.4]
Jun  7 09:40:21 email-threat-docker postfix/smtpd[245]: B863E97305: client=scanner.holbertonshcool-cybersecurity-final-proyect_threat-net[172.20.0.4]
Jun  7 09:40:21 email-threat-docker postfix/cleanup[243]: B863E97305: message-id=<>
Jun  7 09:40:21 email-threat-docker postfix/qmgr[91]: B863E97305: from=<events@company.com>, size=1093, nrcpt=1 (queue active)
Jun  7 09:40:21 email-threat-docker postfix/smtpd[245]: disconnect from scanner.holbertonshcool-cybersecurity-final-proyect_threat-net[172.20.0.4] ehlo=1 mail=1 rcpt=1 data=1 quit=1 commands=5
Jun  7 09:40:21 email-threat-docker postfix/smtp[244]: AF9A997304: to=<recipient@email-threat-docker.local>, relay=scanner[172.20.0.4]:10025, delay=0.05, delays=0.01/0/0.01/0.03, dsn=2.0.0, status=sent (250 Message delivered)
Jun  7 09:40:21 email-threat-docker postfix/qmgr[91]: AF9A997304: removed
Jun  7 09:40:21 email-threat-docker postfix/local[246]: B863E97305: to=<recipient@email-threat-docker.local>, relay=local, delay=0.02, delays=0.01/0/0/0.01, dsn=2.0.0, status=sent (delivered to command: /usr/bin/procmail)
Jun  7 09:40:21 email-threat-docker postfix/qmgr[91]: B863E97305: removed
Jun  7 09:40:21 email-threat-docker postfix/smtpd[239]: connect from unknown[172.20.0.1]
Jun  7 09:40:22 email-threat-docker postfix/smtpd[239]: B73DB97304: client=unknown[172.20.0.1]
Jun  7 09:40:22 email-threat-docker postfix/cleanup[243]: B73DB97304: prepend: header Subject: Meeting Reminder from unknown[172.20.0.1]; from=<support@onlineservice.com> to=<recipient@email-threat-docker.local> proto=ESMTP helo=<[192.168.48.1]>: [Subject: ]
Jun  7 09:40:22 email-threat-docker postfix/cleanup[243]: B73DB97304: message-id=<>
Jun  7 09:40:22 email-threat-docker postfix/qmgr[91]: B73DB97304: from=<support@onlineservice.com>, size=445, nrcpt=1 (queue active)
Jun  7 09:40:22 email-threat-docker postfix/smtpd[239]: disconnect from unknown[172.20.0.1] ehlo=1 mail=1 rcpt=1 data=1 quit=1 commands=5
Jun  7 09:40:22 email-threat-docker postfix/smtpd[245]: connect from scanner.holbertonshcool-cybersecurity-final-proyect_threat-net[172.20.0.4]
Jun  7 09:40:22 email-threat-docker postfix/smtpd[245]: C16EB97305: client=scanner.holbertonshcool-cybersecurity-final-proyect_threat-net[172.20.0.4]
Jun  7 09:40:22 email-threat-docker postfix/cleanup[243]: C16EB97305: message-id=<>
Jun  7 09:40:22 email-threat-docker postfix/qmgr[91]: C16EB97305: from=<support@onlineservice.com>, size=701, nrcpt=1 (queue active)
Jun  7 09:40:22 email-threat-docker postfix/smtpd[245]: disconnect from scanner.holbertonshcool-cybersecurity-final-proyect_threat-net[172.20.0.4] ehlo=1 mail=1 rcpt=1 data=1 quit=1 commands=5
Jun  7 09:40:22 email-threat-docker postfix/smtp[244]: B73DB97304: to=<recipient@email-threat-docker.local>, relay=scanner[172.20.0.4]:10025, delay=0.06, delays=0.01/0/0.01/0.04, dsn=2.0.0, status=sent (250 Message delivered)
Jun  7 09:40:22 email-threat-docker postfix/qmgr[91]: B73DB97304: removed
Jun  7 09:40:22 email-threat-docker postfix/local[246]: C16EB97305: to=<recipient@email-threat-docker.local>, relay=local, delay=0.02, delays=0.01/0/0/0.01, dsn=2.0.0, status=sent (delivered to command: /usr/bin/procmail)
Jun  7 09:40:22 email-threat-docker postfix/qmgr[91]: C16EB97305: removed
Jun  7 09:40:22 email-threat-docker postfix/smtpd[239]: connect from unknown[172.20.0.1]
Jun  7 09:40:23 email-threat-docker postfix/smtpd[239]: B39F197304: client=unknown[172.20.0.1]
Jun  7 09:40:23 email-threat-docker postfix/cleanup[243]: B39F197304: prepend: header Subject: Network Maintenance from unknown[172.20.0.1]; from=<devteam@company.com> to=<recipient@email-threat-docker.local> proto=ESMTP helo=<[192.168.48.1]>: [Subject: ]
Jun  7 09:40:23 email-threat-docker postfix/cleanup[243]: B39F197304: message-id=<>
Jun  7 09:40:23 email-threat-docker postfix/qmgr[91]: B39F197304: from=<devteam@company.com>, size=448, nrcpt=1 (queue active)
Jun  7 09:40:23 email-threat-docker postfix/smtpd[239]: disconnect from unknown[172.20.0.1] ehlo=1 mail=1 rcpt=1 data=1 quit=1 commands=5
Jun  7 09:40:23 email-threat-docker postfix/smtpd[245]: connect from scanner.holbertonshcool-cybersecurity-final-proyect_threat-net[172.20.0.4]
Jun  7 09:40:23 email-threat-docker postfix/smtpd[245]: BB9C197305: client=scanner.holbertonshcool-cybersecurity-final-proyect_threat-net[172.20.0.4]
Jun  7 09:40:23 email-threat-docker postfix/cleanup[243]: BB9C197305: message-id=<>
Jun  7 09:40:23 email-threat-docker postfix/qmgr[91]: BB9C197305: from=<devteam@company.com>, size=704, nrcpt=1 (queue active)
Jun  7 09:40:23 email-threat-docker postfix/smtpd[245]: disconnect from scanner.holbertonshcool-cybersecurity-final-proyect_threat-net[172.20.0.4] ehlo=1 mail=1 rcpt=1 data=1 quit=1 commands=5
Jun  7 09:40:23 email-threat-docker postfix/smtp[244]: B39F197304: to=<recipient@email-threat-docker.local>, relay=scanner[172.20.0.4]:10025, delay=0.05, delays=0.01/0/0.01/0.03, dsn=2.0.0, status=sent (250 Message delivered)
Jun  7 09:40:23 email-threat-docker postfix/qmgr[91]: B39F197304: removed
Jun  7 09:40:23 email-threat-docker postfix/local[246]: BB9C197305: to=<recipient@email-threat-docker.local>, relay=local, delay=0.02, delays=0.01/0/0/0.01, dsn=2.0.0, status=sent (delivered to command: /usr/bin/procmail)
Jun  7 09:40:23 email-threat-docker postfix/qmgr[91]: BB9C197305: removed
Jun  7 09:40:23 email-threat-docker postfix/smtpd[239]: connect from unknown[172.20.0.1]
Jun  7 09:40:24 email-threat-docker postfix/smtpd[239]: B2F7797304: client=unknown[172.20.0.1]
Jun  7 09:40:24 email-threat-docker postfix/cleanup[243]: B2F7797304: prepend: header Subject: New Policy Document from unknown[172.20.0.1]; from=<deals@newsletter.com> to=<recipient@email-threat-docker.local> proto=ESMTP helo=<[192.168.48.1]>: [Subject: ]
Jun  7 09:40:24 email-threat-docker postfix/cleanup[243]: B2F7797304: message-id=<>
Jun  7 09:40:24 email-threat-docker postfix/qmgr[91]: B2F7797304: from=<deals@newsletter.com>, size=846, nrcpt=1 (queue active)
Jun  7 09:40:24 email-threat-docker postfix/smtpd[239]: disconnect from unknown[172.20.0.1] ehlo=1 mail=1 rcpt=1 data=1 quit=1 commands=5
Jun  7 09:40:24 email-threat-docker postfix/smtpd[245]: connect from scanner.holbertonshcool-cybersecurity-final-proyect_threat-net[172.20.0.4]
Jun  7 09:40:24 email-threat-docker postfix/smtpd[245]: BD66D97305: client=scanner.holbertonshcool-cybersecurity-final-proyect_threat-net[172.20.0.4]
Jun  7 09:40:24 email-threat-docker postfix/cleanup[243]: BD66D97305: message-id=<>
Jun  7 09:40:24 email-threat-docker postfix/qmgr[91]: BD66D97305: from=<deals@newsletter.com>, size=1102, nrcpt=1 (queue active)
Jun  7 09:40:24 email-threat-docker postfix/smtpd[245]: disconnect from scanner.holbertonshcool-cybersecurity-final-proyect_threat-net[172.20.0.4] ehlo=1 mail=1 rcpt=1 data=1 quit=1 commands=5
Jun  7 09:40:24 email-threat-docker postfix/smtp[244]: B2F7797304: to=<recipient@email-threat-docker.local>, relay=scanner[172.20.0.4]:10025, delay=0.06, delays=0.01/0/0.01/0.04, dsn=2.0.0, status=sent (250 Message delivered)
Jun  7 09:40:24 email-threat-docker postfix/qmgr[91]: B2F7797304: removed
Jun  7 09:40:24 email-threat-docker postfix/local[246]: BD66D97305: to=<recipient@email-threat-docker.local>, relay=local, delay=0.02, delays=0.01/0/0/0.01, dsn=2.0.0, status=sent (delivered to command: /usr/bin/procmail)
Jun  7 09:40:24 email-threat-docker postfix/qmgr[91]: BD66D97305: removed
Jun  7 09:40:24 email-threat-docker postfix/smtpd[239]: connect from unknown[172.20.0.1]
Jun  7 09:40:25 email-threat-docker postfix/smtpd[239]: AFBC097304: client=unknown[172.20.0.1]
Jun  7 09:40:25 email-threat-docker postfix/cleanup[243]: AFBC097304: prepend: header Subject: Welcome New Hire from unknown[172.20.0.1]; from=<notifications@company.com> to=<recipient@email-threat-docker.local> proto=ESMTP helo=<[192.168.48.1]>: [Subject: ]
Jun  7 09:40:25 email-threat-docker postfix/cleanup[243]: AFBC097304: message-id=<>
Jun  7 09:40:25 email-threat-docker postfix/qmgr[91]: AFBC097304: from=<notifications@company.com>, size=449, nrcpt=1 (queue active)
Jun  7 09:40:25 email-threat-docker postfix/smtpd[239]: disconnect from unknown[172.20.0.1] ehlo=1 mail=1 rcpt=1 data=1 quit=1 commands=5
Jun  7 09:40:25 email-threat-docker postfix/smtpd[245]: connect from scanner.holbertonshcool-cybersecurity-final-proyect_threat-net[172.20.0.4]
Jun  7 09:40:25 email-threat-docker postfix/smtpd[245]: BB50B97305: client=scanner.holbertonshcool-cybersecurity-final-proyect_threat-net[172.20.0.4]
Jun  7 09:40:25 email-threat-docker postfix/cleanup[243]: BB50B97305: message-id=<>
Jun  7 09:40:25 email-threat-docker postfix/qmgr[91]: BB50B97305: from=<notifications@company.com>, size=705, nrcpt=1 (queue active)
Jun  7 09:40:25 email-threat-docker postfix/smtpd[245]: disconnect from scanner.holbertonshcool-cybersecurity-final-proyect_threat-net[172.20.0.4] ehlo=1 mail=1 rcpt=1 data=1 quit=1 commands=5
Jun  7 09:40:25 email-threat-docker postfix/smtp[244]: AFBC097304: to=<recipient@email-threat-docker.local>, relay=scanner[172.20.0.4]:10025, delay=0.06, delays=0.01/0/0.01/0.04, dsn=2.0.0, status=sent (250 Message delivered)
Jun  7 09:40:25 email-threat-docker postfix/qmgr[91]: AFBC097304: removed
Jun  7 09:40:25 email-threat-docker postfix/local[246]: BB50B97305: to=<recipient@email-threat-docker.local>, relay=local, delay=0.02, delays=0.01/0/0/0.01, dsn=2.0.0, status=sent (delivered to command: /usr/bin/procmail)
Jun  7 09:40:25 email-threat-docker postfix/qmgr[91]: BB50B97305: removed
Jun  7 09:40:25 email-threat-docker postfix/smtpd[239]: connect from unknown[172.20.0.1]
Jun  7 09:40:26 email-threat-docker postfix/smtpd[239]: AD29B97304: client=unknown[172.20.0.1]
Jun  7 09:40:26 email-threat-docker postfix/cleanup[243]: AD29B97304: prepend: header Subject: Office Closure from unknown[172.20.0.1]; from=<hr@company.com> to=<recipient@email-threat-docker.local> proto=ESMTP helo=<[192.168.48.1]>: [Subject: ]
Jun  7 09:40:26 email-threat-docker postfix/cleanup[243]: AD29B97304: message-id=<>
Jun  7 09:40:26 email-threat-docker postfix/qmgr[91]: AD29B97304: from=<hr@company.com>, size=437, nrcpt=1 (queue active)
Jun  7 09:40:26 email-threat-docker postfix/smtpd[239]: disconnect from unknown[172.20.0.1] ehlo=1 mail=1 rcpt=1 data=1 quit=1 commands=5
Jun  7 09:40:26 email-threat-docker postfix/smtpd[245]: connect from scanner.holbertonshcool-cybersecurity-final-proyect_threat-net[172.20.0.4]
Jun  7 09:40:26 email-threat-docker postfix/smtpd[245]: B4CFE97305: client=scanner.holbertonshcool-cybersecurity-final-proyect_threat-net[172.20.0.4]
Jun  7 09:40:26 email-threat-docker postfix/cleanup[243]: B4CFE97305: message-id=<>
