May 29 15:46:58 email-threat-docker postfix/smtpd[413]: connect from scanner.holbertonshcool-cybersecurity-final-proyect_threat-net[172.20.0.3]
May 29 15:46:58 email-threat-docker postfix/smtpd[413]: 3CEE099C55: client=scanner.holbertonshcool-cybersecurity-final-proyect_threat-net[172.20.0.3]
May 29 15:46:58 email-threat-docker postfix/cleanup[411]: 3CEE099C55: message-id=<>
May 29 15:46:58 email-threat-docker postfix/smtpd[413]: disconnect from scanner.holbertonshcool-cybersecurity-final-proyect_threat-net[172.20.0.3] ehlo=1 mail=1 rcpt=1 data=1 quit=1 commands=5
May 29 15:46:58 email-threat-docker postfix/qmgr[99]: 3CEE099C55: from=<info@company.com>, size=695, nrcpt=1 (queue active)
May 29 15:46:58 email-threat-docker postfix/smtp[412]: 2DEAF99C44: to=<recipient@email-threat-docker.local>, relay=scanner[172.20.0.3]:10025, delay=0.08, delays=0.02/0/0.02/0.04, dsn=2.0.0, status=sent (250 Message delivered)
May 29 15:46:58 email-threat-docker postfix/qmgr[99]: 2DEAF99C44: removed
May 29 15:46:58 email-threat-docker postfix/local[414]: 3CEE099C55: to=<recipient@email-threat-docker.local>, relay=local, delay=0.03, delays=0.01/0.01/0/0.01, dsn=2.0.0, status=sent (delivered to command: /usr/bin/procmail)
May 29 15:46:58 email-threat-docker postfix/qmgr[99]: 3CEE099C55: removed
May 29 15:46:58 email-threat-docker postfix/smtpd[407]: connect from unknown[172.20.0.1]
May 29 15:46:59 email-threat-docker postfix/smtpd[407]: 2FE5B99C44: client=unknown[172.20.0.1]
May 29 15:46:59 email-threat-docker postfix/cleanup[411]: 2FE5B99C44: prepend: header Subject: Benefits Update from unknown[172.20.0.1]; from=<noreply@itdept.company.com> to=<recipient@email-threat-docker.local> proto=ESMTP helo=<[192.168.48.1]>: [Subject: ]
May 29 15:46:59 email-threat-docker postfix/cleanup[411]: 2FE5B99C44: message-id=<>
May 29 15:46:59 email-threat-docker postfix/qmgr[99]: 2FE5B99C44: from=<noreply@itdept.company.com>, size=448, nrcpt=1 (queue active)
May 29 15:46:59 email-threat-docker postfix/smtpd[407]: disconnect from unknown[172.20.0.1] ehlo=1 mail=1 rcpt=1 data=1 quit=1 commands=5
May 29 15:46:59 email-threat-docker postfix/smtpd[413]: connect from scanner.holbertonshcool-cybersecurity-final-proyect_threat-net[172.20.0.3]
May 29 15:46:59 email-threat-docker postfix/smtpd[413]: 36EFA99C55: client=scanner.holbertonshcool-cybersecurity-final-proyect_threat-net[172.20.0.3]
May 29 15:46:59 email-threat-docker postfix/cleanup[411]: 36EFA99C55: message-id=<>
May 29 15:46:59 email-threat-docker postfix/qmgr[99]: 36EFA99C55: from=<noreply@itdept.company.com>, size=704, nrcpt=1 (queue active)
May 29 15:46:59 email-threat-docker postfix/smtpd[413]: disconnect from scanner.holbertonshcool-cybersecurity-final-proyect_threat-net[172.20.0.3] ehlo=1 mail=1 rcpt=1 data=1 quit=1 commands=5
May 29 15:46:59 email-threat-docker postfix/smtp[412]: 2FE5B99C44: to=<recipient@email-threat-docker.local>, relay=scanner[172.20.0.3]:10025, delay=0.04, delays=0.01/0/0.01/0.02, dsn=2.0.0, status=sent (250 Message delivered)
May 29 15:46:59 email-threat-docker postfix/qmgr[99]: 2FE5B99C44: removed
May 29 15:46:59 email-threat-docker postfix/local[416]: 36EFA99C55: to=<recipient@email-threat-docker.local>, relay=local, delay=0.02, delays=0.01/0/0/0.01, dsn=2.0.0, status=sent (delivered to command: /usr/bin/procmail)
May 29 15:46:59 email-threat-docker postfix/qmgr[99]: 36EFA99C55: removed
May 29 15:46:59 email-threat-docker postfix/smtpd[407]: connect from unknown[172.20.0.1]
May 29 15:47:00 email-threat-docker postfix/smtpd[407]: 2E1CD99C44: client=unknown[172.20.0.1]
May 29 15:47:00 email-threat-docker postfix/cleanup[411]: 2E1CD99C44: prepend: header Subject: Password Policy Reminder from unknown[172.20.0.1]; from=<notifications@company.com> to=<recipient@email-threat-docker.local> proto=ESMTP helo=<[192.168.48.1]>: [Subject: ]
May 29 15:47:00 email-threat-docker postfix/cleanup[411]: 2E1CD99C44: message-id=<>
May 29 15:47:00 email-threat-docker postfix/qmgr[99]: 2E1CD99C44: from=<notifications@company.com>, size=462, nrcpt=1 (queue active)
May 29 15:47:00 email-threat-docker postfix/smtpd[407]: disconnect from unknown[172.20.0.1] ehlo=1 mail=1 rcpt=1 data=1 quit=1 commands=5
May 29 15:47:00 email-threat-docker postfix/smtpd[413]: connect from scanner.holbertonshcool-cybersecurity-final-proyect_threat-net[172.20.0.3]
May 29 15:47:00 email-threat-docker postfix/smtpd[413]: 34C4B99C52: client=scanner.holbertonshcool-cybersecurity-final-proyect_threat-net[172.20.0.3]
May 29 15:47:00 email-threat-docker postfix/cleanup[411]: 34C4B99C52: message-id=<>
May 29 15:47:00 email-threat-docker postfix/qmgr[99]: 34C4B99C52: from=<notifications@company.com>, size=718, nrcpt=1 (queue active)
May 29 15:47:00 email-threat-docker postfix/smtpd[413]: disconnect from scanner.holbertonshcool-cybersecurity-final-proyect_threat-net[172.20.0.3] ehlo=1 mail=1 rcpt=1 data=1 quit=1 commands=5
May 29 15:47:00 email-threat-docker postfix/smtp[412]: 2E1CD99C44: to=<recipient@email-threat-docker.local>, relay=scanner[172.20.0.3]:10025, delay=0.04, delays=0.01/0/0.01/0.02, dsn=2.0.0, status=sent (250 Message delivered)
May 29 15:47:00 email-threat-docker postfix/qmgr[99]: 2E1CD99C44: removed
May 29 15:47:00 email-threat-docker postfix/local[414]: 34C4B99C52: to=<recipient@email-threat-docker.local>, relay=local, delay=0.02, delays=0.01/0/0/0.01, dsn=2.0.0, status=sent (delivered to command: /usr/bin/procmail)
May 29 15:47:00 email-threat-docker postfix/qmgr[99]: 34C4B99C52: removed
May 29 15:47:00 email-threat-docker postfix/smtpd[407]: connect from unknown[172.20.0.1]
May 29 15:47:01 email-threat-docker postfix/smtpd[407]: 29A1C99C44: client=unknown[172.20.0.1]
May 29 15:47:01 email-threat-docker postfix/cleanup[411]: 29A1C99C44: prepend: header Subject: Conference Registration from unknown[172.20.0.1]; from=<info@company.com> to=<recipient@email-threat-docker.local> proto=ESMTP helo=<[192.168.48.1]>: [Subject: ]
May 29 15:47:01 email-threat-docker postfix/cleanup[411]: 29A1C99C44: message-id=<>
May 29 15:47:01 email-threat-docker postfix/qmgr[99]: 29A1C99C44: from=<info@company.com>, size=447, nrcpt=1 (queue active)
May 29 15:47:01 email-threat-docker postfix/smtpd[407]: disconnect from unknown[172.20.0.1] ehlo=1 mail=1 rcpt=1 data=1 quit=1 commands=5
May 29 15:47:01 email-threat-docker postfix/smtpd[413]: connect from scanner.holbertonshcool-cybersecurity-final-proyect_threat-net[172.20.0.3]
May 29 15:47:01 email-threat-docker postfix/smtpd[413]: 303B099C52: client=scanner.holbertonshcool-cybersecurity-final-proyect_threat-net[172.20.0.3]
May 29 15:47:01 email-threat-docker postfix/cleanup[411]: 303B099C52: message-id=<>
May 29 15:47:01 email-threat-docker postfix/qmgr[99]: 303B099C52: from=<info@company.com>, size=703, nrcpt=1 (queue active)
May 29 15:47:01 email-threat-docker postfix/smtpd[413]: disconnect from scanner.holbertonshcool-cybersecurity-final-proyect_threat-net[172.20.0.3] ehlo=1 mail=1 rcpt=1 data=1 quit=1 commands=5
May 29 15:47:01 email-threat-docker postfix/smtp[412]: 29A1C99C44: to=<recipient@email-threat-docker.local>, relay=scanner[172.20.0.3]:10025, delay=0.04, delays=0.01/0/0.01/0.02, dsn=2.0.0, status=sent (250 Message delivered)
May 29 15:47:01 email-threat-docker postfix/qmgr[99]: 29A1C99C44: removed
May 29 15:47:01 email-threat-docker postfix/local[416]: 303B099C52: to=<recipient@email-threat-docker.local>, relay=local, delay=0.01, delays=0.01/0/0/0.01, dsn=2.0.0, status=sent (delivered to command: /usr/bin/procmail)
May 29 15:47:01 email-threat-docker postfix/qmgr[99]: 303B099C52: removed
May 29 15:47:01 email-threat-docker postfix/smtpd[407]: connect from unknown[172.20.0.1]
May 29 15:47:02 email-threat-docker postfix/smtpd[407]: 2722999C44: client=unknown[172.20.0.1]
May 29 15:47:02 email-threat-docker postfix/cleanup[411]: 2722999C44: prepend: header Subject: Urgent: Invoice Payment Required from unknown[172.20.0.1]; from=<communications@company.com> to=<recipient@email-threat-docker.local> proto=ESMTP helo=<[192.168.48.1]>: [Subject: ]
May 29 15:47:02 email-threat-docker postfix/cleanup[411]: 2722999C44: message-id=<>
May 29 15:47:02 email-threat-docker postfix/qmgr[99]: 2722999C44: from=<communications@company.com>, size=574, nrcpt=1 (queue active)
May 29 15:47:02 email-threat-docker postfix/smtpd[407]: disconnect from unknown[172.20.0.1] ehlo=1 mail=1 rcpt=1 data=1 quit=1 commands=5
May 29 15:47:02 email-threat-docker postfix/smtp[412]: 2722999C44: to=<recipient@email-threat-docker.local>, relay=scanner[172.20.0.3]:10025, delay=0.03, delays=0.01/0/0.01/0.01, dsn=2.0.0, status=sent (250 Message quarantined)
May 29 15:47:02 email-threat-docker postfix/qmgr[99]: 2722999C44: removed
May 29 15:47:02 email-threat-docker postfix/smtpd[407]: connect from unknown[172.20.0.1]
May 29 15:47:03 email-threat-docker postfix/smtpd[407]: 24A9B99C44: client=unknown[172.20.0.1]
May 29 15:47:03 email-threat-docker postfix/cleanup[411]: 24A9B99C44: prepend: header Subject: Hot Deals This Weekend! from unknown[172.20.0.1]; from=<newsletter@store.com> to=<recipient@email-threat-docker.local> proto=ESMTP helo=<[192.168.48.1]>: [Subject: ]
May 29 15:47:03 email-threat-docker postfix/cleanup[411]: 24A9B99C44: message-id=<>
May 29 15:47:03 email-threat-docker postfix/qmgr[99]: 24A9B99C44: from=<newsletter@store.com>, size=541, nrcpt=1 (queue active)
May 29 15:47:03 email-threat-docker postfix/smtpd[407]: disconnect from unknown[172.20.0.1] ehlo=1 mail=1 rcpt=1 data=1 quit=1 commands=5
May 29 15:47:03 email-threat-docker postfix/smtp[412]: 24A9B99C44: to=<recipient@email-threat-docker.local>, relay=scanner[172.20.0.3]:10025, delay=0.03, delays=0.01/0/0.01/0.01, dsn=2.0.0, status=sent (250 Message quarantined)
May 29 15:47:03 email-threat-docker postfix/qmgr[99]: 24A9B99C44: removed
May 29 15:47:03 email-threat-docker postfix/smtpd[407]: connect from unknown[172.20.0.1]
May 29 15:47:04 email-threat-docker postfix/smtpd[407]: 210E199C44: client=unknown[172.20.0.1]
May 29 15:47:04 email-threat-docker postfix/cleanup[411]: 210E199C44: prepend: header Subject: Account Locked from unknown[172.20.0.1]; from=<notifications@company.com> to=<recipient@email-threat-docker.local> proto=ESMTP helo=<[192.168.48.1]>: [Subject: ]
May 29 15:47:04 email-threat-docker postfix/cleanup[411]: 210E199C44: message-id=<>
May 29 15:47:04 email-threat-docker postfix/qmgr[99]: 210E199C44: from=<notifications@company.com>, size=558, nrcpt=1 (queue active)
May 29 15:47:04 email-threat-docker postfix/smtpd[407]: disconnect from unknown[172.20.0.1] ehlo=1 mail=1 rcpt=1 data=1 quit=1 commands=5
May 29 15:47:04 email-threat-docker postfix/smtp[412]: 210E199C44: to=<recipient@email-threat-docker.local>, relay=scanner[172.20.0.3]:10025, delay=0.03, delays=0.01/0/0.01/0.01, dsn=2.0.0, status=sent (250 Message quarantined)
May 29 15:47:04 email-threat-docker postfix/qmgr[99]: 210E199C44: removed
May 29 15:47:04 email-threat-docker postfix/smtpd[407]: connect from unknown[172.20.0.1]
May 29 15:47:05 email-threat-docker postfix/smtpd[407]: 1DE2E99C44: client=unknown[172.20.0.1]
May 29 15:47:05 email-threat-docker postfix/cleanup[411]: 1DE2E99C44: prepend: header Subject: Password Reset Required from unknown[172.20.0.1]; from=<teamlead@company.com> to=<recipient@email-threat-docker.local> proto=ESMTP helo=<[192.168.48.1]>: [Subject: ]
May 29 15:47:05 email-threat-docker postfix/cleanup[411]: 1DE2E99C44: message-id=<>
May 29 15:47:05 email-threat-docker postfix/qmgr[99]: 1DE2E99C44: from=<teamlead@company.com>, size=592, nrcpt=1 (queue active)
May 29 15:47:05 email-threat-docker postfix/smtpd[407]: disconnect from unknown[172.20.0.1] ehlo=1 mail=1 rcpt=1 data=1 quit=1 commands=5
May 29 15:47:05 email-threat-docker postfix/smtp[412]: 1DE2E99C44: to=<recipient@email-threat-docker.local>, relay=scanner[172.20.0.3]:10025, delay=0.03, delays=0.01/0/0.01/0.01, dsn=2.0.0, status=sent (250 Message quarantined)
May 29 15:47:05 email-threat-docker postfix/qmgr[99]: 1DE2E99C44: removed
May 29 15:47:05 email-threat-docker postfix/smtpd[407]: connect from unknown[172.20.0.1]
May 29 15:47:06 email-threat-docker postfix/smtpd[407]: 1AFFC99C44: client=unknown[172.20.0.1]
May 29 15:47:06 email-threat-docker postfix/cleanup[411]: 1AFFC99C44: prepend: header Subject: Important Document from unknown[172.20.0.1]; from=<support@service.com> to=<recipient@email-threat-docker.local> proto=ESMTP helo=<[192.168.48.1]>: [Subject: ]
May 29 15:47:06 email-threat-docker postfix/cleanup[411]: 1AFFC99C44: message-id=<>
May 29 15:47:06 email-threat-docker postfix/qmgr[99]: 1AFFC99C44: from=<support@service.com>, size=522, nrcpt=1 (queue active)
May 29 15:47:06 email-threat-docker postfix/smtpd[407]: disconnect from unknown[172.20.0.1] ehlo=1 mail=1 rcpt=1 data=1 quit=1 commands=5
May 29 15:47:06 email-threat-docker postfix/smtp[412]: 1AFFC99C44: to=<recipient@email-threat-docker.local>, relay=scanner[172.20.0.3]:10025, delay=0.03, delays=0.01/0/0.01/0.01, dsn=2.0.0, status=sent (250 Message quarantined)
May 29 15:47:06 email-threat-docker postfix/qmgr[99]: 1AFFC99C44: removed
May 29 15:47:06 email-threat-docker postfix/smtpd[407]: connect from unknown[172.20.0.1]
May 29 15:47:07 email-threat-docker postfix/smtpd[407]: 187E099C44: client=unknown[172.20.0.1]
May 29 15:47:07 email-threat-docker postfix/cleanup[411]: 187E099C44: prepend: header Subject: Monthly Report from unknown[172.20.0.1]; from=<rewards@shopping.com> to=<recipient@email-threat-docker.local> proto=ESMTP helo=<[192.168.48.1]>: [Subject: ]
May 29 15:47:07 email-threat-docker postfix/cleanup[411]: 187E099C44: message-id=<>
May 29 15:47:07 email-threat-docker postfix/qmgr[99]: 187E099C44: from=<rewards@shopping.com>, size=586, nrcpt=1 (queue active)
May 29 15:47:07 email-threat-docker postfix/smtpd[407]: disconnect from unknown[172.20.0.1] ehlo=1 mail=1 rcpt=1 data=1 quit=1 commands=5
May 29 15:47:07 email-threat-docker postfix/smtp[412]: 187E099C44: to=<recipient@email-threat-docker.local>, relay=scanner[172.20.0.3]:10025, delay=0.03, delays=0.01/0/0.01/0.01, dsn=2.0.0, status=sent (250 Message quarantined)
May 29 15:47:07 email-threat-docker postfix/qmgr[99]: 187E099C44: removed
May 29 15:47:07 email-threat-docker postfix/smtpd[407]: connect from unknown[172.20.0.1]
May 29 15:47:08 email-threat-docker postfix/smtpd[407]: 1D81799C44: client=unknown[172.20.0.1]
May 29 15:47:08 email-threat-docker postfix/cleanup[411]: 1D81799C44: prepend: header Subject: System Notification from unknown[172.20.0.1]; from=<support@apple.com> to=<recipient@email-threat-docker.local> proto=ESMTP helo=<[192.168.48.1]>: [Subject: ]
May 29 15:47:08 email-threat-docker postfix/cleanup[411]: 1D81799C44: message-id=<>
May 29 15:47:08 email-threat-docker postfix/qmgr[99]: 1D81799C44: from=<support@apple.com>, size=524, nrcpt=1 (queue active)
May 29 15:47:08 email-threat-docker postfix/smtpd[407]: disconnect from unknown[172.20.0.1] ehlo=1 mail=1 rcpt=1 data=1 quit=1 commands=5
May 29 15:47:08 email-threat-docker postfix/smtp[412]: 1D81799C44: to=<recipient@email-threat-docker.local>, relay=scanner[172.20.0.3]:10025, delay=0.03, delays=0.01/0/0.01/0.01, dsn=2.0.0, status=sent (250 Message quarantined)
May 29 15:47:08 email-threat-docker postfix/qmgr[99]: 1D81799C44: removed
May 29 15:47:08 email-threat-docker postfix/smtpd[407]: connect from unknown[172.20.0.1]
May 29 15:47:09 email-threat-docker postfix/smtpd[407]: 1899A99C44: client=unknown[172.20.0.1]
May 29 15:47:09 email-threat-docker postfix/cleanup[411]: 1899A99C44: prepend: header Subject: Final Warning from unknown[172.20.0.1]; from=<hr@company.com> to=<recipient@email-threat-docker.local> proto=ESMTP helo=<[192.168.48.1]>: [Subject: ]
May 29 15:47:09 email-threat-docker postfix/cleanup[411]: 1899A99C44: message-id=<>
May 29 15:47:09 email-threat-docker postfix/qmgr[99]: 1899A99C44: from=<hr@company.com>, size=565, nrcpt=1 (queue active)
May 29 15:47:09 email-threat-docker postfix/smtpd[407]: disconnect from unknown[172.20.0.1] ehlo=1 mail=1 rcpt=1 data=1 quit=1 commands=5
May 29 15:47:09 email-threat-docker postfix/smtp[412]: 1899A99C44: to=<recipient@email-threat-docker.local>, relay=scanner[172.20.0.3]:10025, delay=0.03, delays=0.01/0/0.01/0.01, dsn=2.0.0, status=sent (250 Message quarantined)
May 29 15:47:09 email-threat-docker postfix/qmgr[99]: 1899A99C44: removed
May 29 15:47:09 email-threat-docker postfix/smtpd[407]: connect from unknown[172.20.0.1]
May 29 15:47:10 email-threat-docker postfix/smtpd[407]: 12ECC99C44: client=unknown[172.20.0.1]
May 29 15:47:10 email-threat-docker postfix/cleanup[411]: 12ECC99C44: prepend: header Subject: Mandatory W-2 Form from unknown[172.20.0.1]; from=<admin@company.com> to=<recipient@email-threat-docker.local> proto=ESMTP helo=<[192.168.48.1]>: [Subject: ]
May 29 15:47:10 email-threat-docker postfix/cleanup[411]: 12ECC99C44: message-id=<>
May 29 15:47:10 email-threat-docker postfix/qmgr[99]: 12ECC99C44: from=<admin@company.com>, size=513, nrcpt=1 (queue active)
May 29 15:47:10 email-threat-docker postfix/smtpd[407]: disconnect from unknown[172.20.0.1] ehlo=1 mail=1 rcpt=1 data=1 quit=1 commands=5
May 29 15:47:10 email-threat-docker postfix/smtp[412]: 12ECC99C44: to=<recipient@email-threat-docker.local>, relay=scanner[172.20.0.3]:10025, delay=0.05, delays=0.01/0/0.01/0.03, dsn=2.0.0, status=sent (250 Message quarantined)
May 29 15:47:10 email-threat-docker postfix/qmgr[99]: 12ECC99C44: removed
May 29 15:47:10 email-threat-docker postfix/smtpd[407]: connect from unknown[172.20.0.1]
May 29 15:47:13 email-threat-docker postfix/smtpd[407]: CA8E699C52: client=unknown[172.20.0.1]
May 29 15:47:13 email-threat-docker postfix/cleanup[411]: CA8E699C52: prepend: header Subject: Account Verification Needed from unknown[172.20.0.1]; from=<info@company.com> to=<recipient@email-threat-docker.local> proto=ESMTP helo=<[192.168.48.1]>: [Subject: ]
May 29 15:47:13 email-threat-docker postfix/cleanup[411]: CA8E699C52: message-id=<>
May 29 15:47:13 email-threat-docker postfix/qmgr[99]: CA8E699C52: from=<info@company.com>, size=568, nrcpt=1 (queue active)
May 29 15:47:13 email-threat-docker postfix/smtpd[407]: disconnect from unknown[172.20.0.1] ehlo=1 mail=1 rcpt=1 data=1 quit=1 commands=5
May 29 15:47:13 email-threat-docker postfix/smtp[412]: CA8E699C52: to=<recipient@email-threat-docker.local>, relay=scanner[172.20.0.3]:10025, delay=0.03, delays=0.01/0/0.01/0.01, dsn=2.0.0, status=sent (250 Message quarantined)
May 29 15:47:13 email-threat-docker postfix/qmgr[99]: CA8E699C52: removed
May 29 15:47:14 email-threat-docker postfix/smtpd[407]: connect from unknown[172.20.0.1]
May 29 15:47:14 email-threat-docker postfix/smtpd[407]: C776799C52: client=unknown[172.20.0.1]
May 29 15:47:14 email-threat-docker postfix/cleanup[411]: C776799C52: prepend: header Subject: Password Reset Request from unknown[172.20.0.1]; from=<events@company.com> to=<recipient@email-threat-docker.local> proto=ESMTP helo=<[192.168.48.1]>: [Subject: ]
May 29 15:47:14 email-threat-docker postfix/cleanup[411]: C776799C52: message-id=<>
May 29 15:47:14 email-threat-docker postfix/qmgr[99]: C776799C52: from=<events@company.com>, size=536, nrcpt=1 (queue active)
May 29 15:47:14 email-threat-docker postfix/smtpd[407]: disconnect from unknown[172.20.0.1] ehlo=1 mail=1 rcpt=1 data=1 quit=1 commands=5
May 29 15:47:14 email-threat-docker postfix/smtp[412]: C776799C52: to=<recipient@email-threat-docker.local>, relay=scanner[172.20.0.3]:10025, delay=0.03, delays=0.01/0/0.01/0.01, dsn=2.0.0, status=sent (250 Message quarantined)
May 29 15:47:14 email-threat-docker postfix/qmgr[99]: C776799C52: removed
May 29 15:47:15 email-threat-docker postfix/smtpd[407]: connect from unknown[172.20.0.1]
May 29 15:47:15 email-threat-docker postfix/smtpd[407]: C42EA99C52: client=unknown[172.20.0.1]
May 29 15:47:15 email-threat-docker postfix/cleanup[411]: C42EA99C52: prepend: header Subject: Mandatory Company Survey from unknown[172.20.0.1]; from=<newsletter@store.com> to=<recipient@email-threat-docker.local> proto=ESMTP helo=<[192.168.48.1]>: [Subject: ]
May 29 15:47:15 email-threat-docker postfix/cleanup[411]: C42EA99C52: message-id=<>
May 29 15:47:15 email-threat-docker postfix/qmgr[99]: C42EA99C52: from=<newsletter@store.com>, size=531, nrcpt=1 (queue active)
May 29 15:47:15 email-threat-docker postfix/smtpd[407]: disconnect from unknown[172.20.0.1] ehlo=1 mail=1 rcpt=1 data=1 quit=1 commands=5
May 29 15:47:15 email-threat-docker postfix/smtp[412]: C42EA99C52: to=<recipient@email-threat-docker.local>, relay=scanner[172.20.0.3]:10025, delay=0.02, delays=0.01/0/0.01/0.01, dsn=2.0.0, status=sent (250 Message quarantined)
May 29 15:47:15 email-threat-docker postfix/qmgr[99]: C42EA99C52: removed
May 29 15:47:16 email-threat-docker postfix/smtpd[407]: connect from unknown[172.20.0.1]
May 29 15:47:16 email-threat-docker postfix/smtpd[407]: C14C899C52: client=unknown[172.20.0.1]
May 29 15:47:16 email-threat-docker postfix/cleanup[411]: C14C899C52: prepend: header Subject: Suspicious Login Attempt from unknown[172.20.0.1]; from=<noreply@itdept.company.com> to=<recipient@email-threat-docker.local> proto=ESMTP helo=<[192.168.48.1]>: [Subject: ]
May 29 15:47:16 email-threat-docker postfix/cleanup[411]: C14C899C52: message-id=<>
May 29 15:47:16 email-threat-docker postfix/qmgr[99]: C14C899C52: from=<noreply@itdept.company.com>, size=558, nrcpt=1 (queue active)
May 29 15:47:16 email-threat-docker postfix/smtpd[407]: disconnect from unknown[172.20.0.1] ehlo=1 mail=1 rcpt=1 data=1 quit=1 commands=5
May 29 15:47:16 email-threat-docker postfix/smtp[412]: C14C899C52: to=<recipient@email-threat-docker.local>, relay=scanner[172.20.0.3]:10025, delay=0.03, delays=0.01/0/0.01/0.01, dsn=2.0.0, status=sent (250 Message quarantined)
May 29 15:47:16 email-threat-docker postfix/qmgr[99]: C14C899C52: removed
May 29 15:47:16 email-threat-docker postfix/smtpd[407]: connect from unknown[172.20.0.1]
May 29 15:47:17 email-threat-docker postfix/smtpd[407]: BD89C99C52: client=unknown[172.20.0.1]
May 29 15:47:17 email-threat-docker postfix/cleanup[411]: BD89C99C52: prepend: header Subject: Account Compromised from unknown[172.20.0.1]; from=<noreply@itdept.company.com> to=<recipient@email-threat-docker.local> proto=ESMTP helo=<[192.168.48.1]>: [Subject: ]
May 29 15:47:17 email-threat-docker postfix/cleanup[411]: BD89C99C52: message-id=<>
May 29 15:47:17 email-threat-docker postfix/qmgr[99]: BD89C99C52: from=<noreply@itdept.company.com>, size=533, nrcpt=1 (queue active)
May 29 15:47:17 email-threat-docker postfix/smtpd[407]: disconnect from unknown[172.20.0.1] ehlo=1 mail=1 rcpt=1 data=1 quit=1 commands=5
May 29 15:47:17 email-threat-docker postfix/smtp[412]: BD89C99C52: to=<recipient@email-threat-docker.local>, relay=scanner[172.20.0.3]:10025, delay=0.03, delays=0.01/0/0.01/0.01, dsn=2.0.0, status=sent (250 Message quarantined)
May 29 15:47:17 email-threat-docker postfix/qmgr[99]: BD89C99C52: removed
May 29 15:47:17 email-threat-docker postfix/smtpd[407]: connect from unknown[172.20.0.1]
May 29 15:47:18 email-threat-docker postfix/smtpd[407]: B97F699C52: client=unknown[172.20.0.1]
May 29 15:47:18 email-threat-docker postfix/cleanup[411]: B97F699C52: prepend: header Subject: You've Won a $100 Gift Card! from unknown[172.20.0.1]; from=<support@apple.com> to=<recipient@email-threat-docker.local> proto=ESMTP helo=<[192.168.48.1]>: [Subject: ]
May 29 15:47:18 email-threat-docker postfix/cleanup[411]: B97F699C52: message-id=<>
May 29 15:47:18 email-threat-docker postfix/qmgr[99]: B97F699C52: from=<support@apple.com>, size=529, nrcpt=1 (queue active)
May 29 15:47:18 email-threat-docker postfix/smtpd[407]: disconnect from unknown[172.20.0.1] ehlo=1 mail=1 rcpt=1 data=1 quit=1 commands=5
May 29 15:47:18 email-threat-docker postfix/smtp[412]: B97F699C52: to=<recipient@email-threat-docker.local>, relay=scanner[172.20.0.3]:10025, delay=0.03, delays=0.01/0/0.01/0.01, dsn=2.0.0, status=sent (250 Message quarantined)
May 29 15:47:18 email-threat-docker postfix/qmgr[99]: B97F699C52: removed
May 29 15:47:18 email-threat-docker postfix/smtpd[407]: connect from unknown[172.20.0.1]
May 29 15:47:19 email-threat-docker postfix/smtpd[407]: B465F99C52: client=unknown[172.20.0.1]
May 29 15:47:19 email-threat-docker postfix/cleanup[411]: B465F99C52: prepend: header Subject: Quick Employee Survey from unknown[172.20.0.1]; from=<billing@legit-company.com> to=<recipient@email-threat-docker.local> proto=ESMTP helo=<[192.168.48.1]>: [Subject: ]
May 29 15:47:19 email-threat-docker postfix/cleanup[411]: B465F99C52: message-id=<>
May 29 15:47:19 email-threat-docker postfix/qmgr[99]: B465F99C52: from=<billing@legit-company.com>, size=517, nrcpt=1 (queue active)
May 29 15:47:19 email-threat-docker postfix/smtpd[407]: disconnect from unknown[172.20.0.1] ehlo=1 mail=1 rcpt=1 data=1 quit=1 commands=5
May 29 15:47:19 email-threat-docker postfix/smtp[412]: B465F99C52: to=<recipient@email-threat-docker.local>, relay=scanner[172.20.0.3]:10025, delay=0.03, delays=0.01/0/0.01/0.01, dsn=2.0.0, status=sent (250 Message quarantined)
May 29 15:47:19 email-threat-docker postfix/qmgr[99]: B465F99C52: removed
May 29 15:47:19 email-threat-docker postfix/smtpd[407]: connect from unknown[172.20.0.1]
May 29 15:47:20 email-threat-docker postfix/smtpd[407]: AE87899C52: client=unknown[172.20.0.1]
May 29 15:47:20 email-threat-docker postfix/cleanup[411]: AE87899C52: prepend: header Subject: URGENT: Security Alert from unknown[172.20.0.1]; from=<support@apple.com> to=<recipient@email-threat-docker.local> proto=ESMTP helo=<[192.168.48.1]>: [Subject: ]
May 29 15:47:20 email-threat-docker postfix/cleanup[411]: AE87899C52: message-id=<>
May 29 15:47:20 email-threat-docker postfix/qmgr[99]: AE87899C52: from=<support@apple.com>, size=900, nrcpt=1 (queue active)
May 29 15:47:20 email-threat-docker postfix/smtpd[407]: disconnect from unknown[172.20.0.1] ehlo=1 mail=1 rcpt=1 data=1 quit=1 commands=5
May 29 15:47:20 email-threat-docker postfix/smtp[412]: AE87899C52: to=<recipient@email-threat-docker.local>, relay=scanner[172.20.0.3]:10025, delay=0.03, delays=0.01/0/0.01/0.01, dsn=2.0.0, status=sent (250 Message quarantined)
May 29 15:47:20 email-threat-docker postfix/qmgr[99]: AE87899C52: removed
May 29 15:47:20 email-threat-docker postfix/smtpd[407]: connect from unknown[172.20.0.1]
May 29 15:47:21 email-threat-docker postfix/smtpd[407]: AE09099C52: client=unknown[172.20.0.1]
May 29 15:47:21 email-threat-docker postfix/cleanup[411]: AE09099C52: prepend: header Subject: Invoice #INV-9876 from unknown[172.20.0.1]; from=<alerts@service.com> to=<recipient@email-threat-docker.local> proto=ESMTP helo=<[192.168.48.1]>: [Subject: ]
May 29 15:47:21 email-threat-docker postfix/cleanup[411]: AE09099C52: message-id=<>
May 29 15:47:21 email-threat-docker postfix/qmgr[99]: AE09099C52: from=<alerts@service.com>, size=2196, nrcpt=1 (queue active)
May 29 15:47:21 email-threat-docker postfix/smtpd[407]: disconnect from unknown[172.20.0.1] ehlo=1 mail=1 rcpt=1 data=1 quit=1 commands=5
May 29 15:47:21 email-threat-docker postfix/smtp[412]: AE09099C52: to=<recipient@email-threat-docker.local>, relay=scanner[172.20.0.3]:10025, delay=0.03, delays=0.01/0/0.01/0.01, dsn=2.0.0, status=sent (250 Message quarantined)
May 29 15:47:21 email-threat-docker postfix/qmgr[99]: AE09099C52: removed
May 29 15:47:21 email-threat-docker postfix/smtpd[407]: connect from unknown[172.20.0.1]
May 29 15:47:22 email-threat-docker postfix/smtpd[407]: A940F99C52: client=unknown[172.20.0.1]
May 29 15:47:22 email-threat-docker postfix/cleanup[411]: A940F99C52: prepend: header Subject: Account Verification Needed from unknown[172.20.0.1]; from=<rewards@shopping.com> to=<recipient@email-threat-docker.local> proto=ESMTP helo=<[192.168.48.1]>: [Subject: ]
May 29 15:47:22 email-threat-docker postfix/cleanup[411]: A940F99C52: message-id=<>
May 29 15:47:22 email-threat-docker postfix/qmgr[99]: A940F99C52: from=<rewards@shopping.com>, size=497, nrcpt=1 (queue active)
May 29 15:47:22 email-threat-docker postfix/smtpd[407]: disconnect from unknown[172.20.0.1] ehlo=1 mail=1 rcpt=1 data=1 quit=1 commands=5
May 29 15:47:22 email-threat-docker postfix/smtp[412]: A940F99C52: to=<recipient@email-threat-docker.local>, relay=scanner[172.20.0.3]:10025, delay=0.03, delays=0.01/0/0.01/0.01, dsn=2.0.0, status=sent (250 Message quarantined)
May 29 15:47:22 email-threat-docker postfix/qmgr[99]: A940F99C52: removed
May 29 15:47:22 email-threat-docker postfix/smtpd[407]: connect from unknown[172.20.0.1]
May 29 15:47:23 email-threat-docker postfix/smtpd[407]: A485B99C44: client=unknown[172.20.0.1]
May 29 15:47:23 email-threat-docker postfix/cleanup[411]: A485B99C44: prepend: header Subject: Document Shared from unknown[172.20.0.1]; from=<notifications@company.com> to=<recipient@email-threat-docker.local> proto=ESMTP helo=<[192.168.48.1]>: [Subject: ]
May 29 15:47:23 email-threat-docker postfix/cleanup[411]: A485B99C44: message-id=<>
May 29 15:47:23 email-threat-docker postfix/qmgr[99]: A485B99C44: from=<notifications@company.com>, size=662, nrcpt=1 (queue active)
May 29 15:47:23 email-threat-docker postfix/smtpd[407]: disconnect from unknown[172.20.0.1] ehlo=1 mail=1 rcpt=1 data=1 quit=1 commands=5
May 29 15:47:23 email-threat-docker postfix/smtp[412]: A485B99C44: to=<recipient@email-threat-docker.local>, relay=scanner[172.20.0.3]:10025, delay=0.02, delays=0.01/0/0.01/0.01, dsn=2.0.0, status=sent (250 Message quarantined)
May 29 15:47:23 email-threat-docker postfix/qmgr[99]: A485B99C44: removed
May 29 15:47:23 email-threat-docker postfix/smtpd[407]: connect from unknown[172.20.0.1]
May 29 15:47:24 email-threat-docker postfix/smtpd[407]: A09B499C44: client=unknown[172.20.0.1]
May 29 15:47:24 email-threat-docker postfix/cleanup[411]: A09B499C44: prepend: header Subject: Encrypted Report from unknown[172.20.0.1]; from=<security@bigcorp.com> to=<recipient@email-threat-docker.local> proto=ESMTP helo=<[192.168.48.1]>: [Subject: ]
May 29 15:47:24 email-threat-docker postfix/cleanup[411]: A09B499C44: message-id=<>
May 29 15:47:24 email-threat-docker postfix/qmgr[99]: A09B499C44: from=<security@bigcorp.com>, size=2191, nrcpt=1 (queue active)
May 29 15:47:24 email-threat-docker postfix/smtpd[407]: disconnect from unknown[172.20.0.1] ehlo=1 mail=1 rcpt=1 data=1 quit=1 commands=5
May 29 15:47:24 email-threat-docker postfix/smtp[412]: A09B499C44: to=<recipient@email-threat-docker.local>, relay=scanner[172.20.0.3]:10025, delay=0.03, delays=0.01/0/0.01/0.01, dsn=2.0.0, status=sent (250 Message quarantined)
May 29 15:47:24 email-threat-docker postfix/qmgr[99]: A09B499C44: removed
May 29 15:47:24 email-threat-docker postfix/smtpd[407]: connect from unknown[172.20.0.1]
May 29 15:47:25 email-threat-docker postfix/smtpd[407]: 9FE1F99C44: client=unknown[172.20.0.1]
May 29 15:47:25 email-threat-docker postfix/cleanup[411]: 9FE1F99C44: prepend: header Subject: Password Reset Required from unknown[172.20.0.1]; from=<teamlead@company.com> to=<recipient@email-threat-docker.local> proto=ESMTP helo=<[192.168.48.1]>: [Subject: ]
May 29 15:47:25 email-threat-docker postfix/cleanup[411]: 9FE1F99C44: message-id=<>
May 29 15:47:25 email-threat-docker postfix/qmgr[99]: 9FE1F99C44: from=<teamlead@company.com>, size=475, nrcpt=1 (queue active)
May 29 15:47:25 email-threat-docker postfix/smtpd[407]: disconnect from unknown[172.20.0.1] ehlo=1 mail=1 rcpt=1 data=1 quit=1 commands=5
May 29 15:47:25 email-threat-docker postfix/smtp[412]: 9FE1F99C44: to=<recipient@email-threat-docker.local>, relay=scanner[172.20.0.3]:10025, delay=0.03, delays=0.01/0/0.01/0.01, dsn=2.0.0, status=sent (250 Message quarantined)
May 29 15:47:25 email-threat-docker postfix/qmgr[99]: 9FE1F99C44: removed
May 29 15:47:25 email-threat-docker postfix/smtpd[407]: connect from unknown[172.20.0.1]
May 29 15:47:26 email-threat-docker postfix/smtpd[407]: 9C46C99C44: client=unknown[172.20.0.1]
May 29 15:47:26 email-threat-docker postfix/cleanup[411]: 9C46C99C44: prepend: header Subject: Your Package Tracking from unknown[172.20.0.1]; from=<notifications@company.com> to=<recipient@email-threat-docker.local> proto=ESMTP helo=<[192.168.48.1]>: [Subject: ]
May 29 15:47:26 email-threat-docker postfix/cleanup[411]: 9C46C99C44: message-id=<>
May 29 15:47:26 email-threat-docker postfix/qmgr[99]: 9C46C99C44: from=<notifications@company.com>, size=476, nrcpt=1 (queue active)
May 29 15:47:26 email-threat-docker postfix/smtpd[407]: disconnect from unknown[172.20.0.1] ehlo=1 mail=1 rcpt=1 data=1 quit=1 commands=5
May 29 15:47:26 email-threat-docker postfix/smtp[412]: 9C46C99C44: to=<recipient@email-threat-docker.local>, relay=scanner[172.20.0.3]:10025, delay=0.03, delays=0.01/0/0.01/0.01, dsn=2.0.0, status=sent (250 Message quarantined)
May 29 15:47:26 email-threat-docker postfix/qmgr[99]: 9C46C99C44: removed
May 29 15:47:26 email-threat-docker postfix/smtpd[407]: connect from unknown[172.20.0.1]
May 29 15:47:27 email-threat-docker postfix/smtpd[407]: 9EE4B99C44: client=unknown[172.20.0.1]
May 29 15:47:27 email-threat-docker postfix/cleanup[411]: 9EE4B99C44: prepend: header Subject: Financial Report from unknown[172.20.0.1]; from=<security@bigcorp.com> to=<recipient@email-threat-docker.local> proto=ESMTP helo=<[192.168.48.1]>: [Subject: ]
May 29 15:47:27 email-threat-docker postfix/cleanup[411]: 9EE4B99C44: message-id=<>
May 29 15:47:27 email-threat-docker postfix/qmgr[99]: 9EE4B99C44: from=<security@bigcorp.com>, size=810, nrcpt=1 (queue active)
May 29 15:47:27 email-threat-docker postfix/smtpd[407]: disconnect from unknown[172.20.0.1] ehlo=1 mail=1 rcpt=1 data=1 quit=1 commands=5
May 29 15:47:27 email-threat-docker postfix/smtp[412]: 9EE4B99C44: to=<recipient@email-threat-docker.local>, relay=scanner[172.20.0.3]:10025, delay=0.03, delays=0.01/0/0.01/0.01, dsn=2.0.0, status=sent (250 Message quarantined)
May 29 15:47:27 email-threat-docker postfix/qmgr[99]: 9EE4B99C44: removed
May 29 15:47:27 email-threat-docker postfix/smtpd[407]: connect from unknown[172.20.0.1]
May 29 15:47:28 email-threat-docker postfix/smtpd[407]: 9AD0299C44: client=unknown[172.20.0.1]
May 29 15:47:28 email-threat-docker postfix/cleanup[411]: 9AD0299C44: prepend: header Subject: Microsoft Security Update from unknown[172.20.0.1]; from=<teamlead@company.com> to=<recipient@email-threat-docker.local> proto=ESMTP helo=<[192.168.48.1]>: [Subject: ]
May 29 15:47:28 email-threat-docker postfix/cleanup[411]: 9AD0299C44: message-id=<>
May 29 15:47:28 email-threat-docker postfix/qmgr[99]: 9AD0299C44: from=<teamlead@company.com>, size=2272, nrcpt=1 (queue active)
May 29 15:47:28 email-threat-docker postfix/smtpd[407]: disconnect from unknown[172.20.0.1] ehlo=1 mail=1 rcpt=1 data=1 quit=1 commands=5
May 29 15:47:28 email-threat-docker postfix/smtp[412]: 9AD0299C44: to=<recipient@email-threat-docker.local>, relay=scanner[172.20.0.3]:10025, delay=0.04, delays=0.01/0/0.01/0.02, dsn=2.0.0, status=sent (250 Message quarantined)
May 29 15:47:28 email-threat-docker postfix/qmgr[99]: 9AD0299C44: removed
May 29 15:47:28 email-threat-docker postfix/smtpd[407]: connect from unknown[172.20.0.1]
May 29 15:47:29 email-threat-docker postfix/smtpd[407]: 995A399C44: client=unknown[172.20.0.1]
May 29 15:47:29 email-threat-docker postfix/cleanup[411]: 995A399C44: prepend: header Subject: Undelivered Mail Notification from unknown[172.20.0.1]; from=<info@company.com> to=<recipient@email-threat-docker.local> proto=ESMTP helo=<[192.168.48.1]>: [Subject: ]
May 29 15:47:29 email-threat-docker postfix/cleanup[411]: 995A399C44: message-id=<>
May 29 15:47:29 email-threat-docker postfix/qmgr[99]: 995A399C44: from=<info@company.com>, size=887, nrcpt=1 (queue active)
May 29 15:47:29 email-threat-docker postfix/smtpd[407]: disconnect from unknown[172.20.0.1] ehlo=1 mail=1 rcpt=1 data=1 quit=1 commands=5
May 29 15:47:29 email-threat-docker postfix/smtp[412]: 995A399C44: to=<recipient@email-threat-docker.local>, relay=scanner[172.20.0.3]:10025, delay=0.03, delays=0.01/0/0.01/0.01, dsn=2.0.0, status=sent (250 Message quarantined)
May 29 15:47:29 email-threat-docker postfix/qmgr[99]: 995A399C44: removed
May 29 15:53:18 email-threat-docker postfix/master[1]: terminating on signal 15
May 29 15:53:53 email-threat-docker postfix/postfix-script[72]: warning: group or other writable: /etc/postfix/./main.cf
May 29 15:53:53 email-threat-docker postfix/postfix-script[73]: warning: group or other writable: /etc/postfix/./master.cf
May 29 15:53:53 email-threat-docker postfix/postfix-script[74]: warning: group or other writable: /etc/postfix/./transport
May 29 15:53:53 email-threat-docker postfix/postfix-script[97]: starting the Postfix mail system
May 29 15:53:53 email-threat-docker postfix/master[1]: daemon started -- version 3.6.4, configuration /etc/postfix
May 29 15:55:33 email-threat-docker postfix/smtpd[227]: warning: dict_nis_init: NIS domain name not set - NIS lookups disabled
May 29 15:55:33 email-threat-docker postfix/smtpd[227]: connect from unknown[172.20.0.1]
May 29 15:55:34 email-threat-docker postfix/smtpd[227]: 7137299C81: client=unknown[172.20.0.1]
May 29 15:55:34 email-threat-docker postfix/cleanup[231]: 7137299C81: prepend: header Subject: Upcoming Holiday Schedule from unknown[172.20.0.1]; from=<devteam@company.com> to=<recipient@email-threat-docker.local> proto=ESMTP helo=<[192.168.48.1]>: [Subject: ]
May 29 15:55:34 email-threat-docker postfix/cleanup[231]: 7137299C81: message-id=<>
May 29 15:55:34 email-threat-docker postfix/qmgr[99]: 7137299C81: from=<devteam@company.com>, size=619, nrcpt=1 (queue active)
May 29 15:55:34 email-threat-docker postfix/smtpd[227]: disconnect from unknown[172.20.0.1] ehlo=1 mail=1 rcpt=1 data=1 quit=1 commands=5
May 29 15:55:34 email-threat-docker postfix/smtpd[233]: warning: dict_nis_init: NIS domain name not set - NIS lookups disabled
May 29 15:55:34 email-threat-docker postfix/smtpd[233]: connect from scanner.holbertonshcool-cybersecurity-final-proyect_threat-net[172.20.0.3]
May 29 15:55:34 email-threat-docker postfix/smtpd[233]: 7E88499C8A: client=scanner.holbertonshcool-cybersecurity-final-proyect_threat-net[172.20.0.3]
May 29 15:55:34 email-threat-docker postfix/cleanup[231]: 7E88499C8A: message-id=<>
May 29 15:55:34 email-threat-docker postfix/qmgr[99]: 7E88499C8A: from=<devteam@company.com>, size=875, nrcpt=1 (queue active)
May 29 15:55:34 email-threat-docker postfix/smtpd[233]: disconnect from scanner.holbertonshcool-cybersecurity-final-proyect_threat-net[172.20.0.3] ehlo=1 mail=1 rcpt=1 data=1 quit=1 commands=5
May 29 15:55:34 email-threat-docker postfix/smtp[232]: 7137299C81: to=<recipient@email-threat-docker.local>, relay=scanner[172.20.0.3]:10025, delay=0.08, delays=0.02/0.01/0.01/0.04, dsn=2.0.0, status=sent (250 Message delivered)
May 29 15:55:34 email-threat-docker postfix/qmgr[99]: 7137299C81: removed
May 29 15:55:34 email-threat-docker postfix/local[234]: warning: dict_nis_init: NIS domain name not set - NIS lookups disabled
May 29 15:55:34 email-threat-docker postfix/smtpd[227]: connect from unknown[172.20.0.1]
May 29 15:55:35 email-threat-docker postfix/smtpd[227]: 6EFA899C8E: client=unknown[172.20.0.1]
May 29 15:55:35 email-threat-docker postfix/cleanup[231]: 6EFA899C8E: prepend: header Subject: Project Kickoff Meeting from unknown[172.20.0.1]; from=<rewards@shopping.com> to=<recipient@email-threat-docker.local> proto=ESMTP helo=<[192.168.48.1]>: [Subject: ]
May 29 15:55:35 email-threat-docker postfix/cleanup[231]: 6EFA899C8E: message-id=<>
May 29 15:55:35 email-threat-docker postfix/qmgr[99]: 6EFA899C8E: from=<rewards@shopping.com>, size=634, nrcpt=1 (queue active)
May 29 15:55:35 email-threat-docker postfix/smtpd[227]: disconnect from unknown[172.20.0.1] ehlo=1 mail=1 rcpt=1 data=1 quit=1 commands=5
May 29 15:55:35 email-threat-docker postfix/smtpd[233]: connect from scanner.holbertonshcool-cybersecurity-final-proyect_threat-net[172.20.0.3]
May 29 15:55:35 email-threat-docker postfix/smtpd[233]: 75A7299C8F: client=scanner.holbertonshcool-cybersecurity-final-proyect_threat-net[172.20.0.3]
May 29 15:55:35 email-threat-docker postfix/cleanup[231]: 75A7299C8F: message-id=<>
May 29 15:55:35 email-threat-docker postfix/qmgr[99]: 75A7299C8F: from=<rewards@shopping.com>, size=890, nrcpt=1 (queue active)
May 29 15:55:35 email-threat-docker postfix/smtpd[233]: disconnect from scanner.holbertonshcool-cybersecurity-final-proyect_threat-net[172.20.0.3] ehlo=1 mail=1 rcpt=1 data=1 quit=1 commands=5
May 29 15:55:35 email-threat-docker postfix/smtp[232]: 6EFA899C8E: to=<recipient@email-threat-docker.local>, relay=scanner[172.20.0.3]:10025, delay=0.04, delays=0.01/0/0.01/0.02, dsn=2.0.0, status=sent (250 Message delivered)
May 29 15:55:35 email-threat-docker postfix/qmgr[99]: 6EFA899C8E: removed
May 29 15:55:35 email-threat-docker postfix/local[236]: warning: dict_nis_init: NIS domain name not set - NIS lookups disabled
May 29 15:55:35 email-threat-docker postfix/local[234]: 7E88499C8A: to=<recipient@email-threat-docker.local>, relay=local, delay=1, delays=0.01/0.01/0/1, dsn=2.0.0, status=sent (delivered to command: /usr/bin/procmail)
May 29 15:55:35 email-threat-docker postfix/qmgr[99]: 7E88499C8A: removed
May 29 15:55:35 email-threat-docker postfix/smtpd[227]: connect from unknown[172.20.0.1]
May 29 15:55:36 email-threat-docker postfix/smtpd[227]: 6924899C8A: client=unknown[172.20.0.1]
May 29 15:55:36 email-threat-docker postfix/cleanup[231]: 6924899C8A: prepend: header Subject: Scheduled Maintenance Tonight from unknown[172.20.0.1]; from=<notifications@company.com> to=<recipient@email-threat-docker.local> proto=ESMTP helo=<[192.168.48.1]>: [Subject: ]
May 29 15:55:36 email-threat-docker postfix/cleanup[231]: 6924899C8A: message-id=<>
May 29 15:55:36 email-threat-docker postfix/qmgr[99]: 6924899C8A: from=<notifications@company.com>, size=640, nrcpt=1 (queue active)
May 29 15:55:36 email-threat-docker postfix/smtpd[227]: disconnect from unknown[172.20.0.1] ehlo=1 mail=1 rcpt=1 data=1 quit=1 commands=5
May 29 15:55:36 email-threat-docker postfix/smtpd[233]: connect from scanner.holbertonshcool-cybersecurity-final-proyect_threat-net[172.20.0.3]
May 29 15:55:36 email-threat-docker postfix/smtpd[233]: 713EC99C8D: client=scanner.holbertonshcool-cybersecurity-final-proyect_threat-net[172.20.0.3]
May 29 15:55:36 email-threat-docker postfix/cleanup[231]: 713EC99C8D: message-id=<>
May 29 15:55:36 email-threat-docker postfix/qmgr[99]: 713EC99C8D: from=<notifications@company.com>, size=896, nrcpt=1 (queue active)
May 29 15:55:36 email-threat-docker postfix/smtpd[233]: disconnect from scanner.holbertonshcool-cybersecurity-final-proyect_threat-net[172.20.0.3] ehlo=1 mail=1 rcpt=1 data=1 quit=1 commands=5
May 29 15:55:36 email-threat-docker postfix/smtp[232]: 6924899C8A: to=<recipient@email-threat-docker.local>, relay=scanner[172.20.0.3]:10025, delay=0.05, delays=0.01/0/0.01/0.03, dsn=2.0.0, status=sent (250 Message delivered)
May 29 15:55:36 email-threat-docker postfix/qmgr[99]: 6924899C8A: removed
May 29 15:55:36 email-threat-docker postfix/local[234]: 713EC99C8D: to=<recipient@email-threat-docker.local>, relay=local, delay=0.01, delays=0.01/0/0/0.01, dsn=2.0.0, status=sent (delivered to command: /usr/bin/procmail)
May 29 15:55:36 email-threat-docker postfix/qmgr[99]: 713EC99C8D: removed
May 29 15:55:36 email-threat-docker postfix/smtpd[227]: connect from unknown[172.20.0.1]
May 29 15:55:37 email-threat-docker postfix/smtpd[227]: 66AE199C8A: client=unknown[172.20.0.1]
May 29 15:55:37 email-threat-docker postfix/cleanup[231]: 66AE199C8A: prepend: header Subject: Your Subscription Renewal Confirmation from unknown[172.20.0.1]; from=<devteam@company.com> to=<recipient@email-threat-docker.local> proto=ESMTP helo=<[192.168.48.1]>: [Subject: ]
May 29 15:55:37 email-threat-docker postfix/cleanup[231]: 66AE199C8A: message-id=<>
May 29 15:55:37 email-threat-docker postfix/qmgr[99]: 66AE199C8A: from=<devteam@company.com>, size=599, nrcpt=1 (queue active)
May 29 15:55:37 email-threat-docker postfix/smtpd[227]: disconnect from unknown[172.20.0.1] ehlo=1 mail=1 rcpt=1 data=1 quit=1 commands=5
May 29 15:55:37 email-threat-docker postfix/smtpd[233]: connect from scanner.holbertonshcool-cybersecurity-final-proyect_threat-net[172.20.0.3]
May 29 15:55:37 email-threat-docker postfix/smtpd[233]: 6D76D99C8D: client=scanner.holbertonshcool-cybersecurity-final-proyect_threat-net[172.20.0.3]
May 29 15:55:37 email-threat-docker postfix/cleanup[231]: 6D76D99C8D: message-id=<>
May 29 15:55:37 email-threat-docker postfix/qmgr[99]: 6D76D99C8D: from=<devteam@company.com>, size=855, nrcpt=1 (queue active)
May 29 15:55:37 email-threat-docker postfix/smtpd[233]: disconnect from scanner.holbertonshcool-cybersecurity-final-proyect_threat-net[172.20.0.3] ehlo=1 mail=1 rcpt=1 data=1 quit=1 commands=5
May 29 15:55:37 email-threat-docker postfix/smtp[232]: 66AE199C8A: to=<recipient@email-threat-docker.local>, relay=scanner[172.20.0.3]:10025, delay=0.04, delays=0.01/0/0.01/0.02, dsn=2.0.0, status=sent (250 Message delivered)
May 29 15:55:37 email-threat-docker postfix/qmgr[99]: 66AE199C8A: removed
May 29 15:55:37 email-threat-docker postfix/local[234]: 6D76D99C8D: to=<recipient@email-threat-docker.local>, relay=local, delay=0.02, delays=0.01/0/0/0.01, dsn=2.0.0, status=sent (delivered to command: /usr/bin/procmail)
May 29 15:55:37 email-threat-docker postfix/qmgr[99]: 6D76D99C8D: removed
May 29 15:55:37 email-threat-docker postfix/smtpd[227]: connect from unknown[172.20.0.1]
May 29 15:55:38 email-threat-docker postfix/smtpd[227]: 61F1F99C8A: client=unknown[172.20.0.1]
May 29 15:55:38 email-threat-docker postfix/cleanup[231]: 61F1F99C8A: prepend: header Subject: Join Us for the Charity Run! from unknown[172.20.0.1]; from=<security@bigcorp.com> to=<recipient@email-threat-docker.local> proto=ESMTP helo=<[192.168.48.1]>: [Subject: ]
May 29 15:55:38 email-threat-docker postfix/cleanup[231]: 61F1F99C8A: message-id=<>
May 29 15:55:38 email-threat-docker postfix/qmgr[99]: 61F1F99C8A: from=<security@bigcorp.com>, size=643, nrcpt=1 (queue active)
May 29 15:55:38 email-threat-docker postfix/smtpd[227]: disconnect from unknown[172.20.0.1] ehlo=1 mail=1 rcpt=1 data=1 quit=1 commands=5
May 29 15:55:38 email-threat-docker postfix/smtpd[233]: connect from scanner.holbertonshcool-cybersecurity-final-proyect_threat-net[172.20.0.3]
May 29 15:55:38 email-threat-docker postfix/smtpd[233]: 6A0EF99C8D: client=scanner.holbertonshcool-cybersecurity-final-proyect_threat-net[172.20.0.3]
May 29 15:55:38 email-threat-docker postfix/cleanup[231]: 6A0EF99C8D: message-id=<>
May 29 15:55:38 email-threat-docker postfix/qmgr[99]: 6A0EF99C8D: from=<security@bigcorp.com>, size=899, nrcpt=1 (queue active)
May 29 15:55:38 email-threat-docker postfix/smtpd[233]: disconnect from scanner.holbertonshcool-cybersecurity-final-proyect_threat-net[172.20.0.3] ehlo=1 mail=1 rcpt=1 data=1 quit=1 commands=5
May 29 15:55:38 email-threat-docker postfix/smtp[232]: 61F1F99C8A: to=<recipient@email-threat-docker.local>, relay=scanner[172.20.0.3]:10025, delay=0.05, delays=0.01/0/0.01/0.03, dsn=2.0.0, status=sent (250 Message delivered)
May 29 15:55:38 email-threat-docker postfix/qmgr[99]: 61F1F99C8A: removed
May 29 15:55:38 email-threat-docker postfix/local[234]: 6A0EF99C8D: to=<recipient@email-threat-docker.local>, relay=local, delay=0.02, delays=0.01/0/0/0.01, dsn=2.0.0, status=sent (delivered to command: /usr/bin/procmail)
May 29 15:55:38 email-threat-docker postfix/qmgr[99]: 6A0EF99C8D: removed
May 29 15:55:38 email-threat-docker postfix/smtpd[227]: connect from unknown[172.20.0.1]
May 29 15:55:39 email-threat-docker postfix/smtpd[227]: 5FDDD99C8A: client=unknown[172.20.0.1]
May 29 15:55:39 email-threat-docker postfix/cleanup[231]: 5FDDD99C8A: prepend: header Subject: Password Change Successful from unknown[172.20.0.1]; from=<rewards@shopping.com> to=<recipient@email-threat-docker.local> proto=ESMTP helo=<[192.168.48.1]>: [Subject: ]
May 29 15:55:39 email-threat-docker postfix/cleanup[231]: 5FDDD99C8A: message-id=<>
May 29 15:55:39 email-threat-docker postfix/qmgr[99]: 5FDDD99C8A: from=<rewards@shopping.com>, size=631, nrcpt=1 (queue active)
May 29 15:55:39 email-threat-docker postfix/smtpd[227]: disconnect from unknown[172.20.0.1] ehlo=1 mail=1 rcpt=1 data=1 quit=1 commands=5
May 29 15:55:39 email-threat-docker postfix/smtpd[233]: connect from scanner.holbertonshcool-cybersecurity-final-proyect_threat-net[172.20.0.3]
May 29 15:55:39 email-threat-docker postfix/smtpd[233]: 65E5F99C8D: client=scanner.holbertonshcool-cybersecurity-final-proyect_threat-net[172.20.0.3]
May 29 15:55:39 email-threat-docker postfix/cleanup[231]: 65E5F99C8D: message-id=<>
May 29 15:55:39 email-threat-docker postfix/qmgr[99]: 65E5F99C8D: from=<rewards@shopping.com>, size=887, nrcpt=1 (queue active)
May 29 15:55:39 email-threat-docker postfix/smtpd[233]: disconnect from scanner.holbertonshcool-cybersecurity-final-proyect_threat-net[172.20.0.3] ehlo=1 mail=1 rcpt=1 data=1 quit=1 commands=5
May 29 15:55:39 email-threat-docker postfix/smtp[232]: 5FDDD99C8A: to=<recipient@email-threat-docker.local>, relay=scanner[172.20.0.3]:10025, delay=0.04, delays=0.01/0/0.01/0.02, dsn=2.0.0, status=sent (250 Message delivered)
May 29 15:55:39 email-threat-docker postfix/qmgr[99]: 5FDDD99C8A: removed
May 29 15:55:39 email-threat-docker postfix/local[234]: 65E5F99C8D: to=<recipient@email-threat-docker.local>, relay=local, delay=0.01, delays=0.01/0/0/0.01, dsn=2.0.0, status=sent (delivered to command: /usr/bin/procmail)
May 29 15:55:39 email-threat-docker postfix/qmgr[99]: 65E5F99C8D: removed
May 29 15:55:39 email-threat-docker postfix/smtpd[227]: connect from unknown[172.20.0.1]
May 29 15:55:40 email-threat-docker postfix/smtpd[227]: 5BC7499C8A: client=unknown[172.20.0.1]
May 29 15:55:40 email-threat-docker postfix/cleanup[231]: 5BC7499C8A: prepend: header Subject: Feature X Deployment from unknown[172.20.0.1]; from=<security@onlinebank.com> to=<recipient@email-threat-docker.local> proto=ESMTP helo=<[192.168.48.1]>: [Subject: ]
