Jun 17 12:18:54 email-threat-docker postfix/qmgr[99]: 7CF329875C: from=<alerts@service.com>, size=569, nrcpt=1 (queue active)
Jun 17 12:18:54 email-threat-docker postfix/smtpd[263]: disconnect from unknown[172.20.0.1] ehlo=1 mail=1 rcpt=1 data=1 quit=1 commands=5
Jun 17 12:18:54 email-threat-docker postfix/smtpd[276]: connect from scanner.holbertonshcool-cybersecurity-final-proyect_threat-net[172.20.0.3]
Jun 17 12:18:54 email-threat-docker postfix/smtpd[276]: 829BB98763: client=scanner.holbertonshcool-cybersecurity-final-proyect_threat-net[172.20.0.3]
Jun 17 12:18:54 email-threat-docker postfix/cleanup[274]: 829BB98763: message-id=<>
Jun 17 12:18:54 email-threat-docker postfix/qmgr[99]: 829BB98763: from=<alerts@service.com>, size=825, nrcpt=1 (queue active)
Jun 17 12:18:54 email-threat-docker postfix/smtpd[276]: disconnect from scanner.holbertonshcool-cybersecurity-final-proyect_threat-net[172.20.0.3] ehlo=1 mail=1 rcpt=1 data=1 quit=1 commands=5
Jun 17 12:18:54 email-threat-docker postfix/smtp[275]: 7CF329875C: to=<recipient@email-threat-docker.local>, relay=scanner[172.20.0.3]:10025, delay=0.03, delays=0.01/0/0.01/0.02, dsn=2.0.0, status=sent (250 Message delivered)
Jun 17 12:18:54 email-threat-docker postfix/qmgr[99]: 7CF329875C: removed
Jun 17 12:18:54 email-threat-docker postfix/local[277]: 829BB98763: to=<recipient@email-threat-docker.local>, relay=local, delay=0.01, delays=0.01/0/0/0.01, dsn=2.0.0, status=sent (delivered to command: /usr/bin/procmail)
Jun 17 12:18:54 email-threat-docker postfix/qmgr[99]: 829BB98763: removed
Jun 17 12:18:54 email-threat-docker postfix/smtpd[263]: connect from unknown[172.20.0.1]
Jun 17 12:18:55 email-threat-docker postfix/smtpd[263]: 7C45E9875C: client=unknown[172.20.0.1]
Jun 17 12:18:55 email-threat-docker postfix/cleanup[274]: 7C45E9875C: prepend: header Subject: Mandatory W-2 Form from unknown[172.20.0.1]; from=<hr@company.com> to=<recipient@email-threat-docker.local> proto=ESMTP helo=<[192.168.48.1]>: [Subject: ]
Jun 17 12:18:55 email-threat-docker postfix/cleanup[274]: 7C45E9875C: message-id=<>
Jun 17 12:18:55 email-threat-docker postfix/qmgr[99]: 7C45E9875C: from=<hr@company.com>, size=510, nrcpt=1 (queue active)
Jun 17 12:18:55 email-threat-docker postfix/smtpd[263]: disconnect from unknown[172.20.0.1] ehlo=1 mail=1 rcpt=1 data=1 quit=1 commands=5
Jun 17 12:18:55 email-threat-docker postfix/smtpd[276]: connect from scanner.holbertonshcool-cybersecurity-final-proyect_threat-net[172.20.0.3]
Jun 17 12:18:55 email-threat-docker postfix/smtpd[276]: 81EE098763: client=scanner.holbertonshcool-cybersecurity-final-proyect_threat-net[172.20.0.3]
Jun 17 12:18:55 email-threat-docker postfix/cleanup[274]: 81EE098763: message-id=<>
Jun 17 12:18:55 email-threat-docker postfix/qmgr[99]: 81EE098763: from=<hr@company.com>, size=766, nrcpt=1 (queue active)
Jun 17 12:18:55 email-threat-docker postfix/smtpd[276]: disconnect from scanner.holbertonshcool-cybersecurity-final-proyect_threat-net[172.20.0.3] ehlo=1 mail=1 rcpt=1 data=1 quit=1 commands=5
Jun 17 12:18:55 email-threat-docker postfix/smtp[275]: 7C45E9875C: to=<recipient@email-threat-docker.local>, relay=scanner[172.20.0.3]:10025, delay=0.03, delays=0.01/0/0.01/0.02, dsn=2.0.0, status=sent (250 Message delivered)
Jun 17 12:18:55 email-threat-docker postfix/qmgr[99]: 7C45E9875C: removed
Jun 17 12:18:55 email-threat-docker postfix/local[279]: 81EE098763: to=<recipient@email-threat-docker.local>, relay=local, delay=0.01, delays=0.01/0/0/0.01, dsn=2.0.0, status=sent (delivered to command: /usr/bin/procmail)
Jun 17 12:18:55 email-threat-docker postfix/qmgr[99]: 81EE098763: removed
Jun 17 12:18:55 email-threat-docker postfix/smtpd[263]: connect from unknown[172.20.0.1]
Jun 17 12:18:56 email-threat-docker postfix/smtpd[263]: 73F5F9875C: client=unknown[172.20.0.1]
Jun 17 12:18:56 email-threat-docker postfix/cleanup[274]: 73F5F9875C: prepend: header Subject: Account Verification Needed from unknown[172.20.0.1]; from=<rewards@shopping.com> to=<recipient@email-threat-docker.local> proto=ESMTP helo=<[192.168.48.1]>: [Subject: ]
Jun 17 12:18:56 email-threat-docker postfix/cleanup[274]: 73F5F9875C: message-id=<>
Jun 17 12:18:56 email-threat-docker postfix/qmgr[99]: 73F5F9875C: from=<rewards@shopping.com>, size=572, nrcpt=1 (queue active)
Jun 17 12:18:56 email-threat-docker postfix/smtpd[263]: disconnect from unknown[172.20.0.1] ehlo=1 mail=1 rcpt=1 data=1 quit=1 commands=5
Jun 17 12:18:56 email-threat-docker postfix/smtpd[276]: connect from scanner.holbertonshcool-cybersecurity-final-proyect_threat-net[172.20.0.3]
Jun 17 12:18:56 email-threat-docker postfix/smtpd[276]: 797BD98763: client=scanner.holbertonshcool-cybersecurity-final-proyect_threat-net[172.20.0.3]
Jun 17 12:18:56 email-threat-docker postfix/cleanup[274]: 797BD98763: message-id=<>
Jun 17 12:18:56 email-threat-docker postfix/qmgr[99]: 797BD98763: from=<rewards@shopping.com>, size=828, nrcpt=1 (queue active)
Jun 17 12:18:56 email-threat-docker postfix/smtpd[276]: disconnect from scanner.holbertonshcool-cybersecurity-final-proyect_threat-net[172.20.0.3] ehlo=1 mail=1 rcpt=1 data=1 quit=1 commands=5
Jun 17 12:18:56 email-threat-docker postfix/smtp[275]: 73F5F9875C: to=<recipient@email-threat-docker.local>, relay=scanner[172.20.0.3]:10025, delay=0.03, delays=0.01/0/0.01/0.02, dsn=2.0.0, status=sent (250 Message delivered)
Jun 17 12:18:56 email-threat-docker postfix/qmgr[99]: 73F5F9875C: removed
Jun 17 12:18:56 email-threat-docker postfix/local[277]: 797BD98763: to=<recipient@email-threat-docker.local>, relay=local, delay=0.01, delays=0.01/0/0/0.01, dsn=2.0.0, status=sent (delivered to command: /usr/bin/procmail)
Jun 17 12:18:56 email-threat-docker postfix/qmgr[99]: 797BD98763: removed
Jun 17 12:18:56 email-threat-docker postfix/smtpd[263]: connect from unknown[172.20.0.1]
Jun 17 12:18:57 email-threat-docker postfix/smtpd[263]: 706E49875C: client=unknown[172.20.0.1]
Jun 17 12:18:57 email-threat-docker postfix/cleanup[274]: 706E49875C: prepend: header Subject: Password Reset Request from unknown[172.20.0.1]; from=<security@onlinebank.com> to=<recipient@email-threat-docker.local> proto=ESMTP helo=<[192.168.48.1]>: [Subject: ]
Jun 17 12:18:57 email-threat-docker postfix/cleanup[274]: 706E49875C: message-id=<>
Jun 17 12:18:57 email-threat-docker postfix/qmgr[99]: 706E49875C: from=<security@onlinebank.com>, size=541, nrcpt=1 (queue active)
Jun 17 12:18:57 email-threat-docker postfix/smtpd[263]: disconnect from unknown[172.20.0.1] ehlo=1 mail=1 rcpt=1 data=1 quit=1 commands=5
Jun 17 12:18:57 email-threat-docker postfix/smtp[275]: 706E49875C: to=<recipient@email-threat-docker.local>, relay=scanner[172.20.0.3]:10025, delay=0.02, delays=0.01/0/0.01/0.01, dsn=2.0.0, status=sent (250 Message quarantined)
Jun 17 12:18:57 email-threat-docker postfix/qmgr[99]: 706E49875C: removed
Jun 17 12:18:57 email-threat-docker postfix/smtpd[263]: connect from unknown[172.20.0.1]
Jun 17 12:18:58 email-threat-docker postfix/smtpd[263]: 6C8559874F: client=unknown[172.20.0.1]
Jun 17 12:18:58 email-threat-docker postfix/cleanup[274]: 6C8559874F: prepend: header Subject: Mandatory Company Survey from unknown[172.20.0.1]; from=<alerts@service.com> to=<recipient@email-threat-docker.local> proto=ESMTP helo=<[192.168.48.1]>: [Subject: ]
Jun 17 12:18:58 email-threat-docker postfix/cleanup[274]: 6C8559874F: message-id=<>
Jun 17 12:18:58 email-threat-docker postfix/qmgr[99]: 6C8559874F: from=<alerts@service.com>, size=529, nrcpt=1 (queue active)
Jun 17 12:18:58 email-threat-docker postfix/smtpd[263]: disconnect from unknown[172.20.0.1] ehlo=1 mail=1 rcpt=1 data=1 quit=1 commands=5
Jun 17 12:18:58 email-threat-docker postfix/smtpd[276]: connect from scanner.holbertonshcool-cybersecurity-final-proyect_threat-net[172.20.0.3]
Jun 17 12:18:58 email-threat-docker postfix/smtpd[276]: 7235398764: client=scanner.holbertonshcool-cybersecurity-final-proyect_threat-net[172.20.0.3]
Jun 17 12:18:58 email-threat-docker postfix/cleanup[274]: 7235398764: message-id=<>
Jun 17 12:18:58 email-threat-docker postfix/qmgr[99]: 7235398764: from=<alerts@service.com>, size=785, nrcpt=1 (queue active)
Jun 17 12:18:58 email-threat-docker postfix/smtpd[276]: disconnect from scanner.holbertonshcool-cybersecurity-final-proyect_threat-net[172.20.0.3] ehlo=1 mail=1 rcpt=1 data=1 quit=1 commands=5
Jun 17 12:18:58 email-threat-docker postfix/smtp[275]: 6C8559874F: to=<recipient@email-threat-docker.local>, relay=scanner[172.20.0.3]:10025, delay=0.03, delays=0.01/0/0.01/0.02, dsn=2.0.0, status=sent (250 Message delivered)
Jun 17 12:18:58 email-threat-docker postfix/qmgr[99]: 6C8559874F: removed
Jun 17 12:18:58 email-threat-docker postfix/local[279]: 7235398764: to=<recipient@email-threat-docker.local>, relay=local, delay=0.01, delays=0.01/0/0/0.01, dsn=2.0.0, status=sent (delivered to command: /usr/bin/procmail)
Jun 17 12:18:58 email-threat-docker postfix/qmgr[99]: 7235398764: removed
Jun 17 12:18:58 email-threat-docker postfix/smtpd[263]: connect from unknown[172.20.0.1]
Jun 17 12:18:59 email-threat-docker postfix/smtpd[263]: 6B8379874F: client=unknown[172.20.0.1]
Jun 17 12:18:59 email-threat-docker postfix/cleanup[274]: 6B8379874F: prepend: header Subject: Suspicious Login Attempt from unknown[172.20.0.1]; from=<support@bank.com> to=<recipient@email-threat-docker.local> proto=ESMTP helo=<[192.168.48.1]>: [Subject: ]
Jun 17 12:18:59 email-threat-docker postfix/cleanup[274]: 6B8379874F: message-id=<>
Jun 17 12:18:59 email-threat-docker postfix/qmgr[99]: 6B8379874F: from=<support@bank.com>, size=548, nrcpt=1 (queue active)
Jun 17 12:18:59 email-threat-docker postfix/smtpd[263]: disconnect from unknown[172.20.0.1] ehlo=1 mail=1 rcpt=1 data=1 quit=1 commands=5
Jun 17 12:18:59 email-threat-docker postfix/smtpd[276]: connect from scanner.holbertonshcool-cybersecurity-final-proyect_threat-net[172.20.0.3]
Jun 17 12:18:59 email-threat-docker postfix/smtpd[276]: 71ABB98764: client=scanner.holbertonshcool-cybersecurity-final-proyect_threat-net[172.20.0.3]
Jun 17 12:18:59 email-threat-docker postfix/cleanup[274]: 71ABB98764: message-id=<>
Jun 17 12:18:59 email-threat-docker postfix/qmgr[99]: 71ABB98764: from=<support@bank.com>, size=804, nrcpt=1 (queue active)
Jun 17 12:18:59 email-threat-docker postfix/smtpd[276]: disconnect from scanner.holbertonshcool-cybersecurity-final-proyect_threat-net[172.20.0.3] ehlo=1 mail=1 rcpt=1 data=1 quit=1 commands=5
Jun 17 12:18:59 email-threat-docker postfix/smtp[275]: 6B8379874F: to=<recipient@email-threat-docker.local>, relay=scanner[172.20.0.3]:10025, delay=0.04, delays=0.01/0/0.01/0.02, dsn=2.0.0, status=sent (250 Message delivered)
Jun 17 12:18:59 email-threat-docker postfix/qmgr[99]: 6B8379874F: removed
Jun 17 12:18:59 email-threat-docker postfix/local[277]: 71ABB98764: to=<recipient@email-threat-docker.local>, relay=local, delay=0.02, delays=0.01/0/0/0.01, dsn=2.0.0, status=sent (delivered to command: /usr/bin/procmail)
Jun 17 12:18:59 email-threat-docker postfix/qmgr[99]: 71ABB98764: removed
Jun 17 12:18:59 email-threat-docker postfix/smtpd[263]: connect from unknown[172.20.0.1]
Jun 17 12:19:00 email-threat-docker postfix/smtpd[263]: 70BA09874F: client=unknown[172.20.0.1]
Jun 17 12:19:00 email-threat-docker postfix/cleanup[274]: 70BA09874F: prepend: header Subject: Account Compromised from unknown[172.20.0.1]; from=<devteam@company.com> to=<recipient@email-threat-docker.local> proto=ESMTP helo=<[192.168.48.1]>: [Subject: ]
Jun 17 12:19:00 email-threat-docker postfix/cleanup[274]: 70BA09874F: message-id=<>
Jun 17 12:19:00 email-threat-docker postfix/qmgr[99]: 70BA09874F: from=<devteam@company.com>, size=526, nrcpt=1 (queue active)
Jun 17 12:19:00 email-threat-docker postfix/smtpd[263]: disconnect from unknown[172.20.0.1] ehlo=1 mail=1 rcpt=1 data=1 quit=1 commands=5
Jun 17 12:19:00 email-threat-docker postfix/smtp[275]: 70BA09874F: to=<recipient@email-threat-docker.local>, relay=scanner[172.20.0.3]:10025, delay=0.02, delays=0.01/0/0.01/0.01, dsn=2.0.0, status=sent (250 Message quarantined)
Jun 17 12:19:00 email-threat-docker postfix/qmgr[99]: 70BA09874F: removed
Jun 17 12:19:00 email-threat-docker postfix/smtpd[263]: connect from unknown[172.20.0.1]
Jun 17 12:19:01 email-threat-docker postfix/smtpd[263]: 6A4A49874F: client=unknown[172.20.0.1]
Jun 17 12:19:01 email-threat-docker postfix/cleanup[274]: 6A4A49874F: prepend: header Subject: You've Won a $100 Gift Card! from unknown[172.20.0.1]; from=<communications@company.com> to=<recipient@email-threat-docker.local> proto=ESMTP helo=<[192.168.48.1]>: [Subject: ]
Jun 17 12:19:01 email-threat-docker postfix/cleanup[274]: 6A4A49874F: message-id=<>
Jun 17 12:19:01 email-threat-docker postfix/qmgr[99]: 6A4A49874F: from=<communications@company.com>, size=538, nrcpt=1 (queue active)
Jun 17 12:19:01 email-threat-docker postfix/smtpd[263]: disconnect from unknown[172.20.0.1] ehlo=1 mail=1 rcpt=1 data=1 quit=1 commands=5
Jun 17 12:19:01 email-threat-docker postfix/smtpd[276]: connect from scanner.holbertonshcool-cybersecurity-final-proyect_threat-net[172.20.0.3]
Jun 17 12:19:01 email-threat-docker postfix/smtpd[276]: 7040D98765: client=scanner.holbertonshcool-cybersecurity-final-proyect_threat-net[172.20.0.3]
Jun 17 12:19:01 email-threat-docker postfix/cleanup[274]: 7040D98765: message-id=<>
Jun 17 12:19:01 email-threat-docker postfix/qmgr[99]: 7040D98765: from=<communications@company.com>, size=794, nrcpt=1 (queue active)
Jun 17 12:19:01 email-threat-docker postfix/smtpd[276]: disconnect from scanner.holbertonshcool-cybersecurity-final-proyect_threat-net[172.20.0.3] ehlo=1 mail=1 rcpt=1 data=1 quit=1 commands=5
Jun 17 12:19:01 email-threat-docker postfix/smtp[275]: 6A4A49874F: to=<recipient@email-threat-docker.local>, relay=scanner[172.20.0.3]:10025, delay=0.03, delays=0.01/0/0/0.02, dsn=2.0.0, status=sent (250 Message delivered)
Jun 17 12:19:01 email-threat-docker postfix/qmgr[99]: 6A4A49874F: removed
Jun 17 12:19:01 email-threat-docker postfix/local[279]: 7040D98765: to=<recipient@email-threat-docker.local>, relay=local, delay=0.01, delays=0.01/0/0/0.01, dsn=2.0.0, status=sent (delivered to command: /usr/bin/procmail)
Jun 17 12:19:01 email-threat-docker postfix/qmgr[99]: 7040D98765: removed
Jun 17 12:19:01 email-threat-docker postfix/smtpd[263]: connect from unknown[172.20.0.1]
Jun 17 12:19:02 email-threat-docker postfix/smtpd[263]: 6365B9874F: client=unknown[172.20.0.1]
Jun 17 12:19:02 email-threat-docker postfix/cleanup[274]: 6365B9874F: prepend: header Subject: Quick Employee Survey from unknown[172.20.0.1]; from=<notifications@company.com> to=<recipient@email-threat-docker.local> proto=ESMTP helo=<[192.168.48.1]>: [Subject: ]
Jun 17 12:19:02 email-threat-docker postfix/cleanup[274]: 6365B9874F: message-id=<>
Jun 17 12:19:02 email-threat-docker postfix/qmgr[99]: 6365B9874F: from=<notifications@company.com>, size=517, nrcpt=1 (queue active)
Jun 17 12:19:02 email-threat-docker postfix/smtpd[263]: disconnect from unknown[172.20.0.1] ehlo=1 mail=1 rcpt=1 data=1 quit=1 commands=5
Jun 17 12:19:02 email-threat-docker postfix/smtpd[276]: connect from scanner.holbertonshcool-cybersecurity-final-proyect_threat-net[172.20.0.3]
Jun 17 12:19:02 email-threat-docker postfix/smtpd[276]: 68F3F98765: client=scanner.holbertonshcool-cybersecurity-final-proyect_threat-net[172.20.0.3]
Jun 17 12:19:02 email-threat-docker postfix/cleanup[274]: 68F3F98765: message-id=<>
Jun 17 12:19:02 email-threat-docker postfix/qmgr[99]: 68F3F98765: from=<notifications@company.com>, size=773, nrcpt=1 (queue active)
Jun 17 12:19:02 email-threat-docker postfix/smtpd[276]: disconnect from scanner.holbertonshcool-cybersecurity-final-proyect_threat-net[172.20.0.3] ehlo=1 mail=1 rcpt=1 data=1 quit=1 commands=5
Jun 17 12:19:02 email-threat-docker postfix/smtp[275]: 6365B9874F: to=<recipient@email-threat-docker.local>, relay=scanner[172.20.0.3]:10025, delay=0.03, delays=0.01/0/0.01/0.02, dsn=2.0.0, status=sent (250 Message delivered)
Jun 17 12:19:02 email-threat-docker postfix/qmgr[99]: 6365B9874F: removed
Jun 17 12:19:02 email-threat-docker postfix/local[277]: 68F3F98765: to=<recipient@email-threat-docker.local>, relay=local, delay=0.01, delays=0.01/0/0/0.01, dsn=2.0.0, status=sent (delivered to command: /usr/bin/procmail)
Jun 17 12:19:02 email-threat-docker postfix/qmgr[99]: 68F3F98765: removed
Jun 17 12:19:02 email-threat-docker postfix/smtpd[263]: connect from unknown[172.20.0.1]
Jun 17 12:19:03 email-threat-docker postfix/smtpd[263]: 5CC499874F: client=unknown[172.20.0.1]
Jun 17 12:19:03 email-threat-docker postfix/cleanup[274]: 5CC499874F: prepend: header Subject: URGENT: Security Alert from unknown[172.20.0.1]; from=<noreply@itdept.company.com> to=<recipient@email-threat-docker.local> proto=ESMTP helo=<[192.168.48.1]>: [Subject: ]
Jun 17 12:19:03 email-threat-docker postfix/cleanup[274]: 5CC499874F: message-id=<>
Jun 17 12:19:03 email-threat-docker postfix/qmgr[99]: 5CC499874F: from=<noreply@itdept.company.com>, size=909, nrcpt=1 (queue active)
Jun 17 12:19:03 email-threat-docker postfix/smtpd[263]: disconnect from unknown[172.20.0.1] ehlo=1 mail=1 rcpt=1 data=1 quit=1 commands=5
Jun 17 12:19:03 email-threat-docker postfix/smtp[275]: 5CC499874F: to=<recipient@email-threat-docker.local>, relay=scanner[172.20.0.3]:10025, delay=0.03, delays=0.01/0/0.01/0.01, dsn=2.0.0, status=sent (250 Message quarantined)
Jun 17 12:19:03 email-threat-docker postfix/qmgr[99]: 5CC499874F: removed
Jun 17 12:19:06 email-threat-docker postfix/smtpd[263]: connect from unknown[172.20.0.1]
Jun 17 12:19:07 email-threat-docker postfix/smtpd[263]: B7FF59874F: client=unknown[172.20.0.1]
Jun 17 12:19:07 email-threat-docker postfix/cleanup[274]: B7FF59874F: prepend: header Subject: Invoice #INV-9876 from unknown[172.20.0.1]; from=<support@bank.com> to=<recipient@email-threat-docker.local> proto=ESMTP helo=<[192.168.48.1]>: [Subject: ]
Jun 17 12:19:07 email-threat-docker postfix/cleanup[274]: B7FF59874F: message-id=<>
Jun 17 12:19:07 email-threat-docker postfix/qmgr[99]: B7FF59874F: from=<support@bank.com>, size=2194, nrcpt=1 (queue active)
Jun 17 12:19:07 email-threat-docker postfix/smtpd[263]: disconnect from unknown[172.20.0.1] ehlo=1 mail=1 rcpt=1 data=1 quit=1 commands=5
Jun 17 12:19:07 email-threat-docker postfix/smtp[275]: B7FF59874F: to=<recipient@email-threat-docker.local>, relay=scanner[172.20.0.3]:10025, delay=0.03, delays=0.01/0/0.01/0.01, dsn=2.0.0, status=sent (250 Message quarantined)
Jun 17 12:19:07 email-threat-docker postfix/qmgr[99]: B7FF59874F: removed
Jun 17 12:19:07 email-threat-docker postfix/smtpd[263]: connect from unknown[172.20.0.1]
Jun 17 12:19:08 email-threat-docker postfix/smtpd[263]: AF8BB9874F: client=unknown[172.20.0.1]
Jun 17 12:19:08 email-threat-docker postfix/cleanup[274]: AF8BB9874F: prepend: header Subject: Account Verification Needed from unknown[172.20.0.1]; from=<events@company.com> to=<recipient@email-threat-docker.local> proto=ESMTP helo=<[192.168.48.1]>: [Subject: ]
Jun 17 12:19:08 email-threat-docker postfix/cleanup[274]: AF8BB9874F: message-id=<>
Jun 17 12:19:08 email-threat-docker postfix/qmgr[99]: AF8BB9874F: from=<events@company.com>, size=495, nrcpt=1 (queue active)
Jun 17 12:19:08 email-threat-docker postfix/smtpd[263]: disconnect from unknown[172.20.0.1] ehlo=1 mail=1 rcpt=1 data=1 quit=1 commands=5
Jun 17 12:19:08 email-threat-docker postfix/smtp[275]: AF8BB9874F: to=<recipient@email-threat-docker.local>, relay=scanner[172.20.0.3]:10025, delay=0.02, delays=0.01/0/0.01/0.01, dsn=2.0.0, status=sent (250 Message quarantined)
Jun 17 12:19:08 email-threat-docker postfix/qmgr[99]: AF8BB9874F: removed
Jun 17 12:19:08 email-threat-docker postfix/smtpd[263]: connect from unknown[172.20.0.1]
Jun 17 12:19:09 email-threat-docker postfix/smtpd[263]: AF61D9874F: client=unknown[172.20.0.1]
Jun 17 12:19:09 email-threat-docker postfix/cleanup[274]: AF61D9874F: prepend: header Subject: Document Shared from unknown[172.20.0.1]; from=<communications@company.com> to=<recipient@email-threat-docker.local> proto=ESMTP helo=<[192.168.48.1]>: [Subject: ]
Jun 17 12:19:09 email-threat-docker postfix/cleanup[274]: AF61D9874F: message-id=<>
Jun 17 12:19:09 email-threat-docker postfix/qmgr[99]: AF61D9874F: from=<communications@company.com>, size=663, nrcpt=1 (queue active)
Jun 17 12:19:09 email-threat-docker postfix/smtpd[263]: disconnect from unknown[172.20.0.1] ehlo=1 mail=1 rcpt=1 data=1 quit=1 commands=5
Jun 17 12:19:09 email-threat-docker postfix/smtp[275]: AF61D9874F: to=<recipient@email-threat-docker.local>, relay=scanner[172.20.0.3]:10025, delay=0.08, delays=0.01/0/0.04/0.02, dsn=2.0.0, status=sent (250 Message quarantined)
Jun 17 12:19:09 email-threat-docker postfix/qmgr[99]: AF61D9874F: removed
Jun 17 12:19:09 email-threat-docker postfix/smtpd[263]: connect from unknown[172.20.0.1]
Jun 17 12:19:10 email-threat-docker postfix/smtpd[263]: AED259874F: client=unknown[172.20.0.1]
Jun 17 12:19:10 email-threat-docker postfix/cleanup[274]: AED259874F: prepend: header Subject: Encrypted Report from unknown[172.20.0.1]; from=<security@onlinebank.com> to=<recipient@email-threat-docker.local> proto=ESMTP helo=<[192.168.48.1]>: [Subject: ]
Jun 17 12:19:10 email-threat-docker postfix/cleanup[274]: AED259874F: message-id=<>
Jun 17 12:19:10 email-threat-docker postfix/qmgr[99]: AED259874F: from=<security@onlinebank.com>, size=2194, nrcpt=1 (queue active)
Jun 17 12:19:10 email-threat-docker postfix/smtpd[263]: disconnect from unknown[172.20.0.1] ehlo=1 mail=1 rcpt=1 data=1 quit=1 commands=5
Jun 17 12:19:10 email-threat-docker postfix/smtp[275]: AED259874F: to=<recipient@email-threat-docker.local>, relay=scanner[172.20.0.3]:10025, delay=0.02, delays=0.01/0/0.01/0.01, dsn=2.0.0, status=sent (250 Message quarantined)
Jun 17 12:19:10 email-threat-docker postfix/qmgr[99]: AED259874F: removed
Jun 17 12:19:10 email-threat-docker postfix/smtpd[263]: connect from unknown[172.20.0.1]
Jun 17 12:19:11 email-threat-docker postfix/smtpd[263]: C05C59875C: client=unknown[172.20.0.1]
Jun 17 12:19:11 email-threat-docker postfix/cleanup[274]: C05C59875C: prepend: header Subject: Password Reset Required from unknown[172.20.0.1]; from=<support@bank.com> to=<recipient@email-threat-docker.local> proto=ESMTP helo=<[192.168.48.1]>: [Subject: ]
Jun 17 12:19:11 email-threat-docker postfix/cleanup[274]: C05C59875C: message-id=<>
Jun 17 12:19:11 email-threat-docker postfix/qmgr[99]: C05C59875C: from=<support@bank.com>, size=471, nrcpt=1 (queue active)
Jun 17 12:19:11 email-threat-docker postfix/smtpd[263]: disconnect from unknown[172.20.0.1] ehlo=1 mail=1 rcpt=1 data=1 quit=1 commands=5
Jun 17 12:19:11 email-threat-docker postfix/smtp[275]: C05C59875C: to=<recipient@email-threat-docker.local>, relay=scanner[172.20.0.3]:10025, delay=0.03, delays=0.01/0/0.01/0.01, dsn=2.0.0, status=sent (250 Message quarantined)
Jun 17 12:19:11 email-threat-docker postfix/qmgr[99]: C05C59875C: removed
Jun 17 12:19:12 email-threat-docker postfix/smtpd[263]: connect from unknown[172.20.0.1]
Jun 17 12:19:12 email-threat-docker postfix/smtpd[263]: E643C9875C: client=unknown[172.20.0.1]
Jun 17 12:19:12 email-threat-docker postfix/cleanup[274]: E643C9875C: prepend: header Subject: Your Package Tracking from unknown[172.20.0.1]; from=<admin@company.com> to=<recipient@email-threat-docker.local> proto=ESMTP helo=<[192.168.48.1]>: [Subject: ]
Jun 17 12:19:12 email-threat-docker postfix/cleanup[274]: E643C9875C: message-id=<>
Jun 17 12:19:12 email-threat-docker postfix/qmgr[99]: E643C9875C: from=<admin@company.com>, size=468, nrcpt=1 (queue active)
Jun 17 12:19:12 email-threat-docker postfix/smtpd[263]: disconnect from unknown[172.20.0.1] ehlo=1 mail=1 rcpt=1 data=1 quit=1 commands=5
Jun 17 12:19:12 email-threat-docker postfix/smtpd[276]: connect from scanner.holbertonshcool-cybersecurity-final-proyect_threat-net[172.20.0.3]
Jun 17 12:19:12 email-threat-docker postfix/smtpd[276]: EC0809876B: client=scanner.holbertonshcool-cybersecurity-final-proyect_threat-net[172.20.0.3]
Jun 17 12:19:12 email-threat-docker postfix/cleanup[274]: EC0809876B: message-id=<>
Jun 17 12:19:12 email-threat-docker postfix/qmgr[99]: EC0809876B: from=<admin@company.com>, size=724, nrcpt=1 (queue active)
Jun 17 12:19:12 email-threat-docker postfix/smtpd[276]: disconnect from scanner.holbertonshcool-cybersecurity-final-proyect_threat-net[172.20.0.3] ehlo=1 mail=1 rcpt=1 data=1 quit=1 commands=5
Jun 17 12:19:12 email-threat-docker postfix/smtp[275]: E643C9875C: to=<recipient@email-threat-docker.local>, relay=scanner[172.20.0.3]:10025, delay=0.03, delays=0.01/0/0.01/0.02, dsn=2.0.0, status=sent (250 Message delivered)
Jun 17 12:19:12 email-threat-docker postfix/qmgr[99]: E643C9875C: removed
Jun 17 12:19:12 email-threat-docker postfix/local[279]: EC0809876B: to=<recipient@email-threat-docker.local>, relay=local, delay=0.01, delays=0.01/0/0/0.01, dsn=2.0.0, status=sent (delivered to command: /usr/bin/procmail)
Jun 17 12:19:12 email-threat-docker postfix/qmgr[99]: EC0809876B: removed
Jun 17 12:19:13 email-threat-docker postfix/smtpd[263]: connect from unknown[172.20.0.1]
Jun 17 12:19:13 email-threat-docker postfix/smtpd[263]: E20CF9875C: client=unknown[172.20.0.1]
Jun 17 12:19:13 email-threat-docker postfix/cleanup[274]: E20CF9875C: prepend: header Subject: Financial Report from unknown[172.20.0.1]; from=<notifications@company.com> to=<recipient@email-threat-docker.local> proto=ESMTP helo=<[192.168.48.1]>: [Subject: ]
Jun 17 12:19:13 email-threat-docker postfix/cleanup[274]: E20CF9875C: message-id=<>
Jun 17 12:19:13 email-threat-docker postfix/qmgr[99]: E20CF9875C: from=<notifications@company.com>, size=815, nrcpt=1 (queue active)
Jun 17 12:19:13 email-threat-docker postfix/smtpd[263]: disconnect from unknown[172.20.0.1] ehlo=1 mail=1 rcpt=1 data=1 quit=1 commands=5
Jun 17 12:19:13 email-threat-docker postfix/smtp[275]: E20CF9875C: to=<recipient@email-threat-docker.local>, relay=scanner[172.20.0.3]:10025, delay=0.03, delays=0.01/0/0.01/0.01, dsn=2.0.0, status=sent (250 Message quarantined)
Jun 17 12:19:13 email-threat-docker postfix/qmgr[99]: E20CF9875C: removed
Jun 17 12:19:14 email-threat-docker postfix/smtpd[263]: connect from unknown[172.20.0.1]
Jun 17 12:19:14 email-threat-docker postfix/smtpd[263]: DD4289875C: client=unknown[172.20.0.1]
Jun 17 12:19:14 email-threat-docker postfix/cleanup[274]: DD4289875C: prepend: header Subject: Microsoft Security Update from unknown[172.20.0.1]; from=<noreply@itdept.company.com> to=<recipient@email-threat-docker.local> proto=ESMTP helo=<[192.168.48.1]>: [Subject: ]
Jun 17 12:19:14 email-threat-docker postfix/cleanup[274]: DD4289875C: message-id=<>
Jun 17 12:19:14 email-threat-docker postfix/qmgr[99]: DD4289875C: from=<noreply@itdept.company.com>, size=2278, nrcpt=1 (queue active)
Jun 17 12:19:14 email-threat-docker postfix/smtpd[263]: disconnect from unknown[172.20.0.1] ehlo=1 mail=1 rcpt=1 data=1 quit=1 commands=5
Jun 17 12:19:14 email-threat-docker postfix/smtp[275]: DD4289875C: to=<recipient@email-threat-docker.local>, relay=scanner[172.20.0.3]:10025, delay=0.03, delays=0.01/0/0.01/0.01, dsn=2.0.0, status=sent (250 Message quarantined)
Jun 17 12:19:14 email-threat-docker postfix/qmgr[99]: DD4289875C: removed
Jun 17 12:19:15 email-threat-docker postfix/smtpd[263]: connect from unknown[172.20.0.1]
Jun 17 12:19:15 email-threat-docker postfix/smtpd[263]: D8C409875C: client=unknown[172.20.0.1]
Jun 17 12:19:15 email-threat-docker postfix/cleanup[274]: D8C409875C: prepend: header Subject: Undelivered Mail Notification from unknown[172.20.0.1]; from=<billing@legit-company.com> to=<recipient@email-threat-docker.local> proto=ESMTP helo=<[192.168.48.1]>: [Subject: ]
Jun 17 12:19:15 email-threat-docker postfix/cleanup[274]: D8C409875C: message-id=<>
Jun 17 12:19:15 email-threat-docker postfix/qmgr[99]: D8C409875C: from=<billing@legit-company.com>, size=896, nrcpt=1 (queue active)
Jun 17 12:19:15 email-threat-docker postfix/smtpd[263]: disconnect from unknown[172.20.0.1] ehlo=1 mail=1 rcpt=1 data=1 quit=1 commands=5
Jun 17 12:19:15 email-threat-docker postfix/smtpd[276]: connect from scanner.holbertonshcool-cybersecurity-final-proyect_threat-net[172.20.0.3]
Jun 17 12:19:15 email-threat-docker postfix/smtpd[276]: DE94A9876D: client=scanner.holbertonshcool-cybersecurity-final-proyect_threat-net[172.20.0.3]
Jun 17 12:19:15 email-threat-docker postfix/cleanup[274]: DE94A9876D: message-id=<>
Jun 17 12:19:15 email-threat-docker postfix/qmgr[99]: DE94A9876D: from=<billing@legit-company.com>, size=1152, nrcpt=1 (queue active)
Jun 17 12:19:15 email-threat-docker postfix/smtpd[276]: disconnect from scanner.holbertonshcool-cybersecurity-final-proyect_threat-net[172.20.0.3] ehlo=1 mail=1 rcpt=1 data=1 quit=1 commands=5
Jun 17 12:19:15 email-threat-docker postfix/smtp[275]: D8C409875C: to=<recipient@email-threat-docker.local>, relay=scanner[172.20.0.3]:10025, delay=0.04, delays=0.01/0/0/0.02, dsn=2.0.0, status=sent (250 Message delivered)
Jun 17 12:19:15 email-threat-docker postfix/qmgr[99]: D8C409875C: removed
Jun 17 12:19:15 email-threat-docker postfix/local[277]: DE94A9876D: to=<recipient@email-threat-docker.local>, relay=local, delay=0.02, delays=0.01/0/0/0.01, dsn=2.0.0, status=sent (delivered to command: /usr/bin/procmail)
Jun 17 12:19:15 email-threat-docker postfix/qmgr[99]: DE94A9876D: removed
Jun 17 12:29:46 email-threat-docker postfix/postfix-script[72]: warning: group or other writable: /etc/postfix/./main.cf
Jun 17 12:29:46 email-threat-docker postfix/postfix-script[73]: warning: group or other writable: /etc/postfix/./master.cf
Jun 17 12:29:46 email-threat-docker postfix/postfix-script[74]: warning: group or other writable: /etc/postfix/./transport
Jun 17 12:29:46 email-threat-docker postfix/postfix-script[97]: starting the Postfix mail system
Jun 17 12:29:46 email-threat-docker postfix/master[1]: daemon started -- version 3.6.4, configuration /etc/postfix
Jun 17 12:53:45 email-threat-docker postfix/smtpd[1911]: warning: dict_nis_init: NIS domain name not set - NIS lookups disabled
Jun 17 12:53:45 email-threat-docker postfix/smtpd[1911]: connect from unknown[172.20.0.1]
Jun 17 12:53:46 email-threat-docker postfix/smtpd[1911]: 86F70987B4: client=unknown[172.20.0.1]
Jun 17 12:53:46 email-threat-docker postfix/cleanup[1915]: 86F70987B4: prepend: header Subject: Upcoming Holiday Schedule from unknown[172.20.0.1]; from=<alerts@service.com> to=<recipient@email-threat-docker.local> proto=ESMTP helo=<[192.168.48.1]>: [Subject: ]
Jun 17 12:53:46 email-threat-docker postfix/cleanup[1915]: 86F70987B4: message-id=<>
Jun 17 12:53:46 email-threat-docker postfix/qmgr[99]: 86F70987B4: from=<alerts@service.com>, size=618, nrcpt=1 (queue active)
Jun 17 12:53:46 email-threat-docker postfix/smtpd[1911]: disconnect from unknown[172.20.0.1] ehlo=1 mail=1 rcpt=1 data=1 quit=1 commands=5
Jun 17 12:53:46 email-threat-docker postfix/smtpd[1917]: warning: dict_nis_init: NIS domain name not set - NIS lookups disabled
Jun 17 12:53:46 email-threat-docker postfix/smtpd[1917]: connect from scanner.holbertonshcool-cybersecurity-final-proyect_threat-net[172.20.0.3]
Jun 17 12:53:46 email-threat-docker postfix/smtpd[1917]: 95FC1987BC: client=scanner.holbertonshcool-cybersecurity-final-proyect_threat-net[172.20.0.3]
Jun 17 12:53:46 email-threat-docker postfix/cleanup[1915]: 95FC1987BC: message-id=<>
Jun 17 12:53:46 email-threat-docker postfix/qmgr[99]: 95FC1987BC: from=<alerts@service.com>, size=874, nrcpt=1 (queue active)
Jun 17 12:53:46 email-threat-docker postfix/smtpd[1917]: disconnect from scanner.holbertonshcool-cybersecurity-final-proyect_threat-net[172.20.0.3] ehlo=1 mail=1 rcpt=1 data=1 quit=1 commands=5
Jun 17 12:53:46 email-threat-docker postfix/smtp[1916]: 86F70987B4: to=<recipient@email-threat-docker.local>, relay=scanner[172.20.0.3]:10025, delay=0.08, delays=0.02/0.01/0.01/0.05, dsn=2.0.0, status=sent (250 Message delivered)
Jun 17 12:53:46 email-threat-docker postfix/qmgr[99]: 86F70987B4: removed
Jun 17 12:53:46 email-threat-docker postfix/local[1918]: warning: dict_nis_init: NIS domain name not set - NIS lookups disabled
Jun 17 12:53:46 email-threat-docker postfix/smtpd[1911]: connect from unknown[172.20.0.1]
Jun 17 12:53:47 email-threat-docker postfix/smtpd[1911]: 81863987C0: client=unknown[172.20.0.1]
Jun 17 12:53:47 email-threat-docker postfix/cleanup[1915]: 81863987C0: prepend: header Subject: Project Kickoff Meeting from unknown[172.20.0.1]; from=<support@service.com> to=<recipient@email-threat-docker.local> proto=ESMTP helo=<[192.168.48.1]>: [Subject: ]
Jun 17 12:53:47 email-threat-docker postfix/cleanup[1915]: 81863987C0: message-id=<>
Jun 17 12:53:47 email-threat-docker postfix/qmgr[99]: 81863987C0: from=<support@service.com>, size=633, nrcpt=1 (queue active)
Jun 17 12:53:47 email-threat-docker postfix/smtpd[1911]: disconnect from unknown[172.20.0.1] ehlo=1 mail=1 rcpt=1 data=1 quit=1 commands=5
Jun 17 12:53:47 email-threat-docker postfix/smtpd[1917]: connect from scanner.holbertonshcool-cybersecurity-final-proyect_threat-net[172.20.0.3]
Jun 17 12:53:47 email-threat-docker postfix/smtpd[1917]: 87ED9987C1: client=scanner.holbertonshcool-cybersecurity-final-proyect_threat-net[172.20.0.3]
Jun 17 12:53:47 email-threat-docker postfix/cleanup[1915]: 87ED9987C1: message-id=<>
Jun 17 12:53:47 email-threat-docker postfix/qmgr[99]: 87ED9987C1: from=<support@service.com>, size=889, nrcpt=1 (queue active)
Jun 17 12:53:47 email-threat-docker postfix/smtpd[1917]: disconnect from scanner.holbertonshcool-cybersecurity-final-proyect_threat-net[172.20.0.3] ehlo=1 mail=1 rcpt=1 data=1 quit=1 commands=5
Jun 17 12:53:47 email-threat-docker postfix/smtp[1916]: 81863987C0: to=<recipient@email-threat-docker.local>, relay=scanner[172.20.0.3]:10025, delay=0.04, delays=0.01/0/0.01/0.02, dsn=2.0.0, status=sent (250 Message delivered)
Jun 17 12:53:47 email-threat-docker postfix/qmgr[99]: 81863987C0: removed
Jun 17 12:53:47 email-threat-docker postfix/local[1927]: warning: dict_nis_init: NIS domain name not set - NIS lookups disabled
Jun 17 12:53:47 email-threat-docker postfix/local[1918]: 95FC1987BC: to=<recipient@email-threat-docker.local>, relay=local, delay=1, delays=0.01/0.01/0/1, dsn=2.0.0, status=sent (delivered to command: /usr/bin/procmail)
Jun 17 12:53:47 email-threat-docker postfix/qmgr[99]: 95FC1987BC: removed
Jun 17 12:53:47 email-threat-docker postfix/smtpd[1911]: connect from unknown[172.20.0.1]
Jun 17 12:53:48 email-threat-docker postfix/smtpd[1911]: 7D0F4987BC: client=unknown[172.20.0.1]
Jun 17 12:53:48 email-threat-docker postfix/cleanup[1915]: 7D0F4987BC: prepend: header Subject: Scheduled Maintenance Tonight from unknown[172.20.0.1]; from=<newsletter@store.com> to=<recipient@email-threat-docker.local> proto=ESMTP helo=<[192.168.48.1]>: [Subject: ]
Jun 17 12:53:48 email-threat-docker postfix/cleanup[1915]: 7D0F4987BC: message-id=<>
Jun 17 12:53:48 email-threat-docker postfix/qmgr[99]: 7D0F4987BC: from=<newsletter@store.com>, size=635, nrcpt=1 (queue active)
Jun 17 12:53:48 email-threat-docker postfix/smtpd[1911]: disconnect from unknown[172.20.0.1] ehlo=1 mail=1 rcpt=1 data=1 quit=1 commands=5
Jun 17 12:53:48 email-threat-docker postfix/smtpd[1917]: connect from scanner.holbertonshcool-cybersecurity-final-proyect_threat-net[172.20.0.3]
Jun 17 12:53:48 email-threat-docker postfix/smtpd[1917]: 8346E987BF: client=scanner.holbertonshcool-cybersecurity-final-proyect_threat-net[172.20.0.3]
Jun 17 12:53:48 email-threat-docker postfix/cleanup[1915]: 8346E987BF: message-id=<>
Jun 17 12:53:48 email-threat-docker postfix/qmgr[99]: 8346E987BF: from=<newsletter@store.com>, size=891, nrcpt=1 (queue active)
Jun 17 12:53:48 email-threat-docker postfix/smtpd[1917]: disconnect from scanner.holbertonshcool-cybersecurity-final-proyect_threat-net[172.20.0.3] ehlo=1 mail=1 rcpt=1 data=1 quit=1 commands=5
Jun 17 12:53:48 email-threat-docker postfix/smtp[1916]: 7D0F4987BC: to=<recipient@email-threat-docker.local>, relay=scanner[172.20.0.3]:10025, delay=0.04, delays=0.01/0/0.01/0.02, dsn=2.0.0, status=sent (250 Message delivered)
Jun 17 12:53:48 email-threat-docker postfix/qmgr[99]: 7D0F4987BC: removed
Jun 17 12:53:48 email-threat-docker postfix/local[1918]: 8346E987BF: to=<recipient@email-threat-docker.local>, relay=local, delay=0.01, delays=0.01/0/0/0.01, dsn=2.0.0, status=sent (delivered to command: /usr/bin/procmail)
Jun 17 12:53:48 email-threat-docker postfix/qmgr[99]: 8346E987BF: removed
Jun 17 12:53:48 email-threat-docker postfix/smtpd[1911]: connect from unknown[172.20.0.1]
Jun 17 12:53:49 email-threat-docker postfix/smtpd[1911]: 78747987BC: client=unknown[172.20.0.1]
Jun 17 12:53:49 email-threat-docker postfix/cleanup[1915]: 78747987BC: prepend: header Subject: Your Subscription Renewal Confirmation from unknown[172.20.0.1]; from=<support@bank.com> to=<recipient@email-threat-docker.local> proto=ESMTP helo=<[192.168.48.1]>: [Subject: ]
Jun 17 12:53:49 email-threat-docker postfix/cleanup[1915]: 78747987BC: message-id=<>
Jun 17 12:53:49 email-threat-docker postfix/qmgr[99]: 78747987BC: from=<support@bank.com>, size=596, nrcpt=1 (queue active)
Jun 17 12:53:49 email-threat-docker postfix/smtpd[1911]: disconnect from unknown[172.20.0.1] ehlo=1 mail=1 rcpt=1 data=1 quit=1 commands=5
Jun 17 12:53:49 email-threat-docker postfix/smtpd[1917]: connect from scanner.holbertonshcool-cybersecurity-final-proyect_threat-net[172.20.0.3]
Jun 17 12:53:49 email-threat-docker postfix/smtpd[1917]: 7E721987BF: client=scanner.holbertonshcool-cybersecurity-final-proyect_threat-net[172.20.0.3]
Jun 17 12:53:49 email-threat-docker postfix/cleanup[1915]: 7E721987BF: message-id=<>
Jun 17 12:53:49 email-threat-docker postfix/qmgr[99]: 7E721987BF: from=<support@bank.com>, size=852, nrcpt=1 (queue active)
Jun 17 12:53:49 email-threat-docker postfix/smtpd[1917]: disconnect from scanner.holbertonshcool-cybersecurity-final-proyect_threat-net[172.20.0.3] ehlo=1 mail=1 rcpt=1 data=1 quit=1 commands=5
Jun 17 12:53:49 email-threat-docker postfix/smtp[1916]: 78747987BC: to=<recipient@email-threat-docker.local>, relay=scanner[172.20.0.3]:10025, delay=0.03, delays=0.01/0/0.01/0.02, dsn=2.0.0, status=sent (250 Message delivered)
Jun 17 12:53:49 email-threat-docker postfix/qmgr[99]: 78747987BC: removed
Jun 17 12:53:49 email-threat-docker postfix/local[1918]: 7E721987BF: to=<recipient@email-threat-docker.local>, relay=local, delay=0.01, delays=0.01/0/0/0.01, dsn=2.0.0, status=sent (delivered to command: /usr/bin/procmail)
Jun 17 12:53:49 email-threat-docker postfix/qmgr[99]: 7E721987BF: removed
Jun 17 12:53:49 email-threat-docker postfix/smtpd[1911]: connect from unknown[172.20.0.1]
Jun 17 12:53:50 email-threat-docker postfix/smtpd[1911]: 7777E987BC: client=unknown[172.20.0.1]
Jun 17 12:53:50 email-threat-docker postfix/cleanup[1915]: 7777E987BC: prepend: header Subject: Join Us for the Charity Run! from unknown[172.20.0.1]; from=<devteam@company.com> to=<recipient@email-threat-docker.local> proto=ESMTP helo=<[192.168.48.1]>: [Subject: ]
Jun 17 12:53:50 email-threat-docker postfix/cleanup[1915]: 7777E987BC: message-id=<>
Jun 17 12:53:50 email-threat-docker postfix/qmgr[99]: 7777E987BC: from=<devteam@company.com>, size=642, nrcpt=1 (queue active)
Jun 17 12:53:50 email-threat-docker postfix/smtpd[1911]: disconnect from unknown[172.20.0.1] ehlo=1 mail=1 rcpt=1 data=1 quit=1 commands=5
Jun 17 12:53:50 email-threat-docker postfix/smtpd[1917]: connect from scanner.holbertonshcool-cybersecurity-final-proyect_threat-net[172.20.0.3]
Jun 17 12:53:50 email-threat-docker postfix/smtpd[1917]: 7E749987BF: client=scanner.holbertonshcool-cybersecurity-final-proyect_threat-net[172.20.0.3]
Jun 17 12:53:50 email-threat-docker postfix/cleanup[1915]: 7E749987BF: message-id=<>
Jun 17 12:53:50 email-threat-docker postfix/qmgr[99]: 7E749987BF: from=<devteam@company.com>, size=898, nrcpt=1 (queue active)
Jun 17 12:53:50 email-threat-docker postfix/smtpd[1917]: disconnect from scanner.holbertonshcool-cybersecurity-final-proyect_threat-net[172.20.0.3] ehlo=1 mail=1 rcpt=1 data=1 quit=1 commands=5
Jun 17 12:53:50 email-threat-docker postfix/smtp[1916]: 7777E987BC: to=<recipient@email-threat-docker.local>, relay=scanner[172.20.0.3]:10025, delay=0.04, delays=0.01/0/0.01/0.03, dsn=2.0.0, status=sent (250 Message delivered)
Jun 17 12:53:50 email-threat-docker postfix/qmgr[99]: 7777E987BC: removed
Jun 17 12:53:50 email-threat-docker postfix/local[1918]: 7E749987BF: to=<recipient@email-threat-docker.local>, relay=local, delay=0.02, delays=0.01/0/0/0.01, dsn=2.0.0, status=sent (delivered to command: /usr/bin/procmail)
Jun 17 12:53:50 email-threat-docker postfix/qmgr[99]: 7E749987BF: removed
Jun 17 12:53:50 email-threat-docker postfix/smtpd[1911]: connect from unknown[172.20.0.1]
Jun 17 12:53:51 email-threat-docker postfix/smtpd[1911]: 75660987AE: client=unknown[172.20.0.1]
Jun 17 12:53:51 email-threat-docker postfix/cleanup[1915]: 75660987AE: prepend: header Subject: Password Change Successful from unknown[172.20.0.1]; from=<alerts@service.com> to=<recipient@email-threat-docker.local> proto=ESMTP helo=<[192.168.48.1]>: [Subject: ]
Jun 17 12:53:51 email-threat-docker postfix/cleanup[1915]: 75660987AE: message-id=<>
Jun 17 12:53:51 email-threat-docker postfix/qmgr[99]: 75660987AE: from=<alerts@service.com>, size=629, nrcpt=1 (queue active)
Jun 17 12:53:51 email-threat-docker postfix/smtpd[1911]: disconnect from unknown[172.20.0.1] ehlo=1 mail=1 rcpt=1 data=1 quit=1 commands=5
Jun 17 12:53:51 email-threat-docker postfix/smtpd[1917]: connect from scanner.holbertonshcool-cybersecurity-final-proyect_threat-net[172.20.0.3]
Jun 17 12:53:51 email-threat-docker postfix/smtpd[1917]: 7B577987BF: client=scanner.holbertonshcool-cybersecurity-final-proyect_threat-net[172.20.0.3]
Jun 17 12:53:51 email-threat-docker postfix/cleanup[1915]: 7B577987BF: message-id=<>
Jun 17 12:53:51 email-threat-docker postfix/qmgr[99]: 7B577987BF: from=<alerts@service.com>, size=885, nrcpt=1 (queue active)
Jun 17 12:53:51 email-threat-docker postfix/smtpd[1917]: disconnect from scanner.holbertonshcool-cybersecurity-final-proyect_threat-net[172.20.0.3] ehlo=1 mail=1 rcpt=1 data=1 quit=1 commands=5
Jun 17 12:53:51 email-threat-docker postfix/smtp[1916]: 75660987AE: to=<recipient@email-threat-docker.local>, relay=scanner[172.20.0.3]:10025, delay=0.03, delays=0.01/0/0.01/0.02, dsn=2.0.0, status=sent (250 Message delivered)
Jun 17 12:53:51 email-threat-docker postfix/qmgr[99]: 75660987AE: removed
Jun 17 12:53:51 email-threat-docker postfix/local[1918]: 7B577987BF: to=<recipient@email-threat-docker.local>, relay=local, delay=0.01, delays=0.01/0/0/0.01, dsn=2.0.0, status=sent (delivered to command: /usr/bin/procmail)
Jun 17 12:53:51 email-threat-docker postfix/qmgr[99]: 7B577987BF: removed
Jun 17 12:53:51 email-threat-docker postfix/smtpd[1911]: connect from unknown[172.20.0.1]
Jun 17 12:53:52 email-threat-docker postfix/smtpd[1911]: 73189987AE: client=unknown[172.20.0.1]
Jun 17 12:53:52 email-threat-docker postfix/cleanup[1915]: 73189987AE: prepend: header Subject: Feature X Deployment from unknown[172.20.0.1]; from=<notifications@company.com> to=<recipient@email-threat-docker.local> proto=ESMTP helo=<[192.168.48.1]>: [Subject: ]
Jun 17 12:53:52 email-threat-docker postfix/cleanup[1915]: 73189987AE: message-id=<>
Jun 17 12:53:52 email-threat-docker postfix/qmgr[99]: 73189987AE: from=<notifications@company.com>, size=624, nrcpt=1 (queue active)
Jun 17 12:53:52 email-threat-docker postfix/smtpd[1911]: disconnect from unknown[172.20.0.1] ehlo=1 mail=1 rcpt=1 data=1 quit=1 commands=5
Jun 17 12:53:52 email-threat-docker postfix/smtpd[1917]: connect from scanner.holbertonshcool-cybersecurity-final-proyect_threat-net[172.20.0.3]
Jun 17 12:53:52 email-threat-docker postfix/smtpd[1917]: 79605987BF: client=scanner.holbertonshcool-cybersecurity-final-proyect_threat-net[172.20.0.3]
Jun 17 12:53:52 email-threat-docker postfix/cleanup[1915]: 79605987BF: message-id=<>
Jun 17 12:53:52 email-threat-docker postfix/qmgr[99]: 79605987BF: from=<notifications@company.com>, size=880, nrcpt=1 (queue active)
Jun 17 12:53:52 email-threat-docker postfix/smtpd[1917]: disconnect from scanner.holbertonshcool-cybersecurity-final-proyect_threat-net[172.20.0.3] ehlo=1 mail=1 rcpt=1 data=1 quit=1 commands=5
Jun 17 12:53:52 email-threat-docker postfix/smtp[1916]: 73189987AE: to=<recipient@email-threat-docker.local>, relay=scanner[172.20.0.3]:10025, delay=0.04, delays=0.01/0/0.01/0.02, dsn=2.0.0, status=sent (250 Message delivered)
Jun 17 12:53:52 email-threat-docker postfix/qmgr[99]: 73189987AE: removed
Jun 17 12:53:52 email-threat-docker postfix/local[1918]: 79605987BF: to=<recipient@email-threat-docker.local>, relay=local, delay=0.01, delays=0.01/0/0/0.01, dsn=2.0.0, status=sent (delivered to command: /usr/bin/procmail)
Jun 17 12:53:52 email-threat-docker postfix/qmgr[99]: 79605987BF: removed
Jun 17 12:53:52 email-threat-docker postfix/smtpd[1911]: connect from unknown[172.20.0.1]
Jun 17 12:53:54 email-threat-docker postfix/smtpd[1911]: 72B7D987AE: client=unknown[172.20.0.1]
Jun 17 12:53:54 email-threat-docker postfix/cleanup[1915]: 72B7D987AE: prepend: header Subject: Town Hall Meeting Next Week from unknown[172.20.0.1]; from=<security@onlinebank.com> to=<recipient@email-threat-docker.local> proto=ESMTP helo=<[192.168.48.1]>: [Subject: ]
Jun 17 12:53:54 email-threat-docker postfix/cleanup[1915]: 72B7D987AE: message-id=<>
Jun 17 12:53:54 email-threat-docker postfix/qmgr[99]: 72B7D987AE: from=<security@onlinebank.com>, size=643, nrcpt=1 (queue active)
Jun 17 12:53:54 email-threat-docker postfix/smtpd[1911]: disconnect from unknown[172.20.0.1] ehlo=1 mail=1 rcpt=1 data=1 quit=1 commands=5
Jun 17 12:53:54 email-threat-docker postfix/smtpd[1917]: connect from scanner.holbertonshcool-cybersecurity-final-proyect_threat-net[172.20.0.3]
Jun 17 12:53:54 email-threat-docker postfix/smtpd[1917]: 78AA4987BF: client=scanner.holbertonshcool-cybersecurity-final-proyect_threat-net[172.20.0.3]
Jun 17 12:53:54 email-threat-docker postfix/cleanup[1915]: 78AA4987BF: message-id=<>
Jun 17 12:53:54 email-threat-docker postfix/qmgr[99]: 78AA4987BF: from=<security@onlinebank.com>, size=899, nrcpt=1 (queue active)
Jun 17 12:53:54 email-threat-docker postfix/smtpd[1917]: disconnect from scanner.holbertonshcool-cybersecurity-final-proyect_threat-net[172.20.0.3] ehlo=1 mail=1 rcpt=1 data=1 quit=1 commands=5
Jun 17 12:53:54 email-threat-docker postfix/smtp[1916]: 72B7D987AE: to=<recipient@email-threat-docker.local>, relay=scanner[172.20.0.3]:10025, delay=0.03, delays=0.01/0/0.01/0.02, dsn=2.0.0, status=sent (250 Message delivered)
Jun 17 12:53:54 email-threat-docker postfix/qmgr[99]: 72B7D987AE: removed
Jun 17 12:53:54 email-threat-docker postfix/local[1918]: 78AA4987BF: to=<recipient@email-threat-docker.local>, relay=local, delay=0.01, delays=0.01/0/0/0.01, dsn=2.0.0, status=sent (delivered to command: /usr/bin/procmail)
Jun 17 12:53:54 email-threat-docker postfix/qmgr[99]: 78AA4987BF: removed
Jun 17 12:53:54 email-threat-docker postfix/smtpd[1911]: connect from unknown[172.20.0.1]
Jun 17 12:53:55 email-threat-docker postfix/smtpd[1911]: 6D959987AE: client=unknown[172.20.0.1]
Jun 17 12:53:55 email-threat-docker postfix/cleanup[1915]: 6D959987AE: prepend: header Subject: Team Lunch from unknown[172.20.0.1]; from=<security@onlinebank.com> to=<recipient@email-threat-docker.local> proto=ESMTP helo=<[192.168.48.1]>: [Subject: ]
Jun 17 12:53:55 email-threat-docker postfix/cleanup[1915]: 6D959987AE: message-id=<>
Jun 17 12:53:55 email-threat-docker postfix/qmgr[99]: 6D959987AE: from=<security@onlinebank.com>, size=437, nrcpt=1 (queue active)
Jun 17 12:53:55 email-threat-docker postfix/smtpd[1911]: disconnect from unknown[172.20.0.1] ehlo=1 mail=1 rcpt=1 data=1 quit=1 commands=5
Jun 17 12:53:55 email-threat-docker postfix/smtpd[1917]: connect from scanner.holbertonshcool-cybersecurity-final-proyect_threat-net[172.20.0.3]
Jun 17 12:53:55 email-threat-docker postfix/smtpd[1917]: 739FE987BF: client=scanner.holbertonshcool-cybersecurity-final-proyect_threat-net[172.20.0.3]
Jun 17 12:53:55 email-threat-docker postfix/cleanup[1915]: 739FE987BF: message-id=<>
Jun 17 12:53:55 email-threat-docker postfix/qmgr[99]: 739FE987BF: from=<security@onlinebank.com>, size=693, nrcpt=1 (queue active)
Jun 17 12:53:55 email-threat-docker postfix/smtpd[1917]: disconnect from scanner.holbertonshcool-cybersecurity-final-proyect_threat-net[172.20.0.3] ehlo=1 mail=1 rcpt=1 data=1 quit=1 commands=5
Jun 17 12:53:55 email-threat-docker postfix/smtp[1916]: 6D959987AE: to=<recipient@email-threat-docker.local>, relay=scanner[172.20.0.3]:10025, delay=0.03, delays=0.01/0/0.01/0.02, dsn=2.0.0, status=sent (250 Message delivered)
Jun 17 12:53:55 email-threat-docker postfix/qmgr[99]: 6D959987AE: removed
Jun 17 12:53:55 email-threat-docker postfix/local[1918]: 739FE987BF: to=<recipient@email-threat-docker.local>, relay=local, delay=0.01, delays=0.01/0/0/0.01, dsn=2.0.0, status=sent (delivered to command: /usr/bin/procmail)
Jun 17 12:53:55 email-threat-docker postfix/qmgr[99]: 739FE987BF: removed
Jun 17 12:53:55 email-threat-docker postfix/smtpd[1911]: connect from unknown[172.20.0.1]
Jun 17 12:53:56 email-threat-docker postfix/smtpd[1911]: 6C9E3987AE: client=unknown[172.20.0.1]
Jun 17 12:53:56 email-threat-docker postfix/cleanup[1915]: 6C9E3987AE: prepend: header Subject: Project Update from unknown[172.20.0.1]; from=<notifications@company.com> to=<recipient@email-threat-docker.local> proto=ESMTP helo=<[192.168.48.1]>: [Subject: ]
Jun 17 12:53:56 email-threat-docker postfix/cleanup[1915]: 6C9E3987AE: message-id=<>
Jun 17 12:53:56 email-threat-docker postfix/qmgr[99]: 6C9E3987AE: from=<notifications@company.com>, size=844, nrcpt=1 (queue active)
Jun 17 12:53:56 email-threat-docker postfix/smtpd[1911]: disconnect from unknown[172.20.0.1] ehlo=1 mail=1 rcpt=1 data=1 quit=1 commands=5
Jun 17 12:53:56 email-threat-docker postfix/smtpd[1917]: connect from scanner.holbertonshcool-cybersecurity-final-proyect_threat-net[172.20.0.3]
