Jun 22 15:44:35 email-threat-docker postfix/qmgr[99]: AD95F89585: from=<deals@newsletter.com>, size=899, nrcpt=1 (queue active)
Jun 22 15:44:35 email-threat-docker postfix/smtpd[550]: disconnect from scanner.holbertonshcool-cybersecurity-final-proyect_threat-net[172.20.0.3] ehlo=1 mail=1 rcpt=1 data=1 quit=1 commands=5
Jun 22 15:44:35 email-threat-docker postfix/smtp[483]: A6E0989584: to=<recipient@email-threat-docker.local>, relay=scanner[172.20.0.3]:10025, delay=0.04, delays=0.01/0/0.01/0.02, dsn=2.0.0, status=sent (250 Message delivered)
Jun 22 15:44:35 email-threat-docker postfix/qmgr[99]: A6E0989584: removed
Jun 22 15:44:35 email-threat-docker postfix/local[229]: AD95F89585: to=<recipient@email-threat-docker.local>, relay=local, delay=0.02, delays=0.01/0/0/0.01, dsn=2.0.0, status=sent (delivered to command: /usr/bin/procmail)
Jun 22 15:44:35 email-threat-docker postfix/qmgr[99]: AD95F89585: removed
Jun 22 15:44:35 email-threat-docker postfix/smtpd[482]: connect from unknown[172.20.0.1]
Jun 22 15:44:36 email-threat-docker postfix/smtpd[482]: 9EE6289584: client=unknown[172.20.0.1]
Jun 22 15:44:36 email-threat-docker postfix/cleanup[514]: 9EE6289584: prepend: header Subject: Password Change Successful from unknown[172.20.0.1]; from=<info@company.com> to=<recipient@email-threat-docker.local> proto=ESMTP helo=<[192.168.48.1]>: [Subject: ]
Jun 22 15:44:36 email-threat-docker postfix/cleanup[514]: 9EE6289584: message-id=<>
Jun 22 15:44:36 email-threat-docker postfix/qmgr[99]: 9EE6289584: from=<info@company.com>, size=627, nrcpt=1 (queue active)
Jun 22 15:44:36 email-threat-docker postfix/smtpd[482]: disconnect from unknown[172.20.0.1] ehlo=1 mail=1 rcpt=1 data=1 quit=1 commands=5
Jun 22 15:44:36 email-threat-docker postfix/smtpd[550]: connect from scanner.holbertonshcool-cybersecurity-final-proyect_threat-net[172.20.0.3]
Jun 22 15:44:36 email-threat-docker postfix/smtpd[550]: A5A3689585: client=scanner.holbertonshcool-cybersecurity-final-proyect_threat-net[172.20.0.3]
Jun 22 15:44:36 email-threat-docker postfix/cleanup[514]: A5A3689585: message-id=<>
Jun 22 15:44:36 email-threat-docker postfix/qmgr[99]: A5A3689585: from=<info@company.com>, size=883, nrcpt=1 (queue active)
Jun 22 15:44:36 email-threat-docker postfix/smtpd[550]: disconnect from scanner.holbertonshcool-cybersecurity-final-proyect_threat-net[172.20.0.3] ehlo=1 mail=1 rcpt=1 data=1 quit=1 commands=5
Jun 22 15:44:36 email-threat-docker postfix/smtp[483]: 9EE6289584: to=<recipient@email-threat-docker.local>, relay=scanner[172.20.0.3]:10025, delay=0.04, delays=0.01/0/0.01/0.02, dsn=2.0.0, status=sent (250 Message delivered)
Jun 22 15:44:36 email-threat-docker postfix/qmgr[99]: 9EE6289584: removed
Jun 22 15:44:36 email-threat-docker postfix/local[227]: A5A3689585: to=<recipient@email-threat-docker.local>, relay=local, delay=0.02, delays=0.01/0/0/0.01, dsn=2.0.0, status=sent (delivered to command: /usr/bin/procmail)
Jun 22 15:44:36 email-threat-docker postfix/qmgr[99]: A5A3689585: removed
Jun 22 15:44:36 email-threat-docker postfix/smtpd[482]: connect from unknown[172.20.0.1]
Jun 22 15:44:37 email-threat-docker postfix/smtpd[482]: 975D389584: client=unknown[172.20.0.1]
Jun 22 15:44:37 email-threat-docker postfix/cleanup[514]: 975D389584: prepend: header Subject: Feature X Deployment from unknown[172.20.0.1]; from=<deals@newsletter.com> to=<recipient@email-threat-docker.local> proto=ESMTP helo=<[192.168.48.1]>: [Subject: ]
Jun 22 15:44:37 email-threat-docker postfix/cleanup[514]: 975D389584: message-id=<>
Jun 22 15:44:37 email-threat-docker postfix/qmgr[99]: 975D389584: from=<deals@newsletter.com>, size=619, nrcpt=1 (queue active)
Jun 22 15:44:37 email-threat-docker postfix/smtpd[482]: disconnect from unknown[172.20.0.1] ehlo=1 mail=1 rcpt=1 data=1 quit=1 commands=5
Jun 22 15:44:37 email-threat-docker postfix/smtpd[550]: connect from scanner.holbertonshcool-cybersecurity-final-proyect_threat-net[172.20.0.3]
Jun 22 15:44:37 email-threat-docker postfix/smtpd[550]: 9DFDA89585: client=scanner.holbertonshcool-cybersecurity-final-proyect_threat-net[172.20.0.3]
Jun 22 15:44:37 email-threat-docker postfix/cleanup[514]: 9DFDA89585: message-id=<>
Jun 22 15:44:37 email-threat-docker postfix/qmgr[99]: 9DFDA89585: from=<deals@newsletter.com>, size=875, nrcpt=1 (queue active)
Jun 22 15:44:37 email-threat-docker postfix/smtpd[550]: disconnect from scanner.holbertonshcool-cybersecurity-final-proyect_threat-net[172.20.0.3] ehlo=1 mail=1 rcpt=1 data=1 quit=1 commands=5
Jun 22 15:44:37 email-threat-docker postfix/smtp[483]: 975D389584: to=<recipient@email-threat-docker.local>, relay=scanner[172.20.0.3]:10025, delay=0.04, delays=0.01/0/0.01/0.02, dsn=2.0.0, status=sent (250 Message delivered)
Jun 22 15:44:37 email-threat-docker postfix/qmgr[99]: 975D389584: removed
Jun 22 15:44:37 email-threat-docker postfix/local[229]: 9DFDA89585: to=<recipient@email-threat-docker.local>, relay=local, delay=0.01, delays=0.01/0/0/0.01, dsn=2.0.0, status=sent (delivered to command: /usr/bin/procmail)
Jun 22 15:44:37 email-threat-docker postfix/qmgr[99]: 9DFDA89585: removed
Jun 22 15:44:37 email-threat-docker postfix/smtpd[482]: connect from unknown[172.20.0.1]
Jun 22 15:44:38 email-threat-docker postfix/smtpd[482]: 8D1CA89584: client=unknown[172.20.0.1]
Jun 22 15:44:38 email-threat-docker postfix/cleanup[514]: 8D1CA89584: prepend: header Subject: Town Hall Meeting Next Week from unknown[172.20.0.1]; from=<noreply@itdept.company.com> to=<recipient@email-threat-docker.local> proto=ESMTP helo=<[192.168.48.1]>: [Subject: ]
Jun 22 15:44:38 email-threat-docker postfix/cleanup[514]: 8D1CA89584: message-id=<>
Jun 22 15:44:38 email-threat-docker postfix/qmgr[99]: 8D1CA89584: from=<noreply@itdept.company.com>, size=646, nrcpt=1 (queue active)
Jun 22 15:44:38 email-threat-docker postfix/smtpd[482]: disconnect from unknown[172.20.0.1] ehlo=1 mail=1 rcpt=1 data=1 quit=1 commands=5
Jun 22 15:44:38 email-threat-docker postfix/smtpd[550]: connect from scanner.holbertonshcool-cybersecurity-final-proyect_threat-net[172.20.0.3]
Jun 22 15:44:38 email-threat-docker postfix/smtpd[550]: 9416989585: client=scanner.holbertonshcool-cybersecurity-final-proyect_threat-net[172.20.0.3]
Jun 22 15:44:38 email-threat-docker postfix/cleanup[514]: 9416989585: message-id=<>
Jun 22 15:44:38 email-threat-docker postfix/qmgr[99]: 9416989585: from=<noreply@itdept.company.com>, size=902, nrcpt=1 (queue active)
Jun 22 15:44:38 email-threat-docker postfix/smtpd[550]: disconnect from scanner.holbertonshcool-cybersecurity-final-proyect_threat-net[172.20.0.3] ehlo=1 mail=1 rcpt=1 data=1 quit=1 commands=5
Jun 22 15:44:38 email-threat-docker postfix/smtp[483]: 8D1CA89584: to=<recipient@email-threat-docker.local>, relay=scanner[172.20.0.3]:10025, delay=0.04, delays=0.01/0/0.01/0.02, dsn=2.0.0, status=sent (250 Message delivered)
Jun 22 15:44:38 email-threat-docker postfix/qmgr[99]: 8D1CA89584: removed
Jun 22 15:44:38 email-threat-docker postfix/local[227]: 9416989585: to=<recipient@email-threat-docker.local>, relay=local, delay=0.02, delays=0.01/0/0/0.01, dsn=2.0.0, status=sent (delivered to command: /usr/bin/procmail)
Jun 22 15:44:38 email-threat-docker postfix/qmgr[99]: 9416989585: removed
Jun 22 15:44:38 email-threat-docker postfix/smtpd[482]: connect from unknown[172.20.0.1]
Jun 22 15:44:39 email-threat-docker postfix/smtpd[482]: 84EC989584: client=unknown[172.20.0.1]
Jun 22 15:44:39 email-threat-docker postfix/cleanup[514]: 84EC989584: prepend: header Subject: Team Lunch from unknown[172.20.0.1]; from=<notifications@company.com> to=<recipient@email-threat-docker.local> proto=ESMTP helo=<[192.168.48.1]>: [Subject: ]
Jun 22 15:44:39 email-threat-docker postfix/cleanup[514]: 84EC989584: message-id=<>
Jun 22 15:44:39 email-threat-docker postfix/qmgr[99]: 84EC989584: from=<notifications@company.com>, size=439, nrcpt=1 (queue active)
Jun 22 15:44:39 email-threat-docker postfix/smtpd[482]: disconnect from unknown[172.20.0.1] ehlo=1 mail=1 rcpt=1 data=1 quit=1 commands=5
Jun 22 15:44:39 email-threat-docker postfix/smtpd[550]: connect from scanner.holbertonshcool-cybersecurity-final-proyect_threat-net[172.20.0.3]
Jun 22 15:44:39 email-threat-docker postfix/smtpd[550]: 8F09A89585: client=scanner.holbertonshcool-cybersecurity-final-proyect_threat-net[172.20.0.3]
Jun 22 15:44:39 email-threat-docker postfix/cleanup[514]: 8F09A89585: message-id=<>
Jun 22 15:44:39 email-threat-docker postfix/qmgr[99]: 8F09A89585: from=<notifications@company.com>, size=695, nrcpt=1 (queue active)
Jun 22 15:44:39 email-threat-docker postfix/smtpd[550]: disconnect from scanner.holbertonshcool-cybersecurity-final-proyect_threat-net[172.20.0.3] ehlo=1 mail=1 rcpt=1 data=1 quit=1 commands=5
Jun 22 15:44:39 email-threat-docker postfix/smtp[483]: 84EC989584: to=<recipient@email-threat-docker.local>, relay=scanner[172.20.0.3]:10025, delay=0.06, delays=0.01/0/0.02/0.03, dsn=2.0.0, status=sent (250 Message delivered)
Jun 22 15:44:39 email-threat-docker postfix/qmgr[99]: 84EC989584: removed
Jun 22 15:44:39 email-threat-docker postfix/local[229]: 8F09A89585: to=<recipient@email-threat-docker.local>, relay=local, delay=0.02, delays=0.01/0/0/0.01, dsn=2.0.0, status=sent (delivered to command: /usr/bin/procmail)
Jun 22 15:44:39 email-threat-docker postfix/qmgr[99]: 8F09A89585: removed
Jun 22 15:44:39 email-threat-docker postfix/smtpd[482]: connect from unknown[172.20.0.1]
Jun 22 15:44:40 email-threat-docker postfix/smtpd[482]: 7FE7189584: client=unknown[172.20.0.1]
Jun 22 15:44:40 email-threat-docker postfix/cleanup[514]: 7FE7189584: prepend: header Subject: Project Update from unknown[172.20.0.1]; from=<hr@company.com> to=<recipient@email-threat-docker.local> proto=ESMTP helo=<[192.168.48.1]>: [Subject: ]
Jun 22 15:44:40 email-threat-docker postfix/cleanup[514]: 7FE7189584: message-id=<>
Jun 22 15:44:40 email-threat-docker postfix/qmgr[99]: 7FE7189584: from=<hr@company.com>, size=833, nrcpt=1 (queue active)
Jun 22 15:44:40 email-threat-docker postfix/smtpd[482]: disconnect from unknown[172.20.0.1] ehlo=1 mail=1 rcpt=1 data=1 quit=1 commands=5
Jun 22 15:44:40 email-threat-docker postfix/smtpd[550]: connect from scanner.holbertonshcool-cybersecurity-final-proyect_threat-net[172.20.0.3]
Jun 22 15:44:40 email-threat-docker postfix/smtpd[550]: 9CA3289585: client=scanner.holbertonshcool-cybersecurity-final-proyect_threat-net[172.20.0.3]
Jun 22 15:44:40 email-threat-docker postfix/cleanup[514]: 9CA3289585: message-id=<>
Jun 22 15:44:40 email-threat-docker postfix/qmgr[99]: 9CA3289585: from=<hr@company.com>, size=1089, nrcpt=1 (queue active)
Jun 22 15:44:40 email-threat-docker postfix/smtpd[550]: disconnect from scanner.holbertonshcool-cybersecurity-final-proyect_threat-net[172.20.0.3] ehlo=1 mail=1 rcpt=1 data=1 quit=1 commands=5
Jun 22 15:44:40 email-threat-docker postfix/smtp[483]: 7FE7189584: to=<recipient@email-threat-docker.local>, relay=scanner[172.20.0.3]:10025, delay=0.13, delays=0.01/0/0.06/0.06, dsn=2.0.0, status=sent (250 Message delivered)
Jun 22 15:44:40 email-threat-docker postfix/qmgr[99]: 7FE7189584: removed
Jun 22 15:44:40 email-threat-docker postfix/local[227]: 9CA3289585: to=<recipient@email-threat-docker.local>, relay=local, delay=0.02, delays=0.01/0/0/0.01, dsn=2.0.0, status=sent (delivered to command: /usr/bin/procmail)
Jun 22 15:44:40 email-threat-docker postfix/qmgr[99]: 9CA3289585: removed
Jun 22 15:44:40 email-threat-docker postfix/smtpd[482]: connect from unknown[172.20.0.1]
Jun 22 15:44:41 email-threat-docker postfix/smtpd[482]: 797E189584: client=unknown[172.20.0.1]
Jun 22 15:44:41 email-threat-docker postfix/cleanup[514]: 797E189584: prepend: header Subject: Meeting Reminder from unknown[172.20.0.1]; from=<hr@company.com> to=<recipient@email-threat-docker.local> proto=ESMTP helo=<[192.168.48.1]>: [Subject: ]
Jun 22 15:44:41 email-threat-docker postfix/cleanup[514]: 797E189584: message-id=<>
Jun 22 15:44:41 email-threat-docker postfix/qmgr[99]: 797E189584: from=<hr@company.com>, size=434, nrcpt=1 (queue active)
Jun 22 15:44:41 email-threat-docker postfix/smtpd[482]: disconnect from unknown[172.20.0.1] ehlo=1 mail=1 rcpt=1 data=1 quit=1 commands=5
Jun 22 15:44:41 email-threat-docker postfix/smtpd[550]: connect from scanner.holbertonshcool-cybersecurity-final-proyect_threat-net[172.20.0.3]
Jun 22 15:44:41 email-threat-docker postfix/smtpd[550]: 8162D89585: client=scanner.holbertonshcool-cybersecurity-final-proyect_threat-net[172.20.0.3]
Jun 22 15:44:41 email-threat-docker postfix/cleanup[514]: 8162D89585: message-id=<>
Jun 22 15:44:41 email-threat-docker postfix/qmgr[99]: 8162D89585: from=<hr@company.com>, size=690, nrcpt=1 (queue active)
Jun 22 15:44:41 email-threat-docker postfix/smtpd[550]: disconnect from scanner.holbertonshcool-cybersecurity-final-proyect_threat-net[172.20.0.3] ehlo=1 mail=1 rcpt=1 data=1 quit=1 commands=5
Jun 22 15:44:41 email-threat-docker postfix/smtp[483]: 797E189584: to=<recipient@email-threat-docker.local>, relay=scanner[172.20.0.3]:10025, delay=0.05, delays=0.01/0/0.01/0.03, dsn=2.0.0, status=sent (250 Message delivered)
Jun 22 15:44:41 email-threat-docker postfix/qmgr[99]: 797E189584: removed
Jun 22 15:44:41 email-threat-docker postfix/local[229]: 8162D89585: to=<recipient@email-threat-docker.local>, relay=local, delay=0.02, delays=0.01/0/0/0.01, dsn=2.0.0, status=sent (delivered to command: /usr/bin/procmail)
Jun 22 15:44:41 email-threat-docker postfix/qmgr[99]: 8162D89585: removed
Jun 22 15:44:41 email-threat-docker postfix/smtpd[482]: connect from unknown[172.20.0.1]
Jun 22 15:44:42 email-threat-docker postfix/smtpd[482]: 726F289584: client=unknown[172.20.0.1]
Jun 22 15:44:42 email-threat-docker postfix/cleanup[514]: 726F289584: prepend: header Subject: Network Maintenance from unknown[172.20.0.1]; from=<noreply@itdept.company.com> to=<recipient@email-threat-docker.local> proto=ESMTP helo=<[192.168.48.1]>: [Subject: ]
Jun 22 15:44:42 email-threat-docker postfix/cleanup[514]: 726F289584: message-id=<>
Jun 22 15:44:42 email-threat-docker postfix/qmgr[99]: 726F289584: from=<noreply@itdept.company.com>, size=455, nrcpt=1 (queue active)
Jun 22 15:44:42 email-threat-docker postfix/smtpd[482]: disconnect from unknown[172.20.0.1] ehlo=1 mail=1 rcpt=1 data=1 quit=1 commands=5
Jun 22 15:44:42 email-threat-docker postfix/smtpd[550]: connect from scanner.holbertonshcool-cybersecurity-final-proyect_threat-net[172.20.0.3]
Jun 22 15:44:42 email-threat-docker postfix/smtpd[550]: 78F8989585: client=scanner.holbertonshcool-cybersecurity-final-proyect_threat-net[172.20.0.3]
Jun 22 15:44:42 email-threat-docker postfix/cleanup[514]: 78F8989585: message-id=<>
Jun 22 15:44:42 email-threat-docker postfix/qmgr[99]: 78F8989585: from=<noreply@itdept.company.com>, size=711, nrcpt=1 (queue active)
Jun 22 15:44:42 email-threat-docker postfix/smtpd[550]: disconnect from scanner.holbertonshcool-cybersecurity-final-proyect_threat-net[172.20.0.3] ehlo=1 mail=1 rcpt=1 data=1 quit=1 commands=5
Jun 22 15:44:42 email-threat-docker postfix/smtp[483]: 726F289584: to=<recipient@email-threat-docker.local>, relay=scanner[172.20.0.3]:10025, delay=0.04, delays=0.01/0/0.01/0.02, dsn=2.0.0, status=sent (250 Message delivered)
Jun 22 15:44:42 email-threat-docker postfix/qmgr[99]: 726F289584: removed
Jun 22 15:44:42 email-threat-docker postfix/local[227]: 78F8989585: to=<recipient@email-threat-docker.local>, relay=local, delay=0.01, delays=0.01/0/0/0.01, dsn=2.0.0, status=sent (delivered to command: /usr/bin/procmail)
Jun 22 15:44:42 email-threat-docker postfix/qmgr[99]: 78F8989585: removed
Jun 22 15:44:42 email-threat-docker postfix/smtpd[482]: connect from unknown[172.20.0.1]
Jun 22 15:44:43 email-threat-docker postfix/smtpd[482]: 6D92B89584: client=unknown[172.20.0.1]
Jun 22 15:44:43 email-threat-docker postfix/cleanup[514]: 6D92B89584: prepend: header Subject: New Policy Document from unknown[172.20.0.1]; from=<support@apple.com> to=<recipient@email-threat-docker.local> proto=ESMTP helo=<[192.168.48.1]>: [Subject: ]
Jun 22 15:44:43 email-threat-docker postfix/cleanup[514]: 6D92B89584: message-id=<>
Jun 22 15:44:43 email-threat-docker postfix/qmgr[99]: 6D92B89584: from=<support@apple.com>, size=843, nrcpt=1 (queue active)
Jun 22 15:44:43 email-threat-docker postfix/smtpd[482]: disconnect from unknown[172.20.0.1] ehlo=1 mail=1 rcpt=1 data=1 quit=1 commands=5
Jun 22 15:44:43 email-threat-docker postfix/smtpd[550]: connect from scanner.holbertonshcool-cybersecurity-final-proyect_threat-net[172.20.0.3]
Jun 22 15:44:43 email-threat-docker postfix/smtpd[550]: 74ED089585: client=scanner.holbertonshcool-cybersecurity-final-proyect_threat-net[172.20.0.3]
Jun 22 15:44:43 email-threat-docker postfix/cleanup[514]: 74ED089585: message-id=<>
Jun 22 15:44:43 email-threat-docker postfix/qmgr[99]: 74ED089585: from=<support@apple.com>, size=1099, nrcpt=1 (queue active)
Jun 22 15:44:43 email-threat-docker postfix/smtpd[550]: disconnect from scanner.holbertonshcool-cybersecurity-final-proyect_threat-net[172.20.0.3] ehlo=1 mail=1 rcpt=1 data=1 quit=1 commands=5
Jun 22 15:44:43 email-threat-docker postfix/smtp[483]: 6D92B89584: to=<recipient@email-threat-docker.local>, relay=scanner[172.20.0.3]:10025, delay=0.04, delays=0.01/0/0.01/0.03, dsn=2.0.0, status=sent (250 Message delivered)
Jun 22 15:44:43 email-threat-docker postfix/qmgr[99]: 6D92B89584: removed
Jun 22 15:44:43 email-threat-docker postfix/local[229]: 74ED089585: to=<recipient@email-threat-docker.local>, relay=local, delay=0.02, delays=0.01/0/0/0.01, dsn=2.0.0, status=sent (delivered to command: /usr/bin/procmail)
Jun 22 15:44:43 email-threat-docker postfix/qmgr[99]: 74ED089585: removed
Jun 22 15:44:43 email-threat-docker postfix/smtpd[482]: connect from unknown[172.20.0.1]
Jun 22 15:44:44 email-threat-docker postfix/smtpd[482]: 653DC8956A: client=unknown[172.20.0.1]
Jun 22 15:44:44 email-threat-docker postfix/cleanup[514]: 653DC8956A: prepend: header Subject: Welcome New Hire from unknown[172.20.0.1]; from=<teamlead@company.com> to=<recipient@email-threat-docker.local> proto=ESMTP helo=<[192.168.48.1]>: [Subject: ]
Jun 22 15:44:44 email-threat-docker postfix/cleanup[514]: 653DC8956A: message-id=<>
Jun 22 15:44:44 email-threat-docker postfix/qmgr[99]: 653DC8956A: from=<teamlead@company.com>, size=444, nrcpt=1 (queue active)
Jun 22 15:44:44 email-threat-docker postfix/smtpd[482]: disconnect from unknown[172.20.0.1] ehlo=1 mail=1 rcpt=1 data=1 quit=1 commands=5
Jun 22 15:44:44 email-threat-docker postfix/smtpd[550]: connect from scanner.holbertonshcool-cybersecurity-final-proyect_threat-net[172.20.0.3]
Jun 22 15:44:44 email-threat-docker postfix/smtpd[550]: 6C0CB89585: client=scanner.holbertonshcool-cybersecurity-final-proyect_threat-net[172.20.0.3]
Jun 22 15:44:44 email-threat-docker postfix/cleanup[514]: 6C0CB89585: message-id=<>
Jun 22 15:44:44 email-threat-docker postfix/qmgr[99]: 6C0CB89585: from=<teamlead@company.com>, size=700, nrcpt=1 (queue active)
Jun 22 15:44:44 email-threat-docker postfix/smtpd[550]: disconnect from scanner.holbertonshcool-cybersecurity-final-proyect_threat-net[172.20.0.3] ehlo=1 mail=1 rcpt=1 data=1 quit=1 commands=5
Jun 22 15:44:44 email-threat-docker postfix/smtp[483]: 653DC8956A: to=<recipient@email-threat-docker.local>, relay=scanner[172.20.0.3]:10025, delay=0.04, delays=0.01/0/0.01/0.02, dsn=2.0.0, status=sent (250 Message delivered)
Jun 22 15:44:44 email-threat-docker postfix/qmgr[99]: 653DC8956A: removed
Jun 22 15:44:44 email-threat-docker postfix/local[227]: 6C0CB89585: to=<recipient@email-threat-docker.local>, relay=local, delay=0.01, delays=0.01/0/0/0.01, dsn=2.0.0, status=sent (delivered to command: /usr/bin/procmail)
Jun 22 15:44:44 email-threat-docker postfix/qmgr[99]: 6C0CB89585: removed
Jun 22 15:44:44 email-threat-docker postfix/smtpd[482]: connect from unknown[172.20.0.1]
Jun 22 15:44:45 email-threat-docker postfix/smtpd[482]: 5BCFC8956A: client=unknown[172.20.0.1]
Jun 22 15:44:45 email-threat-docker postfix/cleanup[514]: 5BCFC8956A: prepend: header Subject: Office Closure from unknown[172.20.0.1]; from=<newsletter@store.com> to=<recipient@email-threat-docker.local> proto=ESMTP helo=<[192.168.48.1]>: [Subject: ]
Jun 22 15:44:45 email-threat-docker postfix/cleanup[514]: 5BCFC8956A: message-id=<>
Jun 22 15:44:45 email-threat-docker postfix/qmgr[99]: 5BCFC8956A: from=<newsletter@store.com>, size=443, nrcpt=1 (queue active)
Jun 22 15:44:45 email-threat-docker postfix/smtpd[482]: disconnect from unknown[172.20.0.1] ehlo=1 mail=1 rcpt=1 data=1 quit=1 commands=5
Jun 22 15:44:45 email-threat-docker postfix/smtpd[550]: connect from scanner.holbertonshcool-cybersecurity-final-proyect_threat-net[172.20.0.3]
Jun 22 15:44:45 email-threat-docker postfix/smtpd[550]: 6262789585: client=scanner.holbertonshcool-cybersecurity-final-proyect_threat-net[172.20.0.3]
Jun 22 15:44:45 email-threat-docker postfix/cleanup[514]: 6262789585: message-id=<>
Jun 22 15:44:45 email-threat-docker postfix/qmgr[99]: 6262789585: from=<newsletter@store.com>, size=699, nrcpt=1 (queue active)
Jun 22 15:44:45 email-threat-docker postfix/smtpd[550]: disconnect from scanner.holbertonshcool-cybersecurity-final-proyect_threat-net[172.20.0.3] ehlo=1 mail=1 rcpt=1 data=1 quit=1 commands=5
Jun 22 15:44:45 email-threat-docker postfix/smtp[483]: 5BCFC8956A: to=<recipient@email-threat-docker.local>, relay=scanner[172.20.0.3]:10025, delay=0.04, delays=0.01/0/0.01/0.02, dsn=2.0.0, status=sent (250 Message delivered)
Jun 22 15:44:45 email-threat-docker postfix/qmgr[99]: 5BCFC8956A: removed
Jun 22 15:44:45 email-threat-docker postfix/local[229]: 6262789585: to=<recipient@email-threat-docker.local>, relay=local, delay=0.02, delays=0.01/0/0/0.01, dsn=2.0.0, status=sent (delivered to command: /usr/bin/procmail)
Jun 22 15:44:45 email-threat-docker postfix/qmgr[99]: 6262789585: removed
Jun 22 15:44:45 email-threat-docker postfix/smtpd[482]: connect from unknown[172.20.0.1]
Jun 22 15:44:46 email-threat-docker postfix/smtpd[482]: 53D578956A: client=unknown[172.20.0.1]
Jun 22 15:44:46 email-threat-docker postfix/cleanup[514]: 53D578956A: prepend: header Subject: Benefits Update from unknown[172.20.0.1]; from=<notifications@company.com> to=<recipient@email-threat-docker.local> proto=ESMTP helo=<[192.168.48.1]>: [Subject: ]
Jun 22 15:44:46 email-threat-docker postfix/cleanup[514]: 53D578956A: message-id=<>
Jun 22 15:44:46 email-threat-docker postfix/qmgr[99]: 53D578956A: from=<notifications@company.com>, size=447, nrcpt=1 (queue active)
Jun 22 15:44:46 email-threat-docker postfix/smtpd[482]: disconnect from unknown[172.20.0.1] ehlo=1 mail=1 rcpt=1 data=1 quit=1 commands=5
Jun 22 15:44:46 email-threat-docker postfix/smtpd[550]: connect from scanner.holbertonshcool-cybersecurity-final-proyect_threat-net[172.20.0.3]
Jun 22 15:44:46 email-threat-docker postfix/smtpd[550]: 5AE7889585: client=scanner.holbertonshcool-cybersecurity-final-proyect_threat-net[172.20.0.3]
Jun 22 15:44:46 email-threat-docker postfix/cleanup[514]: 5AE7889585: message-id=<>
Jun 22 15:44:46 email-threat-docker postfix/qmgr[99]: 5AE7889585: from=<notifications@company.com>, size=703, nrcpt=1 (queue active)
Jun 22 15:44:46 email-threat-docker postfix/smtpd[550]: disconnect from scanner.holbertonshcool-cybersecurity-final-proyect_threat-net[172.20.0.3] ehlo=1 mail=1 rcpt=1 data=1 quit=1 commands=5
Jun 22 15:44:46 email-threat-docker postfix/smtp[483]: 53D578956A: to=<recipient@email-threat-docker.local>, relay=scanner[172.20.0.3]:10025, delay=0.04, delays=0.01/0/0.01/0.02, dsn=2.0.0, status=sent (250 Message delivered)
Jun 22 15:44:46 email-threat-docker postfix/qmgr[99]: 53D578956A: removed
Jun 22 15:44:46 email-threat-docker postfix/local[227]: 5AE7889585: to=<recipient@email-threat-docker.local>, relay=local, delay=0.02, delays=0.01/0/0/0.01, dsn=2.0.0, status=sent (delivered to command: /usr/bin/procmail)
Jun 22 15:44:46 email-threat-docker postfix/qmgr[99]: 5AE7889585: removed
Jun 22 15:44:46 email-threat-docker postfix/smtpd[482]: connect from unknown[172.20.0.1]
Jun 22 15:44:47 email-threat-docker postfix/smtpd[482]: 4B3A48956A: client=unknown[172.20.0.1]
Jun 22 15:44:47 email-threat-docker postfix/cleanup[514]: 4B3A48956A: prepend: header Subject: Password Policy Reminder from unknown[172.20.0.1]; from=<deals@newsletter.com> to=<recipient@email-threat-docker.local> proto=ESMTP helo=<[192.168.48.1]>: [Subject: ]
Jun 22 15:44:47 email-threat-docker postfix/cleanup[514]: 4B3A48956A: message-id=<>
Jun 22 15:44:47 email-threat-docker postfix/qmgr[99]: 4B3A48956A: from=<deals@newsletter.com>, size=457, nrcpt=1 (queue active)
Jun 22 15:44:47 email-threat-docker postfix/smtpd[482]: disconnect from unknown[172.20.0.1] ehlo=1 mail=1 rcpt=1 data=1 quit=1 commands=5
Jun 22 15:44:47 email-threat-docker postfix/smtpd[550]: connect from scanner.holbertonshcool-cybersecurity-final-proyect_threat-net[172.20.0.3]
Jun 22 15:44:47 email-threat-docker postfix/smtpd[550]: 55EF889585: client=scanner.holbertonshcool-cybersecurity-final-proyect_threat-net[172.20.0.3]
Jun 22 15:44:47 email-threat-docker postfix/cleanup[514]: 55EF889585: message-id=<>
Jun 22 15:44:47 email-threat-docker postfix/qmgr[99]: 55EF889585: from=<deals@newsletter.com>, size=713, nrcpt=1 (queue active)
Jun 22 15:44:47 email-threat-docker postfix/smtpd[550]: disconnect from scanner.holbertonshcool-cybersecurity-final-proyect_threat-net[172.20.0.3] ehlo=1 mail=1 rcpt=1 data=1 quit=1 commands=5
Jun 22 15:44:47 email-threat-docker postfix/smtp[483]: 4B3A48956A: to=<recipient@email-threat-docker.local>, relay=scanner[172.20.0.3]:10025, delay=0.06, delays=0.02/0/0.01/0.03, dsn=2.0.0, status=sent (250 Message delivered)
Jun 22 15:44:47 email-threat-docker postfix/qmgr[99]: 4B3A48956A: removed
Jun 22 15:44:47 email-threat-docker postfix/local[229]: 55EF889585: to=<recipient@email-threat-docker.local>, relay=local, delay=0.02, delays=0.01/0/0/0.01, dsn=2.0.0, status=sent (delivered to command: /usr/bin/procmail)
Jun 22 15:44:47 email-threat-docker postfix/qmgr[99]: 55EF889585: removed
Jun 22 15:44:47 email-threat-docker postfix/smtpd[482]: connect from unknown[172.20.0.1]
Jun 22 15:44:42 email-threat-docker postfix/smtpd[482]: E646F8956A: client=unknown[172.20.0.1]
Jun 22 15:44:42 email-threat-docker postfix/cleanup[514]: E646F8956A: prepend: header Subject: Conference Registration from unknown[172.20.0.1]; from=<support@bank.com> to=<recipient@email-threat-docker.local> proto=ESMTP helo=<[192.168.48.1]>: [Subject: ]
Jun 22 15:44:42 email-threat-docker postfix/cleanup[514]: E646F8956A: message-id=<>
Jun 22 15:44:42 email-threat-docker postfix/qmgr[99]: warning: backward time jump detected -- slewing clock
Jun 22 15:44:42 email-threat-docker postfix/qmgr[99]: E646F8956A: from=<support@bank.com>, size=447, nrcpt=1 (queue active)
Jun 22 15:44:42 email-threat-docker postfix/smtpd[482]: disconnect from unknown[172.20.0.1] ehlo=1 mail=1 rcpt=1 data=1 quit=1 commands=5
Jun 22 15:44:42 email-threat-docker postfix/smtpd[550]: connect from scanner.holbertonshcool-cybersecurity-final-proyect_threat-net[172.20.0.3]
Jun 22 15:44:42 email-threat-docker postfix/smtpd[550]: EC96A89585: client=scanner.holbertonshcool-cybersecurity-final-proyect_threat-net[172.20.0.3]
Jun 22 15:44:42 email-threat-docker postfix/cleanup[514]: EC96A89585: message-id=<>
Jun 22 15:44:42 email-threat-docker postfix/qmgr[99]: EC96A89585: from=<support@bank.com>, size=703, nrcpt=1 (queue active)
Jun 22 15:44:42 email-threat-docker postfix/smtpd[550]: disconnect from scanner.holbertonshcool-cybersecurity-final-proyect_threat-net[172.20.0.3] ehlo=1 mail=1 rcpt=1 data=1 quit=1 commands=5
Jun 22 15:44:42 email-threat-docker postfix/smtp[483]: E646F8956A: to=<recipient@email-threat-docker.local>, relay=scanner[172.20.0.3]:10025, delay=0.04, delays=0.01/0/0.01/0.02, dsn=2.0.0, status=sent (250 Message delivered)
Jun 22 15:44:42 email-threat-docker postfix/qmgr[99]: E646F8956A: removed
Jun 22 15:44:42 email-threat-docker postfix/local[227]: EC96A89585: to=<recipient@email-threat-docker.local>, relay=local, delay=0.01, delays=0.01/0/0/0.01, dsn=2.0.0, status=sent (delivered to command: /usr/bin/procmail)
Jun 22 15:44:42 email-threat-docker postfix/qmgr[99]: EC96A89585: removed
Jun 22 15:44:51 email-threat-docker postfix/smtpd[482]: connect from unknown[172.20.0.1]
Jun 22 15:44:52 email-threat-docker postfix/smtpd[482]: 9125E8956A: client=unknown[172.20.0.1]
Jun 22 15:44:52 email-threat-docker postfix/cleanup[708]: 9125E8956A: prepend: header Subject: Urgent: Invoice Payment Required from unknown[172.20.0.1]; from=<support@bank.com> to=<recipient@email-threat-docker.local> proto=ESMTP helo=<[192.168.48.1]>: [Subject: ]
Jun 22 15:44:52 email-threat-docker postfix/cleanup[708]: 9125E8956A: message-id=<>
Jun 22 15:44:52 email-threat-docker postfix/qmgr[99]: warning: backward time jump recovered -- back to normality
Jun 22 15:44:52 email-threat-docker postfix/qmgr[99]: 9125E8956A: from=<support@bank.com>, size=564, nrcpt=1 (queue active)
Jun 22 15:44:52 email-threat-docker postfix/smtpd[482]: disconnect from unknown[172.20.0.1] ehlo=1 mail=1 rcpt=1 data=1 quit=1 commands=5
Jun 22 15:44:52 email-threat-docker postfix/smtpd[550]: connect from scanner.holbertonshcool-cybersecurity-final-proyect_threat-net[172.20.0.3]
Jun 22 15:44:52 email-threat-docker postfix/smtpd[550]: 9948889585: client=scanner.holbertonshcool-cybersecurity-final-proyect_threat-net[172.20.0.3]
Jun 22 15:44:52 email-threat-docker postfix/cleanup[708]: 9948889585: message-id=<>
Jun 22 15:44:52 email-threat-docker postfix/qmgr[99]: 9948889585: from=<support@bank.com>, size=820, nrcpt=1 (queue active)
Jun 22 15:44:52 email-threat-docker postfix/smtpd[550]: disconnect from scanner.holbertonshcool-cybersecurity-final-proyect_threat-net[172.20.0.3] ehlo=1 mail=1 rcpt=1 data=1 quit=1 commands=5
Jun 22 15:44:52 email-threat-docker postfix/smtp[483]: 9125E8956A: to=<recipient@email-threat-docker.local>, relay=scanner[172.20.0.3]:10025, delay=0.06, delays=0.02/0/0.01/0.03, dsn=2.0.0, status=sent (250 Message delivered)
Jun 22 15:44:52 email-threat-docker postfix/qmgr[99]: 9125E8956A: removed
Jun 22 15:44:52 email-threat-docker postfix/local[229]: 9948889585: to=<recipient@email-threat-docker.local>, relay=local, delay=0.02, delays=0.01/0/0/0.01, dsn=2.0.0, status=sent (delivered to command: /usr/bin/procmail)
Jun 22 15:44:52 email-threat-docker postfix/qmgr[99]: 9948889585: removed
Jun 22 15:44:52 email-threat-docker postfix/smtpd[482]: connect from unknown[172.20.0.1]
Jun 22 15:44:53 email-threat-docker postfix/smtpd[482]: 89C338956A: client=unknown[172.20.0.1]
Jun 22 15:44:53 email-threat-docker postfix/cleanup[708]: 89C338956A: prepend: header Subject: Hot Deals This Weekend! from unknown[172.20.0.1]; from=<devteam@company.com> to=<recipient@email-threat-docker.local> proto=ESMTP helo=<[192.168.48.1]>: [Subject: ]
Jun 22 15:44:53 email-threat-docker postfix/cleanup[708]: 89C338956A: message-id=<>
Jun 22 15:44:53 email-threat-docker postfix/qmgr[99]: 89C338956A: from=<devteam@company.com>, size=540, nrcpt=1 (queue active)
Jun 22 15:44:53 email-threat-docker postfix/smtpd[482]: disconnect from unknown[172.20.0.1] ehlo=1 mail=1 rcpt=1 data=1 quit=1 commands=5
Jun 22 15:44:53 email-threat-docker postfix/smtpd[550]: connect from scanner.holbertonshcool-cybersecurity-final-proyect_threat-net[172.20.0.3]
Jun 22 15:44:53 email-threat-docker postfix/smtpd[550]: 91F4589585: client=scanner.holbertonshcool-cybersecurity-final-proyect_threat-net[172.20.0.3]
Jun 22 15:44:53 email-threat-docker postfix/cleanup[708]: 91F4589585: message-id=<>
Jun 22 15:44:53 email-threat-docker postfix/qmgr[99]: 91F4589585: from=<devteam@company.com>, size=796, nrcpt=1 (queue active)
Jun 22 15:44:53 email-threat-docker postfix/smtpd[550]: disconnect from scanner.holbertonshcool-cybersecurity-final-proyect_threat-net[172.20.0.3] ehlo=1 mail=1 rcpt=1 data=1 quit=1 commands=5
Jun 22 15:44:53 email-threat-docker postfix/smtp[483]: 89C338956A: to=<recipient@email-threat-docker.local>, relay=scanner[172.20.0.3]:10025, delay=0.04, delays=0.01/0/0.01/0.02, dsn=2.0.0, status=sent (250 Message delivered)
Jun 22 15:44:53 email-threat-docker postfix/qmgr[99]: 89C338956A: removed
Jun 22 15:44:53 email-threat-docker postfix/local[227]: 91F4589585: to=<recipient@email-threat-docker.local>, relay=local, delay=0.02, delays=0.01/0/0/0.01, dsn=2.0.0, status=sent (delivered to command: /usr/bin/procmail)
Jun 22 15:44:53 email-threat-docker postfix/qmgr[99]: 91F4589585: removed
Jun 22 15:44:53 email-threat-docker postfix/smtpd[482]: connect from unknown[172.20.0.1]
Jun 22 15:44:54 email-threat-docker postfix/smtpd[482]: 81A8A8956A: client=unknown[172.20.0.1]
Jun 22 15:44:54 email-threat-docker postfix/cleanup[708]: 81A8A8956A: prepend: header Subject: Account Locked from unknown[172.20.0.1]; from=<notifications@company.com> to=<recipient@email-threat-docker.local> proto=ESMTP helo=<[192.168.48.1]>: [Subject: ]
Jun 22 15:44:54 email-threat-docker postfix/cleanup[708]: 81A8A8956A: message-id=<>
Jun 22 15:44:54 email-threat-docker postfix/qmgr[99]: 81A8A8956A: from=<notifications@company.com>, size=558, nrcpt=1 (queue active)
Jun 22 15:44:54 email-threat-docker postfix/smtpd[482]: disconnect from unknown[172.20.0.1] ehlo=1 mail=1 rcpt=1 data=1 quit=1 commands=5
Jun 22 15:44:54 email-threat-docker postfix/smtpd[550]: connect from scanner.holbertonshcool-cybersecurity-final-proyect_threat-net[172.20.0.3]
Jun 22 15:44:54 email-threat-docker postfix/smtpd[550]: 8A41389585: client=scanner.holbertonshcool-cybersecurity-final-proyect_threat-net[172.20.0.3]
Jun 22 15:44:54 email-threat-docker postfix/cleanup[708]: 8A41389585: message-id=<>
Jun 22 15:44:54 email-threat-docker postfix/qmgr[99]: 8A41389585: from=<notifications@company.com>, size=814, nrcpt=1 (queue active)
Jun 22 15:44:54 email-threat-docker postfix/smtpd[550]: disconnect from scanner.holbertonshcool-cybersecurity-final-proyect_threat-net[172.20.0.3] ehlo=1 mail=1 rcpt=1 data=1 quit=1 commands=5
Jun 22 15:44:54 email-threat-docker postfix/smtp[483]: 81A8A8956A: to=<recipient@email-threat-docker.local>, relay=scanner[172.20.0.3]:10025, delay=0.05, delays=0.01/0/0.01/0.03, dsn=2.0.0, status=sent (250 Message delivered)
Jun 22 15:44:54 email-threat-docker postfix/qmgr[99]: 81A8A8956A: removed
Jun 22 15:44:54 email-threat-docker postfix/local[229]: 8A41389585: to=<recipient@email-threat-docker.local>, relay=local, delay=0.02, delays=0.01/0/0/0.01, dsn=2.0.0, status=sent (delivered to command: /usr/bin/procmail)
Jun 22 15:44:54 email-threat-docker postfix/qmgr[99]: 8A41389585: removed
Jun 22 15:44:54 email-threat-docker postfix/smtpd[482]: connect from unknown[172.20.0.1]
Jun 22 15:44:55 email-threat-docker postfix/smtpd[482]: 79A9D8956A: client=unknown[172.20.0.1]
Jun 22 15:44:55 email-threat-docker postfix/cleanup[708]: 79A9D8956A: prepend: header Subject: Password Reset Required from unknown[172.20.0.1]; from=<communications@company.com> to=<recipient@email-threat-docker.local> proto=ESMTP helo=<[192.168.48.1]>: [Subject: ]
Jun 22 15:44:55 email-threat-docker postfix/cleanup[708]: 79A9D8956A: message-id=<>
Jun 22 15:44:55 email-threat-docker postfix/qmgr[99]: 79A9D8956A: from=<communications@company.com>, size=598, nrcpt=1 (queue active)
Jun 22 15:44:55 email-threat-docker postfix/smtpd[482]: disconnect from unknown[172.20.0.1] ehlo=1 mail=1 rcpt=1 data=1 quit=1 commands=5
Jun 22 15:44:55 email-threat-docker postfix/smtp[483]: 79A9D8956A: to=<recipient@email-threat-docker.local>, relay=scanner[172.20.0.3]:10025, delay=0.03, delays=0.01/0/0.01/0.01, dsn=2.0.0, status=sent (250 Message quarantined)
Jun 22 15:44:55 email-threat-docker postfix/qmgr[99]: 79A9D8956A: removed
Jun 22 15:44:55 email-threat-docker postfix/smtpd[482]: connect from unknown[172.20.0.1]
Jun 22 15:44:56 email-threat-docker postfix/smtpd[482]: 7E7058956A: client=unknown[172.20.0.1]
Jun 22 15:44:56 email-threat-docker postfix/cleanup[708]: 7E7058956A: prepend: header Subject: Important Document from unknown[172.20.0.1]; from=<support@service.com> to=<recipient@email-threat-docker.local> proto=ESMTP helo=<[192.168.48.1]>: [Subject: ]
Jun 22 15:44:56 email-threat-docker postfix/cleanup[708]: 7E7058956A: message-id=<>
Jun 22 15:44:56 email-threat-docker postfix/qmgr[99]: 7E7058956A: from=<support@service.com>, size=522, nrcpt=1 (queue active)
Jun 22 15:44:56 email-threat-docker postfix/smtpd[482]: disconnect from unknown[172.20.0.1] ehlo=1 mail=1 rcpt=1 data=1 quit=1 commands=5
Jun 22 15:44:56 email-threat-docker postfix/smtp[483]: 7E7058956A: to=<recipient@email-threat-docker.local>, relay=scanner[172.20.0.3]:10025, delay=0.03, delays=0.01/0/0.01/0.01, dsn=2.0.0, status=sent (250 Message quarantined)
Jun 22 15:44:56 email-threat-docker postfix/qmgr[99]: 7E7058956A: removed
Jun 22 15:44:56 email-threat-docker postfix/smtpd[482]: connect from unknown[172.20.0.1]
Jun 22 15:44:57 email-threat-docker postfix/smtpd[482]: 7650289584: client=unknown[172.20.0.1]
Jun 22 15:44:57 email-threat-docker postfix/cleanup[708]: 7650289584: prepend: header Subject: Monthly Report from unknown[172.20.0.1]; from=<support@apple.com> to=<recipient@email-threat-docker.local> proto=ESMTP helo=<[192.168.48.1]>: [Subject: ]
Jun 22 15:44:57 email-threat-docker postfix/cleanup[708]: 7650289584: message-id=<>
Jun 22 15:44:57 email-threat-docker postfix/qmgr[99]: 7650289584: from=<support@apple.com>, size=583, nrcpt=1 (queue active)
Jun 22 15:44:57 email-threat-docker postfix/smtpd[482]: disconnect from unknown[172.20.0.1] ehlo=1 mail=1 rcpt=1 data=1 quit=1 commands=5
Jun 22 15:44:57 email-threat-docker postfix/smtp[483]: 7650289584: to=<recipient@email-threat-docker.local>, relay=scanner[172.20.0.3]:10025, delay=0.03, delays=0.01/0/0.01/0.01, dsn=2.0.0, status=sent (250 Message quarantined)
Jun 22 15:44:57 email-threat-docker postfix/qmgr[99]: 7650289584: removed
Jun 22 15:44:57 email-threat-docker postfix/smtpd[482]: connect from unknown[172.20.0.1]
Jun 22 15:44:58 email-threat-docker postfix/smtpd[482]: 70B7889584: client=unknown[172.20.0.1]
Jun 22 15:44:58 email-threat-docker postfix/cleanup[708]: 70B7889584: prepend: header Subject: System Notification from unknown[172.20.0.1]; from=<deals@newsletter.com> to=<recipient@email-threat-docker.local> proto=ESMTP helo=<[192.168.48.1]>: [Subject: ]
Jun 22 15:44:58 email-threat-docker postfix/cleanup[708]: 70B7889584: message-id=<>
Jun 22 15:44:58 email-threat-docker postfix/qmgr[99]: 70B7889584: from=<deals@newsletter.com>, size=527, nrcpt=1 (queue active)
Jun 22 15:44:58 email-threat-docker postfix/smtpd[482]: disconnect from unknown[172.20.0.1] ehlo=1 mail=1 rcpt=1 data=1 quit=1 commands=5
Jun 22 15:44:58 email-threat-docker postfix/smtp[483]: 70B7889584: to=<recipient@email-threat-docker.local>, relay=scanner[172.20.0.3]:10025, delay=0.03, delays=0.01/0/0.01/0.01, dsn=2.0.0, status=sent (250 Message quarantined)
Jun 22 15:44:58 email-threat-docker postfix/qmgr[99]: 70B7889584: removed
Jun 22 15:44:58 email-threat-docker postfix/smtpd[482]: connect from unknown[172.20.0.1]
Jun 22 15:44:59 email-threat-docker postfix/smtpd[482]: 6965A89584: client=unknown[172.20.0.1]
Jun 22 15:44:59 email-threat-docker postfix/cleanup[708]: 6965A89584: prepend: header Subject: Final Warning from unknown[172.20.0.1]; from=<notifications@company.com> to=<recipient@email-threat-docker.local> proto=ESMTP helo=<[192.168.48.1]>: [Subject: ]
Jun 22 15:44:59 email-threat-docker postfix/cleanup[708]: 6965A89584: message-id=<>
Jun 22 15:44:59 email-threat-docker postfix/qmgr[99]: 6965A89584: from=<notifications@company.com>, size=576, nrcpt=1 (queue active)
Jun 22 15:44:59 email-threat-docker postfix/smtpd[482]: disconnect from unknown[172.20.0.1] ehlo=1 mail=1 rcpt=1 data=1 quit=1 commands=5
Jun 22 15:44:59 email-threat-docker postfix/smtpd[550]: connect from scanner.holbertonshcool-cybersecurity-final-proyect_threat-net[172.20.0.3]
Jun 22 15:44:59 email-threat-docker postfix/smtpd[550]: 7183389589: client=scanner.holbertonshcool-cybersecurity-final-proyect_threat-net[172.20.0.3]
Jun 22 15:44:59 email-threat-docker postfix/cleanup[708]: 7183389589: message-id=<>
Jun 22 15:44:59 email-threat-docker postfix/qmgr[99]: 7183389589: from=<notifications@company.com>, size=832, nrcpt=1 (queue active)
Jun 22 15:44:59 email-threat-docker postfix/smtpd[550]: disconnect from scanner.holbertonshcool-cybersecurity-final-proyect_threat-net[172.20.0.3] ehlo=1 mail=1 rcpt=1 data=1 quit=1 commands=5
Jun 22 15:44:59 email-threat-docker postfix/smtp[483]: 6965A89584: to=<recipient@email-threat-docker.local>, relay=scanner[172.20.0.3]:10025, delay=0.04, delays=0.01/0/0.01/0.03, dsn=2.0.0, status=sent (250 Message delivered)
Jun 22 15:44:59 email-threat-docker postfix/qmgr[99]: 6965A89584: removed
Jun 22 15:44:59 email-threat-docker postfix/local[227]: 7183389589: to=<recipient@email-threat-docker.local>, relay=local, delay=0.02, delays=0.01/0/0/0.01, dsn=2.0.0, status=sent (delivered to command: /usr/bin/procmail)
Jun 22 15:44:59 email-threat-docker postfix/qmgr[99]: 7183389589: removed
Jun 22 15:44:59 email-threat-docker postfix/smtpd[482]: connect from unknown[172.20.0.1]
Jun 22 15:45:00 email-threat-docker postfix/smtpd[482]: 674EC89584: client=unknown[172.20.0.1]
Jun 22 15:45:00 email-threat-docker postfix/cleanup[708]: 674EC89584: prepend: header Subject: Mandatory W-2 Form from unknown[172.20.0.1]; from=<security@service.com> to=<recipient@email-threat-docker.local> proto=ESMTP helo=<[192.168.48.1]>: [Subject: ]
Jun 22 15:45:00 email-threat-docker postfix/cleanup[708]: 674EC89584: message-id=<>
Jun 22 15:45:00 email-threat-docker postfix/qmgr[99]: 674EC89584: from=<security@service.com>, size=516, nrcpt=1 (queue active)
Jun 22 15:45:00 email-threat-docker postfix/smtpd[482]: disconnect from unknown[172.20.0.1] ehlo=1 mail=1 rcpt=1 data=1 quit=1 commands=5
Jun 22 15:45:00 email-threat-docker postfix/smtpd[550]: connect from scanner.holbertonshcool-cybersecurity-final-proyect_threat-net[172.20.0.3]
Jun 22 15:45:00 email-threat-docker postfix/smtpd[550]: 70DBC89589: client=scanner.holbertonshcool-cybersecurity-final-proyect_threat-net[172.20.0.3]
Jun 22 15:45:00 email-threat-docker postfix/cleanup[708]: 70DBC89589: message-id=<>
Jun 22 15:45:00 email-threat-docker postfix/qmgr[99]: 70DBC89589: from=<security@service.com>, size=772, nrcpt=1 (queue active)
Jun 22 15:45:00 email-threat-docker postfix/smtpd[550]: disconnect from scanner.holbertonshcool-cybersecurity-final-proyect_threat-net[172.20.0.3] ehlo=1 mail=1 rcpt=1 data=1 quit=1 commands=5
Jun 22 15:45:00 email-threat-docker postfix/smtp[483]: 674EC89584: to=<recipient@email-threat-docker.local>, relay=scanner[172.20.0.3]:10025, delay=0.06, delays=0.01/0/0.01/0.04, dsn=2.0.0, status=sent (250 Message delivered)
Jun 22 15:45:00 email-threat-docker postfix/qmgr[99]: 674EC89584: removed
Jun 22 15:45:00 email-threat-docker postfix/local[229]: 70DBC89589: to=<recipient@email-threat-docker.local>, relay=local, delay=0.03, delays=0.01/0.01/0/0.01, dsn=2.0.0, status=sent (delivered to command: /usr/bin/procmail)
Jun 22 15:45:00 email-threat-docker postfix/qmgr[99]: 70DBC89589: removed
Jun 22 15:45:00 email-threat-docker postfix/smtpd[482]: connect from unknown[172.20.0.1]
Jun 22 15:45:01 email-threat-docker postfix/smtpd[482]: 635B889584: client=unknown[172.20.0.1]
Jun 22 15:45:01 email-threat-docker postfix/cleanup[708]: 635B889584: prepend: header Subject: Account Verification Needed from unknown[172.20.0.1]; from=<security@service.com> to=<recipient@email-threat-docker.local> proto=ESMTP helo=<[192.168.48.1]>: [Subject: ]
Jun 22 15:45:01 email-threat-docker postfix/cleanup[708]: 635B889584: message-id=<>
Jun 22 15:45:01 email-threat-docker postfix/qmgr[99]: 635B889584: from=<security@service.com>, size=572, nrcpt=1 (queue active)
Jun 22 15:45:01 email-threat-docker postfix/smtpd[482]: disconnect from unknown[172.20.0.1] ehlo=1 mail=1 rcpt=1 data=1 quit=1 commands=5
Jun 22 15:45:01 email-threat-docker postfix/smtpd[550]: connect from scanner.holbertonshcool-cybersecurity-final-proyect_threat-net[172.20.0.3]
Jun 22 15:45:01 email-threat-docker postfix/smtpd[550]: 6E3B689589: client=scanner.holbertonshcool-cybersecurity-final-proyect_threat-net[172.20.0.3]
Jun 22 15:45:01 email-threat-docker postfix/cleanup[708]: 6E3B689589: message-id=<>
Jun 22 15:45:01 email-threat-docker postfix/qmgr[99]: 6E3B689589: from=<security@service.com>, size=828, nrcpt=1 (queue active)
Jun 22 15:45:01 email-threat-docker postfix/smtpd[550]: disconnect from scanner.holbertonshcool-cybersecurity-final-proyect_threat-net[172.20.0.3] ehlo=1 mail=1 rcpt=1 data=1 quit=1 commands=5
Jun 22 15:45:01 email-threat-docker postfix/smtp[483]: 635B889584: to=<recipient@email-threat-docker.local>, relay=scanner[172.20.0.3]:10025, delay=0.06, delays=0.01/0/0.01/0.04, dsn=2.0.0, status=sent (250 Message delivered)
Jun 22 15:45:01 email-threat-docker postfix/qmgr[99]: 635B889584: removed
Jun 22 15:45:01 email-threat-docker postfix/local[227]: 6E3B689589: to=<recipient@email-threat-docker.local>, relay=local, delay=0.02, delays=0.01/0/0/0.01, dsn=2.0.0, status=sent (delivered to command: /usr/bin/procmail)
Jun 22 15:45:01 email-threat-docker postfix/qmgr[99]: 6E3B689589: removed
Jun 22 15:45:01 email-threat-docker postfix/smtpd[482]: connect from unknown[172.20.0.1]
Jun 22 15:45:02 email-threat-docker postfix/smtpd[482]: 5CD9189584: client=unknown[172.20.0.1]
Jun 22 15:45:02 email-threat-docker postfix/cleanup[708]: 5CD9189584: prepend: header Subject: Password Reset Request from unknown[172.20.0.1]; from=<noreply@itdept.company.com> to=<recipient@email-threat-docker.local> proto=ESMTP helo=<[192.168.48.1]>: [Subject: ]
Jun 22 15:45:02 email-threat-docker postfix/cleanup[708]: 5CD9189584: message-id=<>
Jun 22 15:45:02 email-threat-docker postfix/qmgr[99]: 5CD9189584: from=<noreply@itdept.company.com>, size=544, nrcpt=1 (queue active)
Jun 22 15:45:02 email-threat-docker postfix/smtpd[482]: disconnect from unknown[172.20.0.1] ehlo=1 mail=1 rcpt=1 data=1 quit=1 commands=5
Jun 22 15:45:02 email-threat-docker postfix/smtp[483]: 5CD9189584: to=<recipient@email-threat-docker.local>, relay=scanner[172.20.0.3]:10025, delay=0.03, delays=0.01/0/0.01/0.01, dsn=2.0.0, status=sent (250 Message quarantined)
Jun 22 15:45:02 email-threat-docker postfix/qmgr[99]: 5CD9189584: removed
Jun 22 15:45:02 email-threat-docker postfix/smtpd[482]: connect from unknown[172.20.0.1]
Jun 22 15:45:03 email-threat-docker postfix/smtpd[482]: 54E4189584: client=unknown[172.20.0.1]
Jun 22 15:45:03 email-threat-docker postfix/cleanup[708]: 54E4189584: prepend: header Subject: Mandatory Company Survey from unknown[172.20.0.1]; from=<support@service.com> to=<recipient@email-threat-docker.local> proto=ESMTP helo=<[192.168.48.1]>: [Subject: ]
Jun 22 15:45:03 email-threat-docker postfix/cleanup[708]: 54E4189584: message-id=<>
Jun 22 15:45:03 email-threat-docker postfix/qmgr[99]: 54E4189584: from=<support@service.com>, size=530, nrcpt=1 (queue active)
Jun 22 15:45:03 email-threat-docker postfix/smtpd[482]: disconnect from unknown[172.20.0.1] ehlo=1 mail=1 rcpt=1 data=1 quit=1 commands=5
Jun 22 15:45:03 email-threat-docker postfix/smtpd[550]: connect from scanner.holbertonshcool-cybersecurity-final-proyect_threat-net[172.20.0.3]
Jun 22 15:45:03 email-threat-docker postfix/smtpd[550]: 5E74B8958A: client=scanner.holbertonshcool-cybersecurity-final-proyect_threat-net[172.20.0.3]
Jun 22 15:45:03 email-threat-docker postfix/cleanup[708]: 5E74B8958A: message-id=<>
Jun 22 15:45:03 email-threat-docker postfix/qmgr[99]: 5E74B8958A: from=<support@service.com>, size=786, nrcpt=1 (queue active)
Jun 22 15:45:03 email-threat-docker postfix/smtpd[550]: disconnect from scanner.holbertonshcool-cybersecurity-final-proyect_threat-net[172.20.0.3] ehlo=1 mail=1 rcpt=1 data=1 quit=1 commands=5
Jun 22 15:45:03 email-threat-docker postfix/smtp[483]: 54E4189584: to=<recipient@email-threat-docker.local>, relay=scanner[172.20.0.3]:10025, delay=0.05, delays=0.01/0/0.01/0.03, dsn=2.0.0, status=sent (250 Message delivered)
Jun 22 15:45:03 email-threat-docker postfix/qmgr[99]: 54E4189584: removed
Jun 22 15:45:03 email-threat-docker postfix/local[229]: 5E74B8958A: to=<recipient@email-threat-docker.local>, relay=local, delay=0.02, delays=0.01/0/0/0.01, dsn=2.0.0, status=sent (delivered to command: /usr/bin/procmail)
Jun 22 15:45:03 email-threat-docker postfix/qmgr[99]: 5E74B8958A: removed
Jun 22 15:45:03 email-threat-docker postfix/smtpd[482]: connect from unknown[172.20.0.1]
Jun 22 15:45:04 email-threat-docker postfix/smtpd[482]: 4F9C489584: client=unknown[172.20.0.1]
Jun 22 15:45:04 email-threat-docker postfix/cleanup[708]: 4F9C489584: prepend: header Subject: Suspicious Login Attempt from unknown[172.20.0.1]; from=<admin@company.com> to=<recipient@email-threat-docker.local> proto=ESMTP helo=<[192.168.48.1]>: [Subject: ]
Jun 22 15:45:04 email-threat-docker postfix/cleanup[708]: 4F9C489584: message-id=<>
Jun 22 15:45:04 email-threat-docker postfix/qmgr[99]: 4F9C489584: from=<admin@company.com>, size=549, nrcpt=1 (queue active)
Jun 22 15:45:04 email-threat-docker postfix/smtpd[482]: disconnect from unknown[172.20.0.1] ehlo=1 mail=1 rcpt=1 data=1 quit=1 commands=5
Jun 22 15:45:04 email-threat-docker postfix/smtpd[550]: connect from scanner.holbertonshcool-cybersecurity-final-proyect_threat-net[172.20.0.3]
Jun 22 15:45:04 email-threat-docker postfix/smtpd[550]: 57D038958A: client=scanner.holbertonshcool-cybersecurity-final-proyect_threat-net[172.20.0.3]
Jun 22 15:45:04 email-threat-docker postfix/cleanup[708]: 57D038958A: message-id=<>
Jun 22 15:45:04 email-threat-docker postfix/qmgr[99]: 57D038958A: from=<admin@company.com>, size=805, nrcpt=1 (queue active)
Jun 22 15:45:04 email-threat-docker postfix/smtpd[550]: disconnect from scanner.holbertonshcool-cybersecurity-final-proyect_threat-net[172.20.0.3] ehlo=1 mail=1 rcpt=1 data=1 quit=1 commands=5
