May 29 10:16:41 email-threat-docker postfix/postfix-script[73]: warning: group or other writable: /etc/postfix/./main.cf
May 29 10:16:41 email-threat-docker postfix/postfix-script[74]: warning: group or other writable: /etc/postfix/./master.cf
May 29 10:16:41 email-threat-docker postfix/postfix-script[75]: warning: group or other writable: /etc/postfix/./transport
May 29 10:16:41 email-threat-docker postfix/postfix-script[98]: starting the Postfix mail system
May 29 10:16:41 email-threat-docker postfix/master[1]: daemon started -- version 3.6.4, configuration /etc/postfix
May 29 10:18:26 email-threat-docker postfix/smtpd[237]: warning: dict_nis_init: NIS domain name not set - NIS lookups disabled
May 29 10:18:26 email-threat-docker postfix/smtpd[237]: connect from unknown[172.20.0.1]
May 29 10:18:27 email-threat-docker postfix/smtpd[237]: CF51F99C6D: client=unknown[172.20.0.1]
May 29 10:18:27 email-threat-docker postfix/cleanup[241]: CF51F99C6D: prepend: header Subject: Upcoming Holiday Schedule from unknown[172.20.0.1]; from=<newsletter@store.com> to=<recipient@email-threat-docker.local> proto=ESMTP helo=<[192.168.48.1]>: [Subject: ]
May 29 10:18:27 email-threat-docker postfix/cleanup[241]: CF51F99C6D: message-id=<>
May 29 10:18:27 email-threat-docker postfix/qmgr[100]: CF51F99C6D: from=<newsletter@store.com>, size=620, nrcpt=1 (queue active)
May 29 10:18:27 email-threat-docker postfix/smtpd[237]: disconnect from unknown[172.20.0.1] ehlo=1 mail=1 rcpt=1 data=1 quit=1 commands=5
May 29 10:18:27 email-threat-docker postfix/smtpd[243]: warning: dict_nis_init: NIS domain name not set - NIS lookups disabled
May 29 10:18:27 email-threat-docker postfix/smtpd[243]: connect from scanner.holbertonshcool-cybersecurity-final-proyect_threat-net[172.20.0.3]
May 29 10:18:27 email-threat-docker postfix/smtpd[243]: DD7B699C75: client=scanner.holbertonshcool-cybersecurity-final-proyect_threat-net[172.20.0.3]
May 29 10:18:27 email-threat-docker postfix/cleanup[241]: DD7B699C75: message-id=<>
May 29 10:18:27 email-threat-docker postfix/qmgr[100]: DD7B699C75: from=<newsletter@store.com>, size=876, nrcpt=1 (queue active)
May 29 10:18:27 email-threat-docker postfix/smtpd[243]: disconnect from scanner.holbertonshcool-cybersecurity-final-proyect_threat-net[172.20.0.3] ehlo=1 mail=1 rcpt=1 data=1 quit=1 commands=5
May 29 10:18:27 email-threat-docker postfix/smtp[242]: CF51F99C6D: to=<recipient@email-threat-docker.local>, relay=scanner[172.20.0.3]:10025, delay=0.08, delays=0.02/0.01/0.01/0.04, dsn=2.0.0, status=sent (250 Message delivered)
May 29 10:18:27 email-threat-docker postfix/qmgr[100]: CF51F99C6D: removed
May 29 10:18:27 email-threat-docker postfix/local[244]: warning: dict_nis_init: NIS domain name not set - NIS lookups disabled
May 29 10:18:28 email-threat-docker postfix/smtpd[237]: connect from unknown[172.20.0.1]
May 29 10:18:28 email-threat-docker postfix/smtpd[237]: D2A5E99C79: client=unknown[172.20.0.1]
May 29 10:18:28 email-threat-docker postfix/cleanup[241]: D2A5E99C79: prepend: header Subject: Project Kickoff Meeting from unknown[172.20.0.1]; from=<security@bigcorp.com> to=<recipient@email-threat-docker.local> proto=ESMTP helo=<[192.168.48.1]>: [Subject: ]
May 29 10:18:28 email-threat-docker postfix/cleanup[241]: D2A5E99C79: message-id=<>
May 29 10:18:28 email-threat-docker postfix/qmgr[100]: D2A5E99C79: from=<security@bigcorp.com>, size=634, nrcpt=1 (queue active)
May 29 10:18:28 email-threat-docker postfix/smtpd[237]: disconnect from unknown[172.20.0.1] ehlo=1 mail=1 rcpt=1 data=1 quit=1 commands=5
May 29 10:18:28 email-threat-docker postfix/local[244]: DD7B699C75: to=<recipient@email-threat-docker.local>, relay=local, delay=1, delays=0.01/0.01/0/1, dsn=2.0.0, status=sent (delivered to command: /usr/bin/procmail)
May 29 10:18:28 email-threat-docker postfix/qmgr[100]: DD7B699C75: removed
May 29 10:18:28 email-threat-docker postfix/smtpd[243]: connect from scanner.holbertonshcool-cybersecurity-final-proyect_threat-net[172.20.0.3]
May 29 10:18:28 email-threat-docker postfix/smtpd[243]: E8E4E99C75: client=scanner.holbertonshcool-cybersecurity-final-proyect_threat-net[172.20.0.3]
May 29 10:18:28 email-threat-docker postfix/cleanup[241]: E8E4E99C75: message-id=<>
May 29 10:18:28 email-threat-docker postfix/qmgr[100]: E8E4E99C75: from=<security@bigcorp.com>, size=890, nrcpt=1 (queue active)
May 29 10:18:28 email-threat-docker postfix/smtpd[243]: disconnect from scanner.holbertonshcool-cybersecurity-final-proyect_threat-net[172.20.0.3] ehlo=1 mail=1 rcpt=1 data=1 quit=1 commands=5
May 29 10:18:28 email-threat-docker postfix/smtp[242]: D2A5E99C79: to=<recipient@email-threat-docker.local>, relay=scanner[172.20.0.3]:10025, delay=0.13, delays=0.05/0/0.01/0.06, dsn=2.0.0, status=sent (250 Message delivered)
May 29 10:18:28 email-threat-docker postfix/qmgr[100]: D2A5E99C79: removed
May 29 10:18:28 email-threat-docker postfix/local[244]: E8E4E99C75: to=<recipient@email-threat-docker.local>, relay=local, delay=0.03, delays=0.02/0/0/0.01, dsn=2.0.0, status=sent (delivered to command: /usr/bin/procmail)
May 29 10:18:28 email-threat-docker postfix/qmgr[100]: E8E4E99C75: removed
May 29 10:18:29 email-threat-docker postfix/smtpd[237]: connect from unknown[172.20.0.1]
May 29 10:18:29 email-threat-docker postfix/smtpd[237]: DA29399C65: client=unknown[172.20.0.1]
May 29 10:18:29 email-threat-docker postfix/cleanup[241]: DA29399C65: prepend: header Subject: Scheduled Maintenance Tonight from unknown[172.20.0.1]; from=<support@apple.com> to=<recipient@email-threat-docker.local> proto=ESMTP helo=<[192.168.48.1]>: [Subject: ]
May 29 10:18:29 email-threat-docker postfix/cleanup[241]: DA29399C65: message-id=<>
May 29 10:18:29 email-threat-docker postfix/qmgr[100]: DA29399C65: from=<support@apple.com>, size=632, nrcpt=1 (queue active)
May 29 10:18:29 email-threat-docker postfix/smtpd[237]: disconnect from unknown[172.20.0.1] ehlo=1 mail=1 rcpt=1 data=1 quit=1 commands=5
May 29 10:18:29 email-threat-docker postfix/smtpd[243]: connect from scanner.holbertonshcool-cybersecurity-final-proyect_threat-net[172.20.0.3]
May 29 10:18:29 email-threat-docker postfix/smtpd[243]: E36E899C78: client=scanner.holbertonshcool-cybersecurity-final-proyect_threat-net[172.20.0.3]
May 29 10:18:29 email-threat-docker postfix/cleanup[241]: E36E899C78: message-id=<>
May 29 10:18:29 email-threat-docker postfix/qmgr[100]: E36E899C78: from=<support@apple.com>, size=888, nrcpt=1 (queue active)
May 29 10:18:29 email-threat-docker postfix/smtpd[243]: disconnect from scanner.holbertonshcool-cybersecurity-final-proyect_threat-net[172.20.0.3] ehlo=1 mail=1 rcpt=1 data=1 quit=1 commands=5
May 29 10:18:29 email-threat-docker postfix/smtp[242]: DA29399C65: to=<recipient@email-threat-docker.local>, relay=scanner[172.20.0.3]:10025, delay=0.06, delays=0.02/0/0.01/0.03, dsn=2.0.0, status=sent (250 Message delivered)
May 29 10:18:29 email-threat-docker postfix/qmgr[100]: DA29399C65: removed
May 29 10:18:29 email-threat-docker postfix/local[244]: E36E899C78: to=<recipient@email-threat-docker.local>, relay=local, delay=0.02, delays=0.01/0/0/0.01, dsn=2.0.0, status=sent (delivered to command: /usr/bin/procmail)
May 29 10:18:29 email-threat-docker postfix/qmgr[100]: E36E899C78: removed
May 29 10:18:30 email-threat-docker postfix/smtpd[237]: connect from unknown[172.20.0.1]
May 29 10:18:30 email-threat-docker postfix/smtpd[237]: DA91B99C65: client=unknown[172.20.0.1]
May 29 10:18:30 email-threat-docker postfix/cleanup[241]: DA91B99C65: prepend: header Subject: Your Subscription Renewal Confirmation from unknown[172.20.0.1]; from=<billing@legit-company.com> to=<recipient@email-threat-docker.local> proto=ESMTP helo=<[192.168.48.1]>: [Subject: ]
May 29 10:18:30 email-threat-docker postfix/cleanup[241]: DA91B99C65: message-id=<>
May 29 10:18:30 email-threat-docker postfix/qmgr[100]: DA91B99C65: from=<billing@legit-company.com>, size=605, nrcpt=1 (queue active)
May 29 10:18:30 email-threat-docker postfix/smtpd[237]: disconnect from unknown[172.20.0.1] ehlo=1 mail=1 rcpt=1 data=1 quit=1 commands=5
May 29 10:18:30 email-threat-docker postfix/smtpd[243]: connect from scanner.holbertonshcool-cybersecurity-final-proyect_threat-net[172.20.0.3]
May 29 10:18:30 email-threat-docker postfix/smtpd[243]: E37B499C78: client=scanner.holbertonshcool-cybersecurity-final-proyect_threat-net[172.20.0.3]
May 29 10:18:30 email-threat-docker postfix/cleanup[241]: E37B499C78: message-id=<>
May 29 10:18:30 email-threat-docker postfix/qmgr[100]: E37B499C78: from=<billing@legit-company.com>, size=861, nrcpt=1 (queue active)
May 29 10:18:30 email-threat-docker postfix/smtpd[243]: disconnect from scanner.holbertonshcool-cybersecurity-final-proyect_threat-net[172.20.0.3] ehlo=1 mail=1 rcpt=1 data=1 quit=1 commands=5
May 29 10:18:30 email-threat-docker postfix/smtp[242]: DA91B99C65: to=<recipient@email-threat-docker.local>, relay=scanner[172.20.0.3]:10025, delay=0.05, delays=0.01/0/0.01/0.03, dsn=2.0.0, status=sent (250 Message delivered)
May 29 10:18:30 email-threat-docker postfix/qmgr[100]: DA91B99C65: removed
May 29 10:18:30 email-threat-docker postfix/local[244]: E37B499C78: to=<recipient@email-threat-docker.local>, relay=local, delay=0.02, delays=0.01/0/0/0.01, dsn=2.0.0, status=sent (delivered to command: /usr/bin/procmail)
May 29 10:18:30 email-threat-docker postfix/qmgr[100]: E37B499C78: removed
May 29 10:18:31 email-threat-docker postfix/smtpd[237]: connect from unknown[172.20.0.1]
May 29 10:18:31 email-threat-docker postfix/smtpd[237]: DD51199C65: client=unknown[172.20.0.1]
May 29 10:18:31 email-threat-docker postfix/cleanup[241]: DD51199C65: prepend: header Subject: Join Us for the Charity Run! from unknown[172.20.0.1]; from=<events@company.com> to=<recipient@email-threat-docker.local> proto=ESMTP helo=<[192.168.48.1]>: [Subject: ]
May 29 10:18:31 email-threat-docker postfix/cleanup[241]: DD51199C65: message-id=<>
May 29 10:18:31 email-threat-docker postfix/qmgr[100]: DD51199C65: from=<events@company.com>, size=641, nrcpt=1 (queue active)
May 29 10:18:31 email-threat-docker postfix/smtpd[237]: disconnect from unknown[172.20.0.1] ehlo=1 mail=1 rcpt=1 data=1 quit=1 commands=5
May 29 10:18:31 email-threat-docker postfix/smtpd[243]: connect from scanner.holbertonshcool-cybersecurity-final-proyect_threat-net[172.20.0.3]
May 29 10:18:31 email-threat-docker postfix/smtpd[243]: E4E6399C78: client=scanner.holbertonshcool-cybersecurity-final-proyect_threat-net[172.20.0.3]
May 29 10:18:31 email-threat-docker postfix/cleanup[241]: E4E6399C78: message-id=<>
May 29 10:18:31 email-threat-docker postfix/qmgr[100]: E4E6399C78: from=<events@company.com>, size=897, nrcpt=1 (queue active)
May 29 10:18:31 email-threat-docker postfix/smtpd[243]: disconnect from scanner.holbertonshcool-cybersecurity-final-proyect_threat-net[172.20.0.3] ehlo=1 mail=1 rcpt=1 data=1 quit=1 commands=5
May 29 10:18:31 email-threat-docker postfix/smtp[242]: DD51199C65: to=<recipient@email-threat-docker.local>, relay=scanner[172.20.0.3]:10025, delay=0.05, delays=0.01/0/0.01/0.03, dsn=2.0.0, status=sent (250 Message delivered)
May 29 10:18:31 email-threat-docker postfix/qmgr[100]: DD51199C65: removed
May 29 10:18:31 email-threat-docker postfix/local[244]: E4E6399C78: to=<recipient@email-threat-docker.local>, relay=local, delay=0.02, delays=0.01/0/0/0.01, dsn=2.0.0, status=sent (delivered to command: /usr/bin/procmail)
May 29 10:18:31 email-threat-docker postfix/qmgr[100]: E4E6399C78: removed
May 29 10:18:32 email-threat-docker postfix/smtpd[237]: connect from unknown[172.20.0.1]
May 29 10:18:32 email-threat-docker postfix/smtpd[237]: DA23099C65: client=unknown[172.20.0.1]
May 29 10:18:32 email-threat-docker postfix/cleanup[241]: DA23099C65: prepend: header Subject: Password Change Successful from unknown[172.20.0.1]; from=<admin@company.com> to=<recipient@email-threat-docker.local> proto=ESMTP helo=<[192.168.48.1]>: [Subject: ]
May 29 10:18:32 email-threat-docker postfix/cleanup[241]: DA23099C65: message-id=<>
May 29 10:18:32 email-threat-docker postfix/qmgr[100]: DA23099C65: from=<admin@company.com>, size=628, nrcpt=1 (queue active)
May 29 10:18:32 email-threat-docker postfix/smtpd[237]: disconnect from unknown[172.20.0.1] ehlo=1 mail=1 rcpt=1 data=1 quit=1 commands=5
May 29 10:18:32 email-threat-docker postfix/smtpd[243]: connect from scanner.holbertonshcool-cybersecurity-final-proyect_threat-net[172.20.0.3]
May 29 10:18:32 email-threat-docker postfix/smtpd[243]: E12E899C78: client=scanner.holbertonshcool-cybersecurity-final-proyect_threat-net[172.20.0.3]
May 29 10:18:32 email-threat-docker postfix/cleanup[241]: E12E899C78: message-id=<>
May 29 10:18:32 email-threat-docker postfix/qmgr[100]: E12E899C78: from=<admin@company.com>, size=884, nrcpt=1 (queue active)
May 29 10:18:32 email-threat-docker postfix/smtpd[243]: disconnect from scanner.holbertonshcool-cybersecurity-final-proyect_threat-net[172.20.0.3] ehlo=1 mail=1 rcpt=1 data=1 quit=1 commands=5
May 29 10:18:32 email-threat-docker postfix/smtp[242]: DA23099C65: to=<recipient@email-threat-docker.local>, relay=scanner[172.20.0.3]:10025, delay=0.04, delays=0.01/0/0.01/0.02, dsn=2.0.0, status=sent (250 Message delivered)
May 29 10:18:32 email-threat-docker postfix/qmgr[100]: DA23099C65: removed
May 29 10:18:32 email-threat-docker postfix/local[244]: E12E899C78: to=<recipient@email-threat-docker.local>, relay=local, delay=0.02, delays=0.01/0/0/0.01, dsn=2.0.0, status=sent (delivered to command: /usr/bin/procmail)
May 29 10:18:32 email-threat-docker postfix/qmgr[100]: E12E899C78: removed
May 29 10:18:33 email-threat-docker postfix/smtpd[237]: connect from unknown[172.20.0.1]
May 29 10:18:32 email-threat-docker postfix/smtpd[237]: AC05F99C65: client=unknown[172.20.0.1]
May 29 10:18:32 email-threat-docker postfix/cleanup[241]: AC05F99C65: prepend: header Subject: Feature X Deployment from unknown[172.20.0.1]; from=<devteam@company.com> to=<recipient@email-threat-docker.local> proto=ESMTP helo=<[192.168.48.1]>: [Subject: ]
May 29 10:18:32 email-threat-docker postfix/cleanup[241]: AC05F99C65: message-id=<>
May 29 10:18:32 email-threat-docker postfix/qmgr[100]: AC05F99C65: from=<devteam@company.com>, size=618, nrcpt=1 (queue active)
May 29 10:18:32 email-threat-docker postfix/smtpd[237]: disconnect from unknown[172.20.0.1] ehlo=1 mail=1 rcpt=1 data=1 quit=1 commands=5
May 29 10:18:32 email-threat-docker postfix/smtpd[243]: connect from scanner.holbertonshcool-cybersecurity-final-proyect_threat-net[172.20.0.3]
May 29 10:18:32 email-threat-docker postfix/smtpd[243]: B3B9699C78: client=scanner.holbertonshcool-cybersecurity-final-proyect_threat-net[172.20.0.3]
May 29 10:18:32 email-threat-docker postfix/cleanup[241]: B3B9699C78: message-id=<>
May 29 10:18:32 email-threat-docker postfix/qmgr[100]: B3B9699C78: from=<devteam@company.com>, size=874, nrcpt=1 (queue active)
May 29 10:18:32 email-threat-docker postfix/smtpd[243]: disconnect from scanner.holbertonshcool-cybersecurity-final-proyect_threat-net[172.20.0.3] ehlo=1 mail=1 rcpt=1 data=1 quit=1 commands=5
May 29 10:18:32 email-threat-docker postfix/smtp[242]: AC05F99C65: to=<recipient@email-threat-docker.local>, relay=scanner[172.20.0.3]:10025, delay=0.05, delays=0.01/0/0.01/0.03, dsn=2.0.0, status=sent (250 Message delivered)
May 29 10:18:32 email-threat-docker postfix/qmgr[100]: AC05F99C65: removed
May 29 10:18:36 email-threat-docker postfix/local[244]: B3B9699C78: to=<recipient@email-threat-docker.local>, relay=local, delay=3.9, delays=0.01/0/0/3.9, dsn=2.0.0, status=sent (delivered to command: /usr/bin/procmail)
May 29 10:18:36 email-threat-docker postfix/qmgr[100]: B3B9699C78: removed
May 29 10:18:36 email-threat-docker postfix/smtpd[237]: connect from unknown[172.20.0.1]
May 29 10:18:37 email-threat-docker postfix/smtpd[237]: 9133299C65: client=unknown[172.20.0.1]
May 29 10:18:37 email-threat-docker postfix/cleanup[241]: 9133299C65: prepend: header Subject: Town Hall Meeting Next Week from unknown[172.20.0.1]; from=<support@bank.com> to=<recipient@email-threat-docker.local> proto=ESMTP helo=<[192.168.48.1]>: [Subject: ]
May 29 10:18:37 email-threat-docker postfix/cleanup[241]: 9133299C65: message-id=<>
May 29 10:18:37 email-threat-docker postfix/qmgr[100]: 9133299C65: from=<support@bank.com>, size=636, nrcpt=1 (queue active)
May 29 10:18:37 email-threat-docker postfix/smtpd[237]: disconnect from unknown[172.20.0.1] ehlo=1 mail=1 rcpt=1 data=1 quit=1 commands=5
May 29 10:18:37 email-threat-docker postfix/smtpd[243]: connect from scanner.holbertonshcool-cybersecurity-final-proyect_threat-net[172.20.0.3]
May 29 10:18:37 email-threat-docker postfix/smtpd[243]: 9914999C78: client=scanner.holbertonshcool-cybersecurity-final-proyect_threat-net[172.20.0.3]
May 29 10:18:37 email-threat-docker postfix/cleanup[241]: 9914999C78: message-id=<>
May 29 10:18:37 email-threat-docker postfix/qmgr[100]: 9914999C78: from=<support@bank.com>, size=892, nrcpt=1 (queue active)
May 29 10:18:37 email-threat-docker postfix/smtpd[243]: disconnect from scanner.holbertonshcool-cybersecurity-final-proyect_threat-net[172.20.0.3] ehlo=1 mail=1 rcpt=1 data=1 quit=1 commands=5
May 29 10:18:37 email-threat-docker postfix/smtp[242]: 9133299C65: to=<recipient@email-threat-docker.local>, relay=scanner[172.20.0.3]:10025, delay=0.05, delays=0.01/0/0.01/0.03, dsn=2.0.0, status=sent (250 Message delivered)
May 29 10:18:37 email-threat-docker postfix/qmgr[100]: 9133299C65: removed
May 29 10:18:37 email-threat-docker postfix/local[244]: 9914999C78: to=<recipient@email-threat-docker.local>, relay=local, delay=0.02, delays=0.01/0/0/0.01, dsn=2.0.0, status=sent (delivered to command: /usr/bin/procmail)
May 29 10:18:37 email-threat-docker postfix/qmgr[100]: 9914999C78: removed
May 29 10:18:37 email-threat-docker postfix/smtpd[237]: connect from unknown[172.20.0.1]
May 29 10:18:38 email-threat-docker postfix/smtpd[237]: 8CFA499C65: client=unknown[172.20.0.1]
May 29 10:18:38 email-threat-docker postfix/cleanup[241]: 8CFA499C65: prepend: header Subject: Team Lunch from unknown[172.20.0.1]; from=<info@company.com> to=<recipient@email-threat-docker.local> proto=ESMTP helo=<[192.168.48.1]>: [Subject: ]
May 29 10:18:38 email-threat-docker postfix/cleanup[241]: 8CFA499C65: message-id=<>
May 29 10:18:38 email-threat-docker postfix/qmgr[100]: 8CFA499C65: from=<info@company.com>, size=430, nrcpt=1 (queue active)
May 29 10:18:38 email-threat-docker postfix/smtpd[237]: disconnect from unknown[172.20.0.1] ehlo=1 mail=1 rcpt=1 data=1 quit=1 commands=5
May 29 10:18:38 email-threat-docker postfix/smtpd[243]: connect from scanner.holbertonshcool-cybersecurity-final-proyect_threat-net[172.20.0.3]
May 29 10:18:38 email-threat-docker postfix/smtpd[243]: 9420199C78: client=scanner.holbertonshcool-cybersecurity-final-proyect_threat-net[172.20.0.3]
May 29 10:18:38 email-threat-docker postfix/cleanup[241]: 9420199C78: message-id=<>
May 29 10:18:38 email-threat-docker postfix/qmgr[100]: 9420199C78: from=<info@company.com>, size=686, nrcpt=1 (queue active)
May 29 10:18:38 email-threat-docker postfix/smtpd[243]: disconnect from scanner.holbertonshcool-cybersecurity-final-proyect_threat-net[172.20.0.3] ehlo=1 mail=1 rcpt=1 data=1 quit=1 commands=5
May 29 10:18:38 email-threat-docker postfix/smtp[242]: 8CFA499C65: to=<recipient@email-threat-docker.local>, relay=scanner[172.20.0.3]:10025, delay=0.04, delays=0.01/0/0.01/0.02, dsn=2.0.0, status=sent (250 Message delivered)
May 29 10:18:38 email-threat-docker postfix/qmgr[100]: 8CFA499C65: removed
May 29 10:18:38 email-threat-docker postfix/local[244]: 9420199C78: to=<recipient@email-threat-docker.local>, relay=local, delay=0.01, delays=0.01/0/0/0.01, dsn=2.0.0, status=sent (delivered to command: /usr/bin/procmail)
May 29 10:18:38 email-threat-docker postfix/qmgr[100]: 9420199C78: removed
May 29 10:18:38 email-threat-docker postfix/smtpd[237]: connect from unknown[172.20.0.1]
May 29 10:18:39 email-threat-docker postfix/smtpd[237]: 8DB3399C65: client=unknown[172.20.0.1]
May 29 10:18:39 email-threat-docker postfix/cleanup[241]: 8DB3399C65: prepend: header Subject: Project Update from unknown[172.20.0.1]; from=<support@onlineservice.com> to=<recipient@email-threat-docker.local> proto=ESMTP helo=<[192.168.48.1]>: [Subject: ]
May 29 10:18:39 email-threat-docker postfix/cleanup[241]: 8DB3399C65: message-id=<>
May 29 10:18:39 email-threat-docker postfix/qmgr[100]: 8DB3399C65: from=<support@onlineservice.com>, size=844, nrcpt=1 (queue active)
May 29 10:18:39 email-threat-docker postfix/smtpd[237]: disconnect from unknown[172.20.0.1] ehlo=1 mail=1 rcpt=1 data=1 quit=1 commands=5
May 29 10:18:39 email-threat-docker postfix/smtpd[243]: connect from scanner.holbertonshcool-cybersecurity-final-proyect_threat-net[172.20.0.3]
May 29 10:18:39 email-threat-docker postfix/smtpd[243]: 959FF99C78: client=scanner.holbertonshcool-cybersecurity-final-proyect_threat-net[172.20.0.3]
May 29 10:18:39 email-threat-docker postfix/cleanup[241]: 959FF99C78: message-id=<>
May 29 10:18:39 email-threat-docker postfix/qmgr[100]: 959FF99C78: from=<support@onlineservice.com>, size=1100, nrcpt=1 (queue active)
May 29 10:18:39 email-threat-docker postfix/smtpd[243]: disconnect from scanner.holbertonshcool-cybersecurity-final-proyect_threat-net[172.20.0.3] ehlo=1 mail=1 rcpt=1 data=1 quit=1 commands=5
May 29 10:18:39 email-threat-docker postfix/local[244]: 959FF99C78: to=<recipient@email-threat-docker.local>, relay=local, delay=0.02, delays=0.01/0/0/0.01, dsn=2.0.0, status=sent (delivered to command: /usr/bin/procmail)
May 29 10:18:39 email-threat-docker postfix/qmgr[100]: 959FF99C78: removed
May 29 10:18:39 email-threat-docker postfix/smtp[242]: 8DB3399C65: to=<recipient@email-threat-docker.local>, relay=scanner[172.20.0.3]:10025, delay=0.06, delays=0.01/0/0.01/0.04, dsn=2.0.0, status=sent (250 Message delivered)
May 29 10:18:39 email-threat-docker postfix/qmgr[100]: 8DB3399C65: removed
May 29 10:18:39 email-threat-docker postfix/smtpd[237]: connect from unknown[172.20.0.1]
May 29 10:18:40 email-threat-docker postfix/smtpd[237]: 90A4B99C65: client=unknown[172.20.0.1]
May 29 10:18:40 email-threat-docker postfix/cleanup[241]: 90A4B99C65: prepend: header Subject: Meeting Reminder from unknown[172.20.0.1]; from=<security@onlinebank.com> to=<recipient@email-threat-docker.local> proto=ESMTP helo=<[192.168.48.1]>: [Subject: ]
May 29 10:18:40 email-threat-docker postfix/cleanup[241]: 90A4B99C65: message-id=<>
May 29 10:18:40 email-threat-docker postfix/qmgr[100]: 90A4B99C65: from=<security@onlinebank.com>, size=443, nrcpt=1 (queue active)
May 29 10:18:40 email-threat-docker postfix/smtpd[237]: disconnect from unknown[172.20.0.1] ehlo=1 mail=1 rcpt=1 data=1 quit=1 commands=5
May 29 10:18:40 email-threat-docker postfix/smtpd[243]: connect from scanner.holbertonshcool-cybersecurity-final-proyect_threat-net[172.20.0.3]
May 29 10:18:40 email-threat-docker postfix/smtpd[243]: 9D0EE99C78: client=scanner.holbertonshcool-cybersecurity-final-proyect_threat-net[172.20.0.3]
May 29 10:18:40 email-threat-docker postfix/cleanup[241]: 9D0EE99C78: message-id=<>
May 29 10:18:40 email-threat-docker postfix/qmgr[100]: 9D0EE99C78: from=<security@onlinebank.com>, size=699, nrcpt=1 (queue active)
May 29 10:18:40 email-threat-docker postfix/smtpd[243]: disconnect from scanner.holbertonshcool-cybersecurity-final-proyect_threat-net[172.20.0.3] ehlo=1 mail=1 rcpt=1 data=1 quit=1 commands=5
May 29 10:18:40 email-threat-docker postfix/smtp[242]: 90A4B99C65: to=<recipient@email-threat-docker.local>, relay=scanner[172.20.0.3]:10025, delay=0.08, delays=0.02/0/0.01/0.04, dsn=2.0.0, status=sent (250 Message delivered)
May 29 10:18:40 email-threat-docker postfix/qmgr[100]: 90A4B99C65: removed
May 29 10:18:40 email-threat-docker postfix/local[244]: 9D0EE99C78: to=<recipient@email-threat-docker.local>, relay=local, delay=0.02, delays=0.01/0/0/0.01, dsn=2.0.0, status=sent (delivered to command: /usr/bin/procmail)
May 29 10:18:40 email-threat-docker postfix/qmgr[100]: 9D0EE99C78: removed
May 29 10:18:40 email-threat-docker postfix/smtpd[237]: connect from unknown[172.20.0.1]
May 29 10:18:41 email-threat-docker postfix/smtpd[237]: 91EAF99C65: client=unknown[172.20.0.1]
May 29 10:18:41 email-threat-docker postfix/cleanup[241]: 91EAF99C65: prepend: header Subject: Network Maintenance from unknown[172.20.0.1]; from=<support@bank.com> to=<recipient@email-threat-docker.local> proto=ESMTP helo=<[192.168.48.1]>: [Subject: ]
May 29 10:18:41 email-threat-docker postfix/cleanup[241]: 91EAF99C65: message-id=<>
May 29 10:18:41 email-threat-docker postfix/qmgr[100]: 91EAF99C65: from=<support@bank.com>, size=445, nrcpt=1 (queue active)
May 29 10:18:41 email-threat-docker postfix/smtpd[237]: disconnect from unknown[172.20.0.1] ehlo=1 mail=1 rcpt=1 data=1 quit=1 commands=5
May 29 10:18:41 email-threat-docker postfix/smtpd[243]: connect from scanner.holbertonshcool-cybersecurity-final-proyect_threat-net[172.20.0.3]
May 29 10:18:41 email-threat-docker postfix/smtpd[243]: 9915999C78: client=scanner.holbertonshcool-cybersecurity-final-proyect_threat-net[172.20.0.3]
May 29 10:18:41 email-threat-docker postfix/cleanup[241]: 9915999C78: message-id=<>
May 29 10:18:41 email-threat-docker postfix/qmgr[100]: 9915999C78: from=<support@bank.com>, size=701, nrcpt=1 (queue active)
May 29 10:18:41 email-threat-docker postfix/smtpd[243]: disconnect from scanner.holbertonshcool-cybersecurity-final-proyect_threat-net[172.20.0.3] ehlo=1 mail=1 rcpt=1 data=1 quit=1 commands=5
May 29 10:18:41 email-threat-docker postfix/smtp[242]: 91EAF99C65: to=<recipient@email-threat-docker.local>, relay=scanner[172.20.0.3]:10025, delay=0.04, delays=0.01/0/0.01/0.02, dsn=2.0.0, status=sent (250 Message delivered)
May 29 10:18:41 email-threat-docker postfix/qmgr[100]: 91EAF99C65: removed
May 29 10:18:41 email-threat-docker postfix/local[244]: 9915999C78: to=<recipient@email-threat-docker.local>, relay=local, delay=0.02, delays=0.01/0/0/0.01, dsn=2.0.0, status=sent (delivered to command: /usr/bin/procmail)
May 29 10:18:41 email-threat-docker postfix/qmgr[100]: 9915999C78: removed
May 29 10:18:41 email-threat-docker postfix/smtpd[237]: connect from unknown[172.20.0.1]
May 29 10:18:42 email-threat-docker postfix/smtpd[237]: 8EECE99C75: client=unknown[172.20.0.1]
May 29 10:18:42 email-threat-docker postfix/cleanup[241]: 8EECE99C75: prepend: header Subject: New Policy Document from unknown[172.20.0.1]; from=<security@onlinebank.com> to=<recipient@email-threat-docker.local> proto=ESMTP helo=<[192.168.48.1]>: [Subject: ]
May 29 10:18:42 email-threat-docker postfix/cleanup[241]: 8EECE99C75: message-id=<>
May 29 10:18:42 email-threat-docker postfix/qmgr[100]: 8EECE99C75: from=<security@onlinebank.com>, size=849, nrcpt=1 (queue active)
May 29 10:18:42 email-threat-docker postfix/smtpd[237]: disconnect from unknown[172.20.0.1] ehlo=1 mail=1 rcpt=1 data=1 quit=1 commands=5
May 29 10:18:42 email-threat-docker postfix/smtpd[243]: connect from scanner.holbertonshcool-cybersecurity-final-proyect_threat-net[172.20.0.3]
May 29 10:18:42 email-threat-docker postfix/smtpd[243]: 9AC5C99C78: client=scanner.holbertonshcool-cybersecurity-final-proyect_threat-net[172.20.0.3]
May 29 10:18:42 email-threat-docker postfix/cleanup[241]: 9AC5C99C78: message-id=<>
May 29 10:18:42 email-threat-docker postfix/qmgr[100]: 9AC5C99C78: from=<security@onlinebank.com>, size=1105, nrcpt=1 (queue active)
May 29 10:18:42 email-threat-docker postfix/smtpd[243]: disconnect from scanner.holbertonshcool-cybersecurity-final-proyect_threat-net[172.20.0.3] ehlo=1 mail=1 rcpt=1 data=1 quit=1 commands=5
May 29 10:18:42 email-threat-docker postfix/smtp[242]: 8EECE99C75: to=<recipient@email-threat-docker.local>, relay=scanner[172.20.0.3]:10025, delay=0.07, delays=0.01/0/0.01/0.05, dsn=2.0.0, status=sent (250 Message delivered)
May 29 10:18:42 email-threat-docker postfix/qmgr[100]: 8EECE99C75: removed
May 29 10:18:42 email-threat-docker postfix/local[244]: 9AC5C99C78: to=<recipient@email-threat-docker.local>, relay=local, delay=0.02, delays=0.01/0/0/0.01, dsn=2.0.0, status=sent (delivered to command: /usr/bin/procmail)
May 29 10:18:42 email-threat-docker postfix/qmgr[100]: 9AC5C99C78: removed
May 29 10:18:42 email-threat-docker postfix/smtpd[237]: connect from unknown[172.20.0.1]
May 29 10:18:43 email-threat-docker postfix/smtpd[237]: 8D86D99C75: client=unknown[172.20.0.1]
May 29 10:18:43 email-threat-docker postfix/cleanup[241]: 8D86D99C75: prepend: header Subject: Welcome New Hire from unknown[172.20.0.1]; from=<security@onlinebank.com> to=<recipient@email-threat-docker.local> proto=ESMTP helo=<[192.168.48.1]>: [Subject: ]
May 29 10:18:43 email-threat-docker postfix/cleanup[241]: 8D86D99C75: message-id=<>
May 29 10:18:43 email-threat-docker postfix/qmgr[100]: 8D86D99C75: from=<security@onlinebank.com>, size=447, nrcpt=1 (queue active)
May 29 10:18:43 email-threat-docker postfix/smtpd[237]: disconnect from unknown[172.20.0.1] ehlo=1 mail=1 rcpt=1 data=1 quit=1 commands=5
May 29 10:18:43 email-threat-docker postfix/smtpd[243]: connect from scanner.holbertonshcool-cybersecurity-final-proyect_threat-net[172.20.0.3]
May 29 10:18:43 email-threat-docker postfix/smtpd[243]: 96E4C99C78: client=scanner.holbertonshcool-cybersecurity-final-proyect_threat-net[172.20.0.3]
May 29 10:18:43 email-threat-docker postfix/cleanup[241]: 96E4C99C78: message-id=<>
May 29 10:18:43 email-threat-docker postfix/qmgr[100]: 96E4C99C78: from=<security@onlinebank.com>, size=703, nrcpt=1 (queue active)
May 29 10:18:43 email-threat-docker postfix/smtpd[243]: disconnect from scanner.holbertonshcool-cybersecurity-final-proyect_threat-net[172.20.0.3] ehlo=1 mail=1 rcpt=1 data=1 quit=1 commands=5
May 29 10:18:43 email-threat-docker postfix/smtp[242]: 8D86D99C75: to=<recipient@email-threat-docker.local>, relay=scanner[172.20.0.3]:10025, delay=0.06, delays=0.01/0/0.01/0.04, dsn=2.0.0, status=sent (250 Message delivered)
May 29 10:18:43 email-threat-docker postfix/qmgr[100]: 8D86D99C75: removed
May 29 10:18:43 email-threat-docker postfix/local[244]: 96E4C99C78: to=<recipient@email-threat-docker.local>, relay=local, delay=0.02, delays=0.01/0/0/0.01, dsn=2.0.0, status=sent (delivered to command: /usr/bin/procmail)
May 29 10:18:43 email-threat-docker postfix/qmgr[100]: 96E4C99C78: removed
May 29 10:18:43 email-threat-docker postfix/smtpd[237]: connect from unknown[172.20.0.1]
May 29 10:18:44 email-threat-docker postfix/smtpd[237]: 8D26899C75: client=unknown[172.20.0.1]
May 29 10:18:44 email-threat-docker postfix/cleanup[241]: 8D26899C75: prepend: header Subject: Office Closure from unknown[172.20.0.1]; from=<admin@company.com> to=<recipient@email-threat-docker.local> proto=ESMTP helo=<[192.168.48.1]>: [Subject: ]
May 29 10:18:44 email-threat-docker postfix/cleanup[241]: 8D26899C75: message-id=<>
May 29 10:18:44 email-threat-docker postfix/qmgr[100]: 8D26899C75: from=<admin@company.com>, size=440, nrcpt=1 (queue active)
May 29 10:18:44 email-threat-docker postfix/smtpd[237]: disconnect from unknown[172.20.0.1] ehlo=1 mail=1 rcpt=1 data=1 quit=1 commands=5
May 29 10:18:44 email-threat-docker postfix/smtpd[243]: connect from scanner.holbertonshcool-cybersecurity-final-proyect_threat-net[172.20.0.3]
May 29 10:18:44 email-threat-docker postfix/smtpd[243]: 93B9B99C78: client=scanner.holbertonshcool-cybersecurity-final-proyect_threat-net[172.20.0.3]
May 29 10:18:44 email-threat-docker postfix/cleanup[241]: 93B9B99C78: message-id=<>
May 29 10:18:44 email-threat-docker postfix/qmgr[100]: 93B9B99C78: from=<admin@company.com>, size=696, nrcpt=1 (queue active)
May 29 10:18:44 email-threat-docker postfix/smtpd[243]: disconnect from scanner.holbertonshcool-cybersecurity-final-proyect_threat-net[172.20.0.3] ehlo=1 mail=1 rcpt=1 data=1 quit=1 commands=5
May 29 10:18:44 email-threat-docker postfix/smtp[242]: 8D26899C75: to=<recipient@email-threat-docker.local>, relay=scanner[172.20.0.3]:10025, delay=0.04, delays=0.01/0/0.01/0.02, dsn=2.0.0, status=sent (250 Message delivered)
May 29 10:18:44 email-threat-docker postfix/qmgr[100]: 8D26899C75: removed
May 29 10:18:44 email-threat-docker postfix/local[244]: 93B9B99C78: to=<recipient@email-threat-docker.local>, relay=local, delay=0.02, delays=0.01/0/0/0.01, dsn=2.0.0, status=sent (delivered to command: /usr/bin/procmail)
May 29 10:18:44 email-threat-docker postfix/qmgr[100]: 93B9B99C78: removed
May 29 10:18:44 email-threat-docker postfix/smtpd[237]: connect from unknown[172.20.0.1]
May 29 10:18:45 email-threat-docker postfix/smtpd[237]: 89E9599C75: client=unknown[172.20.0.1]
May 29 10:18:45 email-threat-docker postfix/cleanup[241]: 89E9599C75: prepend: header Subject: Benefits Update from unknown[172.20.0.1]; from=<notifications@company.com> to=<recipient@email-threat-docker.local> proto=ESMTP helo=<[192.168.48.1]>: [Subject: ]
May 29 10:18:45 email-threat-docker postfix/cleanup[241]: 89E9599C75: message-id=<>
May 29 10:18:45 email-threat-docker postfix/qmgr[100]: 89E9599C75: from=<notifications@company.com>, size=447, nrcpt=1 (queue active)
May 29 10:18:45 email-threat-docker postfix/smtpd[237]: disconnect from unknown[172.20.0.1] ehlo=1 mail=1 rcpt=1 data=1 quit=1 commands=5
May 29 10:18:45 email-threat-docker postfix/smtpd[243]: connect from scanner.holbertonshcool-cybersecurity-final-proyect_threat-net[172.20.0.3]
May 29 10:18:45 email-threat-docker postfix/smtpd[243]: 91A7199C78: client=scanner.holbertonshcool-cybersecurity-final-proyect_threat-net[172.20.0.3]
May 29 10:18:45 email-threat-docker postfix/cleanup[241]: 91A7199C78: message-id=<>
May 29 10:18:45 email-threat-docker postfix/qmgr[100]: 91A7199C78: from=<notifications@company.com>, size=703, nrcpt=1 (queue active)
May 29 10:18:45 email-threat-docker postfix/smtpd[243]: disconnect from scanner.holbertonshcool-cybersecurity-final-proyect_threat-net[172.20.0.3] ehlo=1 mail=1 rcpt=1 data=1 quit=1 commands=5
May 29 10:18:45 email-threat-docker postfix/smtp[242]: 89E9599C75: to=<recipient@email-threat-docker.local>, relay=scanner[172.20.0.3]:10025, delay=0.05, delays=0.01/0/0.01/0.03, dsn=2.0.0, status=sent (250 Message delivered)
May 29 10:18:45 email-threat-docker postfix/qmgr[100]: 89E9599C75: removed
May 29 10:18:45 email-threat-docker postfix/local[244]: 91A7199C78: to=<recipient@email-threat-docker.local>, relay=local, delay=0.02, delays=0.01/0/0/0.01, dsn=2.0.0, status=sent (delivered to command: /usr/bin/procmail)
May 29 10:18:45 email-threat-docker postfix/qmgr[100]: 91A7199C78: removed
May 29 10:18:45 email-threat-docker postfix/smtpd[237]: connect from unknown[172.20.0.1]
May 29 10:18:46 email-threat-docker postfix/smtpd[237]: 8568D99C75: client=unknown[172.20.0.1]
May 29 10:18:46 email-threat-docker postfix/cleanup[241]: 8568D99C75: prepend: header Subject: Password Policy Reminder from unknown[172.20.0.1]; from=<notifications@company.com> to=<recipient@email-threat-docker.local> proto=ESMTP helo=<[192.168.48.1]>: [Subject: ]
May 29 10:18:46 email-threat-docker postfix/cleanup[241]: 8568D99C75: message-id=<>
May 29 10:18:46 email-threat-docker postfix/qmgr[100]: 8568D99C75: from=<notifications@company.com>, size=462, nrcpt=1 (queue active)
May 29 10:18:46 email-threat-docker postfix/smtpd[237]: disconnect from unknown[172.20.0.1] ehlo=1 mail=1 rcpt=1 data=1 quit=1 commands=5
May 29 10:18:46 email-threat-docker postfix/smtpd[243]: connect from scanner.holbertonshcool-cybersecurity-final-proyect_threat-net[172.20.0.3]
May 29 10:18:46 email-threat-docker postfix/smtpd[243]: 8C6AB99C78: client=scanner.holbertonshcool-cybersecurity-final-proyect_threat-net[172.20.0.3]
May 29 10:18:46 email-threat-docker postfix/cleanup[241]: 8C6AB99C78: message-id=<>
May 29 10:18:46 email-threat-docker postfix/qmgr[100]: 8C6AB99C78: from=<notifications@company.com>, size=718, nrcpt=1 (queue active)
May 29 10:18:46 email-threat-docker postfix/smtpd[243]: disconnect from scanner.holbertonshcool-cybersecurity-final-proyect_threat-net[172.20.0.3] ehlo=1 mail=1 rcpt=1 data=1 quit=1 commands=5
May 29 10:18:46 email-threat-docker postfix/smtp[242]: 8568D99C75: to=<recipient@email-threat-docker.local>, relay=scanner[172.20.0.3]:10025, delay=0.04, delays=0.01/0/0.01/0.03, dsn=2.0.0, status=sent (250 Message delivered)
May 29 10:18:46 email-threat-docker postfix/qmgr[100]: 8568D99C75: removed
May 29 10:18:46 email-threat-docker postfix/local[244]: 8C6AB99C78: to=<recipient@email-threat-docker.local>, relay=local, delay=0.02, delays=0.01/0/0/0.01, dsn=2.0.0, status=sent (delivered to command: /usr/bin/procmail)
May 29 10:18:46 email-threat-docker postfix/qmgr[100]: 8C6AB99C78: removed
May 29 10:18:46 email-threat-docker postfix/smtpd[237]: connect from unknown[172.20.0.1]
May 29 10:18:47 email-threat-docker postfix/smtpd[237]: 82C4599C75: client=unknown[172.20.0.1]
May 29 10:18:47 email-threat-docker postfix/cleanup[241]: 82C4599C75: prepend: header Subject: Conference Registration from unknown[172.20.0.1]; from=<support@apple.com> to=<recipient@email-threat-docker.local> proto=ESMTP helo=<[192.168.48.1]>: [Subject: ]
May 29 10:18:47 email-threat-docker postfix/cleanup[241]: 82C4599C75: message-id=<>
May 29 10:18:47 email-threat-docker postfix/qmgr[100]: 82C4599C75: from=<support@apple.com>, size=448, nrcpt=1 (queue active)
May 29 10:18:47 email-threat-docker postfix/smtpd[237]: disconnect from unknown[172.20.0.1] ehlo=1 mail=1 rcpt=1 data=1 quit=1 commands=5
May 29 10:18:47 email-threat-docker postfix/smtpd[243]: connect from scanner.holbertonshcool-cybersecurity-final-proyect_threat-net[172.20.0.3]
May 29 10:18:47 email-threat-docker postfix/smtpd[243]: 89F0399C78: client=scanner.holbertonshcool-cybersecurity-final-proyect_threat-net[172.20.0.3]
May 29 10:18:47 email-threat-docker postfix/cleanup[241]: 89F0399C78: message-id=<>
May 29 10:18:47 email-threat-docker postfix/qmgr[100]: 89F0399C78: from=<support@apple.com>, size=704, nrcpt=1 (queue active)
May 29 10:18:47 email-threat-docker postfix/smtpd[243]: disconnect from scanner.holbertonshcool-cybersecurity-final-proyect_threat-net[172.20.0.3] ehlo=1 mail=1 rcpt=1 data=1 quit=1 commands=5
May 29 10:18:47 email-threat-docker postfix/smtp[242]: 82C4599C75: to=<recipient@email-threat-docker.local>, relay=scanner[172.20.0.3]:10025, delay=0.05, delays=0.01/0/0.01/0.03, dsn=2.0.0, status=sent (250 Message delivered)
May 29 10:18:47 email-threat-docker postfix/qmgr[100]: 82C4599C75: removed
May 29 10:18:47 email-threat-docker postfix/local[244]: 89F0399C78: to=<recipient@email-threat-docker.local>, relay=local, delay=0.02, delays=0.01/0/0/0.01, dsn=2.0.0, status=sent (delivered to command: /usr/bin/procmail)
May 29 10:18:47 email-threat-docker postfix/qmgr[100]: 89F0399C78: removed
May 29 10:18:47 email-threat-docker postfix/smtpd[237]: connect from unknown[172.20.0.1]
May 29 10:18:48 email-threat-docker postfix/smtpd[237]: 83FD299C75: client=unknown[172.20.0.1]
May 29 10:18:48 email-threat-docker postfix/cleanup[241]: 83FD299C75: prepend: header Subject: Urgent: Invoice Payment Required from unknown[172.20.0.1]; from=<support@service.com> to=<recipient@email-threat-docker.local> proto=ESMTP helo=<[192.168.48.1]>: [Subject: ]
May 29 10:18:48 email-threat-docker postfix/cleanup[241]: 83FD299C75: message-id=<>
May 29 10:18:48 email-threat-docker postfix/qmgr[100]: 83FD299C75: from=<support@service.com>, size=567, nrcpt=1 (queue active)
May 29 10:18:48 email-threat-docker postfix/smtpd[237]: disconnect from unknown[172.20.0.1] ehlo=1 mail=1 rcpt=1 data=1 quit=1 commands=5
May 29 10:18:48 email-threat-docker postfix/smtp[242]: 83FD299C75: to=<recipient@email-threat-docker.local>, relay=scanner[172.20.0.3]:10025, delay=0.04, delays=0.02/0/0.01/0.02, dsn=2.0.0, status=sent (250 Message quarantined)
May 29 10:18:48 email-threat-docker postfix/qmgr[100]: 83FD299C75: removed
May 29 10:18:48 email-threat-docker postfix/smtpd[237]: connect from unknown[172.20.0.1]
May 29 10:18:49 email-threat-docker postfix/smtpd[237]: 8638599C75: client=unknown[172.20.0.1]
May 29 10:18:49 email-threat-docker postfix/cleanup[241]: 8638599C75: prepend: header Subject: Hot Deals This Weekend! from unknown[172.20.0.1]; from=<notifications@company.com> to=<recipient@email-threat-docker.local> proto=ESMTP helo=<[192.168.48.1]>: [Subject: ]
May 29 10:18:49 email-threat-docker postfix/cleanup[241]: 8638599C75: message-id=<>
May 29 10:18:49 email-threat-docker postfix/qmgr[100]: 8638599C75: from=<notifications@company.com>, size=546, nrcpt=1 (queue active)
May 29 10:18:49 email-threat-docker postfix/smtpd[237]: disconnect from unknown[172.20.0.1] ehlo=1 mail=1 rcpt=1 data=1 quit=1 commands=5
May 29 10:18:49 email-threat-docker postfix/smtp[242]: 8638599C75: to=<recipient@email-threat-docker.local>, relay=scanner[172.20.0.3]:10025, delay=0.03, delays=0.01/0/0.01/0.01, dsn=2.0.0, status=sent (250 Message quarantined)
May 29 10:18:49 email-threat-docker postfix/qmgr[100]: 8638599C75: removed
May 29 10:18:49 email-threat-docker postfix/smtpd[237]: connect from unknown[172.20.0.1]
May 29 10:18:50 email-threat-docker postfix/smtpd[237]: 8569499C75: client=unknown[172.20.0.1]
May 29 10:18:50 email-threat-docker postfix/cleanup[241]: 8569499C75: prepend: header Subject: Account Locked from unknown[172.20.0.1]; from=<billing@legit-company.com> to=<recipient@email-threat-docker.local> proto=ESMTP helo=<[192.168.48.1]>: [Subject: ]
May 29 10:18:50 email-threat-docker postfix/cleanup[241]: 8569499C75: message-id=<>
May 29 10:18:50 email-threat-docker postfix/qmgr[100]: 8569499C75: from=<billing@legit-company.com>, size=558, nrcpt=1 (queue active)
May 29 10:18:50 email-threat-docker postfix/smtpd[237]: disconnect from unknown[172.20.0.1] ehlo=1 mail=1 rcpt=1 data=1 quit=1 commands=5
May 29 10:18:50 email-threat-docker postfix/smtp[242]: 8569499C75: to=<recipient@email-threat-docker.local>, relay=scanner[172.20.0.3]:10025, delay=0.03, delays=0.01/0/0.01/0.01, dsn=2.0.0, status=sent (250 Message quarantined)
May 29 10:18:50 email-threat-docker postfix/qmgr[100]: 8569499C75: removed
May 29 10:18:50 email-threat-docker postfix/smtpd[237]: connect from unknown[172.20.0.1]
May 29 10:18:51 email-threat-docker postfix/smtpd[237]: 83AB799C75: client=unknown[172.20.0.1]
May 29 10:18:51 email-threat-docker postfix/cleanup[241]: 83AB799C75: prepend: header Subject: Password Reset Required from unknown[172.20.0.1]; from=<newsletter@store.com> to=<recipient@email-threat-docker.local> proto=ESMTP helo=<[192.168.48.1]>: [Subject: ]
May 29 10:18:51 email-threat-docker postfix/cleanup[241]: 83AB799C75: message-id=<>
May 29 10:18:51 email-threat-docker postfix/qmgr[100]: 83AB799C75: from=<newsletter@store.com>, size=592, nrcpt=1 (queue active)
May 29 10:18:51 email-threat-docker postfix/smtpd[237]: disconnect from unknown[172.20.0.1] ehlo=1 mail=1 rcpt=1 data=1 quit=1 commands=5
May 29 10:18:51 email-threat-docker postfix/smtp[242]: 83AB799C75: to=<recipient@email-threat-docker.local>, relay=scanner[172.20.0.3]:10025, delay=0.03, delays=0.01/0/0.01/0.01, dsn=2.0.0, status=sent (250 Message quarantined)
May 29 10:18:51 email-threat-docker postfix/qmgr[100]: 83AB799C75: removed
May 29 10:18:51 email-threat-docker postfix/smtpd[237]: connect from unknown[172.20.0.1]
May 29 10:18:52 email-threat-docker postfix/smtpd[237]: 7E93199C65: client=unknown[172.20.0.1]
May 29 10:18:52 email-threat-docker postfix/cleanup[241]: 7E93199C65: prepend: header Subject: Important Document from unknown[172.20.0.1]; from=<security@service.com> to=<recipient@email-threat-docker.local> proto=ESMTP helo=<[192.168.48.1]>: [Subject: ]
May 29 10:18:52 email-threat-docker postfix/cleanup[241]: 7E93199C65: message-id=<>
May 29 10:18:52 email-threat-docker postfix/qmgr[100]: 7E93199C65: from=<security@service.com>, size=523, nrcpt=1 (queue active)
May 29 10:18:52 email-threat-docker postfix/smtpd[237]: disconnect from unknown[172.20.0.1] ehlo=1 mail=1 rcpt=1 data=1 quit=1 commands=5
May 29 10:18:52 email-threat-docker postfix/smtp[242]: 7E93199C65: to=<recipient@email-threat-docker.local>, relay=scanner[172.20.0.3]:10025, delay=0.04, delays=0.01/0/0.01/0.02, dsn=2.0.0, status=sent (250 Message quarantined)
May 29 10:18:52 email-threat-docker postfix/qmgr[100]: 7E93199C65: removed
May 29 10:18:52 email-threat-docker postfix/smtpd[237]: connect from unknown[172.20.0.1]
May 29 10:18:53 email-threat-docker postfix/smtpd[237]: 7B0AE99C65: client=unknown[172.20.0.1]
May 29 10:18:53 email-threat-docker postfix/cleanup[241]: 7B0AE99C65: prepend: header Subject: Monthly Report from unknown[172.20.0.1]; from=<rewards@shopping.com> to=<recipient@email-threat-docker.local> proto=ESMTP helo=<[192.168.48.1]>: [Subject: ]
May 29 10:18:53 email-threat-docker postfix/cleanup[241]: 7B0AE99C65: message-id=<>
May 29 10:18:53 email-threat-docker postfix/qmgr[100]: 7B0AE99C65: from=<rewards@shopping.com>, size=586, nrcpt=1 (queue active)
May 29 10:18:53 email-threat-docker postfix/smtpd[237]: disconnect from unknown[172.20.0.1] ehlo=1 mail=1 rcpt=1 data=1 quit=1 commands=5
May 29 10:18:53 email-threat-docker postfix/smtp[242]: 7B0AE99C65: to=<recipient@email-threat-docker.local>, relay=scanner[172.20.0.3]:10025, delay=0.04, delays=0.02/0/0.01/0.01, dsn=2.0.0, status=sent (250 Message quarantined)
May 29 10:18:53 email-threat-docker postfix/qmgr[100]: 7B0AE99C65: removed
May 29 10:18:53 email-threat-docker postfix/smtpd[237]: connect from unknown[172.20.0.1]
May 29 10:18:54 email-threat-docker postfix/smtpd[237]: 82A9299C65: client=unknown[172.20.0.1]
May 29 10:18:54 email-threat-docker postfix/cleanup[241]: 82A9299C65: prepend: header Subject: System Notification from unknown[172.20.0.1]; from=<alerts@service.com> to=<recipient@email-threat-docker.local> proto=ESMTP helo=<[192.168.48.1]>: [Subject: ]
May 29 10:18:54 email-threat-docker postfix/cleanup[241]: 82A9299C65: message-id=<>
May 29 10:18:54 email-threat-docker postfix/qmgr[100]: 82A9299C65: from=<alerts@service.com>, size=525, nrcpt=1 (queue active)
May 29 10:18:54 email-threat-docker postfix/smtpd[237]: disconnect from unknown[172.20.0.1] ehlo=1 mail=1 rcpt=1 data=1 quit=1 commands=5
May 29 10:18:54 email-threat-docker postfix/smtp[242]: 82A9299C65: to=<recipient@email-threat-docker.local>, relay=scanner[172.20.0.3]:10025, delay=0.03, delays=0.02/0/0.01/0.01, dsn=2.0.0, status=sent (250 Message quarantined)
May 29 10:18:54 email-threat-docker postfix/qmgr[100]: 82A9299C65: removed
May 29 10:18:54 email-threat-docker postfix/smtpd[237]: connect from unknown[172.20.0.1]
May 29 10:18:55 email-threat-docker postfix/smtpd[237]: 81ADC99C65: client=unknown[172.20.0.1]
May 29 10:18:55 email-threat-docker postfix/cleanup[241]: 81ADC99C65: prepend: header Subject: Final Warning from unknown[172.20.0.1]; from=<events@company.com> to=<recipient@email-threat-docker.local> proto=ESMTP helo=<[192.168.48.1]>: [Subject: ]
May 29 10:18:55 email-threat-docker postfix/cleanup[241]: 81ADC99C65: message-id=<>
May 29 10:18:55 email-threat-docker postfix/qmgr[100]: 81ADC99C65: from=<events@company.com>, size=569, nrcpt=1 (queue active)
May 29 10:18:55 email-threat-docker postfix/smtpd[237]: disconnect from unknown[172.20.0.1] ehlo=1 mail=1 rcpt=1 data=1 quit=1 commands=5
May 29 10:18:55 email-threat-docker postfix/smtp[242]: 81ADC99C65: to=<recipient@email-threat-docker.local>, relay=scanner[172.20.0.3]:10025, delay=0.03, delays=0.01/0/0.01/0.01, dsn=2.0.0, status=sent (250 Message quarantined)
May 29 10:18:55 email-threat-docker postfix/qmgr[100]: 81ADC99C65: removed
May 29 10:18:55 email-threat-docker postfix/smtpd[237]: connect from unknown[172.20.0.1]
May 29 10:18:56 email-threat-docker postfix/smtpd[237]: 7F66C99C65: client=unknown[172.20.0.1]
May 29 10:18:56 email-threat-docker postfix/cleanup[241]: 7F66C99C65: prepend: header Subject: Mandatory W-2 Form from unknown[172.20.0.1]; from=<deals@newsletter.com> to=<recipient@email-threat-docker.local> proto=ESMTP helo=<[192.168.48.1]>: [Subject: ]
May 29 10:18:56 email-threat-docker postfix/cleanup[241]: 7F66C99C65: message-id=<>
May 29 10:18:56 email-threat-docker postfix/qmgr[100]: 7F66C99C65: from=<deals@newsletter.com>, size=516, nrcpt=1 (queue active)
May 29 10:18:56 email-threat-docker postfix/smtpd[237]: disconnect from unknown[172.20.0.1] ehlo=1 mail=1 rcpt=1 data=1 quit=1 commands=5
May 29 10:18:56 email-threat-docker postfix/smtp[242]: 7F66C99C65: to=<recipient@email-threat-docker.local>, relay=scanner[172.20.0.3]:10025, delay=0.03, delays=0.01/0/0.01/0.01, dsn=2.0.0, status=sent (250 Message quarantined)
May 29 10:18:56 email-threat-docker postfix/qmgr[100]: 7F66C99C65: removed
May 29 10:18:56 email-threat-docker postfix/smtpd[237]: connect from unknown[172.20.0.1]
May 29 10:18:57 email-threat-docker postfix/smtpd[237]: 7A58F99C65: client=unknown[172.20.0.1]
May 29 10:18:57 email-threat-docker postfix/cleanup[241]: 7A58F99C65: prepend: header Subject: Account Verification Needed from unknown[172.20.0.1]; from=<admin@company.com> to=<recipient@email-threat-docker.local> proto=ESMTP helo=<[192.168.48.1]>: [Subject: ]
May 29 10:18:57 email-threat-docker postfix/cleanup[241]: 7A58F99C65: message-id=<>
May 29 10:18:57 email-threat-docker postfix/qmgr[100]: 7A58F99C65: from=<admin@company.com>, size=569, nrcpt=1 (queue active)
May 29 10:18:57 email-threat-docker postfix/smtpd[237]: disconnect from unknown[172.20.0.1] ehlo=1 mail=1 rcpt=1 data=1 quit=1 commands=5
May 29 10:18:57 email-threat-docker postfix/smtp[242]: 7A58F99C65: to=<recipient@email-threat-docker.local>, relay=scanner[172.20.0.3]:10025, delay=0.03, delays=0.01/0/0.01/0.01, dsn=2.0.0, status=sent (250 Message quarantined)
May 29 10:18:57 email-threat-docker postfix/qmgr[100]: 7A58F99C65: removed
May 29 10:18:57 email-threat-docker postfix/smtpd[237]: connect from unknown[172.20.0.1]
May 29 10:18:58 email-threat-docker postfix/smtpd[237]: 77B9D99C65: client=unknown[172.20.0.1]
