Jun 22 15:42:08 email-threat-docker postfix/smtp[225]: 7BBD489536: to=<recipient@email-threat-docker.local>, relay=scanner[172.20.0.3]:10025, delay=0.04, delays=0.01/0/0.01/0.02, dsn=2.0.0, status=sent (250 Message delivered)
Jun 22 15:42:08 email-threat-docker postfix/qmgr[99]: 7BBD489536: removed
Jun 22 15:42:08 email-threat-docker postfix/local[227]: 8281B8956A: to=<recipient@email-threat-docker.local>, relay=local, delay=0.01, delays=0.01/0/0/0.01, dsn=2.0.0, status=sent (delivered to command: /usr/bin/procmail)
Jun 22 15:42:08 email-threat-docker postfix/qmgr[99]: 8281B8956A: removed
Jun 22 15:42:08 email-threat-docker postfix/smtpd[220]: connect from unknown[172.20.0.1]
Jun 22 15:42:09 email-threat-docker postfix/smtpd[220]: 7627189536: client=unknown[172.20.0.1]
Jun 22 15:42:09 email-threat-docker postfix/cleanup[384]: 7627189536: prepend: header Subject: Join Us for the Charity Run! from unknown[172.20.0.1]; from=<security@bigcorp.com> to=<recipient@email-threat-docker.local> proto=ESMTP helo=<[192.168.48.1]>: [Subject: ]
Jun 22 15:42:09 email-threat-docker postfix/cleanup[384]: 7627189536: message-id=<>
Jun 22 15:42:09 email-threat-docker postfix/qmgr[99]: 7627189536: from=<security@bigcorp.com>, size=643, nrcpt=1 (queue active)
Jun 22 15:42:09 email-threat-docker postfix/smtpd[220]: disconnect from unknown[172.20.0.1] ehlo=1 mail=1 rcpt=1 data=1 quit=1 commands=5
Jun 22 15:42:09 email-threat-docker postfix/smtpd[226]: connect from scanner.holbertonshcool-cybersecurity-final-proyect_threat-net[172.20.0.3]
Jun 22 15:42:09 email-threat-docker postfix/smtpd[226]: 7CA968956A: client=scanner.holbertonshcool-cybersecurity-final-proyect_threat-net[172.20.0.3]
Jun 22 15:42:09 email-threat-docker postfix/cleanup[384]: 7CA968956A: message-id=<>
Jun 22 15:42:09 email-threat-docker postfix/qmgr[99]: 7CA968956A: from=<security@bigcorp.com>, size=899, nrcpt=1 (queue active)
Jun 22 15:42:09 email-threat-docker postfix/smtpd[226]: disconnect from scanner.holbertonshcool-cybersecurity-final-proyect_threat-net[172.20.0.3] ehlo=1 mail=1 rcpt=1 data=1 quit=1 commands=5
Jun 22 15:42:09 email-threat-docker postfix/smtp[225]: 7627189536: to=<recipient@email-threat-docker.local>, relay=scanner[172.20.0.3]:10025, delay=0.04, delays=0.01/0/0.01/0.02, dsn=2.0.0, status=sent (250 Message delivered)
Jun 22 15:42:09 email-threat-docker postfix/qmgr[99]: 7627189536: removed
Jun 22 15:42:09 email-threat-docker postfix/local[229]: 7CA968956A: to=<recipient@email-threat-docker.local>, relay=local, delay=0.02, delays=0.01/0/0/0.01, dsn=2.0.0, status=sent (delivered to command: /usr/bin/procmail)
Jun 22 15:42:09 email-threat-docker postfix/qmgr[99]: 7CA968956A: removed
Jun 22 15:42:09 email-threat-docker postfix/smtpd[220]: connect from unknown[172.20.0.1]
Jun 22 15:42:10 email-threat-docker postfix/smtpd[220]: 6D47689555: client=unknown[172.20.0.1]
Jun 22 15:42:10 email-threat-docker postfix/cleanup[384]: 6D47689555: prepend: header Subject: Password Change Successful from unknown[172.20.0.1]; from=<notifications@company.com> to=<recipient@email-threat-docker.local> proto=ESMTP helo=<[192.168.48.1]>: [Subject: ]
Jun 22 15:42:10 email-threat-docker postfix/cleanup[384]: 6D47689555: message-id=<>
Jun 22 15:42:10 email-threat-docker postfix/qmgr[99]: 6D47689555: from=<notifications@company.com>, size=636, nrcpt=1 (queue active)
Jun 22 15:42:10 email-threat-docker postfix/smtpd[220]: disconnect from unknown[172.20.0.1] ehlo=1 mail=1 rcpt=1 data=1 quit=1 commands=5
Jun 22 15:42:10 email-threat-docker postfix/smtpd[226]: connect from scanner.holbertonshcool-cybersecurity-final-proyect_threat-net[172.20.0.3]
Jun 22 15:42:10 email-threat-docker postfix/smtpd[226]: 73EF58956A: client=scanner.holbertonshcool-cybersecurity-final-proyect_threat-net[172.20.0.3]
Jun 22 15:42:10 email-threat-docker postfix/cleanup[384]: 73EF58956A: message-id=<>
Jun 22 15:42:10 email-threat-docker postfix/qmgr[99]: 73EF58956A: from=<notifications@company.com>, size=892, nrcpt=1 (queue active)
Jun 22 15:42:10 email-threat-docker postfix/smtpd[226]: disconnect from scanner.holbertonshcool-cybersecurity-final-proyect_threat-net[172.20.0.3] ehlo=1 mail=1 rcpt=1 data=1 quit=1 commands=5
Jun 22 15:42:10 email-threat-docker postfix/smtp[225]: 6D47689555: to=<recipient@email-threat-docker.local>, relay=scanner[172.20.0.3]:10025, delay=0.04, delays=0.01/0/0.01/0.02, dsn=2.0.0, status=sent (250 Message delivered)
Jun 22 15:42:10 email-threat-docker postfix/qmgr[99]: 6D47689555: removed
Jun 22 15:42:10 email-threat-docker postfix/local[227]: 73EF58956A: to=<recipient@email-threat-docker.local>, relay=local, delay=0.02, delays=0.01/0/0/0.01, dsn=2.0.0, status=sent (delivered to command: /usr/bin/procmail)
Jun 22 15:42:10 email-threat-docker postfix/qmgr[99]: 73EF58956A: removed
Jun 22 15:42:10 email-threat-docker postfix/smtpd[220]: connect from unknown[172.20.0.1]
Jun 22 15:42:11 email-threat-docker postfix/smtpd[220]: 6519289555: client=unknown[172.20.0.1]
Jun 22 15:42:11 email-threat-docker postfix/cleanup[384]: 6519289555: prepend: header Subject: Feature X Deployment from unknown[172.20.0.1]; from=<info@company.com> to=<recipient@email-threat-docker.local> proto=ESMTP helo=<[192.168.48.1]>: [Subject: ]
Jun 22 15:42:11 email-threat-docker postfix/cleanup[384]: 6519289555: message-id=<>
Jun 22 15:42:11 email-threat-docker postfix/qmgr[99]: 6519289555: from=<info@company.com>, size=615, nrcpt=1 (queue active)
Jun 22 15:42:11 email-threat-docker postfix/smtpd[220]: disconnect from unknown[172.20.0.1] ehlo=1 mail=1 rcpt=1 data=1 quit=1 commands=5
Jun 22 15:42:11 email-threat-docker postfix/smtpd[226]: connect from scanner.holbertonshcool-cybersecurity-final-proyect_threat-net[172.20.0.3]
Jun 22 15:42:11 email-threat-docker postfix/smtpd[226]: 6D1EC8956A: client=scanner.holbertonshcool-cybersecurity-final-proyect_threat-net[172.20.0.3]
Jun 22 15:42:11 email-threat-docker postfix/cleanup[384]: 6D1EC8956A: message-id=<>
Jun 22 15:42:11 email-threat-docker postfix/qmgr[99]: 6D1EC8956A: from=<info@company.com>, size=871, nrcpt=1 (queue active)
Jun 22 15:42:11 email-threat-docker postfix/smtpd[226]: disconnect from scanner.holbertonshcool-cybersecurity-final-proyect_threat-net[172.20.0.3] ehlo=1 mail=1 rcpt=1 data=1 quit=1 commands=5
Jun 22 15:42:11 email-threat-docker postfix/smtp[225]: 6519289555: to=<recipient@email-threat-docker.local>, relay=scanner[172.20.0.3]:10025, delay=0.05, delays=0.01/0/0.01/0.03, dsn=2.0.0, status=sent (250 Message delivered)
Jun 22 15:42:11 email-threat-docker postfix/qmgr[99]: 6519289555: removed
Jun 22 15:42:11 email-threat-docker postfix/local[229]: 6D1EC8956A: to=<recipient@email-threat-docker.local>, relay=local, delay=0.02, delays=0.01/0/0/0.01, dsn=2.0.0, status=sent (delivered to command: /usr/bin/procmail)
Jun 22 15:42:11 email-threat-docker postfix/qmgr[99]: 6D1EC8956A: removed
Jun 22 15:42:11 email-threat-docker postfix/smtpd[220]: connect from unknown[172.20.0.1]
Jun 22 15:42:12 email-threat-docker postfix/smtpd[220]: 5ECE689555: client=unknown[172.20.0.1]
Jun 22 15:42:12 email-threat-docker postfix/cleanup[384]: 5ECE689555: prepend: header Subject: Town Hall Meeting Next Week from unknown[172.20.0.1]; from=<teamlead@company.com> to=<recipient@email-threat-docker.local> proto=ESMTP helo=<[192.168.48.1]>: [Subject: ]
Jun 22 15:42:12 email-threat-docker postfix/cleanup[384]: 5ECE689555: message-id=<>
Jun 22 15:42:12 email-threat-docker postfix/qmgr[99]: 5ECE689555: from=<teamlead@company.com>, size=640, nrcpt=1 (queue active)
Jun 22 15:42:12 email-threat-docker postfix/smtpd[220]: disconnect from unknown[172.20.0.1] ehlo=1 mail=1 rcpt=1 data=1 quit=1 commands=5
Jun 22 15:42:12 email-threat-docker postfix/smtpd[226]: connect from scanner.holbertonshcool-cybersecurity-final-proyect_threat-net[172.20.0.3]
Jun 22 15:42:12 email-threat-docker postfix/smtpd[226]: 671D08956A: client=scanner.holbertonshcool-cybersecurity-final-proyect_threat-net[172.20.0.3]
Jun 22 15:42:12 email-threat-docker postfix/cleanup[384]: 671D08956A: message-id=<>
Jun 22 15:42:12 email-threat-docker postfix/qmgr[99]: 671D08956A: from=<teamlead@company.com>, size=896, nrcpt=1 (queue active)
Jun 22 15:42:12 email-threat-docker postfix/smtpd[226]: disconnect from scanner.holbertonshcool-cybersecurity-final-proyect_threat-net[172.20.0.3] ehlo=1 mail=1 rcpt=1 data=1 quit=1 commands=5
Jun 22 15:42:12 email-threat-docker postfix/smtp[225]: 5ECE689555: to=<recipient@email-threat-docker.local>, relay=scanner[172.20.0.3]:10025, delay=0.05, delays=0.01/0/0.01/0.03, dsn=2.0.0, status=sent (250 Message delivered)
Jun 22 15:42:12 email-threat-docker postfix/qmgr[99]: 5ECE689555: removed
Jun 22 15:42:12 email-threat-docker postfix/local[227]: 671D08956A: to=<recipient@email-threat-docker.local>, relay=local, delay=0.02, delays=0.01/0/0/0.01, dsn=2.0.0, status=sent (delivered to command: /usr/bin/procmail)
Jun 22 15:42:12 email-threat-docker postfix/qmgr[99]: 671D08956A: removed
Jun 22 15:42:12 email-threat-docker postfix/smtpd[220]: connect from unknown[172.20.0.1]
Jun 22 15:42:13 email-threat-docker postfix/smtpd[220]: 596E989555: client=unknown[172.20.0.1]
Jun 22 15:42:13 email-threat-docker postfix/cleanup[384]: 596E989555: prepend: header Subject: Team Lunch from unknown[172.20.0.1]; from=<support@onlineservice.com> to=<recipient@email-threat-docker.local> proto=ESMTP helo=<[192.168.48.1]>: [Subject: ]
Jun 22 15:42:13 email-threat-docker postfix/cleanup[384]: 596E989555: message-id=<>
Jun 22 15:42:13 email-threat-docker postfix/qmgr[99]: 596E989555: from=<support@onlineservice.com>, size=439, nrcpt=1 (queue active)
Jun 22 15:42:13 email-threat-docker postfix/smtpd[220]: disconnect from unknown[172.20.0.1] ehlo=1 mail=1 rcpt=1 data=1 quit=1 commands=5
Jun 22 15:42:13 email-threat-docker postfix/smtpd[226]: connect from scanner.holbertonshcool-cybersecurity-final-proyect_threat-net[172.20.0.3]
Jun 22 15:42:13 email-threat-docker postfix/smtpd[226]: 616FD8956A: client=scanner.holbertonshcool-cybersecurity-final-proyect_threat-net[172.20.0.3]
Jun 22 15:42:13 email-threat-docker postfix/cleanup[384]: 616FD8956A: message-id=<>
Jun 22 15:42:13 email-threat-docker postfix/qmgr[99]: 616FD8956A: from=<support@onlineservice.com>, size=695, nrcpt=1 (queue active)
Jun 22 15:42:13 email-threat-docker postfix/smtpd[226]: disconnect from scanner.holbertonshcool-cybersecurity-final-proyect_threat-net[172.20.0.3] ehlo=1 mail=1 rcpt=1 data=1 quit=1 commands=5
Jun 22 15:42:13 email-threat-docker postfix/smtp[225]: 596E989555: to=<recipient@email-threat-docker.local>, relay=scanner[172.20.0.3]:10025, delay=0.05, delays=0.01/0/0.01/0.03, dsn=2.0.0, status=sent (250 Message delivered)
Jun 22 15:42:13 email-threat-docker postfix/qmgr[99]: 596E989555: removed
Jun 22 15:42:13 email-threat-docker postfix/local[229]: 616FD8956A: to=<recipient@email-threat-docker.local>, relay=local, delay=0.02, delays=0.01/0/0/0.01, dsn=2.0.0, status=sent (delivered to command: /usr/bin/procmail)
Jun 22 15:42:13 email-threat-docker postfix/qmgr[99]: 616FD8956A: removed
Jun 22 15:42:13 email-threat-docker postfix/smtpd[220]: connect from unknown[172.20.0.1]
Jun 22 15:42:14 email-threat-docker postfix/smtpd[220]: 51DF289555: client=unknown[172.20.0.1]
Jun 22 15:42:14 email-threat-docker postfix/cleanup[384]: 51DF289555: prepend: header Subject: Project Update from unknown[172.20.0.1]; from=<security@bigcorp.com> to=<recipient@email-threat-docker.local> proto=ESMTP helo=<[192.168.48.1]>: [Subject: ]
Jun 22 15:42:14 email-threat-docker postfix/cleanup[384]: 51DF289555: message-id=<>
Jun 22 15:42:14 email-threat-docker postfix/qmgr[99]: 51DF289555: from=<security@bigcorp.com>, size=839, nrcpt=1 (queue active)
Jun 22 15:42:14 email-threat-docker postfix/smtpd[220]: disconnect from unknown[172.20.0.1] ehlo=1 mail=1 rcpt=1 data=1 quit=1 commands=5
Jun 22 15:42:14 email-threat-docker postfix/smtpd[226]: connect from scanner.holbertonshcool-cybersecurity-final-proyect_threat-net[172.20.0.3]
Jun 22 15:42:14 email-threat-docker postfix/smtpd[226]: 5A0248956A: client=scanner.holbertonshcool-cybersecurity-final-proyect_threat-net[172.20.0.3]
Jun 22 15:42:14 email-threat-docker postfix/cleanup[384]: 5A0248956A: message-id=<>
Jun 22 15:42:14 email-threat-docker postfix/qmgr[99]: 5A0248956A: from=<security@bigcorp.com>, size=1095, nrcpt=1 (queue active)
Jun 22 15:42:14 email-threat-docker postfix/smtpd[226]: disconnect from scanner.holbertonshcool-cybersecurity-final-proyect_threat-net[172.20.0.3] ehlo=1 mail=1 rcpt=1 data=1 quit=1 commands=5
Jun 22 15:42:14 email-threat-docker postfix/smtp[225]: 51DF289555: to=<recipient@email-threat-docker.local>, relay=scanner[172.20.0.3]:10025, delay=0.04, delays=0.01/0/0.01/0.02, dsn=2.0.0, status=sent (250 Message delivered)
Jun 22 15:42:14 email-threat-docker postfix/qmgr[99]: 51DF289555: removed
Jun 22 15:42:14 email-threat-docker postfix/local[227]: 5A0248956A: to=<recipient@email-threat-docker.local>, relay=local, delay=0.02, delays=0.01/0/0/0.01, dsn=2.0.0, status=sent (delivered to command: /usr/bin/procmail)
Jun 22 15:42:14 email-threat-docker postfix/qmgr[99]: 5A0248956A: removed
Jun 22 15:42:14 email-threat-docker postfix/smtpd[220]: connect from unknown[172.20.0.1]
Jun 22 15:42:15 email-threat-docker postfix/smtpd[220]: 4A18B89555: client=unknown[172.20.0.1]
Jun 22 15:42:15 email-threat-docker postfix/cleanup[384]: 4A18B89555: prepend: header Subject: Meeting Reminder from unknown[172.20.0.1]; from=<rewards@shopping.com> to=<recipient@email-threat-docker.local> proto=ESMTP helo=<[192.168.48.1]>: [Subject: ]
Jun 22 15:42:15 email-threat-docker postfix/cleanup[384]: 4A18B89555: message-id=<>
Jun 22 15:42:15 email-threat-docker postfix/qmgr[99]: 4A18B89555: from=<rewards@shopping.com>, size=440, nrcpt=1 (queue active)
Jun 22 15:42:15 email-threat-docker postfix/smtpd[220]: disconnect from unknown[172.20.0.1] ehlo=1 mail=1 rcpt=1 data=1 quit=1 commands=5
Jun 22 15:42:15 email-threat-docker postfix/smtpd[226]: connect from scanner.holbertonshcool-cybersecurity-final-proyect_threat-net[172.20.0.3]
Jun 22 15:42:15 email-threat-docker postfix/smtpd[226]: 524A08956A: client=scanner.holbertonshcool-cybersecurity-final-proyect_threat-net[172.20.0.3]
Jun 22 15:42:15 email-threat-docker postfix/cleanup[384]: 524A08956A: message-id=<>
Jun 22 15:42:15 email-threat-docker postfix/qmgr[99]: 524A08956A: from=<rewards@shopping.com>, size=696, nrcpt=1 (queue active)
Jun 22 15:42:15 email-threat-docker postfix/smtpd[226]: disconnect from scanner.holbertonshcool-cybersecurity-final-proyect_threat-net[172.20.0.3] ehlo=1 mail=1 rcpt=1 data=1 quit=1 commands=5
Jun 22 15:42:15 email-threat-docker postfix/smtp[225]: 4A18B89555: to=<recipient@email-threat-docker.local>, relay=scanner[172.20.0.3]:10025, delay=0.05, delays=0.01/0/0.01/0.03, dsn=2.0.0, status=sent (250 Message delivered)
Jun 22 15:42:15 email-threat-docker postfix/qmgr[99]: 4A18B89555: removed
Jun 22 15:42:15 email-threat-docker postfix/local[229]: 524A08956A: to=<recipient@email-threat-docker.local>, relay=local, delay=0.02, delays=0.01/0/0/0.01, dsn=2.0.0, status=sent (delivered to command: /usr/bin/procmail)
Jun 22 15:42:15 email-threat-docker postfix/qmgr[99]: 524A08956A: removed
Jun 22 15:42:15 email-threat-docker postfix/smtpd[220]: connect from unknown[172.20.0.1]
Jun 22 15:42:16 email-threat-docker postfix/smtpd[220]: 42A5489555: client=unknown[172.20.0.1]
Jun 22 15:42:16 email-threat-docker postfix/cleanup[384]: 42A5489555: prepend: header Subject: Network Maintenance from unknown[172.20.0.1]; from=<security@service.com> to=<recipient@email-threat-docker.local> proto=ESMTP helo=<[192.168.48.1]>: [Subject: ]
Jun 22 15:42:16 email-threat-docker postfix/cleanup[384]: 42A5489555: message-id=<>
Jun 22 15:42:16 email-threat-docker postfix/qmgr[99]: 42A5489555: from=<security@service.com>, size=449, nrcpt=1 (queue active)
Jun 22 15:42:16 email-threat-docker postfix/smtpd[220]: disconnect from unknown[172.20.0.1] ehlo=1 mail=1 rcpt=1 data=1 quit=1 commands=5
Jun 22 15:42:16 email-threat-docker postfix/smtpd[226]: connect from scanner.holbertonshcool-cybersecurity-final-proyect_threat-net[172.20.0.3]
Jun 22 15:42:16 email-threat-docker postfix/smtpd[226]: 577408956A: client=scanner.holbertonshcool-cybersecurity-final-proyect_threat-net[172.20.0.3]
Jun 22 15:42:16 email-threat-docker postfix/cleanup[384]: 577408956A: message-id=<>
Jun 22 15:42:16 email-threat-docker postfix/qmgr[99]: 577408956A: from=<security@service.com>, size=705, nrcpt=1 (queue active)
Jun 22 15:42:16 email-threat-docker postfix/smtpd[226]: disconnect from scanner.holbertonshcool-cybersecurity-final-proyect_threat-net[172.20.0.3] ehlo=1 mail=1 rcpt=1 data=1 quit=1 commands=5
Jun 22 15:42:16 email-threat-docker postfix/smtp[225]: 42A5489555: to=<recipient@email-threat-docker.local>, relay=scanner[172.20.0.3]:10025, delay=0.1, delays=0.01/0/0.03/0.06, dsn=2.0.0, status=sent (250 Message delivered)
Jun 22 15:42:16 email-threat-docker postfix/qmgr[99]: 42A5489555: removed
Jun 22 15:42:16 email-threat-docker postfix/local[227]: 577408956A: to=<recipient@email-threat-docker.local>, relay=local, delay=0.02, delays=0.01/0/0/0.01, dsn=2.0.0, status=sent (delivered to command: /usr/bin/procmail)
Jun 22 15:42:16 email-threat-docker postfix/qmgr[99]: 577408956A: removed
Jun 22 15:42:16 email-threat-docker postfix/smtpd[220]: connect from unknown[172.20.0.1]
Jun 22 15:42:17 email-threat-docker postfix/smtpd[220]: 40E0D89555: client=unknown[172.20.0.1]
Jun 22 15:42:17 email-threat-docker postfix/cleanup[384]: 40E0D89555: prepend: header Subject: New Policy Document from unknown[172.20.0.1]; from=<support@service.com> to=<recipient@email-threat-docker.local> proto=ESMTP helo=<[192.168.48.1]>: [Subject: ]
Jun 22 15:42:17 email-threat-docker postfix/cleanup[384]: 40E0D89555: message-id=<>
Jun 22 15:42:17 email-threat-docker postfix/qmgr[99]: 40E0D89555: from=<support@service.com>, size=845, nrcpt=1 (queue active)
Jun 22 15:42:17 email-threat-docker postfix/smtpd[220]: disconnect from unknown[172.20.0.1] ehlo=1 mail=1 rcpt=1 data=1 quit=1 commands=5
Jun 22 15:42:17 email-threat-docker postfix/smtpd[226]: connect from scanner.holbertonshcool-cybersecurity-final-proyect_threat-net[172.20.0.3]
Jun 22 15:42:17 email-threat-docker postfix/smtpd[226]: 47AC58956A: client=scanner.holbertonshcool-cybersecurity-final-proyect_threat-net[172.20.0.3]
Jun 22 15:42:17 email-threat-docker postfix/cleanup[384]: 47AC58956A: message-id=<>
Jun 22 15:42:17 email-threat-docker postfix/qmgr[99]: 47AC58956A: from=<support@service.com>, size=1101, nrcpt=1 (queue active)
Jun 22 15:42:17 email-threat-docker postfix/smtpd[226]: disconnect from scanner.holbertonshcool-cybersecurity-final-proyect_threat-net[172.20.0.3] ehlo=1 mail=1 rcpt=1 data=1 quit=1 commands=5
Jun 22 15:42:17 email-threat-docker postfix/smtp[225]: 40E0D89555: to=<recipient@email-threat-docker.local>, relay=scanner[172.20.0.3]:10025, delay=0.04, delays=0.01/0/0.01/0.03, dsn=2.0.0, status=sent (250 Message delivered)
Jun 22 15:42:17 email-threat-docker postfix/qmgr[99]: 40E0D89555: removed
Jun 22 15:42:17 email-threat-docker postfix/local[229]: 47AC58956A: to=<recipient@email-threat-docker.local>, relay=local, delay=0.02, delays=0.01/0/0/0.01, dsn=2.0.0, status=sent (delivered to command: /usr/bin/procmail)
Jun 22 15:42:17 email-threat-docker postfix/qmgr[99]: 47AC58956A: removed
Jun 22 15:42:17 email-threat-docker postfix/smtpd[220]: connect from unknown[172.20.0.1]
Jun 22 15:42:18 email-threat-docker postfix/smtpd[220]: 3B1F289555: client=unknown[172.20.0.1]
Jun 22 15:42:18 email-threat-docker postfix/cleanup[384]: 3B1F289555: prepend: header Subject: Welcome New Hire from unknown[172.20.0.1]; from=<notifications@company.com> to=<recipient@email-threat-docker.local> proto=ESMTP helo=<[192.168.48.1]>: [Subject: ]
Jun 22 15:42:18 email-threat-docker postfix/cleanup[384]: 3B1F289555: message-id=<>
Jun 22 15:42:18 email-threat-docker postfix/qmgr[99]: 3B1F289555: from=<notifications@company.com>, size=449, nrcpt=1 (queue active)
Jun 22 15:42:18 email-threat-docker postfix/smtpd[220]: disconnect from unknown[172.20.0.1] ehlo=1 mail=1 rcpt=1 data=1 quit=1 commands=5
Jun 22 15:42:18 email-threat-docker postfix/smtpd[226]: connect from scanner.holbertonshcool-cybersecurity-final-proyect_threat-net[172.20.0.3]
Jun 22 15:42:18 email-threat-docker postfix/smtpd[226]: 434648956A: client=scanner.holbertonshcool-cybersecurity-final-proyect_threat-net[172.20.0.3]
Jun 22 15:42:18 email-threat-docker postfix/cleanup[384]: 434648956A: message-id=<>
Jun 22 15:42:18 email-threat-docker postfix/qmgr[99]: 434648956A: from=<notifications@company.com>, size=705, nrcpt=1 (queue active)
Jun 22 15:42:18 email-threat-docker postfix/smtpd[226]: disconnect from scanner.holbertonshcool-cybersecurity-final-proyect_threat-net[172.20.0.3] ehlo=1 mail=1 rcpt=1 data=1 quit=1 commands=5
Jun 22 15:42:18 email-threat-docker postfix/smtp[225]: 3B1F289555: to=<recipient@email-threat-docker.local>, relay=scanner[172.20.0.3]:10025, delay=0.05, delays=0.01/0/0.01/0.03, dsn=2.0.0, status=sent (250 Message delivered)
Jun 22 15:42:18 email-threat-docker postfix/qmgr[99]: 3B1F289555: removed
Jun 22 15:42:18 email-threat-docker postfix/local[227]: 434648956A: to=<recipient@email-threat-docker.local>, relay=local, delay=0.02, delays=0.01/0/0/0.01, dsn=2.0.0, status=sent (delivered to command: /usr/bin/procmail)
Jun 22 15:42:18 email-threat-docker postfix/qmgr[99]: 434648956A: removed
Jun 22 15:42:18 email-threat-docker postfix/smtpd[220]: connect from unknown[172.20.0.1]
Jun 22 15:42:19 email-threat-docker postfix/smtpd[220]: 33F0989555: client=unknown[172.20.0.1]
Jun 22 15:42:19 email-threat-docker postfix/cleanup[384]: 33F0989555: prepend: header Subject: Office Closure from unknown[172.20.0.1]; from=<hr@company.com> to=<recipient@email-threat-docker.local> proto=ESMTP helo=<[192.168.48.1]>: [Subject: ]
Jun 22 15:42:19 email-threat-docker postfix/cleanup[384]: 33F0989555: message-id=<>
Jun 22 15:42:19 email-threat-docker postfix/qmgr[99]: 33F0989555: from=<hr@company.com>, size=437, nrcpt=1 (queue active)
Jun 22 15:42:19 email-threat-docker postfix/smtpd[220]: disconnect from unknown[172.20.0.1] ehlo=1 mail=1 rcpt=1 data=1 quit=1 commands=5
Jun 22 15:42:19 email-threat-docker postfix/smtpd[226]: connect from scanner.holbertonshcool-cybersecurity-final-proyect_threat-net[172.20.0.3]
Jun 22 15:42:19 email-threat-docker postfix/smtpd[226]: 3B76D8956A: client=scanner.holbertonshcool-cybersecurity-final-proyect_threat-net[172.20.0.3]
Jun 22 15:42:19 email-threat-docker postfix/cleanup[384]: 3B76D8956A: message-id=<>
Jun 22 15:42:19 email-threat-docker postfix/qmgr[99]: 3B76D8956A: from=<hr@company.com>, size=693, nrcpt=1 (queue active)
Jun 22 15:42:19 email-threat-docker postfix/smtpd[226]: disconnect from scanner.holbertonshcool-cybersecurity-final-proyect_threat-net[172.20.0.3] ehlo=1 mail=1 rcpt=1 data=1 quit=1 commands=5
Jun 22 15:42:19 email-threat-docker postfix/smtp[225]: 33F0989555: to=<recipient@email-threat-docker.local>, relay=scanner[172.20.0.3]:10025, delay=0.04, delays=0.01/0/0.01/0.02, dsn=2.0.0, status=sent (250 Message delivered)
Jun 22 15:42:19 email-threat-docker postfix/qmgr[99]: 33F0989555: removed
Jun 22 15:42:19 email-threat-docker postfix/local[229]: 3B76D8956A: to=<recipient@email-threat-docker.local>, relay=local, delay=0.02, delays=0.01/0/0/0.01, dsn=2.0.0, status=sent (delivered to command: /usr/bin/procmail)
Jun 22 15:42:19 email-threat-docker postfix/qmgr[99]: 3B76D8956A: removed
Jun 22 15:42:19 email-threat-docker postfix/smtpd[220]: connect from unknown[172.20.0.1]
Jun 22 15:42:20 email-threat-docker postfix/smtpd[220]: 2A36089555: client=unknown[172.20.0.1]
Jun 22 15:42:20 email-threat-docker postfix/cleanup[384]: 2A36089555: prepend: header Subject: Benefits Update from unknown[172.20.0.1]; from=<support@bank.com> to=<recipient@email-threat-docker.local> proto=ESMTP helo=<[192.168.48.1]>: [Subject: ]
Jun 22 15:42:20 email-threat-docker postfix/cleanup[384]: 2A36089555: message-id=<>
Jun 22 15:42:20 email-threat-docker postfix/qmgr[99]: 2A36089555: from=<support@bank.com>, size=438, nrcpt=1 (queue active)
Jun 22 15:42:20 email-threat-docker postfix/smtpd[220]: disconnect from unknown[172.20.0.1] ehlo=1 mail=1 rcpt=1 data=1 quit=1 commands=5
Jun 22 15:42:20 email-threat-docker postfix/smtpd[226]: connect from scanner.holbertonshcool-cybersecurity-final-proyect_threat-net[172.20.0.3]
Jun 22 15:42:20 email-threat-docker postfix/smtpd[226]: 37C3989536: client=scanner.holbertonshcool-cybersecurity-final-proyect_threat-net[172.20.0.3]
Jun 22 15:42:20 email-threat-docker postfix/cleanup[384]: 37C3989536: message-id=<>
Jun 22 15:42:20 email-threat-docker postfix/qmgr[99]: 37C3989536: from=<support@bank.com>, size=694, nrcpt=1 (queue active)
Jun 22 15:42:20 email-threat-docker postfix/smtpd[226]: disconnect from scanner.holbertonshcool-cybersecurity-final-proyect_threat-net[172.20.0.3] ehlo=1 mail=1 rcpt=1 data=1 quit=1 commands=5
Jun 22 15:42:20 email-threat-docker postfix/smtp[225]: 2A36089555: to=<recipient@email-threat-docker.local>, relay=scanner[172.20.0.3]:10025, delay=0.07, delays=0.01/0/0.01/0.05, dsn=2.0.0, status=sent (250 Message delivered)
Jun 22 15:42:20 email-threat-docker postfix/qmgr[99]: 2A36089555: removed
Jun 22 15:42:20 email-threat-docker postfix/local[227]: 37C3989536: to=<recipient@email-threat-docker.local>, relay=local, delay=0.02, delays=0.01/0/0/0.01, dsn=2.0.0, status=sent (delivered to command: /usr/bin/procmail)
Jun 22 15:42:20 email-threat-docker postfix/qmgr[99]: 37C3989536: removed
Jun 22 15:42:20 email-threat-docker postfix/smtpd[220]: connect from unknown[172.20.0.1]
Jun 22 15:42:21 email-threat-docker postfix/smtpd[220]: 2297289536: client=unknown[172.20.0.1]
Jun 22 15:42:21 email-threat-docker postfix/cleanup[384]: 2297289536: prepend: header Subject: Password Policy Reminder from unknown[172.20.0.1]; from=<security@bigcorp.com> to=<recipient@email-threat-docker.local> proto=ESMTP helo=<[192.168.48.1]>: [Subject: ]
Jun 22 15:42:21 email-threat-docker postfix/cleanup[384]: 2297289536: message-id=<>
Jun 22 15:42:21 email-threat-docker postfix/qmgr[99]: 2297289536: from=<security@bigcorp.com>, size=457, nrcpt=1 (queue active)
Jun 22 15:42:21 email-threat-docker postfix/smtpd[220]: disconnect from unknown[172.20.0.1] ehlo=1 mail=1 rcpt=1 data=1 quit=1 commands=5
Jun 22 15:42:21 email-threat-docker postfix/smtpd[226]: connect from scanner.holbertonshcool-cybersecurity-final-proyect_threat-net[172.20.0.3]
Jun 22 15:42:21 email-threat-docker postfix/smtpd[226]: 2A99889555: client=scanner.holbertonshcool-cybersecurity-final-proyect_threat-net[172.20.0.3]
Jun 22 15:42:21 email-threat-docker postfix/cleanup[384]: 2A99889555: message-id=<>
Jun 22 15:42:21 email-threat-docker postfix/qmgr[99]: 2A99889555: from=<security@bigcorp.com>, size=713, nrcpt=1 (queue active)
Jun 22 15:42:21 email-threat-docker postfix/smtpd[226]: disconnect from scanner.holbertonshcool-cybersecurity-final-proyect_threat-net[172.20.0.3] ehlo=1 mail=1 rcpt=1 data=1 quit=1 commands=5
Jun 22 15:42:21 email-threat-docker postfix/smtp[225]: 2297289536: to=<recipient@email-threat-docker.local>, relay=scanner[172.20.0.3]:10025, delay=0.05, delays=0.01/0/0.01/0.03, dsn=2.0.0, status=sent (250 Message delivered)
Jun 22 15:42:21 email-threat-docker postfix/qmgr[99]: 2297289536: removed
Jun 22 15:42:21 email-threat-docker postfix/local[229]: 2A99889555: to=<recipient@email-threat-docker.local>, relay=local, delay=0.02, delays=0.01/0/0/0.01, dsn=2.0.0, status=sent (delivered to command: /usr/bin/procmail)
Jun 22 15:42:21 email-threat-docker postfix/qmgr[99]: 2A99889555: removed
Jun 22 15:42:21 email-threat-docker postfix/smtpd[220]: connect from unknown[172.20.0.1]
Jun 22 15:42:22 email-threat-docker postfix/smtpd[220]: 1D15389536: client=unknown[172.20.0.1]
Jun 22 15:42:22 email-threat-docker postfix/cleanup[384]: 1D15389536: prepend: header Subject: Conference Registration from unknown[172.20.0.1]; from=<deals@newsletter.com> to=<recipient@email-threat-docker.local> proto=ESMTP helo=<[192.168.48.1]>: [Subject: ]
Jun 22 15:42:22 email-threat-docker postfix/cleanup[384]: 1D15389536: message-id=<>
Jun 22 15:42:22 email-threat-docker postfix/qmgr[99]: 1D15389536: from=<deals@newsletter.com>, size=451, nrcpt=1 (queue active)
Jun 22 15:42:22 email-threat-docker postfix/smtpd[220]: disconnect from unknown[172.20.0.1] ehlo=1 mail=1 rcpt=1 data=1 quit=1 commands=5
Jun 22 15:42:22 email-threat-docker postfix/smtpd[226]: connect from scanner.holbertonshcool-cybersecurity-final-proyect_threat-net[172.20.0.3]
Jun 22 15:42:22 email-threat-docker postfix/smtpd[226]: 23F6F89555: client=scanner.holbertonshcool-cybersecurity-final-proyect_threat-net[172.20.0.3]
Jun 22 15:42:22 email-threat-docker postfix/cleanup[384]: 23F6F89555: message-id=<>
Jun 22 15:42:22 email-threat-docker postfix/qmgr[99]: 23F6F89555: from=<deals@newsletter.com>, size=707, nrcpt=1 (queue active)
Jun 22 15:42:22 email-threat-docker postfix/smtpd[226]: disconnect from scanner.holbertonshcool-cybersecurity-final-proyect_threat-net[172.20.0.3] ehlo=1 mail=1 rcpt=1 data=1 quit=1 commands=5
Jun 22 15:42:22 email-threat-docker postfix/smtp[225]: 1D15389536: to=<recipient@email-threat-docker.local>, relay=scanner[172.20.0.3]:10025, delay=0.04, delays=0.01/0/0.01/0.02, dsn=2.0.0, status=sent (250 Message delivered)
Jun 22 15:42:22 email-threat-docker postfix/qmgr[99]: 1D15389536: removed
Jun 22 15:42:22 email-threat-docker postfix/local[227]: 23F6F89555: to=<recipient@email-threat-docker.local>, relay=local, delay=0.02, delays=0.01/0/0/0.01, dsn=2.0.0, status=sent (delivered to command: /usr/bin/procmail)
Jun 22 15:42:22 email-threat-docker postfix/qmgr[99]: 23F6F89555: removed
Jun 22 15:42:22 email-threat-docker postfix/smtpd[220]: connect from unknown[172.20.0.1]
Jun 22 15:42:23 email-threat-docker postfix/smtpd[220]: 1674F89536: client=unknown[172.20.0.1]
Jun 22 15:42:23 email-threat-docker postfix/cleanup[384]: 1674F89536: prepend: header Subject: Urgent: Invoice Payment Required from unknown[172.20.0.1]; from=<security@bigcorp.com> to=<recipient@email-threat-docker.local> proto=ESMTP helo=<[192.168.48.1]>: [Subject: ]
Jun 22 15:42:23 email-threat-docker postfix/cleanup[384]: 1674F89536: message-id=<>
Jun 22 15:42:23 email-threat-docker postfix/qmgr[99]: 1674F89536: from=<security@bigcorp.com>, size=568, nrcpt=1 (queue active)
Jun 22 15:42:23 email-threat-docker postfix/smtpd[220]: disconnect from unknown[172.20.0.1] ehlo=1 mail=1 rcpt=1 data=1 quit=1 commands=5
Jun 22 15:42:23 email-threat-docker postfix/smtpd[226]: connect from scanner.holbertonshcool-cybersecurity-final-proyect_threat-net[172.20.0.3]
Jun 22 15:42:23 email-threat-docker postfix/smtpd[226]: 1CC6589555: client=scanner.holbertonshcool-cybersecurity-final-proyect_threat-net[172.20.0.3]
Jun 22 15:42:23 email-threat-docker postfix/cleanup[384]: 1CC6589555: message-id=<>
Jun 22 15:42:23 email-threat-docker postfix/qmgr[99]: 1CC6589555: from=<security@bigcorp.com>, size=824, nrcpt=1 (queue active)
Jun 22 15:42:23 email-threat-docker postfix/smtpd[226]: disconnect from scanner.holbertonshcool-cybersecurity-final-proyect_threat-net[172.20.0.3] ehlo=1 mail=1 rcpt=1 data=1 quit=1 commands=5
Jun 22 15:42:23 email-threat-docker postfix/smtp[225]: 1674F89536: to=<recipient@email-threat-docker.local>, relay=scanner[172.20.0.3]:10025, delay=0.04, delays=0.01/0/0.01/0.02, dsn=2.0.0, status=sent (250 Message delivered)
Jun 22 15:42:23 email-threat-docker postfix/qmgr[99]: 1674F89536: removed
Jun 22 15:42:23 email-threat-docker postfix/local[229]: 1CC6589555: to=<recipient@email-threat-docker.local>, relay=local, delay=0.02, delays=0.01/0/0/0.01, dsn=2.0.0, status=sent (delivered to command: /usr/bin/procmail)
Jun 22 15:42:23 email-threat-docker postfix/qmgr[99]: 1CC6589555: removed
Jun 22 15:42:23 email-threat-docker postfix/smtpd[220]: connect from unknown[172.20.0.1]
Jun 22 15:42:24 email-threat-docker postfix/smtpd[220]: 0E4FB89536: client=unknown[172.20.0.1]
Jun 22 15:42:24 email-threat-docker postfix/cleanup[384]: 0E4FB89536: prepend: header Subject: Hot Deals This Weekend! from unknown[172.20.0.1]; from=<rewards@shopping.com> to=<recipient@email-threat-docker.local> proto=ESMTP helo=<[192.168.48.1]>: [Subject: ]
Jun 22 15:42:24 email-threat-docker postfix/cleanup[384]: 0E4FB89536: message-id=<>
Jun 22 15:42:24 email-threat-docker postfix/qmgr[99]: 0E4FB89536: from=<rewards@shopping.com>, size=541, nrcpt=1 (queue active)
Jun 22 15:42:24 email-threat-docker postfix/smtpd[220]: disconnect from unknown[172.20.0.1] ehlo=1 mail=1 rcpt=1 data=1 quit=1 commands=5
Jun 22 15:42:24 email-threat-docker postfix/smtpd[226]: connect from scanner.holbertonshcool-cybersecurity-final-proyect_threat-net[172.20.0.3]
Jun 22 15:42:24 email-threat-docker postfix/smtpd[226]: 1490C89555: client=scanner.holbertonshcool-cybersecurity-final-proyect_threat-net[172.20.0.3]
Jun 22 15:42:24 email-threat-docker postfix/cleanup[384]: 1490C89555: message-id=<>
Jun 22 15:42:24 email-threat-docker postfix/qmgr[99]: 1490C89555: from=<rewards@shopping.com>, size=797, nrcpt=1 (queue active)
Jun 22 15:42:24 email-threat-docker postfix/smtpd[226]: disconnect from scanner.holbertonshcool-cybersecurity-final-proyect_threat-net[172.20.0.3] ehlo=1 mail=1 rcpt=1 data=1 quit=1 commands=5
Jun 22 15:42:24 email-threat-docker postfix/smtp[225]: 0E4FB89536: to=<recipient@email-threat-docker.local>, relay=scanner[172.20.0.3]:10025, delay=0.04, delays=0.01/0/0.01/0.02, dsn=2.0.0, status=sent (250 Message delivered)
Jun 22 15:42:24 email-threat-docker postfix/qmgr[99]: 0E4FB89536: removed
Jun 22 15:42:24 email-threat-docker postfix/local[227]: 1490C89555: to=<recipient@email-threat-docker.local>, relay=local, delay=0.01, delays=0.01/0/0/0.01, dsn=2.0.0, status=sent (delivered to command: /usr/bin/procmail)
Jun 22 15:42:24 email-threat-docker postfix/qmgr[99]: 1490C89555: removed
Jun 22 15:42:24 email-threat-docker postfix/smtpd[220]: connect from unknown[172.20.0.1]
Jun 22 15:42:25 email-threat-docker postfix/smtpd[220]: 059EC89536: client=unknown[172.20.0.1]
Jun 22 15:42:25 email-threat-docker postfix/cleanup[384]: 059EC89536: prepend: header Subject: Account Locked from unknown[172.20.0.1]; from=<info@company.com> to=<recipient@email-threat-docker.local> proto=ESMTP helo=<[192.168.48.1]>: [Subject: ]
Jun 22 15:42:25 email-threat-docker postfix/cleanup[384]: 059EC89536: message-id=<>
Jun 22 15:42:25 email-threat-docker postfix/qmgr[99]: 059EC89536: from=<info@company.com>, size=549, nrcpt=1 (queue active)
Jun 22 15:42:25 email-threat-docker postfix/smtpd[220]: disconnect from unknown[172.20.0.1] ehlo=1 mail=1 rcpt=1 data=1 quit=1 commands=5
Jun 22 15:42:25 email-threat-docker postfix/smtpd[226]: connect from scanner.holbertonshcool-cybersecurity-final-proyect_threat-net[172.20.0.3]
Jun 22 15:42:25 email-threat-docker postfix/smtpd[226]: 0C23E89555: client=scanner.holbertonshcool-cybersecurity-final-proyect_threat-net[172.20.0.3]
Jun 22 15:42:25 email-threat-docker postfix/cleanup[384]: 0C23E89555: message-id=<>
Jun 22 15:42:25 email-threat-docker postfix/qmgr[99]: 0C23E89555: from=<info@company.com>, size=805, nrcpt=1 (queue active)
Jun 22 15:42:25 email-threat-docker postfix/smtpd[226]: disconnect from scanner.holbertonshcool-cybersecurity-final-proyect_threat-net[172.20.0.3] ehlo=1 mail=1 rcpt=1 data=1 quit=1 commands=5
Jun 22 15:42:25 email-threat-docker postfix/smtp[225]: 059EC89536: to=<recipient@email-threat-docker.local>, relay=scanner[172.20.0.3]:10025, delay=0.04, delays=0.01/0/0.01/0.02, dsn=2.0.0, status=sent (250 Message delivered)
Jun 22 15:42:25 email-threat-docker postfix/qmgr[99]: 059EC89536: removed
Jun 22 15:42:25 email-threat-docker postfix/local[229]: 0C23E89555: to=<recipient@email-threat-docker.local>, relay=local, delay=0.01, delays=0.01/0/0/0.01, dsn=2.0.0, status=sent (delivered to command: /usr/bin/procmail)
Jun 22 15:42:25 email-threat-docker postfix/qmgr[99]: 0C23E89555: removed
Jun 22 15:42:25 email-threat-docker postfix/smtpd[220]: connect from unknown[172.20.0.1]
Jun 22 15:42:25 email-threat-docker postfix/smtpd[220]: F147C89536: client=unknown[172.20.0.1]
Jun 22 15:42:25 email-threat-docker postfix/cleanup[384]: F147C89536: prepend: header Subject: Password Reset Required from unknown[172.20.0.1]; from=<security@onlinebank.com> to=<recipient@email-threat-docker.local> proto=ESMTP helo=<[192.168.48.1]>: [Subject: ]
Jun 22 15:42:25 email-threat-docker postfix/cleanup[384]: F147C89536: message-id=<>
Jun 22 15:42:25 email-threat-docker postfix/qmgr[99]: F147C89536: from=<security@onlinebank.com>, size=595, nrcpt=1 (queue active)
Jun 22 15:42:25 email-threat-docker postfix/smtpd[220]: disconnect from unknown[172.20.0.1] ehlo=1 mail=1 rcpt=1 data=1 quit=1 commands=5
Jun 22 15:42:26 email-threat-docker postfix/smtp[225]: F147C89536: to=<recipient@email-threat-docker.local>, relay=scanner[172.20.0.3]:10025, delay=0.03, delays=0.01/0/0.01/0.01, dsn=2.0.0, status=sent (250 Message quarantined)
Jun 22 15:42:26 email-threat-docker postfix/qmgr[99]: F147C89536: removed
Jun 22 15:42:26 email-threat-docker postfix/smtpd[220]: connect from unknown[172.20.0.1]
Jun 22 15:42:26 email-threat-docker postfix/smtpd[220]: E8FBC89536: client=unknown[172.20.0.1]
Jun 22 15:42:26 email-threat-docker postfix/cleanup[384]: E8FBC89536: prepend: header Subject: Important Document from unknown[172.20.0.1]; from=<communications@company.com> to=<recipient@email-threat-docker.local> proto=ESMTP helo=<[192.168.48.1]>: [Subject: ]
Jun 22 15:42:26 email-threat-docker postfix/cleanup[384]: E8FBC89536: message-id=<>
Jun 22 15:42:26 email-threat-docker postfix/qmgr[99]: E8FBC89536: from=<communications@company.com>, size=529, nrcpt=1 (queue active)
Jun 22 15:42:26 email-threat-docker postfix/smtpd[220]: disconnect from unknown[172.20.0.1] ehlo=1 mail=1 rcpt=1 data=1 quit=1 commands=5
Jun 22 15:42:26 email-threat-docker postfix/smtp[225]: E8FBC89536: to=<recipient@email-threat-docker.local>, relay=scanner[172.20.0.3]:10025, delay=0.02, delays=0.01/0/0.01/0.01, dsn=2.0.0, status=sent (250 Message quarantined)
Jun 22 15:42:26 email-threat-docker postfix/qmgr[99]: E8FBC89536: removed
Jun 22 15:42:27 email-threat-docker postfix/smtpd[220]: connect from unknown[172.20.0.1]
Jun 22 15:42:27 email-threat-docker postfix/smtpd[220]: E0A9289536: client=unknown[172.20.0.1]
Jun 22 15:42:27 email-threat-docker postfix/cleanup[384]: E0A9289536: prepend: header Subject: Monthly Report from unknown[172.20.0.1]; from=<newsletter@store.com> to=<recipient@email-threat-docker.local> proto=ESMTP helo=<[192.168.48.1]>: [Subject: ]
Jun 22 15:42:27 email-threat-docker postfix/cleanup[384]: E0A9289536: message-id=<>
Jun 22 15:42:27 email-threat-docker postfix/qmgr[99]: E0A9289536: from=<newsletter@store.com>, size=586, nrcpt=1 (queue active)
Jun 22 15:42:27 email-threat-docker postfix/smtpd[220]: disconnect from unknown[172.20.0.1] ehlo=1 mail=1 rcpt=1 data=1 quit=1 commands=5
Jun 22 15:42:27 email-threat-docker postfix/smtp[225]: E0A9289536: to=<recipient@email-threat-docker.local>, relay=scanner[172.20.0.3]:10025, delay=0.05, delays=0.02/0/0.02/0.02, dsn=2.0.0, status=sent (250 Message quarantined)
Jun 22 15:42:27 email-threat-docker postfix/qmgr[99]: E0A9289536: removed
Jun 22 15:42:28 email-threat-docker postfix/smtpd[220]: connect from unknown[172.20.0.1]
Jun 22 15:42:28 email-threat-docker postfix/smtpd[220]: DC4D589536: client=unknown[172.20.0.1]
Jun 22 15:42:28 email-threat-docker postfix/cleanup[384]: DC4D589536: prepend: header Subject: System Notification from unknown[172.20.0.1]; from=<notifications@company.com> to=<recipient@email-threat-docker.local> proto=ESMTP helo=<[192.168.48.1]>: [Subject: ]
Jun 22 15:42:28 email-threat-docker postfix/cleanup[384]: DC4D589536: message-id=<>
Jun 22 15:42:28 email-threat-docker postfix/qmgr[99]: DC4D589536: from=<notifications@company.com>, size=532, nrcpt=1 (queue active)
Jun 22 15:42:28 email-threat-docker postfix/smtpd[220]: disconnect from unknown[172.20.0.1] ehlo=1 mail=1 rcpt=1 data=1 quit=1 commands=5
Jun 22 15:42:28 email-threat-docker postfix/smtp[225]: DC4D589536: to=<recipient@email-threat-docker.local>, relay=scanner[172.20.0.3]:10025, delay=0.02, delays=0.01/0/0.01/0.01, dsn=2.0.0, status=sent (250 Message quarantined)
Jun 22 15:42:28 email-threat-docker postfix/qmgr[99]: DC4D589536: removed
Jun 22 15:42:29 email-threat-docker postfix/smtpd[220]: connect from unknown[172.20.0.1]
Jun 22 15:42:29 email-threat-docker postfix/smtpd[220]: D73E689536: client=unknown[172.20.0.1]
Jun 22 15:42:29 email-threat-docker postfix/cleanup[384]: D73E689536: prepend: header Subject: Final Warning from unknown[172.20.0.1]; from=<notifications@company.com> to=<recipient@email-threat-docker.local> proto=ESMTP helo=<[192.168.48.1]>: [Subject: ]
Jun 22 15:42:29 email-threat-docker postfix/cleanup[384]: D73E689536: message-id=<>
Jun 22 15:42:29 email-threat-docker postfix/qmgr[99]: D73E689536: from=<notifications@company.com>, size=576, nrcpt=1 (queue active)
Jun 22 15:42:29 email-threat-docker postfix/smtpd[220]: disconnect from unknown[172.20.0.1] ehlo=1 mail=1 rcpt=1 data=1 quit=1 commands=5
Jun 22 15:42:29 email-threat-docker postfix/smtpd[226]: connect from scanner.holbertonshcool-cybersecurity-final-proyect_threat-net[172.20.0.3]
Jun 22 15:42:29 email-threat-docker postfix/smtpd[226]: DE33E8956E: client=scanner.holbertonshcool-cybersecurity-final-proyect_threat-net[172.20.0.3]
Jun 22 15:42:29 email-threat-docker postfix/cleanup[384]: DE33E8956E: message-id=<>
Jun 22 15:42:29 email-threat-docker postfix/qmgr[99]: DE33E8956E: from=<notifications@company.com>, size=832, nrcpt=1 (queue active)
Jun 22 15:42:29 email-threat-docker postfix/smtpd[226]: disconnect from scanner.holbertonshcool-cybersecurity-final-proyect_threat-net[172.20.0.3] ehlo=1 mail=1 rcpt=1 data=1 quit=1 commands=5
Jun 22 15:42:29 email-threat-docker postfix/smtp[225]: D73E689536: to=<recipient@email-threat-docker.local>, relay=scanner[172.20.0.3]:10025, delay=0.04, delays=0.01/0/0.01/0.02, dsn=2.0.0, status=sent (250 Message delivered)
Jun 22 15:42:29 email-threat-docker postfix/qmgr[99]: D73E689536: removed
Jun 22 15:42:29 email-threat-docker postfix/local[227]: DE33E8956E: to=<recipient@email-threat-docker.local>, relay=local, delay=0.02, delays=0.01/0/0/0.01, dsn=2.0.0, status=sent (delivered to command: /usr/bin/procmail)
Jun 22 15:42:29 email-threat-docker postfix/qmgr[99]: DE33E8956E: removed
Jun 22 15:42:30 email-threat-docker postfix/smtpd[220]: connect from unknown[172.20.0.1]
Jun 22 15:42:30 email-threat-docker postfix/smtpd[220]: D9A0E8956A: client=unknown[172.20.0.1]
Jun 22 15:42:30 email-threat-docker postfix/cleanup[384]: D9A0E8956A: prepend: header Subject: Mandatory W-2 Form from unknown[172.20.0.1]; from=<rewards@shopping.com> to=<recipient@email-threat-docker.local> proto=ESMTP helo=<[192.168.48.1]>: [Subject: ]
Jun 22 15:42:30 email-threat-docker postfix/cleanup[384]: D9A0E8956A: message-id=<>
Jun 22 15:42:30 email-threat-docker postfix/qmgr[99]: D9A0E8956A: from=<rewards@shopping.com>, size=516, nrcpt=1 (queue active)
Jun 22 15:42:30 email-threat-docker postfix/smtpd[220]: disconnect from unknown[172.20.0.1] ehlo=1 mail=1 rcpt=1 data=1 quit=1 commands=5
Jun 22 15:42:30 email-threat-docker postfix/smtpd[226]: connect from scanner.holbertonshcool-cybersecurity-final-proyect_threat-net[172.20.0.3]
Jun 22 15:42:30 email-threat-docker postfix/smtpd[226]: E1EAC8956E: client=scanner.holbertonshcool-cybersecurity-final-proyect_threat-net[172.20.0.3]
Jun 22 15:42:30 email-threat-docker postfix/cleanup[384]: E1EAC8956E: message-id=<>
Jun 22 15:42:30 email-threat-docker postfix/qmgr[99]: E1EAC8956E: from=<rewards@shopping.com>, size=772, nrcpt=1 (queue active)
Jun 22 15:42:30 email-threat-docker postfix/smtpd[226]: disconnect from scanner.holbertonshcool-cybersecurity-final-proyect_threat-net[172.20.0.3] ehlo=1 mail=1 rcpt=1 data=1 quit=1 commands=5
Jun 22 15:42:30 email-threat-docker postfix/smtp[225]: D9A0E8956A: to=<recipient@email-threat-docker.local>, relay=scanner[172.20.0.3]:10025, delay=0.05, delays=0.01/0/0.01/0.03, dsn=2.0.0, status=sent (250 Message delivered)
Jun 22 15:42:30 email-threat-docker postfix/qmgr[99]: D9A0E8956A: removed
Jun 22 15:42:30 email-threat-docker postfix/local[229]: E1EAC8956E: to=<recipient@email-threat-docker.local>, relay=local, delay=0.02, delays=0.01/0/0/0.01, dsn=2.0.0, status=sent (delivered to command: /usr/bin/procmail)
Jun 22 15:42:30 email-threat-docker postfix/qmgr[99]: E1EAC8956E: removed
Jun 22 15:42:31 email-threat-docker postfix/smtpd[220]: connect from unknown[172.20.0.1]
Jun 22 15:42:31 email-threat-docker postfix/smtpd[220]: D0A868956A: client=unknown[172.20.0.1]
Jun 22 15:42:31 email-threat-docker postfix/cleanup[384]: D0A868956A: prepend: header Subject: Account Verification Needed from unknown[172.20.0.1]; from=<deals@newsletter.com> to=<recipient@email-threat-docker.local> proto=ESMTP helo=<[192.168.48.1]>: [Subject: ]
Jun 22 15:42:31 email-threat-docker postfix/cleanup[384]: D0A868956A: message-id=<>
Jun 22 15:42:31 email-threat-docker postfix/qmgr[99]: D0A868956A: from=<deals@newsletter.com>, size=572, nrcpt=1 (queue active)
Jun 22 15:42:31 email-threat-docker postfix/smtpd[220]: disconnect from unknown[172.20.0.1] ehlo=1 mail=1 rcpt=1 data=1 quit=1 commands=5
Jun 22 15:42:31 email-threat-docker postfix/smtpd[226]: connect from scanner.holbertonshcool-cybersecurity-final-proyect_threat-net[172.20.0.3]
Jun 22 15:42:31 email-threat-docker postfix/smtpd[226]: D6F0F8956E: client=scanner.holbertonshcool-cybersecurity-final-proyect_threat-net[172.20.0.3]
Jun 22 15:42:31 email-threat-docker postfix/cleanup[384]: D6F0F8956E: message-id=<>
Jun 22 15:42:31 email-threat-docker postfix/qmgr[99]: D6F0F8956E: from=<deals@newsletter.com>, size=828, nrcpt=1 (queue active)
Jun 22 15:42:31 email-threat-docker postfix/smtpd[226]: disconnect from scanner.holbertonshcool-cybersecurity-final-proyect_threat-net[172.20.0.3] ehlo=1 mail=1 rcpt=1 data=1 quit=1 commands=5
Jun 22 15:42:31 email-threat-docker postfix/smtp[225]: D0A868956A: to=<recipient@email-threat-docker.local>, relay=scanner[172.20.0.3]:10025, delay=0.04, delays=0.01/0/0.01/0.02, dsn=2.0.0, status=sent (250 Message delivered)
Jun 22 15:42:31 email-threat-docker postfix/qmgr[99]: D0A868956A: removed
Jun 22 15:42:31 email-threat-docker postfix/local[227]: D6F0F8956E: to=<recipient@email-threat-docker.local>, relay=local, delay=0.01, delays=0.01/0/0/0.01, dsn=2.0.0, status=sent (delivered to command: /usr/bin/procmail)
Jun 22 15:42:31 email-threat-docker postfix/qmgr[99]: D6F0F8956E: removed
Jun 22 15:42:32 email-threat-docker postfix/smtpd[220]: connect from unknown[172.20.0.1]
Jun 22 15:42:32 email-threat-docker postfix/smtpd[220]: C7CED8956A: client=unknown[172.20.0.1]
Jun 22 15:42:32 email-threat-docker postfix/cleanup[384]: C7CED8956A: prepend: header Subject: Password Reset Request from unknown[172.20.0.1]; from=<communications@company.com> to=<recipient@email-threat-docker.local> proto=ESMTP helo=<[192.168.48.1]>: [Subject: ]
Jun 22 15:42:32 email-threat-docker postfix/cleanup[384]: C7CED8956A: message-id=<>
Jun 22 15:42:32 email-threat-docker postfix/qmgr[99]: C7CED8956A: from=<communications@company.com>, size=544, nrcpt=1 (queue active)
Jun 22 15:42:32 email-threat-docker postfix/smtpd[220]: disconnect from unknown[172.20.0.1] ehlo=1 mail=1 rcpt=1 data=1 quit=1 commands=5
Jun 22 15:42:32 email-threat-docker postfix/smtp[225]: C7CED8956A: to=<recipient@email-threat-docker.local>, relay=scanner[172.20.0.3]:10025, delay=0.03, delays=0.01/0/0.01/0.01, dsn=2.0.0, status=sent (250 Message quarantined)
Jun 22 15:42:32 email-threat-docker postfix/qmgr[99]: C7CED8956A: removed
Jun 22 15:42:33 email-threat-docker postfix/smtpd[482]: warning: dict_nis_init: NIS domain name not set - NIS lookups disabled
Jun 22 15:42:33 email-threat-docker postfix/smtpd[482]: connect from unknown[172.20.0.1]
Jun 22 15:42:33 email-threat-docker postfix/smtpd[482]: C70868956A: client=unknown[172.20.0.1]
Jun 22 15:42:33 email-threat-docker postfix/cleanup[384]: C70868956A: prepend: header Subject: Mandatory Company Survey from unknown[172.20.0.1]; from=<rewards@shopping.com> to=<recipient@email-threat-docker.local> proto=ESMTP helo=<[192.168.48.1]>: [Subject: ]
Jun 22 15:42:33 email-threat-docker postfix/cleanup[384]: C70868956A: message-id=<>
Jun 22 15:42:33 email-threat-docker postfix/qmgr[99]: C70868956A: from=<rewards@shopping.com>, size=531, nrcpt=1 (queue active)
Jun 22 15:42:33 email-threat-docker postfix/smtpd[482]: disconnect from unknown[172.20.0.1] ehlo=1 mail=1 rcpt=1 data=1 quit=1 commands=5
Jun 22 15:42:33 email-threat-docker postfix/smtpd[226]: connect from scanner.holbertonshcool-cybersecurity-final-proyect_threat-net[172.20.0.3]
Jun 22 15:42:33 email-threat-docker postfix/smtpd[226]: DAEFF8956F: client=scanner.holbertonshcool-cybersecurity-final-proyect_threat-net[172.20.0.3]
Jun 22 15:42:33 email-threat-docker postfix/cleanup[384]: DAEFF8956F: message-id=<>
Jun 22 15:42:33 email-threat-docker postfix/qmgr[99]: DAEFF8956F: from=<rewards@shopping.com>, size=787, nrcpt=1 (queue active)
Jun 22 15:42:33 email-threat-docker postfix/smtpd[226]: disconnect from scanner.holbertonshcool-cybersecurity-final-proyect_threat-net[172.20.0.3] ehlo=1 mail=1 rcpt=1 data=1 quit=1 commands=5
Jun 22 15:42:33 email-threat-docker postfix/local[229]: DAEFF8956F: to=<recipient@email-threat-docker.local>, relay=local, delay=0.02, delays=0.01/0/0/0.01, dsn=2.0.0, status=sent (delivered to command: /usr/bin/procmail)
Jun 22 15:42:33 email-threat-docker postfix/qmgr[99]: DAEFF8956F: removed
Jun 22 15:42:33 email-threat-docker postfix/smtp[483]: C70868956A: to=<recipient@email-threat-docker.local>, relay=scanner[172.20.0.3]:10025, delay=0.11, delays=0.02/0.02/0.01/0.07, dsn=2.0.0, status=sent (250 Message delivered)
