Jun  4 19:56:50 email-threat-docker postfix/local[193]: CFF0C9729A: to=<recipient@email-threat-docker.local>, relay=local, delay=0.02, delays=0.01/0/0/0.01, dsn=2.0.0, status=sent (delivered to command: /usr/bin/procmail)
Jun  4 19:56:50 email-threat-docker postfix/qmgr[99]: CFF0C9729A: removed
Jun  4 19:56:51 email-threat-docker postfix/smtpd[179]: connect from unknown[172.20.0.1]
Jun  4 19:56:51 email-threat-docker postfix/smtpd[179]: DE3DA97297: client=unknown[172.20.0.1]
Jun  4 19:56:51 email-threat-docker postfix/cleanup[190]: DE3DA97297: prepend: header Subject: Town Hall Meeting Next Week from unknown[172.20.0.1]; from=<billing@legit-company.com> to=<recipient@email-threat-docker.local> proto=ESMTP helo=<[192.168.48.1]>: [Subject: ]
Jun  4 19:56:51 email-threat-docker postfix/cleanup[190]: DE3DA97297: message-id=<>
Jun  4 19:56:51 email-threat-docker postfix/qmgr[99]: DE3DA97297: from=<billing@legit-company.com>, size=645, nrcpt=1 (queue active)
Jun  4 19:56:51 email-threat-docker postfix/smtpd[179]: disconnect from unknown[172.20.0.1] ehlo=1 mail=1 rcpt=1 data=1 quit=1 commands=5
Jun  4 19:56:51 email-threat-docker postfix/smtpd[192]: connect from scanner.holbertonshcool-cybersecurity-final-proyect_threat-net[172.20.0.3]
Jun  4 19:56:51 email-threat-docker postfix/smtpd[192]: E60289729A: client=scanner.holbertonshcool-cybersecurity-final-proyect_threat-net[172.20.0.3]
Jun  4 19:56:51 email-threat-docker postfix/cleanup[190]: E60289729A: message-id=<>
Jun  4 19:56:51 email-threat-docker postfix/qmgr[99]: E60289729A: from=<billing@legit-company.com>, size=901, nrcpt=1 (queue active)
Jun  4 19:56:51 email-threat-docker postfix/smtpd[192]: disconnect from scanner.holbertonshcool-cybersecurity-final-proyect_threat-net[172.20.0.3] ehlo=1 mail=1 rcpt=1 data=1 quit=1 commands=5
Jun  4 19:56:51 email-threat-docker postfix/smtp[191]: DE3DA97297: to=<recipient@email-threat-docker.local>, relay=scanner[172.20.0.3]:10025, delay=0.04, delays=0.01/0/0.01/0.02, dsn=2.0.0, status=sent (250 Message delivered)
Jun  4 19:56:51 email-threat-docker postfix/qmgr[99]: DE3DA97297: removed
Jun  4 19:56:51 email-threat-docker postfix/local[193]: E60289729A: to=<recipient@email-threat-docker.local>, relay=local, delay=0.02, delays=0.01/0/0/0.01, dsn=2.0.0, status=sent (delivered to command: /usr/bin/procmail)
Jun  4 19:56:51 email-threat-docker postfix/qmgr[99]: E60289729A: removed
Jun  4 19:56:52 email-threat-docker postfix/smtpd[179]: connect from unknown[172.20.0.1]
Jun  4 19:56:52 email-threat-docker postfix/smtpd[179]: DB74C97297: client=unknown[172.20.0.1]
Jun  4 19:56:52 email-threat-docker postfix/cleanup[190]: DB74C97297: prepend: header Subject: Team Lunch from unknown[172.20.0.1]; from=<newsletter@store.com> to=<recipient@email-threat-docker.local> proto=ESMTP helo=<[192.168.48.1]>: [Subject: ]
Jun  4 19:56:52 email-threat-docker postfix/cleanup[190]: DB74C97297: message-id=<>
Jun  4 19:56:52 email-threat-docker postfix/qmgr[99]: DB74C97297: from=<newsletter@store.com>, size=434, nrcpt=1 (queue active)
Jun  4 19:56:52 email-threat-docker postfix/smtpd[179]: disconnect from unknown[172.20.0.1] ehlo=1 mail=1 rcpt=1 data=1 quit=1 commands=5
Jun  4 19:56:52 email-threat-docker postfix/smtpd[192]: connect from scanner.holbertonshcool-cybersecurity-final-proyect_threat-net[172.20.0.3]
Jun  4 19:56:52 email-threat-docker postfix/smtpd[192]: E1A079729A: client=scanner.holbertonshcool-cybersecurity-final-proyect_threat-net[172.20.0.3]
Jun  4 19:56:52 email-threat-docker postfix/cleanup[190]: E1A079729A: message-id=<>
Jun  4 19:56:52 email-threat-docker postfix/qmgr[99]: E1A079729A: from=<newsletter@store.com>, size=690, nrcpt=1 (queue active)
Jun  4 19:56:52 email-threat-docker postfix/smtpd[192]: disconnect from scanner.holbertonshcool-cybersecurity-final-proyect_threat-net[172.20.0.3] ehlo=1 mail=1 rcpt=1 data=1 quit=1 commands=5
Jun  4 19:56:52 email-threat-docker postfix/smtp[191]: DB74C97297: to=<recipient@email-threat-docker.local>, relay=scanner[172.20.0.3]:10025, delay=0.04, delays=0.01/0/0.01/0.02, dsn=2.0.0, status=sent (250 Message delivered)
Jun  4 19:56:52 email-threat-docker postfix/qmgr[99]: DB74C97297: removed
Jun  4 19:56:52 email-threat-docker postfix/local[193]: E1A079729A: to=<recipient@email-threat-docker.local>, relay=local, delay=0.02, delays=0.01/0/0/0.01, dsn=2.0.0, status=sent (delivered to command: /usr/bin/procmail)
Jun  4 19:56:52 email-threat-docker postfix/qmgr[99]: E1A079729A: removed
Jun  4 19:56:53 email-threat-docker postfix/smtpd[179]: connect from unknown[172.20.0.1]
Jun  4 19:56:53 email-threat-docker postfix/smtpd[179]: D93D097285: client=unknown[172.20.0.1]
Jun  4 19:56:53 email-threat-docker postfix/cleanup[190]: D93D097285: prepend: header Subject: Project Update from unknown[172.20.0.1]; from=<notifications@company.com> to=<recipient@email-threat-docker.local> proto=ESMTP helo=<[192.168.48.1]>: [Subject: ]
Jun  4 19:56:53 email-threat-docker postfix/cleanup[190]: D93D097285: message-id=<>
Jun  4 19:56:53 email-threat-docker postfix/qmgr[99]: D93D097285: from=<notifications@company.com>, size=844, nrcpt=1 (queue active)
Jun  4 19:56:53 email-threat-docker postfix/smtpd[179]: disconnect from unknown[172.20.0.1] ehlo=1 mail=1 rcpt=1 data=1 quit=1 commands=5
Jun  4 19:56:53 email-threat-docker postfix/smtpd[192]: connect from scanner.holbertonshcool-cybersecurity-final-proyect_threat-net[172.20.0.3]
Jun  4 19:56:53 email-threat-docker postfix/smtpd[192]: E03B19729A: client=scanner.holbertonshcool-cybersecurity-final-proyect_threat-net[172.20.0.3]
Jun  4 19:56:53 email-threat-docker postfix/cleanup[190]: E03B19729A: message-id=<>
Jun  4 19:56:53 email-threat-docker postfix/qmgr[99]: E03B19729A: from=<notifications@company.com>, size=1100, nrcpt=1 (queue active)
Jun  4 19:56:53 email-threat-docker postfix/smtpd[192]: disconnect from scanner.holbertonshcool-cybersecurity-final-proyect_threat-net[172.20.0.3] ehlo=1 mail=1 rcpt=1 data=1 quit=1 commands=5
Jun  4 19:56:53 email-threat-docker postfix/smtp[191]: D93D097285: to=<recipient@email-threat-docker.local>, relay=scanner[172.20.0.3]:10025, delay=0.04, delays=0.01/0/0.01/0.02, dsn=2.0.0, status=sent (250 Message delivered)
Jun  4 19:56:53 email-threat-docker postfix/qmgr[99]: D93D097285: removed
Jun  4 19:56:53 email-threat-docker postfix/local[193]: E03B19729A: to=<recipient@email-threat-docker.local>, relay=local, delay=0.01, delays=0.01/0/0/0.01, dsn=2.0.0, status=sent (delivered to command: /usr/bin/procmail)
Jun  4 19:56:53 email-threat-docker postfix/qmgr[99]: E03B19729A: removed
Jun  4 19:56:54 email-threat-docker postfix/smtpd[179]: connect from unknown[172.20.0.1]
Jun  4 19:56:54 email-threat-docker postfix/smtpd[179]: D76E397285: client=unknown[172.20.0.1]
Jun  4 19:56:54 email-threat-docker postfix/cleanup[190]: D76E397285: prepend: header Subject: Meeting Reminder from unknown[172.20.0.1]; from=<teamlead@company.com> to=<recipient@email-threat-docker.local> proto=ESMTP helo=<[192.168.48.1]>: [Subject: ]
Jun  4 19:56:54 email-threat-docker postfix/cleanup[190]: D76E397285: message-id=<>
Jun  4 19:56:54 email-threat-docker postfix/qmgr[99]: D76E397285: from=<teamlead@company.com>, size=440, nrcpt=1 (queue active)
Jun  4 19:56:54 email-threat-docker postfix/smtpd[179]: disconnect from unknown[172.20.0.1] ehlo=1 mail=1 rcpt=1 data=1 quit=1 commands=5
Jun  4 19:56:54 email-threat-docker postfix/smtpd[192]: connect from scanner.holbertonshcool-cybersecurity-final-proyect_threat-net[172.20.0.3]
Jun  4 19:56:54 email-threat-docker postfix/smtpd[192]: DD8419729A: client=scanner.holbertonshcool-cybersecurity-final-proyect_threat-net[172.20.0.3]
Jun  4 19:56:54 email-threat-docker postfix/cleanup[190]: DD8419729A: message-id=<>
Jun  4 19:56:54 email-threat-docker postfix/qmgr[99]: DD8419729A: from=<teamlead@company.com>, size=696, nrcpt=1 (queue active)
Jun  4 19:56:54 email-threat-docker postfix/smtpd[192]: disconnect from scanner.holbertonshcool-cybersecurity-final-proyect_threat-net[172.20.0.3] ehlo=1 mail=1 rcpt=1 data=1 quit=1 commands=5
Jun  4 19:56:54 email-threat-docker postfix/smtp[191]: D76E397285: to=<recipient@email-threat-docker.local>, relay=scanner[172.20.0.3]:10025, delay=0.04, delays=0.01/0/0.01/0.02, dsn=2.0.0, status=sent (250 Message delivered)
Jun  4 19:56:54 email-threat-docker postfix/qmgr[99]: D76E397285: removed
Jun  4 19:56:54 email-threat-docker postfix/local[193]: DD8419729A: to=<recipient@email-threat-docker.local>, relay=local, delay=0.01, delays=0.01/0/0/0.01, dsn=2.0.0, status=sent (delivered to command: /usr/bin/procmail)
Jun  4 19:56:54 email-threat-docker postfix/qmgr[99]: DD8419729A: removed
Jun  4 19:56:55 email-threat-docker postfix/smtpd[179]: connect from unknown[172.20.0.1]
Jun  4 19:56:55 email-threat-docker postfix/smtpd[179]: D4A4997285: client=unknown[172.20.0.1]
Jun  4 19:56:55 email-threat-docker postfix/cleanup[190]: D4A4997285: prepend: header Subject: Network Maintenance from unknown[172.20.0.1]; from=<newsletter@store.com> to=<recipient@email-threat-docker.local> proto=ESMTP helo=<[192.168.48.1]>: [Subject: ]
Jun  4 19:56:55 email-threat-docker postfix/cleanup[190]: D4A4997285: message-id=<>
Jun  4 19:56:55 email-threat-docker postfix/qmgr[99]: D4A4997285: from=<newsletter@store.com>, size=449, nrcpt=1 (queue active)
Jun  4 19:56:55 email-threat-docker postfix/smtpd[179]: disconnect from unknown[172.20.0.1] ehlo=1 mail=1 rcpt=1 data=1 quit=1 commands=5
Jun  4 19:56:55 email-threat-docker postfix/smtpd[192]: connect from scanner.holbertonshcool-cybersecurity-final-proyect_threat-net[172.20.0.3]
Jun  4 19:56:55 email-threat-docker postfix/smtpd[192]: DAAD69729A: client=scanner.holbertonshcool-cybersecurity-final-proyect_threat-net[172.20.0.3]
Jun  4 19:56:55 email-threat-docker postfix/cleanup[190]: DAAD69729A: message-id=<>
Jun  4 19:56:55 email-threat-docker postfix/qmgr[99]: DAAD69729A: from=<newsletter@store.com>, size=705, nrcpt=1 (queue active)
Jun  4 19:56:55 email-threat-docker postfix/smtpd[192]: disconnect from scanner.holbertonshcool-cybersecurity-final-proyect_threat-net[172.20.0.3] ehlo=1 mail=1 rcpt=1 data=1 quit=1 commands=5
Jun  4 19:56:55 email-threat-docker postfix/smtp[191]: D4A4997285: to=<recipient@email-threat-docker.local>, relay=scanner[172.20.0.3]:10025, delay=0.04, delays=0.01/0/0.01/0.02, dsn=2.0.0, status=sent (250 Message delivered)
Jun  4 19:56:55 email-threat-docker postfix/qmgr[99]: D4A4997285: removed
Jun  4 19:56:55 email-threat-docker postfix/local[193]: DAAD69729A: to=<recipient@email-threat-docker.local>, relay=local, delay=0.01, delays=0.01/0/0/0.01, dsn=2.0.0, status=sent (delivered to command: /usr/bin/procmail)
Jun  4 19:56:55 email-threat-docker postfix/qmgr[99]: DAAD69729A: removed
Jun  4 19:56:56 email-threat-docker postfix/smtpd[179]: connect from unknown[172.20.0.1]
Jun  4 19:56:56 email-threat-docker postfix/smtpd[179]: D3F4197285: client=unknown[172.20.0.1]
Jun  4 19:56:56 email-threat-docker postfix/cleanup[190]: D3F4197285: prepend: header Subject: New Policy Document from unknown[172.20.0.1]; from=<admin@company.com> to=<recipient@email-threat-docker.local> proto=ESMTP helo=<[192.168.48.1]>: [Subject: ]
Jun  4 19:56:56 email-threat-docker postfix/cleanup[190]: D3F4197285: message-id=<>
Jun  4 19:56:56 email-threat-docker postfix/qmgr[99]: D3F4197285: from=<admin@company.com>, size=843, nrcpt=1 (queue active)
Jun  4 19:56:56 email-threat-docker postfix/smtpd[179]: disconnect from unknown[172.20.0.1] ehlo=1 mail=1 rcpt=1 data=1 quit=1 commands=5
Jun  4 19:56:56 email-threat-docker postfix/smtpd[192]: connect from scanner.holbertonshcool-cybersecurity-final-proyect_threat-net[172.20.0.3]
Jun  4 19:56:56 email-threat-docker postfix/smtpd[192]: DD4A79729A: client=scanner.holbertonshcool-cybersecurity-final-proyect_threat-net[172.20.0.3]
Jun  4 19:56:56 email-threat-docker postfix/cleanup[190]: DD4A79729A: message-id=<>
Jun  4 19:56:56 email-threat-docker postfix/qmgr[99]: DD4A79729A: from=<admin@company.com>, size=1099, nrcpt=1 (queue active)
Jun  4 19:56:56 email-threat-docker postfix/smtpd[192]: disconnect from scanner.holbertonshcool-cybersecurity-final-proyect_threat-net[172.20.0.3] ehlo=1 mail=1 rcpt=1 data=1 quit=1 commands=5
Jun  4 19:56:56 email-threat-docker postfix/smtp[191]: D3F4197285: to=<recipient@email-threat-docker.local>, relay=scanner[172.20.0.3]:10025, delay=0.05, delays=0.01/0/0.01/0.03, dsn=2.0.0, status=sent (250 Message delivered)
Jun  4 19:56:56 email-threat-docker postfix/qmgr[99]: D3F4197285: removed
Jun  4 19:56:56 email-threat-docker postfix/local[193]: DD4A79729A: to=<recipient@email-threat-docker.local>, relay=local, delay=0.02, delays=0.01/0/0/0.01, dsn=2.0.0, status=sent (delivered to command: /usr/bin/procmail)
Jun  4 19:56:56 email-threat-docker postfix/qmgr[99]: DD4A79729A: removed
Jun  4 19:56:57 email-threat-docker postfix/smtpd[179]: connect from unknown[172.20.0.1]
Jun  4 19:56:57 email-threat-docker postfix/smtpd[179]: D153897285: client=unknown[172.20.0.1]
Jun  4 19:56:57 email-threat-docker postfix/cleanup[190]: D153897285: prepend: header Subject: Welcome New Hire from unknown[172.20.0.1]; from=<billing@legit-company.com> to=<recipient@email-threat-docker.local> proto=ESMTP helo=<[192.168.48.1]>: [Subject: ]
Jun  4 19:56:57 email-threat-docker postfix/cleanup[190]: D153897285: message-id=<>
Jun  4 19:56:57 email-threat-docker postfix/qmgr[99]: D153897285: from=<billing@legit-company.com>, size=449, nrcpt=1 (queue active)
Jun  4 19:56:57 email-threat-docker postfix/smtpd[179]: disconnect from unknown[172.20.0.1] ehlo=1 mail=1 rcpt=1 data=1 quit=1 commands=5
Jun  4 19:56:57 email-threat-docker postfix/smtpd[192]: connect from scanner.holbertonshcool-cybersecurity-final-proyect_threat-net[172.20.0.3]
Jun  4 19:56:57 email-threat-docker postfix/smtpd[192]: D78689729A: client=scanner.holbertonshcool-cybersecurity-final-proyect_threat-net[172.20.0.3]
Jun  4 19:56:57 email-threat-docker postfix/cleanup[190]: D78689729A: message-id=<>
Jun  4 19:56:57 email-threat-docker postfix/qmgr[99]: D78689729A: from=<billing@legit-company.com>, size=705, nrcpt=1 (queue active)
Jun  4 19:56:57 email-threat-docker postfix/smtpd[192]: disconnect from scanner.holbertonshcool-cybersecurity-final-proyect_threat-net[172.20.0.3] ehlo=1 mail=1 rcpt=1 data=1 quit=1 commands=5
Jun  4 19:56:57 email-threat-docker postfix/smtp[191]: D153897285: to=<recipient@email-threat-docker.local>, relay=scanner[172.20.0.3]:10025, delay=0.04, delays=0.01/0/0.01/0.02, dsn=2.0.0, status=sent (250 Message delivered)
Jun  4 19:56:57 email-threat-docker postfix/qmgr[99]: D153897285: removed
Jun  4 19:56:57 email-threat-docker postfix/local[193]: D78689729A: to=<recipient@email-threat-docker.local>, relay=local, delay=0.01, delays=0.01/0/0/0.01, dsn=2.0.0, status=sent (delivered to command: /usr/bin/procmail)
Jun  4 19:56:57 email-threat-docker postfix/qmgr[99]: D78689729A: removed
Jun  4 19:56:58 email-threat-docker postfix/smtpd[179]: connect from unknown[172.20.0.1]
Jun  4 19:56:58 email-threat-docker postfix/smtpd[179]: D0CF197285: client=unknown[172.20.0.1]
Jun  4 19:56:58 email-threat-docker postfix/cleanup[190]: D0CF197285: prepend: header Subject: Office Closure from unknown[172.20.0.1]; from=<deals@newsletter.com> to=<recipient@email-threat-docker.local> proto=ESMTP helo=<[192.168.48.1]>: [Subject: ]
Jun  4 19:56:58 email-threat-docker postfix/cleanup[190]: D0CF197285: message-id=<>
Jun  4 19:56:58 email-threat-docker postfix/qmgr[99]: D0CF197285: from=<deals@newsletter.com>, size=443, nrcpt=1 (queue active)
Jun  4 19:56:58 email-threat-docker postfix/smtpd[179]: disconnect from unknown[172.20.0.1] ehlo=1 mail=1 rcpt=1 data=1 quit=1 commands=5
Jun  4 19:56:58 email-threat-docker postfix/smtpd[192]: connect from scanner.holbertonshcool-cybersecurity-final-proyect_threat-net[172.20.0.3]
Jun  4 19:56:58 email-threat-docker postfix/smtpd[192]: D714D9729A: client=scanner.holbertonshcool-cybersecurity-final-proyect_threat-net[172.20.0.3]
Jun  4 19:56:58 email-threat-docker postfix/cleanup[190]: D714D9729A: message-id=<>
Jun  4 19:56:58 email-threat-docker postfix/qmgr[99]: D714D9729A: from=<deals@newsletter.com>, size=699, nrcpt=1 (queue active)
Jun  4 19:56:58 email-threat-docker postfix/smtpd[192]: disconnect from scanner.holbertonshcool-cybersecurity-final-proyect_threat-net[172.20.0.3] ehlo=1 mail=1 rcpt=1 data=1 quit=1 commands=5
Jun  4 19:56:58 email-threat-docker postfix/smtp[191]: D0CF197285: to=<recipient@email-threat-docker.local>, relay=scanner[172.20.0.3]:10025, delay=0.04, delays=0.01/0/0.01/0.02, dsn=2.0.0, status=sent (250 Message delivered)
Jun  4 19:56:58 email-threat-docker postfix/qmgr[99]: D0CF197285: removed
Jun  4 19:56:58 email-threat-docker postfix/local[193]: D714D9729A: to=<recipient@email-threat-docker.local>, relay=local, delay=0.02, delays=0.01/0/0/0.01, dsn=2.0.0, status=sent (delivered to command: /usr/bin/procmail)
Jun  4 19:56:58 email-threat-docker postfix/qmgr[99]: D714D9729A: removed
Jun  4 19:56:59 email-threat-docker postfix/smtpd[179]: connect from unknown[172.20.0.1]
Jun  4 19:56:59 email-threat-docker postfix/smtpd[179]: CB7B697285: client=unknown[172.20.0.1]
Jun  4 19:56:59 email-threat-docker postfix/cleanup[190]: CB7B697285: prepend: header Subject: Benefits Update from unknown[172.20.0.1]; from=<security@bigcorp.com> to=<recipient@email-threat-docker.local> proto=ESMTP helo=<[192.168.48.1]>: [Subject: ]
Jun  4 19:56:59 email-threat-docker postfix/cleanup[190]: CB7B697285: message-id=<>
Jun  4 19:56:59 email-threat-docker postfix/qmgr[99]: CB7B697285: from=<security@bigcorp.com>, size=442, nrcpt=1 (queue active)
Jun  4 19:56:59 email-threat-docker postfix/smtpd[179]: disconnect from unknown[172.20.0.1] ehlo=1 mail=1 rcpt=1 data=1 quit=1 commands=5
Jun  4 19:56:59 email-threat-docker postfix/smtpd[192]: connect from scanner.holbertonshcool-cybersecurity-final-proyect_threat-net[172.20.0.3]
Jun  4 19:56:59 email-threat-docker postfix/smtpd[192]: D22CB9729A: client=scanner.holbertonshcool-cybersecurity-final-proyect_threat-net[172.20.0.3]
Jun  4 19:56:59 email-threat-docker postfix/cleanup[190]: D22CB9729A: message-id=<>
Jun  4 19:56:59 email-threat-docker postfix/qmgr[99]: D22CB9729A: from=<security@bigcorp.com>, size=698, nrcpt=1 (queue active)
Jun  4 19:56:59 email-threat-docker postfix/smtpd[192]: disconnect from scanner.holbertonshcool-cybersecurity-final-proyect_threat-net[172.20.0.3] ehlo=1 mail=1 rcpt=1 data=1 quit=1 commands=5
Jun  4 19:56:59 email-threat-docker postfix/smtp[191]: CB7B697285: to=<recipient@email-threat-docker.local>, relay=scanner[172.20.0.3]:10025, delay=0.04, delays=0.01/0/0.01/0.02, dsn=2.0.0, status=sent (250 Message delivered)
Jun  4 19:56:59 email-threat-docker postfix/qmgr[99]: CB7B697285: removed
Jun  4 19:56:59 email-threat-docker postfix/local[193]: D22CB9729A: to=<recipient@email-threat-docker.local>, relay=local, delay=0.02, delays=0.01/0/0/0.01, dsn=2.0.0, status=sent (delivered to command: /usr/bin/procmail)
Jun  4 19:56:59 email-threat-docker postfix/qmgr[99]: D22CB9729A: removed
Jun  4 19:57:00 email-threat-docker postfix/smtpd[179]: connect from unknown[172.20.0.1]
Jun  4 19:57:00 email-threat-docker postfix/smtpd[179]: C9EDC97285: client=unknown[172.20.0.1]
Jun  4 19:57:00 email-threat-docker postfix/cleanup[190]: C9EDC97285: prepend: header Subject: Password Policy Reminder from unknown[172.20.0.1]; from=<notifications@company.com> to=<recipient@email-threat-docker.local> proto=ESMTP helo=<[192.168.48.1]>: [Subject: ]
Jun  4 19:57:00 email-threat-docker postfix/cleanup[190]: C9EDC97285: message-id=<>
Jun  4 19:57:00 email-threat-docker postfix/qmgr[99]: C9EDC97285: from=<notifications@company.com>, size=462, nrcpt=1 (queue active)
Jun  4 19:57:00 email-threat-docker postfix/smtpd[179]: disconnect from unknown[172.20.0.1] ehlo=1 mail=1 rcpt=1 data=1 quit=1 commands=5
Jun  4 19:57:00 email-threat-docker postfix/smtpd[192]: connect from scanner.holbertonshcool-cybersecurity-final-proyect_threat-net[172.20.0.3]
Jun  4 19:57:00 email-threat-docker postfix/smtpd[192]: D03E09729A: client=scanner.holbertonshcool-cybersecurity-final-proyect_threat-net[172.20.0.3]
Jun  4 19:57:00 email-threat-docker postfix/cleanup[190]: D03E09729A: message-id=<>
Jun  4 19:57:00 email-threat-docker postfix/qmgr[99]: D03E09729A: from=<notifications@company.com>, size=718, nrcpt=1 (queue active)
Jun  4 19:57:00 email-threat-docker postfix/smtpd[192]: disconnect from scanner.holbertonshcool-cybersecurity-final-proyect_threat-net[172.20.0.3] ehlo=1 mail=1 rcpt=1 data=1 quit=1 commands=5
Jun  4 19:57:00 email-threat-docker postfix/smtp[191]: C9EDC97285: to=<recipient@email-threat-docker.local>, relay=scanner[172.20.0.3]:10025, delay=0.04, delays=0.01/0/0.01/0.02, dsn=2.0.0, status=sent (250 Message delivered)
Jun  4 19:57:00 email-threat-docker postfix/qmgr[99]: C9EDC97285: removed
Jun  4 19:57:00 email-threat-docker postfix/local[193]: D03E09729A: to=<recipient@email-threat-docker.local>, relay=local, delay=0.01, delays=0.01/0/0/0.01, dsn=2.0.0, status=sent (delivered to command: /usr/bin/procmail)
Jun  4 19:57:00 email-threat-docker postfix/qmgr[99]: D03E09729A: removed
Jun  4 19:57:01 email-threat-docker postfix/smtpd[179]: connect from unknown[172.20.0.1]
Jun  4 19:57:01 email-threat-docker postfix/smtpd[179]: C626497285: client=unknown[172.20.0.1]
Jun  4 19:57:01 email-threat-docker postfix/cleanup[190]: C626497285: prepend: header Subject: Conference Registration from unknown[172.20.0.1]; from=<events@company.com> to=<recipient@email-threat-docker.local> proto=ESMTP helo=<[192.168.48.1]>: [Subject: ]
Jun  4 19:57:01 email-threat-docker postfix/cleanup[190]: C626497285: message-id=<>
Jun  4 19:57:01 email-threat-docker postfix/qmgr[99]: C626497285: from=<events@company.com>, size=449, nrcpt=1 (queue active)
Jun  4 19:57:01 email-threat-docker postfix/smtpd[179]: disconnect from unknown[172.20.0.1] ehlo=1 mail=1 rcpt=1 data=1 quit=1 commands=5
Jun  4 19:57:01 email-threat-docker postfix/smtpd[192]: connect from scanner.holbertonshcool-cybersecurity-final-proyect_threat-net[172.20.0.3]
Jun  4 19:57:01 email-threat-docker postfix/smtpd[192]: CC2839729A: client=scanner.holbertonshcool-cybersecurity-final-proyect_threat-net[172.20.0.3]
Jun  4 19:57:01 email-threat-docker postfix/cleanup[190]: CC2839729A: message-id=<>
Jun  4 19:57:01 email-threat-docker postfix/qmgr[99]: CC2839729A: from=<events@company.com>, size=705, nrcpt=1 (queue active)
Jun  4 19:57:01 email-threat-docker postfix/smtpd[192]: disconnect from scanner.holbertonshcool-cybersecurity-final-proyect_threat-net[172.20.0.3] ehlo=1 mail=1 rcpt=1 data=1 quit=1 commands=5
Jun  4 19:57:01 email-threat-docker postfix/smtp[191]: C626497285: to=<recipient@email-threat-docker.local>, relay=scanner[172.20.0.3]:10025, delay=0.03, delays=0.01/0/0.01/0.02, dsn=2.0.0, status=sent (250 Message delivered)
Jun  4 19:57:01 email-threat-docker postfix/qmgr[99]: C626497285: removed
Jun  4 19:57:01 email-threat-docker postfix/local[193]: CC2839729A: to=<recipient@email-threat-docker.local>, relay=local, delay=0.01, delays=0.01/0/0/0.01, dsn=2.0.0, status=sent (delivered to command: /usr/bin/procmail)
Jun  4 19:57:01 email-threat-docker postfix/qmgr[99]: CC2839729A: removed
Jun  4 19:57:02 email-threat-docker postfix/smtpd[179]: connect from unknown[172.20.0.1]
Jun  4 19:57:02 email-threat-docker postfix/smtpd[179]: C27EB97285: client=unknown[172.20.0.1]
Jun  4 19:57:02 email-threat-docker postfix/cleanup[190]: C27EB97285: prepend: header Subject: Urgent: Invoice Payment Required from unknown[172.20.0.1]; from=<hr@company.com> to=<recipient@email-threat-docker.local> proto=ESMTP helo=<[192.168.48.1]>: [Subject: ]
Jun  4 19:57:02 email-threat-docker postfix/cleanup[190]: C27EB97285: message-id=<>
Jun  4 19:57:02 email-threat-docker postfix/qmgr[99]: C27EB97285: from=<hr@company.com>, size=562, nrcpt=1 (queue active)
Jun  4 19:57:02 email-threat-docker postfix/smtpd[179]: disconnect from unknown[172.20.0.1] ehlo=1 mail=1 rcpt=1 data=1 quit=1 commands=5
Jun  4 19:57:02 email-threat-docker postfix/smtp[191]: C27EB97285: to=<recipient@email-threat-docker.local>, relay=scanner[172.20.0.3]:10025, delay=0.02, delays=0.01/0/0.01/0.01, dsn=2.0.0, status=sent (250 Message quarantined)
Jun  4 19:57:02 email-threat-docker postfix/qmgr[99]: C27EB97285: removed
Jun  4 19:57:02 email-threat-docker postfix/smtpd[179]: connect from unknown[172.20.0.1]
Jun  4 19:57:03 email-threat-docker postfix/smtpd[179]: BDEB797297: client=unknown[172.20.0.1]
Jun  4 19:57:03 email-threat-docker postfix/cleanup[190]: BDEB797297: prepend: header Subject: Hot Deals This Weekend! from unknown[172.20.0.1]; from=<security@onlinebank.com> to=<recipient@email-threat-docker.local> proto=ESMTP helo=<[192.168.48.1]>: [Subject: ]
Jun  4 19:57:03 email-threat-docker postfix/cleanup[190]: BDEB797297: message-id=<>
Jun  4 19:57:03 email-threat-docker postfix/qmgr[99]: BDEB797297: from=<security@onlinebank.com>, size=544, nrcpt=1 (queue active)
Jun  4 19:57:03 email-threat-docker postfix/smtpd[179]: disconnect from unknown[172.20.0.1] ehlo=1 mail=1 rcpt=1 data=1 quit=1 commands=5
Jun  4 19:57:03 email-threat-docker postfix/smtp[191]: BDEB797297: to=<recipient@email-threat-docker.local>, relay=scanner[172.20.0.3]:10025, delay=0.02, delays=0.01/0/0.01/0.01, dsn=2.0.0, status=sent (250 Message quarantined)
Jun  4 19:57:03 email-threat-docker postfix/qmgr[99]: BDEB797297: removed
Jun  4 19:57:03 email-threat-docker postfix/smtpd[179]: connect from unknown[172.20.0.1]
Jun  4 19:57:04 email-threat-docker postfix/smtpd[179]: B87CD97297: client=unknown[172.20.0.1]
Jun  4 19:57:04 email-threat-docker postfix/cleanup[190]: B87CD97297: prepend: header Subject: Account Locked from unknown[172.20.0.1]; from=<support@service.com> to=<recipient@email-threat-docker.local> proto=ESMTP helo=<[192.168.48.1]>: [Subject: ]
Jun  4 19:57:04 email-threat-docker postfix/cleanup[190]: B87CD97297: message-id=<>
Jun  4 19:57:04 email-threat-docker postfix/qmgr[99]: B87CD97297: from=<support@service.com>, size=552, nrcpt=1 (queue active)
Jun  4 19:57:04 email-threat-docker postfix/smtpd[179]: disconnect from unknown[172.20.0.1] ehlo=1 mail=1 rcpt=1 data=1 quit=1 commands=5
Jun  4 19:57:04 email-threat-docker postfix/smtp[191]: B87CD97297: to=<recipient@email-threat-docker.local>, relay=scanner[172.20.0.3]:10025, delay=0.03, delays=0.01/0/0.01/0.01, dsn=2.0.0, status=sent (250 Message quarantined)
Jun  4 19:57:04 email-threat-docker postfix/qmgr[99]: B87CD97297: removed
Jun  4 19:57:04 email-threat-docker postfix/smtpd[179]: connect from unknown[172.20.0.1]
Jun  4 19:57:05 email-threat-docker postfix/smtpd[179]: B67A297297: client=unknown[172.20.0.1]
Jun  4 19:57:05 email-threat-docker postfix/cleanup[190]: B67A297297: prepend: header Subject: Password Reset Required from unknown[172.20.0.1]; from=<support@bank.com> to=<recipient@email-threat-docker.local> proto=ESMTP helo=<[192.168.48.1]>: [Subject: ]
Jun  4 19:57:05 email-threat-docker postfix/cleanup[190]: B67A297297: message-id=<>
Jun  4 19:57:05 email-threat-docker postfix/qmgr[99]: B67A297297: from=<support@bank.com>, size=588, nrcpt=1 (queue active)
Jun  4 19:57:05 email-threat-docker postfix/smtpd[179]: disconnect from unknown[172.20.0.1] ehlo=1 mail=1 rcpt=1 data=1 quit=1 commands=5
Jun  4 19:57:05 email-threat-docker postfix/smtp[191]: B67A297297: to=<recipient@email-threat-docker.local>, relay=scanner[172.20.0.3]:10025, delay=0.03, delays=0.01/0/0.01/0.01, dsn=2.0.0, status=sent (250 Message quarantined)
Jun  4 19:57:05 email-threat-docker postfix/qmgr[99]: B67A297297: removed
Jun  4 19:57:05 email-threat-docker postfix/smtpd[179]: connect from unknown[172.20.0.1]
Jun  4 19:57:06 email-threat-docker postfix/smtpd[179]: B3E3297297: client=unknown[172.20.0.1]
Jun  4 19:57:06 email-threat-docker postfix/cleanup[190]: B3E3297297: prepend: header Subject: Important Document from unknown[172.20.0.1]; from=<newsletter@store.com> to=<recipient@email-threat-docker.local> proto=ESMTP helo=<[192.168.48.1]>: [Subject: ]
Jun  4 19:57:06 email-threat-docker postfix/cleanup[190]: B3E3297297: message-id=<>
Jun  4 19:57:06 email-threat-docker postfix/qmgr[99]: B3E3297297: from=<newsletter@store.com>, size=523, nrcpt=1 (queue active)
Jun  4 19:57:06 email-threat-docker postfix/smtpd[179]: disconnect from unknown[172.20.0.1] ehlo=1 mail=1 rcpt=1 data=1 quit=1 commands=5
Jun  4 19:57:06 email-threat-docker postfix/smtp[191]: B3E3297297: to=<recipient@email-threat-docker.local>, relay=scanner[172.20.0.3]:10025, delay=0.03, delays=0.01/0/0.01/0.01, dsn=2.0.0, status=sent (250 Message quarantined)
Jun  4 19:57:06 email-threat-docker postfix/qmgr[99]: B3E3297297: removed
Jun  4 19:57:06 email-threat-docker postfix/smtpd[179]: connect from unknown[172.20.0.1]
Jun  4 19:57:07 email-threat-docker postfix/smtpd[179]: AFEAB97297: client=unknown[172.20.0.1]
Jun  4 19:57:07 email-threat-docker postfix/cleanup[190]: AFEAB97297: prepend: header Subject: Monthly Report from unknown[172.20.0.1]; from=<support@bank.com> to=<recipient@email-threat-docker.local> proto=ESMTP helo=<[192.168.48.1]>: [Subject: ]
Jun  4 19:57:07 email-threat-docker postfix/cleanup[190]: AFEAB97297: message-id=<>
Jun  4 19:57:07 email-threat-docker postfix/qmgr[99]: AFEAB97297: from=<support@bank.com>, size=582, nrcpt=1 (queue active)
Jun  4 19:57:07 email-threat-docker postfix/smtpd[179]: disconnect from unknown[172.20.0.1] ehlo=1 mail=1 rcpt=1 data=1 quit=1 commands=5
Jun  4 19:57:07 email-threat-docker postfix/smtp[191]: AFEAB97297: to=<recipient@email-threat-docker.local>, relay=scanner[172.20.0.3]:10025, delay=0.02, delays=0.01/0/0.01/0.01, dsn=2.0.0, status=sent (250 Message quarantined)
Jun  4 19:57:07 email-threat-docker postfix/qmgr[99]: AFEAB97297: removed
Jun  4 19:57:07 email-threat-docker postfix/smtpd[179]: connect from unknown[172.20.0.1]
Jun  4 19:57:08 email-threat-docker postfix/smtpd[179]: AB9C297297: client=unknown[172.20.0.1]
Jun  4 19:57:08 email-threat-docker postfix/cleanup[190]: AB9C297297: prepend: header Subject: System Notification from unknown[172.20.0.1]; from=<support@bank.com> to=<recipient@email-threat-docker.local> proto=ESMTP helo=<[192.168.48.1]>: [Subject: ]
Jun  4 19:57:08 email-threat-docker postfix/cleanup[190]: AB9C297297: message-id=<>
Jun  4 19:57:08 email-threat-docker postfix/qmgr[99]: AB9C297297: from=<support@bank.com>, size=523, nrcpt=1 (queue active)
Jun  4 19:57:08 email-threat-docker postfix/smtpd[179]: disconnect from unknown[172.20.0.1] ehlo=1 mail=1 rcpt=1 data=1 quit=1 commands=5
Jun  4 19:57:08 email-threat-docker postfix/smtp[191]: AB9C297297: to=<recipient@email-threat-docker.local>, relay=scanner[172.20.0.3]:10025, delay=0.02, delays=0.01/0/0.01/0.01, dsn=2.0.0, status=sent (250 Message quarantined)
Jun  4 19:57:08 email-threat-docker postfix/qmgr[99]: AB9C297297: removed
Jun  4 19:57:08 email-threat-docker postfix/smtpd[179]: connect from unknown[172.20.0.1]
Jun  4 19:57:09 email-threat-docker postfix/smtpd[179]: A76E497297: client=unknown[172.20.0.1]
Jun  4 19:57:09 email-threat-docker postfix/cleanup[190]: A76E497297: prepend: header Subject: Final Warning from unknown[172.20.0.1]; from=<newsletter@store.com> to=<recipient@email-threat-docker.local> proto=ESMTP helo=<[192.168.48.1]>: [Subject: ]
Jun  4 19:57:09 email-threat-docker postfix/cleanup[190]: A76E497297: message-id=<>
Jun  4 19:57:09 email-threat-docker postfix/qmgr[99]: A76E497297: from=<newsletter@store.com>, size=571, nrcpt=1 (queue active)
Jun  4 19:57:09 email-threat-docker postfix/smtpd[179]: disconnect from unknown[172.20.0.1] ehlo=1 mail=1 rcpt=1 data=1 quit=1 commands=5
Jun  4 19:57:09 email-threat-docker postfix/smtp[191]: A76E497297: to=<recipient@email-threat-docker.local>, relay=scanner[172.20.0.3]:10025, delay=0.02, delays=0.01/0/0.01/0.01, dsn=2.0.0, status=sent (250 Message quarantined)
Jun  4 19:57:09 email-threat-docker postfix/qmgr[99]: A76E497297: removed
Jun  4 19:57:09 email-threat-docker postfix/smtpd[179]: connect from unknown[172.20.0.1]
Jun  4 19:57:10 email-threat-docker postfix/smtpd[179]: A2B8297297: client=unknown[172.20.0.1]
Jun  4 19:57:10 email-threat-docker postfix/cleanup[190]: A2B8297297: prepend: header Subject: Mandatory W-2 Form from unknown[172.20.0.1]; from=<support@service.com> to=<recipient@email-threat-docker.local> proto=ESMTP helo=<[192.168.48.1]>: [Subject: ]
Jun  4 19:57:10 email-threat-docker postfix/cleanup[190]: A2B8297297: message-id=<>
Jun  4 19:57:10 email-threat-docker postfix/qmgr[99]: A2B8297297: from=<support@service.com>, size=515, nrcpt=1 (queue active)
Jun  4 19:57:10 email-threat-docker postfix/smtpd[179]: disconnect from unknown[172.20.0.1] ehlo=1 mail=1 rcpt=1 data=1 quit=1 commands=5
Jun  4 19:57:10 email-threat-docker postfix/smtp[191]: A2B8297297: to=<recipient@email-threat-docker.local>, relay=scanner[172.20.0.3]:10025, delay=0.02, delays=0.01/0/0/0.01, dsn=2.0.0, status=sent (250 Message quarantined)
Jun  4 19:57:10 email-threat-docker postfix/qmgr[99]: A2B8297297: removed
Jun  4 19:57:10 email-threat-docker postfix/smtpd[179]: connect from unknown[172.20.0.1]
Jun  4 19:57:11 email-threat-docker postfix/smtpd[179]: 9E72597297: client=unknown[172.20.0.1]
Jun  4 19:57:11 email-threat-docker postfix/cleanup[190]: 9E72597297: prepend: header Subject: Account Verification Needed from unknown[172.20.0.1]; from=<support@bank.com> to=<recipient@email-threat-docker.local> proto=ESMTP helo=<[192.168.48.1]>: [Subject: ]
Jun  4 19:57:11 email-threat-docker postfix/cleanup[190]: 9E72597297: message-id=<>
Jun  4 19:57:11 email-threat-docker postfix/qmgr[99]: 9E72597297: from=<support@bank.com>, size=568, nrcpt=1 (queue active)
Jun  4 19:57:11 email-threat-docker postfix/smtpd[179]: disconnect from unknown[172.20.0.1] ehlo=1 mail=1 rcpt=1 data=1 quit=1 commands=5
Jun  4 19:57:11 email-threat-docker postfix/smtp[191]: 9E72597297: to=<recipient@email-threat-docker.local>, relay=scanner[172.20.0.3]:10025, delay=0.02, delays=0.01/0/0.01/0.01, dsn=2.0.0, status=sent (250 Message quarantined)
Jun  4 19:57:11 email-threat-docker postfix/qmgr[99]: 9E72597297: removed
Jun  4 19:57:11 email-threat-docker postfix/smtpd[179]: connect from unknown[172.20.0.1]
Jun  4 19:57:12 email-threat-docker postfix/smtpd[179]: 9F34997297: client=unknown[172.20.0.1]
Jun  4 19:57:12 email-threat-docker postfix/cleanup[190]: 9F34997297: prepend: header Subject: Password Reset Request from unknown[172.20.0.1]; from=<info@company.com> to=<recipient@email-threat-docker.local> proto=ESMTP helo=<[192.168.48.1]>: [Subject: ]
Jun  4 19:57:12 email-threat-docker postfix/cleanup[190]: 9F34997297: message-id=<>
Jun  4 19:57:12 email-threat-docker postfix/qmgr[99]: 9F34997297: from=<info@company.com>, size=534, nrcpt=1 (queue active)
Jun  4 19:57:12 email-threat-docker postfix/smtpd[179]: disconnect from unknown[172.20.0.1] ehlo=1 mail=1 rcpt=1 data=1 quit=1 commands=5
Jun  4 19:57:12 email-threat-docker postfix/smtp[191]: 9F34997297: to=<recipient@email-threat-docker.local>, relay=scanner[172.20.0.3]:10025, delay=0.02, delays=0.01/0/0.01/0.01, dsn=2.0.0, status=sent (250 Message quarantined)
Jun  4 19:57:12 email-threat-docker postfix/qmgr[99]: 9F34997297: removed
Jun  4 19:57:12 email-threat-docker postfix/smtpd[179]: connect from unknown[172.20.0.1]
Jun  4 19:57:13 email-threat-docker postfix/smtpd[179]: 9C6DC97297: client=unknown[172.20.0.1]
Jun  4 19:57:13 email-threat-docker postfix/cleanup[190]: 9C6DC97297: prepend: header Subject: Mandatory Company Survey from unknown[172.20.0.1]; from=<teamlead@company.com> to=<recipient@email-threat-docker.local> proto=ESMTP helo=<[192.168.48.1]>: [Subject: ]
Jun  4 19:57:13 email-threat-docker postfix/cleanup[190]: 9C6DC97297: message-id=<>
Jun  4 19:57:13 email-threat-docker postfix/qmgr[99]: 9C6DC97297: from=<teamlead@company.com>, size=531, nrcpt=1 (queue active)
Jun  4 19:57:13 email-threat-docker postfix/smtpd[179]: disconnect from unknown[172.20.0.1] ehlo=1 mail=1 rcpt=1 data=1 quit=1 commands=5
Jun  4 19:57:13 email-threat-docker postfix/smtp[191]: 9C6DC97297: to=<recipient@email-threat-docker.local>, relay=scanner[172.20.0.3]:10025, delay=0.02, delays=0.01/0/0.01/0.01, dsn=2.0.0, status=sent (250 Message quarantined)
Jun  4 19:57:13 email-threat-docker postfix/qmgr[99]: 9C6DC97297: removed
Jun  4 19:57:13 email-threat-docker postfix/smtpd[179]: connect from unknown[172.20.0.1]
Jun  4 19:57:14 email-threat-docker postfix/smtpd[179]: 99EAF97285: client=unknown[172.20.0.1]
Jun  4 19:57:15 email-threat-docker postfix/cleanup[190]: 99EAF97285: prepend: header Subject: Suspicious Login Attempt from unknown[172.20.0.1]; from=<deals@newsletter.com> to=<recipient@email-threat-docker.local> proto=ESMTP helo=<[192.168.48.1]>: [Subject: ]
Jun  4 19:57:15 email-threat-docker postfix/cleanup[190]: 99EAF97285: message-id=<>
Jun  4 19:57:15 email-threat-docker postfix/qmgr[99]: 99EAF97285: from=<deals@newsletter.com>, size=552, nrcpt=1 (queue active)
Jun  4 19:57:15 email-threat-docker postfix/smtpd[179]: disconnect from unknown[172.20.0.1] ehlo=1 mail=1 rcpt=1 data=1 quit=1 commands=5
Jun  4 19:57:15 email-threat-docker postfix/smtp[191]: 99EAF97285: to=<recipient@email-threat-docker.local>, relay=scanner[172.20.0.3]:10025, delay=1.2, delays=1.2/0/0.01/0.01, dsn=2.0.0, status=sent (250 Message quarantined)
Jun  4 19:57:15 email-threat-docker postfix/qmgr[99]: 99EAF97285: removed
Jun  4 19:57:17 email-threat-docker postfix/smtpd[179]: connect from unknown[172.20.0.1]
Jun  4 19:57:18 email-threat-docker postfix/smtpd[179]: 465F697285: client=unknown[172.20.0.1]
Jun  4 19:57:18 email-threat-docker postfix/cleanup[190]: 465F697285: prepend: header Subject: Account Compromised from unknown[172.20.0.1]; from=<info@company.com> to=<recipient@email-threat-docker.local> proto=ESMTP helo=<[192.168.48.1]>: [Subject: ]
Jun  4 19:57:18 email-threat-docker postfix/cleanup[190]: 465F697285: message-id=<>
Jun  4 19:57:18 email-threat-docker postfix/qmgr[99]: 465F697285: from=<info@company.com>, size=523, nrcpt=1 (queue active)
Jun  4 19:57:18 email-threat-docker postfix/smtpd[179]: disconnect from unknown[172.20.0.1] ehlo=1 mail=1 rcpt=1 data=1 quit=1 commands=5
Jun  4 19:57:18 email-threat-docker postfix/smtp[191]: 465F697285: to=<recipient@email-threat-docker.local>, relay=scanner[172.20.0.3]:10025, delay=0.02, delays=0.01/0/0.01/0.01, dsn=2.0.0, status=sent (250 Message quarantined)
Jun  4 19:57:18 email-threat-docker postfix/qmgr[99]: 465F697285: removed
Jun  4 19:57:18 email-threat-docker postfix/smtpd[179]: connect from unknown[172.20.0.1]
Jun  4 19:57:19 email-threat-docker postfix/smtpd[179]: 43EF097285: client=unknown[172.20.0.1]
Jun  4 19:57:19 email-threat-docker postfix/cleanup[190]: 43EF097285: prepend: header Subject: You've Won a $100 Gift Card! from unknown[172.20.0.1]; from=<support@bank.com> to=<recipient@email-threat-docker.local> proto=ESMTP helo=<[192.168.48.1]>: [Subject: ]
Jun  4 19:57:19 email-threat-docker postfix/cleanup[190]: 43EF097285: message-id=<>
Jun  4 19:57:19 email-threat-docker postfix/qmgr[99]: 43EF097285: from=<support@bank.com>, size=528, nrcpt=1 (queue active)
Jun  4 19:57:19 email-threat-docker postfix/smtpd[179]: disconnect from unknown[172.20.0.1] ehlo=1 mail=1 rcpt=1 data=1 quit=1 commands=5
Jun  4 19:57:19 email-threat-docker postfix/smtp[191]: 43EF097285: to=<recipient@email-threat-docker.local>, relay=scanner[172.20.0.3]:10025, delay=0.03, delays=0.01/0/0.01/0.01, dsn=2.0.0, status=sent (250 Message quarantined)
Jun  4 19:57:19 email-threat-docker postfix/qmgr[99]: 43EF097285: removed
Jun  4 19:57:19 email-threat-docker postfix/smtpd[179]: connect from unknown[172.20.0.1]
Jun  4 19:57:20 email-threat-docker postfix/smtpd[179]: 41F1097285: client=unknown[172.20.0.1]
Jun  4 19:57:20 email-threat-docker postfix/cleanup[190]: 41F1097285: prepend: header Subject: Quick Employee Survey from unknown[172.20.0.1]; from=<admin@company.com> to=<recipient@email-threat-docker.local> proto=ESMTP helo=<[192.168.48.1]>: [Subject: ]
Jun  4 19:57:20 email-threat-docker postfix/cleanup[190]: 41F1097285: message-id=<>
Jun  4 19:57:20 email-threat-docker postfix/qmgr[99]: 41F1097285: from=<admin@company.com>, size=509, nrcpt=1 (queue active)
Jun  4 19:57:20 email-threat-docker postfix/smtpd[179]: disconnect from unknown[172.20.0.1] ehlo=1 mail=1 rcpt=1 data=1 quit=1 commands=5
Jun  4 19:57:20 email-threat-docker postfix/smtp[191]: 41F1097285: to=<recipient@email-threat-docker.local>, relay=scanner[172.20.0.3]:10025, delay=0.03, delays=0.01/0/0.01/0.01, dsn=2.0.0, status=sent (250 Message quarantined)
Jun  4 19:57:20 email-threat-docker postfix/qmgr[99]: 41F1097285: removed
Jun  4 19:57:20 email-threat-docker postfix/smtpd[179]: connect from unknown[172.20.0.1]
Jun  4 19:57:21 email-threat-docker postfix/smtpd[179]: 3FCD797285: client=unknown[172.20.0.1]
Jun  4 19:57:21 email-threat-docker postfix/cleanup[190]: 3FCD797285: prepend: header Subject: URGENT: Security Alert from unknown[172.20.0.1]; from=<security@service.com> to=<recipient@email-threat-docker.local> proto=ESMTP helo=<[192.168.48.1]>: [Subject: ]
Jun  4 19:57:21 email-threat-docker postfix/cleanup[190]: 3FCD797285: message-id=<>
Jun  4 19:57:21 email-threat-docker postfix/qmgr[99]: 3FCD797285: from=<security@service.com>, size=903, nrcpt=1 (queue active)
Jun  4 19:57:21 email-threat-docker postfix/smtpd[179]: disconnect from unknown[172.20.0.1] ehlo=1 mail=1 rcpt=1 data=1 quit=1 commands=5
Jun  4 19:57:21 email-threat-docker postfix/smtp[191]: 3FCD797285: to=<recipient@email-threat-docker.local>, relay=scanner[172.20.0.3]:10025, delay=0.03, delays=0.01/0/0.01/0.01, dsn=2.0.0, status=sent (250 Message quarantined)
Jun  4 19:57:21 email-threat-docker postfix/qmgr[99]: 3FCD797285: removed
Jun  4 19:57:21 email-threat-docker postfix/smtpd[179]: connect from unknown[172.20.0.1]
Jun  4 19:57:22 email-threat-docker postfix/smtpd[179]: 40AAB97285: client=unknown[172.20.0.1]
Jun  4 19:57:22 email-threat-docker postfix/cleanup[190]: 40AAB97285: prepend: header Subject: Invoice #INV-9876 from unknown[172.20.0.1]; from=<devteam@company.com> to=<recipient@email-threat-docker.local> proto=ESMTP helo=<[192.168.48.1]>: [Subject: ]
Jun  4 19:57:22 email-threat-docker postfix/cleanup[190]: 40AAB97285: message-id=<>
Jun  4 19:57:22 email-threat-docker postfix/qmgr[99]: 40AAB97285: from=<devteam@company.com>, size=2197, nrcpt=1 (queue active)
Jun  4 19:57:22 email-threat-docker postfix/smtpd[179]: disconnect from unknown[172.20.0.1] ehlo=1 mail=1 rcpt=1 data=1 quit=1 commands=5
Jun  4 19:57:22 email-threat-docker postfix/smtp[191]: 40AAB97285: to=<recipient@email-threat-docker.local>, relay=scanner[172.20.0.3]:10025, delay=0.03, delays=0.01/0/0.01/0.01, dsn=2.0.0, status=sent (250 Message quarantined)
Jun  4 19:57:22 email-threat-docker postfix/qmgr[99]: 40AAB97285: removed
Jun  4 19:57:22 email-threat-docker postfix/smtpd[179]: connect from unknown[172.20.0.1]
Jun  4 19:57:23 email-threat-docker postfix/smtpd[179]: 3D53997285: client=unknown[172.20.0.1]
Jun  4 19:57:23 email-threat-docker postfix/cleanup[190]: 3D53997285: prepend: header Subject: Account Verification Needed from unknown[172.20.0.1]; from=<newsletter@store.com> to=<recipient@email-threat-docker.local> proto=ESMTP helo=<[192.168.48.1]>: [Subject: ]
Jun  4 19:57:23 email-threat-docker postfix/cleanup[190]: 3D53997285: message-id=<>
Jun  4 19:57:23 email-threat-docker postfix/qmgr[99]: 3D53997285: from=<newsletter@store.com>, size=497, nrcpt=1 (queue active)
Jun  4 19:57:23 email-threat-docker postfix/smtpd[179]: disconnect from unknown[172.20.0.1] ehlo=1 mail=1 rcpt=1 data=1 quit=1 commands=5
Jun  4 19:57:23 email-threat-docker postfix/smtp[191]: 3D53997285: to=<recipient@email-threat-docker.local>, relay=scanner[172.20.0.3]:10025, delay=0.03, delays=0.01/0/0.01/0.01, dsn=2.0.0, status=sent (250 Message quarantined)
Jun  4 19:57:23 email-threat-docker postfix/qmgr[99]: 3D53997285: removed
Jun  4 19:57:23 email-threat-docker postfix/smtpd[179]: connect from unknown[172.20.0.1]
Jun  4 19:57:24 email-threat-docker postfix/smtpd[179]: 3A99A97285: client=unknown[172.20.0.1]
Jun  4 19:57:24 email-threat-docker postfix/cleanup[190]: 3A99A97285: prepend: header Subject: Document Shared from unknown[172.20.0.1]; from=<support@service.com> to=<recipient@email-threat-docker.local> proto=ESMTP helo=<[192.168.48.1]>: [Subject: ]
Jun  4 19:57:24 email-threat-docker postfix/cleanup[190]: 3A99A97285: message-id=<>
Jun  4 19:57:24 email-threat-docker postfix/qmgr[99]: 3A99A97285: from=<support@service.com>, size=656, nrcpt=1 (queue active)
Jun  4 19:57:24 email-threat-docker postfix/smtpd[179]: disconnect from unknown[172.20.0.1] ehlo=1 mail=1 rcpt=1 data=1 quit=1 commands=5
Jun  4 19:57:24 email-threat-docker postfix/smtp[191]: 3A99A97285: to=<recipient@email-threat-docker.local>, relay=scanner[172.20.0.3]:10025, delay=0.03, delays=0.01/0/0.01/0.01, dsn=2.0.0, status=sent (250 Message quarantined)
Jun  4 19:57:24 email-threat-docker postfix/qmgr[99]: 3A99A97285: removed
Jun  4 19:57:24 email-threat-docker postfix/smtpd[179]: connect from unknown[172.20.0.1]
Jun  4 19:57:25 email-threat-docker postfix/smtpd[179]: 37EA997285: client=unknown[172.20.0.1]
Jun  4 19:57:25 email-threat-docker postfix/cleanup[190]: 37EA997285: prepend: header Subject: Encrypted Report from unknown[172.20.0.1]; from=<notifications@company.com> to=<recipient@email-threat-docker.local> proto=ESMTP helo=<[192.168.48.1]>: [Subject: ]
Jun  4 19:57:25 email-threat-docker postfix/cleanup[190]: 37EA997285: message-id=<>
Jun  4 19:57:25 email-threat-docker postfix/qmgr[99]: 37EA997285: from=<notifications@company.com>, size=2196, nrcpt=1 (queue active)
Jun  4 19:57:25 email-threat-docker postfix/smtpd[179]: disconnect from unknown[172.20.0.1] ehlo=1 mail=1 rcpt=1 data=1 quit=1 commands=5
Jun  4 19:57:25 email-threat-docker postfix/smtp[191]: 37EA997285: to=<recipient@email-threat-docker.local>, relay=scanner[172.20.0.3]:10025, delay=0.03, delays=0.01/0/0.01/0.01, dsn=2.0.0, status=sent (250 Message quarantined)
Jun  4 19:57:25 email-threat-docker postfix/qmgr[99]: 37EA997285: removed
Jun  4 19:57:25 email-threat-docker postfix/smtpd[179]: connect from unknown[172.20.0.1]
Jun  4 19:57:26 email-threat-docker postfix/smtpd[179]: 35BC497285: client=unknown[172.20.0.1]
Jun  4 19:57:26 email-threat-docker postfix/cleanup[190]: 35BC497285: prepend: header Subject: Password Reset Required from unknown[172.20.0.1]; from=<noreply@itdept.company.com> to=<recipient@email-threat-docker.local> proto=ESMTP helo=<[192.168.48.1]>: [Subject: ]
Jun  4 19:57:26 email-threat-docker postfix/cleanup[190]: 35BC497285: message-id=<>
Jun  4 19:57:26 email-threat-docker postfix/qmgr[99]: 35BC497285: from=<noreply@itdept.company.com>, size=481, nrcpt=1 (queue active)
Jun  4 19:57:26 email-threat-docker postfix/smtpd[179]: disconnect from unknown[172.20.0.1] ehlo=1 mail=1 rcpt=1 data=1 quit=1 commands=5
Jun  4 19:57:26 email-threat-docker postfix/smtp[191]: 35BC497285: to=<recipient@email-threat-docker.local>, relay=scanner[172.20.0.3]:10025, delay=0.04, delays=0.01/0/0.01/0.02, dsn=2.0.0, status=sent (250 Message quarantined)
Jun  4 19:57:26 email-threat-docker postfix/qmgr[99]: 35BC497285: removed
Jun  4 19:57:26 email-threat-docker postfix/smtpd[179]: connect from unknown[172.20.0.1]
Jun  4 19:57:27 email-threat-docker postfix/smtpd[179]: 323E697297: client=unknown[172.20.0.1]
Jun  4 19:57:27 email-threat-docker postfix/cleanup[190]: 323E697297: prepend: header Subject: Your Package Tracking from unknown[172.20.0.1]; from=<support@bank.com> to=<recipient@email-threat-docker.local> proto=ESMTP helo=<[192.168.48.1]>: [Subject: ]
Jun  4 19:57:27 email-threat-docker postfix/cleanup[190]: 323E697297: message-id=<>
Jun  4 19:57:27 email-threat-docker postfix/qmgr[99]: 323E697297: from=<support@bank.com>, size=467, nrcpt=1 (queue active)
Jun  4 19:57:27 email-threat-docker postfix/smtpd[179]: disconnect from unknown[172.20.0.1] ehlo=1 mail=1 rcpt=1 data=1 quit=1 commands=5
Jun  4 19:57:27 email-threat-docker postfix/smtp[191]: 323E697297: to=<recipient@email-threat-docker.local>, relay=scanner[172.20.0.3]:10025, delay=0.03, delays=0.01/0/0.01/0.01, dsn=2.0.0, status=sent (250 Message quarantined)
Jun  4 19:57:27 email-threat-docker postfix/qmgr[99]: 323E697297: removed
Jun  4 19:57:27 email-threat-docker postfix/smtpd[179]: connect from unknown[172.20.0.1]
Jun  4 19:57:28 email-threat-docker postfix/smtpd[179]: 3588897297: client=unknown[172.20.0.1]
Jun  4 19:57:28 email-threat-docker postfix/cleanup[190]: 3588897297: prepend: header Subject: Financial Report from unknown[172.20.0.1]; from=<support@bank.com> to=<recipient@email-threat-docker.local> proto=ESMTP helo=<[192.168.48.1]>: [Subject: ]
Jun  4 19:57:28 email-threat-docker postfix/cleanup[190]: 3588897297: message-id=<>
Jun  4 19:57:28 email-threat-docker postfix/qmgr[99]: 3588897297: from=<support@bank.com>, size=806, nrcpt=1 (queue active)
Jun  4 19:57:28 email-threat-docker postfix/smtpd[179]: disconnect from unknown[172.20.0.1] ehlo=1 mail=1 rcpt=1 data=1 quit=1 commands=5
Jun  4 19:57:28 email-threat-docker postfix/smtp[191]: 3588897297: to=<recipient@email-threat-docker.local>, relay=scanner[172.20.0.3]:10025, delay=0.03, delays=0.01/0/0.01/0.01, dsn=2.0.0, status=sent (250 Message quarantined)
Jun  4 19:57:28 email-threat-docker postfix/qmgr[99]: 3588897297: removed
Jun  4 19:57:28 email-threat-docker postfix/smtpd[179]: connect from unknown[172.20.0.1]
Jun  4 19:57:29 email-threat-docker postfix/smtpd[179]: 32B7197297: client=unknown[172.20.0.1]
Jun  4 19:57:29 email-threat-docker postfix/cleanup[190]: 32B7197297: prepend: header Subject: Microsoft Security Update from unknown[172.20.0.1]; from=<noreply@itdept.company.com> to=<recipient@email-threat-docker.local> proto=ESMTP helo=<[192.168.48.1]>: [Subject: ]
