May 29 10:18:58 email-threat-docker postfix/cleanup[241]: 77B9D99C65: prepend: header Subject: Password Reset Request from unknown[172.20.0.1]; from=<security@onlinebank.com> to=<recipient@email-threat-docker.local> proto=ESMTP helo=<[192.168.48.1]>: [Subject: ]
May 29 10:18:58 email-threat-docker postfix/cleanup[241]: 77B9D99C65: message-id=<>
May 29 10:18:58 email-threat-docker postfix/qmgr[100]: 77B9D99C65: from=<security@onlinebank.com>, size=541, nrcpt=1 (queue active)
May 29 10:18:58 email-threat-docker postfix/smtpd[237]: disconnect from unknown[172.20.0.1] ehlo=1 mail=1 rcpt=1 data=1 quit=1 commands=5
May 29 10:18:58 email-threat-docker postfix/smtp[242]: 77B9D99C65: to=<recipient@email-threat-docker.local>, relay=scanner[172.20.0.3]:10025, delay=0.04, delays=0.01/0/0.01/0.01, dsn=2.0.0, status=sent (250 Message quarantined)
May 29 10:18:58 email-threat-docker postfix/qmgr[100]: 77B9D99C65: removed
May 29 10:18:58 email-threat-docker postfix/smtpd[237]: connect from unknown[172.20.0.1]
May 29 10:18:59 email-threat-docker postfix/smtpd[237]: 756A399C65: client=unknown[172.20.0.1]
May 29 10:18:59 email-threat-docker postfix/cleanup[241]: 756A399C65: prepend: header Subject: Mandatory Company Survey from unknown[172.20.0.1]; from=<security@bigcorp.com> to=<recipient@email-threat-docker.local> proto=ESMTP helo=<[192.168.48.1]>: [Subject: ]
May 29 10:18:59 email-threat-docker postfix/cleanup[241]: 756A399C65: message-id=<>
May 29 10:18:59 email-threat-docker postfix/qmgr[100]: 756A399C65: from=<security@bigcorp.com>, size=531, nrcpt=1 (queue active)
May 29 10:18:59 email-threat-docker postfix/smtpd[237]: disconnect from unknown[172.20.0.1] ehlo=1 mail=1 rcpt=1 data=1 quit=1 commands=5
May 29 10:18:59 email-threat-docker postfix/smtp[242]: 756A399C65: to=<recipient@email-threat-docker.local>, relay=scanner[172.20.0.3]:10025, delay=0.03, delays=0.01/0/0.01/0.01, dsn=2.0.0, status=sent (250 Message quarantined)
May 29 10:18:59 email-threat-docker postfix/qmgr[100]: 756A399C65: removed
May 29 10:18:59 email-threat-docker postfix/smtpd[237]: connect from unknown[172.20.0.1]
May 29 10:19:00 email-threat-docker postfix/smtpd[237]: 7223F99C65: client=unknown[172.20.0.1]
May 29 10:19:00 email-threat-docker postfix/cleanup[241]: 7223F99C65: prepend: header Subject: Suspicious Login Attempt from unknown[172.20.0.1]; from=<teamlead@company.com> to=<recipient@email-threat-docker.local> proto=ESMTP helo=<[192.168.48.1]>: [Subject: ]
May 29 10:19:00 email-threat-docker postfix/cleanup[241]: 7223F99C65: message-id=<>
May 29 10:19:00 email-threat-docker postfix/qmgr[100]: 7223F99C65: from=<teamlead@company.com>, size=552, nrcpt=1 (queue active)
May 29 10:19:00 email-threat-docker postfix/smtpd[237]: disconnect from unknown[172.20.0.1] ehlo=1 mail=1 rcpt=1 data=1 quit=1 commands=5
May 29 10:19:00 email-threat-docker postfix/smtp[242]: 7223F99C65: to=<recipient@email-threat-docker.local>, relay=scanner[172.20.0.3]:10025, delay=0.03, delays=0.01/0/0.01/0.01, dsn=2.0.0, status=sent (250 Message quarantined)
May 29 10:19:00 email-threat-docker postfix/qmgr[100]: 7223F99C65: removed
May 29 10:19:00 email-threat-docker postfix/smtpd[237]: connect from unknown[172.20.0.1]
May 29 10:19:01 email-threat-docker postfix/smtpd[237]: 716EC99C65: client=unknown[172.20.0.1]
May 29 10:19:01 email-threat-docker postfix/cleanup[241]: 716EC99C65: prepend: header Subject: Account Compromised from unknown[172.20.0.1]; from=<admin@company.com> to=<recipient@email-threat-docker.local> proto=ESMTP helo=<[192.168.48.1]>: [Subject: ]
May 29 10:19:01 email-threat-docker postfix/cleanup[241]: 716EC99C65: message-id=<>
May 29 10:19:01 email-threat-docker postfix/qmgr[100]: 716EC99C65: from=<admin@company.com>, size=524, nrcpt=1 (queue active)
May 29 10:19:01 email-threat-docker postfix/smtpd[237]: disconnect from unknown[172.20.0.1] ehlo=1 mail=1 rcpt=1 data=1 quit=1 commands=5
May 29 10:19:01 email-threat-docker postfix/smtp[242]: 716EC99C65: to=<recipient@email-threat-docker.local>, relay=scanner[172.20.0.3]:10025, delay=0.04, delays=0.02/0/0.01/0.02, dsn=2.0.0, status=sent (250 Message quarantined)
May 29 10:19:01 email-threat-docker postfix/qmgr[100]: 716EC99C65: removed
May 29 10:19:01 email-threat-docker postfix/smtpd[237]: connect from unknown[172.20.0.1]
May 29 10:19:02 email-threat-docker postfix/smtpd[237]: 7092599C75: client=unknown[172.20.0.1]
May 29 10:19:02 email-threat-docker postfix/cleanup[241]: 7092599C75: prepend: header Subject: You've Won a $100 Gift Card! from unknown[172.20.0.1]; from=<teamlead@company.com> to=<recipient@email-threat-docker.local> proto=ESMTP helo=<[192.168.48.1]>: [Subject: ]
May 29 10:19:02 email-threat-docker postfix/cleanup[241]: 7092599C75: message-id=<>
May 29 10:19:02 email-threat-docker postfix/qmgr[100]: 7092599C75: from=<teamlead@company.com>, size=532, nrcpt=1 (queue active)
May 29 10:19:02 email-threat-docker postfix/smtpd[237]: disconnect from unknown[172.20.0.1] ehlo=1 mail=1 rcpt=1 data=1 quit=1 commands=5
May 29 10:19:02 email-threat-docker postfix/smtp[242]: 7092599C75: to=<recipient@email-threat-docker.local>, relay=scanner[172.20.0.3]:10025, delay=0.04, delays=0.01/0/0.01/0.02, dsn=2.0.0, status=sent (250 Message quarantined)
May 29 10:19:02 email-threat-docker postfix/qmgr[100]: 7092599C75: removed
May 29 10:19:02 email-threat-docker postfix/smtpd[237]: connect from unknown[172.20.0.1]
May 29 10:19:03 email-threat-docker postfix/smtpd[237]: 71D5A99C75: client=unknown[172.20.0.1]
May 29 10:19:03 email-threat-docker postfix/cleanup[241]: 71D5A99C75: prepend: header Subject: Quick Employee Survey from unknown[172.20.0.1]; from=<billing@legit-company.com> to=<recipient@email-threat-docker.local> proto=ESMTP helo=<[192.168.48.1]>: [Subject: ]
May 29 10:19:03 email-threat-docker postfix/cleanup[241]: 71D5A99C75: message-id=<>
May 29 10:19:03 email-threat-docker postfix/qmgr[100]: 71D5A99C75: from=<billing@legit-company.com>, size=517, nrcpt=1 (queue active)
May 29 10:19:03 email-threat-docker postfix/smtpd[237]: disconnect from unknown[172.20.0.1] ehlo=1 mail=1 rcpt=1 data=1 quit=1 commands=5
May 29 10:19:03 email-threat-docker postfix/smtp[242]: 71D5A99C75: to=<recipient@email-threat-docker.local>, relay=scanner[172.20.0.3]:10025, delay=0.05, delays=0.03/0/0.01/0.02, dsn=2.0.0, status=sent (250 Message quarantined)
May 29 10:19:03 email-threat-docker postfix/qmgr[100]: 71D5A99C75: removed
May 29 10:19:03 email-threat-docker postfix/smtpd[237]: connect from unknown[172.20.0.1]
May 29 10:19:04 email-threat-docker postfix/smtpd[237]: 70CD999C75: client=unknown[172.20.0.1]
May 29 10:19:04 email-threat-docker postfix/cleanup[241]: 70CD999C75: prepend: header Subject: URGENT: Security Alert from unknown[172.20.0.1]; from=<rewards@shopping.com> to=<recipient@email-threat-docker.local> proto=ESMTP helo=<[192.168.48.1]>: [Subject: ]
May 29 10:19:04 email-threat-docker postfix/cleanup[241]: 70CD999C75: message-id=<>
May 29 10:19:04 email-threat-docker postfix/qmgr[100]: 70CD999C75: from=<rewards@shopping.com>, size=903, nrcpt=1 (queue active)
May 29 10:19:04 email-threat-docker postfix/smtpd[237]: disconnect from unknown[172.20.0.1] ehlo=1 mail=1 rcpt=1 data=1 quit=1 commands=5
May 29 10:19:04 email-threat-docker postfix/smtp[242]: 70CD999C75: to=<recipient@email-threat-docker.local>, relay=scanner[172.20.0.3]:10025, delay=0.03, delays=0.01/0/0.01/0.02, dsn=2.0.0, status=sent (250 Message quarantined)
May 29 10:19:04 email-threat-docker postfix/qmgr[100]: 70CD999C75: removed
May 29 10:19:04 email-threat-docker postfix/smtpd[237]: connect from unknown[172.20.0.1]
May 29 10:19:05 email-threat-docker postfix/smtpd[237]: 6D0E499C75: client=unknown[172.20.0.1]
May 29 10:19:05 email-threat-docker postfix/cleanup[241]: 6D0E499C75: prepend: header Subject: Invoice #INV-9876 from unknown[172.20.0.1]; from=<newsletter@store.com> to=<recipient@email-threat-docker.local> proto=ESMTP helo=<[192.168.48.1]>: [Subject: ]
May 29 10:19:05 email-threat-docker postfix/cleanup[241]: 6D0E499C75: message-id=<>
May 29 10:19:05 email-threat-docker postfix/qmgr[100]: 6D0E499C75: from=<newsletter@store.com>, size=2198, nrcpt=1 (queue active)
May 29 10:19:05 email-threat-docker postfix/smtpd[237]: disconnect from unknown[172.20.0.1] ehlo=1 mail=1 rcpt=1 data=1 quit=1 commands=5
May 29 10:19:05 email-threat-docker postfix/smtp[242]: 6D0E499C75: to=<recipient@email-threat-docker.local>, relay=scanner[172.20.0.3]:10025, delay=0.04, delays=0.01/0/0.01/0.02, dsn=2.0.0, status=sent (250 Message quarantined)
May 29 10:19:05 email-threat-docker postfix/qmgr[100]: 6D0E499C75: removed
May 29 10:19:05 email-threat-docker postfix/smtpd[237]: connect from unknown[172.20.0.1]
May 29 10:19:06 email-threat-docker postfix/smtpd[237]: 6952F99C75: client=unknown[172.20.0.1]
May 29 10:19:06 email-threat-docker postfix/cleanup[241]: 6952F99C75: prepend: header Subject: Account Verification Needed from unknown[172.20.0.1]; from=<notifications@company.com> to=<recipient@email-threat-docker.local> proto=ESMTP helo=<[192.168.48.1]>: [Subject: ]
May 29 10:19:06 email-threat-docker postfix/cleanup[241]: 6952F99C75: message-id=<>
May 29 10:19:06 email-threat-docker postfix/qmgr[100]: 6952F99C75: from=<notifications@company.com>, size=502, nrcpt=1 (queue active)
May 29 10:19:06 email-threat-docker postfix/smtpd[237]: disconnect from unknown[172.20.0.1] ehlo=1 mail=1 rcpt=1 data=1 quit=1 commands=5
May 29 10:19:06 email-threat-docker postfix/smtp[242]: 6952F99C75: to=<recipient@email-threat-docker.local>, relay=scanner[172.20.0.3]:10025, delay=0.03, delays=0.01/0/0.01/0.01, dsn=2.0.0, status=sent (250 Message quarantined)
May 29 10:19:06 email-threat-docker postfix/qmgr[100]: 6952F99C75: removed
May 29 10:19:05 email-threat-docker postfix/smtpd[237]: connect from unknown[172.20.0.1]
May 29 10:19:10 email-threat-docker postfix/smtpd[237]: 23D2699C75: client=unknown[172.20.0.1]
May 29 10:19:10 email-threat-docker postfix/cleanup[241]: 23D2699C75: prepend: header Subject: Document Shared from unknown[172.20.0.1]; from=<notifications@company.com> to=<recipient@email-threat-docker.local> proto=ESMTP helo=<[192.168.48.1]>: [Subject: ]
May 29 10:19:10 email-threat-docker postfix/cleanup[241]: 23D2699C75: message-id=<>
May 29 10:19:10 email-threat-docker postfix/qmgr[100]: 23D2699C75: from=<notifications@company.com>, size=662, nrcpt=1 (queue active)
May 29 10:19:10 email-threat-docker postfix/smtpd[237]: disconnect from unknown[172.20.0.1] ehlo=1 mail=1 rcpt=1 data=1 quit=1 commands=5
May 29 10:19:10 email-threat-docker postfix/smtp[242]: 23D2699C75: to=<recipient@email-threat-docker.local>, relay=scanner[172.20.0.3]:10025, delay=0.04, delays=0.01/0/0.01/0.02, dsn=2.0.0, status=sent (250 Message quarantined)
May 29 10:19:10 email-threat-docker postfix/qmgr[100]: 23D2699C75: removed
May 29 10:19:10 email-threat-docker postfix/smtpd[237]: connect from unknown[172.20.0.1]
May 29 10:19:11 email-threat-docker postfix/smtpd[237]: 26E3999C75: client=unknown[172.20.0.1]
May 29 10:19:11 email-threat-docker postfix/cleanup[241]: 26E3999C75: prepend: header Subject: Encrypted Report from unknown[172.20.0.1]; from=<info@company.com> to=<recipient@email-threat-docker.local> proto=ESMTP helo=<[192.168.48.1]>: [Subject: ]
May 29 10:19:11 email-threat-docker postfix/cleanup[241]: 26E3999C75: message-id=<>
May 29 10:19:11 email-threat-docker postfix/qmgr[100]: 26E3999C75: from=<info@company.com>, size=2187, nrcpt=1 (queue active)
May 29 10:19:11 email-threat-docker postfix/smtpd[237]: disconnect from unknown[172.20.0.1] ehlo=1 mail=1 rcpt=1 data=1 quit=1 commands=5
May 29 10:19:11 email-threat-docker postfix/smtp[242]: 26E3999C75: to=<recipient@email-threat-docker.local>, relay=scanner[172.20.0.3]:10025, delay=0.07, delays=0.02/0/0.01/0.04, dsn=2.0.0, status=sent (250 Message quarantined)
May 29 10:19:11 email-threat-docker postfix/qmgr[100]: 26E3999C75: removed
May 29 10:19:11 email-threat-docker postfix/smtpd[237]: connect from unknown[172.20.0.1]
May 29 10:19:12 email-threat-docker postfix/smtpd[237]: 27A7B99C75: client=unknown[172.20.0.1]
May 29 10:19:12 email-threat-docker postfix/cleanup[241]: 27A7B99C75: prepend: header Subject: Password Reset Required from unknown[172.20.0.1]; from=<notifications@company.com> to=<recipient@email-threat-docker.local> proto=ESMTP helo=<[192.168.48.1]>: [Subject: ]
May 29 10:19:12 email-threat-docker postfix/cleanup[241]: 27A7B99C75: message-id=<>
May 29 10:19:12 email-threat-docker postfix/qmgr[100]: 27A7B99C75: from=<notifications@company.com>, size=480, nrcpt=1 (queue active)
May 29 10:19:12 email-threat-docker postfix/smtpd[237]: disconnect from unknown[172.20.0.1] ehlo=1 mail=1 rcpt=1 data=1 quit=1 commands=5
May 29 10:19:12 email-threat-docker postfix/smtp[242]: 27A7B99C75: to=<recipient@email-threat-docker.local>, relay=scanner[172.20.0.3]:10025, delay=0.03, delays=0.02/0/0.01/0.01, dsn=2.0.0, status=sent (250 Message quarantined)
May 29 10:19:12 email-threat-docker postfix/qmgr[100]: 27A7B99C75: removed
May 29 10:19:12 email-threat-docker postfix/smtpd[237]: connect from unknown[172.20.0.1]
May 29 10:19:13 email-threat-docker postfix/smtpd[237]: 2704399C75: client=unknown[172.20.0.1]
May 29 10:19:13 email-threat-docker postfix/cleanup[241]: 2704399C75: prepend: header Subject: Your Package Tracking from unknown[172.20.0.1]; from=<deals@newsletter.com> to=<recipient@email-threat-docker.local> proto=ESMTP helo=<[192.168.48.1]>: [Subject: ]
May 29 10:19:13 email-threat-docker postfix/cleanup[241]: 2704399C75: message-id=<>
May 29 10:19:13 email-threat-docker postfix/qmgr[100]: 2704399C75: from=<deals@newsletter.com>, size=471, nrcpt=1 (queue active)
May 29 10:19:13 email-threat-docker postfix/smtpd[237]: disconnect from unknown[172.20.0.1] ehlo=1 mail=1 rcpt=1 data=1 quit=1 commands=5
May 29 10:19:13 email-threat-docker postfix/smtp[242]: 2704399C75: to=<recipient@email-threat-docker.local>, relay=scanner[172.20.0.3]:10025, delay=0.09, delays=0.01/0/0.01/0.07, dsn=2.0.0, status=sent (250 Message quarantined)
May 29 10:19:13 email-threat-docker postfix/qmgr[100]: 2704399C75: removed
May 29 10:19:13 email-threat-docker postfix/smtpd[237]: connect from unknown[172.20.0.1]
May 29 10:19:14 email-threat-docker postfix/smtpd[237]: 26ACE99C75: client=unknown[172.20.0.1]
May 29 10:19:14 email-threat-docker postfix/cleanup[241]: 26ACE99C75: prepend: header Subject: Financial Report from unknown[172.20.0.1]; from=<security@service.com> to=<recipient@email-threat-docker.local> proto=ESMTP helo=<[192.168.48.1]>: [Subject: ]
May 29 10:19:14 email-threat-docker postfix/cleanup[241]: 26ACE99C75: message-id=<>
May 29 10:19:14 email-threat-docker postfix/qmgr[100]: 26ACE99C75: from=<security@service.com>, size=810, nrcpt=1 (queue active)
May 29 10:19:14 email-threat-docker postfix/smtpd[237]: disconnect from unknown[172.20.0.1] ehlo=1 mail=1 rcpt=1 data=1 quit=1 commands=5
May 29 10:19:14 email-threat-docker postfix/smtp[242]: 26ACE99C75: to=<recipient@email-threat-docker.local>, relay=scanner[172.20.0.3]:10025, delay=0.06, delays=0.01/0/0.01/0.03, dsn=2.0.0, status=sent (250 Message quarantined)
May 29 10:19:14 email-threat-docker postfix/qmgr[100]: 26ACE99C75: removed
May 29 10:19:14 email-threat-docker postfix/smtpd[237]: connect from unknown[172.20.0.1]
May 29 10:19:15 email-threat-docker postfix/smtpd[237]: 25D1499C65: client=unknown[172.20.0.1]
May 29 10:19:15 email-threat-docker postfix/cleanup[241]: 25D1499C65: prepend: header Subject: Microsoft Security Update from unknown[172.20.0.1]; from=<security@bigcorp.com> to=<recipient@email-threat-docker.local> proto=ESMTP helo=<[192.168.48.1]>: [Subject: ]
May 29 10:19:15 email-threat-docker postfix/cleanup[241]: 25D1499C65: message-id=<>
May 29 10:19:15 email-threat-docker postfix/qmgr[100]: 25D1499C65: from=<security@bigcorp.com>, size=2272, nrcpt=1 (queue active)
May 29 10:19:15 email-threat-docker postfix/smtpd[237]: disconnect from unknown[172.20.0.1] ehlo=1 mail=1 rcpt=1 data=1 quit=1 commands=5
May 29 10:19:15 email-threat-docker postfix/smtp[242]: 25D1499C65: to=<recipient@email-threat-docker.local>, relay=scanner[172.20.0.3]:10025, delay=0.04, delays=0.01/0/0.01/0.02, dsn=2.0.0, status=sent (250 Message quarantined)
May 29 10:19:15 email-threat-docker postfix/qmgr[100]: 25D1499C65: removed
May 29 10:19:15 email-threat-docker postfix/smtpd[237]: connect from unknown[172.20.0.1]
May 29 10:19:16 email-threat-docker postfix/smtpd[237]: 224A699C65: client=unknown[172.20.0.1]
May 29 10:19:16 email-threat-docker postfix/cleanup[241]: 224A699C65: prepend: header Subject: Undelivered Mail Notification from unknown[172.20.0.1]; from=<admin@company.com> to=<recipient@email-threat-docker.local> proto=ESMTP helo=<[192.168.48.1]>: [Subject: ]
May 29 10:19:16 email-threat-docker postfix/cleanup[241]: 224A699C65: message-id=<>
May 29 10:19:16 email-threat-docker postfix/qmgr[100]: 224A699C65: from=<admin@company.com>, size=888, nrcpt=1 (queue active)
May 29 10:19:16 email-threat-docker postfix/smtpd[237]: disconnect from unknown[172.20.0.1] ehlo=1 mail=1 rcpt=1 data=1 quit=1 commands=5
May 29 10:19:16 email-threat-docker postfix/smtp[242]: 224A699C65: to=<recipient@email-threat-docker.local>, relay=scanner[172.20.0.3]:10025, delay=0.03, delays=0.01/0/0.01/0.02, dsn=2.0.0, status=sent (250 Message quarantined)
May 29 10:19:16 email-threat-docker postfix/qmgr[100]: 224A699C65: removed
May 29 15:19:08 email-threat-docker postfix/postfix-script[64]: warning: group or other writable: /etc/postfix/./main.cf
May 29 15:19:08 email-threat-docker postfix/postfix-script[65]: warning: group or other writable: /etc/postfix/./master.cf
May 29 15:19:08 email-threat-docker postfix/postfix-script[66]: warning: group or other writable: /etc/postfix/./transport
May 29 15:19:09 email-threat-docker postfix/postfix-script[89]: starting the Postfix mail system
May 29 15:19:09 email-threat-docker postfix/master[1]: daemon started -- version 3.6.4, configuration /etc/postfix
May 29 15:41:34 email-threat-docker postfix/master[1]: terminating on signal 15
May 29 15:41:37 email-threat-docker postfix/postfix-script[64]: warning: group or other writable: /etc/postfix/./main.cf
May 29 15:41:37 email-threat-docker postfix/postfix-script[65]: warning: group or other writable: /etc/postfix/./master.cf
May 29 15:41:37 email-threat-docker postfix/postfix-script[66]: warning: group or other writable: /etc/postfix/./transport
May 29 15:41:37 email-threat-docker postfix/postfix-script[89]: starting the Postfix mail system
May 29 15:41:37 email-threat-docker postfix/master[1]: daemon started -- version 3.6.4, configuration /etc/postfix
May 29 15:41:58 email-threat-docker postfix/master[1]: terminating on signal 15
May 29 15:42:39 email-threat-docker postfix/postfix-script[72]: warning: group or other writable: /etc/postfix/./main.cf
May 29 15:42:39 email-threat-docker postfix/postfix-script[73]: warning: group or other writable: /etc/postfix/./master.cf
May 29 15:42:39 email-threat-docker postfix/postfix-script[74]: warning: group or other writable: /etc/postfix/./transport
May 29 15:42:39 email-threat-docker postfix/postfix-script[97]: starting the Postfix mail system
May 29 15:42:39 email-threat-docker postfix/master[1]: daemon started -- version 3.6.4, configuration /etc/postfix
May 29 15:46:43 email-threat-docker postfix/smtpd[407]: warning: dict_nis_init: NIS domain name not set - NIS lookups disabled
May 29 15:46:43 email-threat-docker postfix/smtpd[407]: connect from unknown[172.20.0.1]
May 29 15:46:44 email-threat-docker postfix/smtpd[407]: 4C1EA99C4A: client=unknown[172.20.0.1]
May 29 15:46:44 email-threat-docker postfix/cleanup[411]: 4C1EA99C4A: prepend: header Subject: Upcoming Holiday Schedule from unknown[172.20.0.1]; from=<hr@company.com> to=<recipient@email-threat-docker.local> proto=ESMTP helo=<[192.168.48.1]>: [Subject: ]
May 29 15:46:44 email-threat-docker postfix/cleanup[411]: 4C1EA99C4A: message-id=<>
May 29 15:46:44 email-threat-docker postfix/qmgr[99]: 4C1EA99C4A: from=<hr@company.com>, size=614, nrcpt=1 (queue active)
May 29 15:46:44 email-threat-docker postfix/smtpd[407]: disconnect from unknown[172.20.0.1] ehlo=1 mail=1 rcpt=1 data=1 quit=1 commands=5
May 29 15:46:44 email-threat-docker postfix/smtpd[413]: warning: dict_nis_init: NIS domain name not set - NIS lookups disabled
May 29 15:46:44 email-threat-docker postfix/smtpd[413]: connect from scanner.holbertonshcool-cybersecurity-final-proyect_threat-net[172.20.0.3]
May 29 15:46:44 email-threat-docker postfix/smtpd[413]: 5F23199C52: client=scanner.holbertonshcool-cybersecurity-final-proyect_threat-net[172.20.0.3]
May 29 15:46:44 email-threat-docker postfix/cleanup[411]: 5F23199C52: message-id=<>
May 29 15:46:44 email-threat-docker postfix/qmgr[99]: 5F23199C52: from=<hr@company.com>, size=870, nrcpt=1 (queue active)
May 29 15:46:44 email-threat-docker postfix/smtpd[413]: disconnect from scanner.holbertonshcool-cybersecurity-final-proyect_threat-net[172.20.0.3] ehlo=1 mail=1 rcpt=1 data=1 quit=1 commands=5
May 29 15:46:44 email-threat-docker postfix/smtp[412]: 4C1EA99C4A: to=<recipient@email-threat-docker.local>, relay=scanner[172.20.0.3]:10025, delay=0.11, delays=0.03/0.01/0.01/0.06, dsn=2.0.0, status=sent (250 Message delivered)
May 29 15:46:44 email-threat-docker postfix/qmgr[99]: 4C1EA99C4A: removed
May 29 15:46:44 email-threat-docker postfix/local[414]: warning: dict_nis_init: NIS domain name not set - NIS lookups disabled
May 29 15:46:44 email-threat-docker postfix/smtpd[407]: connect from unknown[172.20.0.1]
May 29 15:46:45 email-threat-docker postfix/smtpd[407]: 48A6F99C56: client=unknown[172.20.0.1]
May 29 15:46:45 email-threat-docker postfix/cleanup[411]: 48A6F99C56: prepend: header Subject: Project Kickoff Meeting from unknown[172.20.0.1]; from=<notifications@company.com> to=<recipient@email-threat-docker.local> proto=ESMTP helo=<[192.168.48.1]>: [Subject: ]
May 29 15:46:45 email-threat-docker postfix/cleanup[411]: 48A6F99C56: message-id=<>
May 29 15:46:45 email-threat-docker postfix/qmgr[99]: 48A6F99C56: from=<notifications@company.com>, size=639, nrcpt=1 (queue active)
May 29 15:46:45 email-threat-docker postfix/smtpd[407]: disconnect from unknown[172.20.0.1] ehlo=1 mail=1 rcpt=1 data=1 quit=1 commands=5
May 29 15:46:45 email-threat-docker postfix/smtpd[413]: connect from scanner.holbertonshcool-cybersecurity-final-proyect_threat-net[172.20.0.3]
May 29 15:46:45 email-threat-docker postfix/smtpd[413]: 4F77799C57: client=scanner.holbertonshcool-cybersecurity-final-proyect_threat-net[172.20.0.3]
May 29 15:46:45 email-threat-docker postfix/cleanup[411]: 4F77799C57: message-id=<>
May 29 15:46:45 email-threat-docker postfix/qmgr[99]: 4F77799C57: from=<notifications@company.com>, size=895, nrcpt=1 (queue active)
May 29 15:46:45 email-threat-docker postfix/smtpd[413]: disconnect from scanner.holbertonshcool-cybersecurity-final-proyect_threat-net[172.20.0.3] ehlo=1 mail=1 rcpt=1 data=1 quit=1 commands=5
May 29 15:46:45 email-threat-docker postfix/smtp[412]: 48A6F99C56: to=<recipient@email-threat-docker.local>, relay=scanner[172.20.0.3]:10025, delay=0.04, delays=0.01/0/0.01/0.02, dsn=2.0.0, status=sent (250 Message delivered)
May 29 15:46:45 email-threat-docker postfix/qmgr[99]: 48A6F99C56: removed
May 29 15:46:45 email-threat-docker postfix/local[416]: warning: dict_nis_init: NIS domain name not set - NIS lookups disabled
May 29 15:46:45 email-threat-docker postfix/local[414]: 5F23199C52: to=<recipient@email-threat-docker.local>, relay=local, delay=1, delays=0.01/0.01/0/1, dsn=2.0.0, status=sent (delivered to command: /usr/bin/procmail)
May 29 15:46:45 email-threat-docker postfix/qmgr[99]: 5F23199C52: removed
May 29 15:46:45 email-threat-docker postfix/smtpd[407]: connect from unknown[172.20.0.1]
May 29 15:46:46 email-threat-docker postfix/smtpd[407]: 4638899C52: client=unknown[172.20.0.1]
May 29 15:46:46 email-threat-docker postfix/cleanup[411]: 4638899C52: prepend: header Subject: Scheduled Maintenance Tonight from unknown[172.20.0.1]; from=<admin@company.com> to=<recipient@email-threat-docker.local> proto=ESMTP helo=<[192.168.48.1]>: [Subject: ]
May 29 15:46:46 email-threat-docker postfix/cleanup[411]: 4638899C52: message-id=<>
May 29 15:46:46 email-threat-docker postfix/qmgr[99]: 4638899C52: from=<admin@company.com>, size=632, nrcpt=1 (queue active)
May 29 15:46:46 email-threat-docker postfix/smtpd[407]: disconnect from unknown[172.20.0.1] ehlo=1 mail=1 rcpt=1 data=1 quit=1 commands=5
May 29 15:46:46 email-threat-docker postfix/smtpd[413]: connect from scanner.holbertonshcool-cybersecurity-final-proyect_threat-net[172.20.0.3]
May 29 15:46:46 email-threat-docker postfix/smtpd[413]: 4DE9E99C55: client=scanner.holbertonshcool-cybersecurity-final-proyect_threat-net[172.20.0.3]
May 29 15:46:46 email-threat-docker postfix/cleanup[411]: 4DE9E99C55: message-id=<>
May 29 15:46:46 email-threat-docker postfix/qmgr[99]: 4DE9E99C55: from=<admin@company.com>, size=888, nrcpt=1 (queue active)
May 29 15:46:46 email-threat-docker postfix/smtpd[413]: disconnect from scanner.holbertonshcool-cybersecurity-final-proyect_threat-net[172.20.0.3] ehlo=1 mail=1 rcpt=1 data=1 quit=1 commands=5
May 29 15:46:46 email-threat-docker postfix/smtp[412]: 4638899C52: to=<recipient@email-threat-docker.local>, relay=scanner[172.20.0.3]:10025, delay=0.05, delays=0.01/0/0.01/0.03, dsn=2.0.0, status=sent (250 Message delivered)
May 29 15:46:46 email-threat-docker postfix/qmgr[99]: 4638899C52: removed
May 29 15:46:46 email-threat-docker postfix/local[414]: 4DE9E99C55: to=<recipient@email-threat-docker.local>, relay=local, delay=0.02, delays=0.01/0/0/0.01, dsn=2.0.0, status=sent (delivered to command: /usr/bin/procmail)
May 29 15:46:46 email-threat-docker postfix/qmgr[99]: 4DE9E99C55: removed
May 29 15:46:46 email-threat-docker postfix/smtpd[407]: connect from unknown[172.20.0.1]
May 29 15:46:47 email-threat-docker postfix/smtpd[407]: 42AB199C52: client=unknown[172.20.0.1]
May 29 15:46:47 email-threat-docker postfix/cleanup[411]: 42AB199C52: prepend: header Subject: Your Subscription Renewal Confirmation from unknown[172.20.0.1]; from=<devteam@company.com> to=<recipient@email-threat-docker.local> proto=ESMTP helo=<[192.168.48.1]>: [Subject: ]
May 29 15:46:47 email-threat-docker postfix/cleanup[411]: 42AB199C52: message-id=<>
May 29 15:46:47 email-threat-docker postfix/qmgr[99]: 42AB199C52: from=<devteam@company.com>, size=599, nrcpt=1 (queue active)
May 29 15:46:47 email-threat-docker postfix/smtpd[407]: disconnect from unknown[172.20.0.1] ehlo=1 mail=1 rcpt=1 data=1 quit=1 commands=5
May 29 15:46:47 email-threat-docker postfix/smtpd[413]: connect from scanner.holbertonshcool-cybersecurity-final-proyect_threat-net[172.20.0.3]
May 29 15:46:47 email-threat-docker postfix/smtpd[413]: 4A10B99C55: client=scanner.holbertonshcool-cybersecurity-final-proyect_threat-net[172.20.0.3]
May 29 15:46:47 email-threat-docker postfix/cleanup[411]: 4A10B99C55: message-id=<>
May 29 15:46:47 email-threat-docker postfix/qmgr[99]: 4A10B99C55: from=<devteam@company.com>, size=855, nrcpt=1 (queue active)
May 29 15:46:47 email-threat-docker postfix/smtpd[413]: disconnect from scanner.holbertonshcool-cybersecurity-final-proyect_threat-net[172.20.0.3] ehlo=1 mail=1 rcpt=1 data=1 quit=1 commands=5
May 29 15:46:47 email-threat-docker postfix/smtp[412]: 42AB199C52: to=<recipient@email-threat-docker.local>, relay=scanner[172.20.0.3]:10025, delay=0.04, delays=0.01/0/0.01/0.03, dsn=2.0.0, status=sent (250 Message delivered)
May 29 15:46:47 email-threat-docker postfix/qmgr[99]: 42AB199C52: removed
May 29 15:46:47 email-threat-docker postfix/local[414]: 4A10B99C55: to=<recipient@email-threat-docker.local>, relay=local, delay=0.01, delays=0.01/0/0/0.01, dsn=2.0.0, status=sent (delivered to command: /usr/bin/procmail)
May 29 15:46:47 email-threat-docker postfix/qmgr[99]: 4A10B99C55: removed
May 29 15:46:47 email-threat-docker postfix/smtpd[407]: connect from unknown[172.20.0.1]
May 29 15:46:48 email-threat-docker postfix/smtpd[407]: 3F9BC99C52: client=unknown[172.20.0.1]
May 29 15:46:48 email-threat-docker postfix/cleanup[411]: 3F9BC99C52: prepend: header Subject: Join Us for the Charity Run! from unknown[172.20.0.1]; from=<security@onlinebank.com> to=<recipient@email-threat-docker.local> proto=ESMTP helo=<[192.168.48.1]>: [Subject: ]
May 29 15:46:48 email-threat-docker postfix/cleanup[411]: 3F9BC99C52: message-id=<>
May 29 15:46:48 email-threat-docker postfix/qmgr[99]: 3F9BC99C52: from=<security@onlinebank.com>, size=646, nrcpt=1 (queue active)
May 29 15:46:48 email-threat-docker postfix/smtpd[407]: disconnect from unknown[172.20.0.1] ehlo=1 mail=1 rcpt=1 data=1 quit=1 commands=5
May 29 15:46:48 email-threat-docker postfix/smtpd[413]: connect from scanner.holbertonshcool-cybersecurity-final-proyect_threat-net[172.20.0.3]
May 29 15:46:48 email-threat-docker postfix/smtpd[413]: 4723799C55: client=scanner.holbertonshcool-cybersecurity-final-proyect_threat-net[172.20.0.3]
May 29 15:46:48 email-threat-docker postfix/cleanup[411]: 4723799C55: message-id=<>
May 29 15:46:48 email-threat-docker postfix/qmgr[99]: 4723799C55: from=<security@onlinebank.com>, size=902, nrcpt=1 (queue active)
May 29 15:46:48 email-threat-docker postfix/smtpd[413]: disconnect from scanner.holbertonshcool-cybersecurity-final-proyect_threat-net[172.20.0.3] ehlo=1 mail=1 rcpt=1 data=1 quit=1 commands=5
May 29 15:46:48 email-threat-docker postfix/smtp[412]: 3F9BC99C52: to=<recipient@email-threat-docker.local>, relay=scanner[172.20.0.3]:10025, delay=0.04, delays=0.01/0/0.01/0.03, dsn=2.0.0, status=sent (250 Message delivered)
May 29 15:46:48 email-threat-docker postfix/qmgr[99]: 3F9BC99C52: removed
May 29 15:46:48 email-threat-docker postfix/local[414]: 4723799C55: to=<recipient@email-threat-docker.local>, relay=local, delay=0.02, delays=0.01/0/0/0.01, dsn=2.0.0, status=sent (delivered to command: /usr/bin/procmail)
May 29 15:46:48 email-threat-docker postfix/qmgr[99]: 4723799C55: removed
May 29 15:46:48 email-threat-docker postfix/smtpd[407]: connect from unknown[172.20.0.1]
May 29 15:46:49 email-threat-docker postfix/smtpd[407]: 3C49A99C52: client=unknown[172.20.0.1]
May 29 15:46:49 email-threat-docker postfix/cleanup[411]: 3C49A99C52: prepend: header Subject: Password Change Successful from unknown[172.20.0.1]; from=<security@bigcorp.com> to=<recipient@email-threat-docker.local> proto=ESMTP helo=<[192.168.48.1]>: [Subject: ]
May 29 15:46:49 email-threat-docker postfix/cleanup[411]: 3C49A99C52: message-id=<>
May 29 15:46:49 email-threat-docker postfix/qmgr[99]: 3C49A99C52: from=<security@bigcorp.com>, size=631, nrcpt=1 (queue active)
May 29 15:46:49 email-threat-docker postfix/smtpd[407]: disconnect from unknown[172.20.0.1] ehlo=1 mail=1 rcpt=1 data=1 quit=1 commands=5
May 29 15:46:49 email-threat-docker postfix/smtpd[413]: connect from scanner.holbertonshcool-cybersecurity-final-proyect_threat-net[172.20.0.3]
May 29 15:46:49 email-threat-docker postfix/smtpd[413]: 45BD999C55: client=scanner.holbertonshcool-cybersecurity-final-proyect_threat-net[172.20.0.3]
May 29 15:46:49 email-threat-docker postfix/cleanup[411]: 45BD999C55: message-id=<>
May 29 15:46:49 email-threat-docker postfix/smtpd[413]: disconnect from scanner.holbertonshcool-cybersecurity-final-proyect_threat-net[172.20.0.3] ehlo=1 mail=1 rcpt=1 data=1 quit=1 commands=5
May 29 15:46:49 email-threat-docker postfix/qmgr[99]: 45BD999C55: from=<security@bigcorp.com>, size=887, nrcpt=1 (queue active)
May 29 15:46:49 email-threat-docker postfix/smtp[412]: 3C49A99C52: to=<recipient@email-threat-docker.local>, relay=scanner[172.20.0.3]:10025, delay=0.06, delays=0.01/0/0.01/0.04, dsn=2.0.0, status=sent (250 Message delivered)
May 29 15:46:49 email-threat-docker postfix/qmgr[99]: 3C49A99C52: removed
May 29 15:46:49 email-threat-docker postfix/local[414]: 45BD999C55: to=<recipient@email-threat-docker.local>, relay=local, delay=0.02, delays=0.01/0/0/0.01, dsn=2.0.0, status=sent (delivered to command: /usr/bin/procmail)
May 29 15:46:49 email-threat-docker postfix/qmgr[99]: 45BD999C55: removed
May 29 15:46:49 email-threat-docker postfix/smtpd[407]: connect from unknown[172.20.0.1]
May 29 15:46:50 email-threat-docker postfix/smtpd[407]: 3AF3B99C44: client=unknown[172.20.0.1]
May 29 15:46:50 email-threat-docker postfix/cleanup[411]: 3AF3B99C44: prepend: header Subject: Feature X Deployment from unknown[172.20.0.1]; from=<teamlead@company.com> to=<recipient@email-threat-docker.local> proto=ESMTP helo=<[192.168.48.1]>: [Subject: ]
May 29 15:46:50 email-threat-docker postfix/cleanup[411]: 3AF3B99C44: message-id=<>
May 29 15:46:50 email-threat-docker postfix/qmgr[99]: 3AF3B99C44: from=<teamlead@company.com>, size=619, nrcpt=1 (queue active)
May 29 15:46:50 email-threat-docker postfix/smtpd[407]: disconnect from unknown[172.20.0.1] ehlo=1 mail=1 rcpt=1 data=1 quit=1 commands=5
May 29 15:46:50 email-threat-docker postfix/smtpd[413]: connect from scanner.holbertonshcool-cybersecurity-final-proyect_threat-net[172.20.0.3]
May 29 15:46:50 email-threat-docker postfix/smtpd[413]: 4273B99C55: client=scanner.holbertonshcool-cybersecurity-final-proyect_threat-net[172.20.0.3]
May 29 15:46:50 email-threat-docker postfix/cleanup[411]: 4273B99C55: message-id=<>
May 29 15:46:50 email-threat-docker postfix/qmgr[99]: 4273B99C55: from=<teamlead@company.com>, size=875, nrcpt=1 (queue active)
May 29 15:46:50 email-threat-docker postfix/smtpd[413]: disconnect from scanner.holbertonshcool-cybersecurity-final-proyect_threat-net[172.20.0.3] ehlo=1 mail=1 rcpt=1 data=1 quit=1 commands=5
May 29 15:46:50 email-threat-docker postfix/smtp[412]: 3AF3B99C44: to=<recipient@email-threat-docker.local>, relay=scanner[172.20.0.3]:10025, delay=0.05, delays=0.01/0/0.01/0.03, dsn=2.0.0, status=sent (250 Message delivered)
May 29 15:46:50 email-threat-docker postfix/qmgr[99]: 3AF3B99C44: removed
May 29 15:46:50 email-threat-docker postfix/local[414]: 4273B99C55: to=<recipient@email-threat-docker.local>, relay=local, delay=0.02, delays=0.01/0/0/0.01, dsn=2.0.0, status=sent (delivered to command: /usr/bin/procmail)
May 29 15:46:50 email-threat-docker postfix/qmgr[99]: 4273B99C55: removed
May 29 15:46:50 email-threat-docker postfix/smtpd[407]: connect from unknown[172.20.0.1]
May 29 15:46:51 email-threat-docker postfix/smtpd[407]: 37C1399C44: client=unknown[172.20.0.1]
May 29 15:46:51 email-threat-docker postfix/cleanup[411]: 37C1399C44: prepend: header Subject: Town Hall Meeting Next Week from unknown[172.20.0.1]; from=<communications@company.com> to=<recipient@email-threat-docker.local> proto=ESMTP helo=<[192.168.48.1]>: [Subject: ]
May 29 15:46:51 email-threat-docker postfix/cleanup[411]: 37C1399C44: message-id=<>
May 29 15:46:51 email-threat-docker postfix/qmgr[99]: 37C1399C44: from=<communications@company.com>, size=646, nrcpt=1 (queue active)
May 29 15:46:51 email-threat-docker postfix/smtpd[407]: disconnect from unknown[172.20.0.1] ehlo=1 mail=1 rcpt=1 data=1 quit=1 commands=5
May 29 15:46:51 email-threat-docker postfix/smtpd[413]: connect from scanner.holbertonshcool-cybersecurity-final-proyect_threat-net[172.20.0.3]
May 29 15:46:51 email-threat-docker postfix/smtpd[413]: 4236499C55: client=scanner.holbertonshcool-cybersecurity-final-proyect_threat-net[172.20.0.3]
May 29 15:46:51 email-threat-docker postfix/cleanup[411]: 4236499C55: message-id=<>
May 29 15:46:51 email-threat-docker postfix/qmgr[99]: 4236499C55: from=<communications@company.com>, size=902, nrcpt=1 (queue active)
May 29 15:46:51 email-threat-docker postfix/smtpd[413]: disconnect from scanner.holbertonshcool-cybersecurity-final-proyect_threat-net[172.20.0.3] ehlo=1 mail=1 rcpt=1 data=1 quit=1 commands=5
May 29 15:46:51 email-threat-docker postfix/smtp[412]: 37C1399C44: to=<recipient@email-threat-docker.local>, relay=scanner[172.20.0.3]:10025, delay=0.06, delays=0.02/0/0.01/0.02, dsn=2.0.0, status=sent (250 Message delivered)
May 29 15:46:51 email-threat-docker postfix/qmgr[99]: 37C1399C44: removed
May 29 15:46:51 email-threat-docker postfix/local[414]: 4236499C55: to=<recipient@email-threat-docker.local>, relay=local, delay=0.01, delays=0.01/0/0/0.01, dsn=2.0.0, status=sent (delivered to command: /usr/bin/procmail)
May 29 15:46:51 email-threat-docker postfix/qmgr[99]: 4236499C55: removed
May 29 15:46:51 email-threat-docker postfix/smtpd[407]: connect from unknown[172.20.0.1]
May 29 15:46:52 email-threat-docker postfix/smtpd[407]: 3884699C44: client=unknown[172.20.0.1]
May 29 15:46:52 email-threat-docker postfix/cleanup[411]: 3884699C44: prepend: header Subject: Team Lunch from unknown[172.20.0.1]; from=<alerts@service.com> to=<recipient@email-threat-docker.local> proto=ESMTP helo=<[192.168.48.1]>: [Subject: ]
May 29 15:46:52 email-threat-docker postfix/cleanup[411]: 3884699C44: message-id=<>
May 29 15:46:52 email-threat-docker postfix/qmgr[99]: 3884699C44: from=<alerts@service.com>, size=432, nrcpt=1 (queue active)
May 29 15:46:52 email-threat-docker postfix/smtpd[407]: disconnect from unknown[172.20.0.1] ehlo=1 mail=1 rcpt=1 data=1 quit=1 commands=5
May 29 15:46:52 email-threat-docker postfix/smtpd[413]: connect from scanner.holbertonshcool-cybersecurity-final-proyect_threat-net[172.20.0.3]
May 29 15:46:52 email-threat-docker postfix/smtpd[413]: 3FA7999C55: client=scanner.holbertonshcool-cybersecurity-final-proyect_threat-net[172.20.0.3]
May 29 15:46:52 email-threat-docker postfix/cleanup[411]: 3FA7999C55: message-id=<>
May 29 15:46:52 email-threat-docker postfix/qmgr[99]: 3FA7999C55: from=<alerts@service.com>, size=688, nrcpt=1 (queue active)
May 29 15:46:52 email-threat-docker postfix/smtpd[413]: disconnect from scanner.holbertonshcool-cybersecurity-final-proyect_threat-net[172.20.0.3] ehlo=1 mail=1 rcpt=1 data=1 quit=1 commands=5
May 29 15:46:52 email-threat-docker postfix/smtp[412]: 3884699C44: to=<recipient@email-threat-docker.local>, relay=scanner[172.20.0.3]:10025, delay=0.04, delays=0.01/0/0.01/0.02, dsn=2.0.0, status=sent (250 Message delivered)
May 29 15:46:52 email-threat-docker postfix/qmgr[99]: 3884699C44: removed
May 29 15:46:52 email-threat-docker postfix/local[414]: 3FA7999C55: to=<recipient@email-threat-docker.local>, relay=local, delay=0.02, delays=0.01/0/0/0.01, dsn=2.0.0, status=sent (delivered to command: /usr/bin/procmail)
May 29 15:46:52 email-threat-docker postfix/qmgr[99]: 3FA7999C55: removed
May 29 15:46:52 email-threat-docker postfix/smtpd[407]: connect from unknown[172.20.0.1]
May 29 15:46:53 email-threat-docker postfix/smtpd[407]: 38A8E99C44: client=unknown[172.20.0.1]
May 29 15:46:53 email-threat-docker postfix/cleanup[411]: 38A8E99C44: prepend: header Subject: Project Update from unknown[172.20.0.1]; from=<billing@legit-company.com> to=<recipient@email-threat-docker.local> proto=ESMTP helo=<[192.168.48.1]>: [Subject: ]
May 29 15:46:53 email-threat-docker postfix/cleanup[411]: 38A8E99C44: message-id=<>
May 29 15:46:53 email-threat-docker postfix/qmgr[99]: 38A8E99C44: from=<billing@legit-company.com>, size=844, nrcpt=1 (queue active)
May 29 15:46:53 email-threat-docker postfix/smtpd[407]: disconnect from unknown[172.20.0.1] ehlo=1 mail=1 rcpt=1 data=1 quit=1 commands=5
May 29 15:46:53 email-threat-docker postfix/smtpd[413]: connect from scanner.holbertonshcool-cybersecurity-final-proyect_threat-net[172.20.0.3]
May 29 15:46:53 email-threat-docker postfix/smtpd[413]: 41A8399C55: client=scanner.holbertonshcool-cybersecurity-final-proyect_threat-net[172.20.0.3]
May 29 15:46:53 email-threat-docker postfix/cleanup[411]: 41A8399C55: message-id=<>
May 29 15:46:53 email-threat-docker postfix/qmgr[99]: 41A8399C55: from=<billing@legit-company.com>, size=1100, nrcpt=1 (queue active)
May 29 15:46:53 email-threat-docker postfix/smtpd[413]: disconnect from scanner.holbertonshcool-cybersecurity-final-proyect_threat-net[172.20.0.3] ehlo=1 mail=1 rcpt=1 data=1 quit=1 commands=5
May 29 15:46:53 email-threat-docker postfix/smtp[412]: 38A8E99C44: to=<recipient@email-threat-docker.local>, relay=scanner[172.20.0.3]:10025, delay=0.05, delays=0.01/0/0.01/0.03, dsn=2.0.0, status=sent (250 Message delivered)
May 29 15:46:53 email-threat-docker postfix/qmgr[99]: 38A8E99C44: removed
May 29 15:46:53 email-threat-docker postfix/local[414]: 41A8399C55: to=<recipient@email-threat-docker.local>, relay=local, delay=0.02, delays=0.01/0/0/0.01, dsn=2.0.0, status=sent (delivered to command: /usr/bin/procmail)
May 29 15:46:53 email-threat-docker postfix/qmgr[99]: 41A8399C55: removed
May 29 15:46:53 email-threat-docker postfix/local[416]: 4F77799C57: to=<recipient@email-threat-docker.local>, relay=local, delay=8, delays=0.01/0.01/0/8, dsn=2.0.0, status=sent (delivered to command: /usr/bin/procmail)
May 29 15:46:53 email-threat-docker postfix/qmgr[99]: 4F77799C57: removed
May 29 15:46:53 email-threat-docker postfix/smtpd[407]: connect from unknown[172.20.0.1]
May 29 15:46:54 email-threat-docker postfix/smtpd[407]: 341E499C44: client=unknown[172.20.0.1]
May 29 15:46:54 email-threat-docker postfix/cleanup[411]: 341E499C44: prepend: header Subject: Meeting Reminder from unknown[172.20.0.1]; from=<support@service.com> to=<recipient@email-threat-docker.local> proto=ESMTP helo=<[192.168.48.1]>: [Subject: ]
May 29 15:46:54 email-threat-docker postfix/cleanup[411]: 341E499C44: message-id=<>
May 29 15:46:54 email-threat-docker postfix/qmgr[99]: 341E499C44: from=<support@service.com>, size=439, nrcpt=1 (queue active)
May 29 15:46:54 email-threat-docker postfix/smtpd[407]: disconnect from unknown[172.20.0.1] ehlo=1 mail=1 rcpt=1 data=1 quit=1 commands=5
May 29 15:46:54 email-threat-docker postfix/smtpd[413]: connect from scanner.holbertonshcool-cybersecurity-final-proyect_threat-net[172.20.0.3]
May 29 15:46:54 email-threat-docker postfix/smtpd[413]: 3BA4399C55: client=scanner.holbertonshcool-cybersecurity-final-proyect_threat-net[172.20.0.3]
May 29 15:46:54 email-threat-docker postfix/cleanup[411]: 3BA4399C55: message-id=<>
May 29 15:46:54 email-threat-docker postfix/qmgr[99]: 3BA4399C55: from=<support@service.com>, size=695, nrcpt=1 (queue active)
May 29 15:46:54 email-threat-docker postfix/smtpd[413]: disconnect from scanner.holbertonshcool-cybersecurity-final-proyect_threat-net[172.20.0.3] ehlo=1 mail=1 rcpt=1 data=1 quit=1 commands=5
May 29 15:46:54 email-threat-docker postfix/smtp[412]: 341E499C44: to=<recipient@email-threat-docker.local>, relay=scanner[172.20.0.3]:10025, delay=0.05, delays=0.01/0/0.01/0.03, dsn=2.0.0, status=sent (250 Message delivered)
May 29 15:46:54 email-threat-docker postfix/qmgr[99]: 341E499C44: removed
May 29 15:46:54 email-threat-docker postfix/local[414]: 3BA4399C55: to=<recipient@email-threat-docker.local>, relay=local, delay=0.02, delays=0.01/0/0/0.01, dsn=2.0.0, status=sent (delivered to command: /usr/bin/procmail)
May 29 15:46:54 email-threat-docker postfix/qmgr[99]: 3BA4399C55: removed
May 29 15:46:54 email-threat-docker postfix/smtpd[407]: connect from unknown[172.20.0.1]
May 29 15:46:55 email-threat-docker postfix/smtpd[407]: 30BA299C44: client=unknown[172.20.0.1]
May 29 15:46:55 email-threat-docker postfix/cleanup[411]: 30BA299C44: prepend: header Subject: Network Maintenance from unknown[172.20.0.1]; from=<security@service.com> to=<recipient@email-threat-docker.local> proto=ESMTP helo=<[192.168.48.1]>: [Subject: ]
May 29 15:46:55 email-threat-docker postfix/cleanup[411]: 30BA299C44: message-id=<>
May 29 15:46:55 email-threat-docker postfix/qmgr[99]: 30BA299C44: from=<security@service.com>, size=449, nrcpt=1 (queue active)
May 29 15:46:55 email-threat-docker postfix/smtpd[407]: disconnect from unknown[172.20.0.1] ehlo=1 mail=1 rcpt=1 data=1 quit=1 commands=5
May 29 15:46:55 email-threat-docker postfix/smtpd[413]: connect from scanner.holbertonshcool-cybersecurity-final-proyect_threat-net[172.20.0.3]
May 29 15:46:55 email-threat-docker postfix/smtpd[413]: 3786999C55: client=scanner.holbertonshcool-cybersecurity-final-proyect_threat-net[172.20.0.3]
May 29 15:46:55 email-threat-docker postfix/cleanup[411]: 3786999C55: message-id=<>
May 29 15:46:55 email-threat-docker postfix/qmgr[99]: 3786999C55: from=<security@service.com>, size=705, nrcpt=1 (queue active)
May 29 15:46:55 email-threat-docker postfix/smtpd[413]: disconnect from scanner.holbertonshcool-cybersecurity-final-proyect_threat-net[172.20.0.3] ehlo=1 mail=1 rcpt=1 data=1 quit=1 commands=5
May 29 15:46:55 email-threat-docker postfix/smtp[412]: 30BA299C44: to=<recipient@email-threat-docker.local>, relay=scanner[172.20.0.3]:10025, delay=0.04, delays=0.01/0/0.01/0.02, dsn=2.0.0, status=sent (250 Message delivered)
May 29 15:46:55 email-threat-docker postfix/qmgr[99]: 30BA299C44: removed
May 29 15:46:55 email-threat-docker postfix/local[416]: 3786999C55: to=<recipient@email-threat-docker.local>, relay=local, delay=0.02, delays=0.01/0/0/0.01, dsn=2.0.0, status=sent (delivered to command: /usr/bin/procmail)
May 29 15:46:55 email-threat-docker postfix/qmgr[99]: 3786999C55: removed
May 29 15:46:55 email-threat-docker postfix/smtpd[407]: connect from unknown[172.20.0.1]
May 29 15:46:56 email-threat-docker postfix/smtpd[407]: 311CB99C44: client=unknown[172.20.0.1]
May 29 15:46:56 email-threat-docker postfix/cleanup[411]: 311CB99C44: prepend: header Subject: New Policy Document from unknown[172.20.0.1]; from=<support@apple.com> to=<recipient@email-threat-docker.local> proto=ESMTP helo=<[192.168.48.1]>: [Subject: ]
May 29 15:46:56 email-threat-docker postfix/cleanup[411]: 311CB99C44: message-id=<>
May 29 15:46:56 email-threat-docker postfix/qmgr[99]: 311CB99C44: from=<support@apple.com>, size=843, nrcpt=1 (queue active)
May 29 15:46:56 email-threat-docker postfix/smtpd[407]: disconnect from unknown[172.20.0.1] ehlo=1 mail=1 rcpt=1 data=1 quit=1 commands=5
May 29 15:46:56 email-threat-docker postfix/smtpd[413]: connect from scanner.holbertonshcool-cybersecurity-final-proyect_threat-net[172.20.0.3]
May 29 15:46:56 email-threat-docker postfix/smtpd[413]: 3913099C55: client=scanner.holbertonshcool-cybersecurity-final-proyect_threat-net[172.20.0.3]
May 29 15:46:56 email-threat-docker postfix/cleanup[411]: 3913099C55: message-id=<>
May 29 15:46:56 email-threat-docker postfix/qmgr[99]: 3913099C55: from=<support@apple.com>, size=1099, nrcpt=1 (queue active)
May 29 15:46:56 email-threat-docker postfix/smtpd[413]: disconnect from scanner.holbertonshcool-cybersecurity-final-proyect_threat-net[172.20.0.3] ehlo=1 mail=1 rcpt=1 data=1 quit=1 commands=5
May 29 15:46:56 email-threat-docker postfix/smtp[412]: 311CB99C44: to=<recipient@email-threat-docker.local>, relay=scanner[172.20.0.3]:10025, delay=0.05, delays=0.01/0/0.01/0.03, dsn=2.0.0, status=sent (250 Message delivered)
May 29 15:46:56 email-threat-docker postfix/qmgr[99]: 311CB99C44: removed
May 29 15:46:56 email-threat-docker postfix/local[414]: 3913099C55: to=<recipient@email-threat-docker.local>, relay=local, delay=0.02, delays=0.01/0/0/0.01, dsn=2.0.0, status=sent (delivered to command: /usr/bin/procmail)
May 29 15:46:56 email-threat-docker postfix/qmgr[99]: 3913099C55: removed
May 29 15:46:56 email-threat-docker postfix/smtpd[407]: connect from unknown[172.20.0.1]
May 29 15:46:57 email-threat-docker postfix/smtpd[407]: 3069A99C44: client=unknown[172.20.0.1]
May 29 15:46:57 email-threat-docker postfix/cleanup[411]: 3069A99C44: prepend: header Subject: Welcome New Hire from unknown[172.20.0.1]; from=<security@onlinebank.com> to=<recipient@email-threat-docker.local> proto=ESMTP helo=<[192.168.48.1]>: [Subject: ]
May 29 15:46:57 email-threat-docker postfix/cleanup[411]: 3069A99C44: message-id=<>
May 29 15:46:57 email-threat-docker postfix/qmgr[99]: 3069A99C44: from=<security@onlinebank.com>, size=447, nrcpt=1 (queue active)
May 29 15:46:57 email-threat-docker postfix/smtpd[407]: disconnect from unknown[172.20.0.1] ehlo=1 mail=1 rcpt=1 data=1 quit=1 commands=5
May 29 15:46:57 email-threat-docker postfix/smtpd[413]: connect from scanner.holbertonshcool-cybersecurity-final-proyect_threat-net[172.20.0.3]
May 29 15:46:57 email-threat-docker postfix/smtpd[413]: 3964899C55: client=scanner.holbertonshcool-cybersecurity-final-proyect_threat-net[172.20.0.3]
May 29 15:46:57 email-threat-docker postfix/cleanup[411]: 3964899C55: message-id=<>
May 29 15:46:57 email-threat-docker postfix/qmgr[99]: 3964899C55: from=<security@onlinebank.com>, size=703, nrcpt=1 (queue active)
May 29 15:46:57 email-threat-docker postfix/smtpd[413]: disconnect from scanner.holbertonshcool-cybersecurity-final-proyect_threat-net[172.20.0.3] ehlo=1 mail=1 rcpt=1 data=1 quit=1 commands=5
May 29 15:46:57 email-threat-docker postfix/smtp[412]: 3069A99C44: to=<recipient@email-threat-docker.local>, relay=scanner[172.20.0.3]:10025, delay=0.05, delays=0.02/0/0.01/0.03, dsn=2.0.0, status=sent (250 Message delivered)
May 29 15:46:57 email-threat-docker postfix/qmgr[99]: 3069A99C44: removed
May 29 15:46:57 email-threat-docker postfix/local[416]: 3964899C55: to=<recipient@email-threat-docker.local>, relay=local, delay=0.01, delays=0.01/0/0/0.01, dsn=2.0.0, status=sent (delivered to command: /usr/bin/procmail)
May 29 15:46:57 email-threat-docker postfix/qmgr[99]: 3964899C55: removed
May 29 15:46:57 email-threat-docker postfix/smtpd[407]: connect from unknown[172.20.0.1]
May 29 15:46:58 email-threat-docker postfix/smtpd[407]: 2DEAF99C44: client=unknown[172.20.0.1]
May 29 15:46:58 email-threat-docker postfix/cleanup[411]: 2DEAF99C44: prepend: header Subject: Office Closure from unknown[172.20.0.1]; from=<info@company.com> to=<recipient@email-threat-docker.local> proto=ESMTP helo=<[192.168.48.1]>: [Subject: ]
May 29 15:46:58 email-threat-docker postfix/cleanup[411]: 2DEAF99C44: message-id=<>
May 29 15:46:58 email-threat-docker postfix/qmgr[99]: 2DEAF99C44: from=<info@company.com>, size=439, nrcpt=1 (queue active)
May 29 15:46:58 email-threat-docker postfix/smtpd[407]: disconnect from unknown[172.20.0.1] ehlo=1 mail=1 rcpt=1 data=1 quit=1 commands=5
