May 29 15:55:40 email-threat-docker postfix/cleanup[231]: 5BC7499C8A: message-id=<>
May 29 15:55:40 email-threat-docker postfix/qmgr[99]: 5BC7499C8A: from=<security@onlinebank.com>, size=622, nrcpt=1 (queue active)
May 29 15:55:40 email-threat-docker postfix/smtpd[227]: disconnect from unknown[172.20.0.1] ehlo=1 mail=1 rcpt=1 data=1 quit=1 commands=5
May 29 15:55:40 email-threat-docker postfix/smtpd[233]: connect from scanner.holbertonshcool-cybersecurity-final-proyect_threat-net[172.20.0.3]
May 29 15:55:40 email-threat-docker postfix/smtpd[233]: 6200B99C8D: client=scanner.holbertonshcool-cybersecurity-final-proyect_threat-net[172.20.0.3]
May 29 15:55:40 email-threat-docker postfix/cleanup[231]: 6200B99C8D: message-id=<>
May 29 15:55:40 email-threat-docker postfix/qmgr[99]: 6200B99C8D: from=<security@onlinebank.com>, size=878, nrcpt=1 (queue active)
May 29 15:55:40 email-threat-docker postfix/smtpd[233]: disconnect from scanner.holbertonshcool-cybersecurity-final-proyect_threat-net[172.20.0.3] ehlo=1 mail=1 rcpt=1 data=1 quit=1 commands=5
May 29 15:55:40 email-threat-docker postfix/smtp[232]: 5BC7499C8A: to=<recipient@email-threat-docker.local>, relay=scanner[172.20.0.3]:10025, delay=0.04, delays=0.01/0/0.01/0.02, dsn=2.0.0, status=sent (250 Message delivered)
May 29 15:55:40 email-threat-docker postfix/qmgr[99]: 5BC7499C8A: removed
May 29 15:55:40 email-threat-docker postfix/local[234]: 6200B99C8D: to=<recipient@email-threat-docker.local>, relay=local, delay=0.01, delays=0.01/0/0/0.01, dsn=2.0.0, status=sent (delivered to command: /usr/bin/procmail)
May 29 15:55:40 email-threat-docker postfix/qmgr[99]: 6200B99C8D: removed
May 29 15:55:40 email-threat-docker postfix/smtpd[227]: connect from unknown[172.20.0.1]
May 29 15:55:41 email-threat-docker postfix/smtpd[227]: 575FC99C7A: client=unknown[172.20.0.1]
May 29 15:55:41 email-threat-docker postfix/cleanup[231]: 575FC99C7A: prepend: header Subject: Town Hall Meeting Next Week from unknown[172.20.0.1]; from=<security@bigcorp.com> to=<recipient@email-threat-docker.local> proto=ESMTP helo=<[192.168.48.1]>: [Subject: ]
May 29 15:55:41 email-threat-docker postfix/cleanup[231]: 575FC99C7A: message-id=<>
May 29 15:55:41 email-threat-docker postfix/qmgr[99]: 575FC99C7A: from=<security@bigcorp.com>, size=640, nrcpt=1 (queue active)
May 29 15:55:41 email-threat-docker postfix/smtpd[227]: disconnect from unknown[172.20.0.1] ehlo=1 mail=1 rcpt=1 data=1 quit=1 commands=5
May 29 15:55:41 email-threat-docker postfix/smtpd[233]: connect from scanner.holbertonshcool-cybersecurity-final-proyect_threat-net[172.20.0.3]
May 29 15:55:41 email-threat-docker postfix/smtpd[233]: 5E16499C8D: client=scanner.holbertonshcool-cybersecurity-final-proyect_threat-net[172.20.0.3]
May 29 15:55:41 email-threat-docker postfix/cleanup[231]: 5E16499C8D: message-id=<>
May 29 15:55:41 email-threat-docker postfix/qmgr[99]: 5E16499C8D: from=<security@bigcorp.com>, size=896, nrcpt=1 (queue active)
May 29 15:55:41 email-threat-docker postfix/smtpd[233]: disconnect from scanner.holbertonshcool-cybersecurity-final-proyect_threat-net[172.20.0.3] ehlo=1 mail=1 rcpt=1 data=1 quit=1 commands=5
May 29 15:55:41 email-threat-docker postfix/smtp[232]: 575FC99C7A: to=<recipient@email-threat-docker.local>, relay=scanner[172.20.0.3]:10025, delay=0.05, delays=0.01/0/0.01/0.03, dsn=2.0.0, status=sent (250 Message delivered)
May 29 15:55:41 email-threat-docker postfix/qmgr[99]: 575FC99C7A: removed
May 29 15:55:41 email-threat-docker postfix/local[234]: 5E16499C8D: to=<recipient@email-threat-docker.local>, relay=local, delay=0.02, delays=0.02/0/0/0.01, dsn=2.0.0, status=sent (delivered to command: /usr/bin/procmail)
May 29 15:55:41 email-threat-docker postfix/qmgr[99]: 5E16499C8D: removed
May 29 15:55:41 email-threat-docker postfix/smtpd[227]: connect from unknown[172.20.0.1]
May 29 15:55:42 email-threat-docker postfix/smtpd[227]: 5502499C7A: client=unknown[172.20.0.1]
May 29 15:55:42 email-threat-docker postfix/cleanup[231]: 5502499C7A: prepend: header Subject: Team Lunch from unknown[172.20.0.1]; from=<billing@legit-company.com> to=<recipient@email-threat-docker.local> proto=ESMTP helo=<[192.168.48.1]>: [Subject: ]
May 29 15:55:42 email-threat-docker postfix/cleanup[231]: 5502499C7A: message-id=<>
May 29 15:55:42 email-threat-docker postfix/qmgr[99]: 5502499C7A: from=<billing@legit-company.com>, size=439, nrcpt=1 (queue active)
May 29 15:55:42 email-threat-docker postfix/smtpd[227]: disconnect from unknown[172.20.0.1] ehlo=1 mail=1 rcpt=1 data=1 quit=1 commands=5
May 29 15:55:42 email-threat-docker postfix/smtpd[233]: connect from scanner.holbertonshcool-cybersecurity-final-proyect_threat-net[172.20.0.3]
May 29 15:55:42 email-threat-docker postfix/smtpd[233]: 5B78399C8D: client=scanner.holbertonshcool-cybersecurity-final-proyect_threat-net[172.20.0.3]
May 29 15:55:42 email-threat-docker postfix/cleanup[231]: 5B78399C8D: message-id=<>
May 29 15:55:42 email-threat-docker postfix/qmgr[99]: 5B78399C8D: from=<billing@legit-company.com>, size=695, nrcpt=1 (queue active)
May 29 15:55:42 email-threat-docker postfix/smtpd[233]: disconnect from scanner.holbertonshcool-cybersecurity-final-proyect_threat-net[172.20.0.3] ehlo=1 mail=1 rcpt=1 data=1 quit=1 commands=5
May 29 15:55:42 email-threat-docker postfix/smtp[232]: 5502499C7A: to=<recipient@email-threat-docker.local>, relay=scanner[172.20.0.3]:10025, delay=0.04, delays=0.01/0/0.01/0.02, dsn=2.0.0, status=sent (250 Message delivered)
May 29 15:55:42 email-threat-docker postfix/qmgr[99]: 5502499C7A: removed
May 29 15:55:42 email-threat-docker postfix/local[234]: 5B78399C8D: to=<recipient@email-threat-docker.local>, relay=local, delay=0.01, delays=0.01/0/0/0.01, dsn=2.0.0, status=sent (delivered to command: /usr/bin/procmail)
May 29 15:55:42 email-threat-docker postfix/qmgr[99]: 5B78399C8D: removed
May 29 15:55:42 email-threat-docker postfix/smtpd[227]: connect from unknown[172.20.0.1]
May 29 15:55:43 email-threat-docker postfix/smtpd[227]: 51B5E99C7A: client=unknown[172.20.0.1]
May 29 15:55:43 email-threat-docker postfix/cleanup[231]: 51B5E99C7A: prepend: header Subject: Project Update from unknown[172.20.0.1]; from=<notifications@company.com> to=<recipient@email-threat-docker.local> proto=ESMTP helo=<[192.168.48.1]>: [Subject: ]
May 29 15:55:43 email-threat-docker postfix/cleanup[231]: 51B5E99C7A: message-id=<>
May 29 15:55:43 email-threat-docker postfix/qmgr[99]: 51B5E99C7A: from=<notifications@company.com>, size=844, nrcpt=1 (queue active)
May 29 15:55:43 email-threat-docker postfix/smtpd[227]: disconnect from unknown[172.20.0.1] ehlo=1 mail=1 rcpt=1 data=1 quit=1 commands=5
May 29 15:55:43 email-threat-docker postfix/smtpd[233]: connect from scanner.holbertonshcool-cybersecurity-final-proyect_threat-net[172.20.0.3]
May 29 15:55:43 email-threat-docker postfix/smtpd[233]: 5978599C8D: client=scanner.holbertonshcool-cybersecurity-final-proyect_threat-net[172.20.0.3]
May 29 15:55:43 email-threat-docker postfix/cleanup[231]: 5978599C8D: message-id=<>
May 29 15:55:43 email-threat-docker postfix/qmgr[99]: 5978599C8D: from=<notifications@company.com>, size=1100, nrcpt=1 (queue active)
May 29 15:55:43 email-threat-docker postfix/smtpd[233]: disconnect from scanner.holbertonshcool-cybersecurity-final-proyect_threat-net[172.20.0.3] ehlo=1 mail=1 rcpt=1 data=1 quit=1 commands=5
May 29 15:55:43 email-threat-docker postfix/smtp[232]: 51B5E99C7A: to=<recipient@email-threat-docker.local>, relay=scanner[172.20.0.3]:10025, delay=0.05, delays=0.01/0/0.01/0.03, dsn=2.0.0, status=sent (250 Message delivered)
May 29 15:55:43 email-threat-docker postfix/qmgr[99]: 51B5E99C7A: removed
May 29 15:55:43 email-threat-docker postfix/local[234]: 5978599C8D: to=<recipient@email-threat-docker.local>, relay=local, delay=0.01, delays=0.01/0/0/0.01, dsn=2.0.0, status=sent (delivered to command: /usr/bin/procmail)
May 29 15:55:43 email-threat-docker postfix/qmgr[99]: 5978599C8D: removed
May 29 15:55:43 email-threat-docker postfix/local[236]: 75A7299C8F: to=<recipient@email-threat-docker.local>, relay=local, delay=8, delays=0.01/0.01/0/8, dsn=2.0.0, status=sent (delivered to command: /usr/bin/procmail)
May 29 15:55:43 email-threat-docker postfix/qmgr[99]: 75A7299C8F: removed
May 29 15:55:43 email-threat-docker postfix/smtpd[227]: connect from unknown[172.20.0.1]
May 29 15:55:44 email-threat-docker postfix/smtpd[227]: 4E0F999C7A: client=unknown[172.20.0.1]
May 29 15:55:44 email-threat-docker postfix/cleanup[231]: 4E0F999C7A: prepend: header Subject: Meeting Reminder from unknown[172.20.0.1]; from=<rewards@shopping.com> to=<recipient@email-threat-docker.local> proto=ESMTP helo=<[192.168.48.1]>: [Subject: ]
May 29 15:55:44 email-threat-docker postfix/cleanup[231]: 4E0F999C7A: message-id=<>
May 29 15:55:44 email-threat-docker postfix/qmgr[99]: 4E0F999C7A: from=<rewards@shopping.com>, size=440, nrcpt=1 (queue active)
May 29 15:55:44 email-threat-docker postfix/smtpd[227]: disconnect from unknown[172.20.0.1] ehlo=1 mail=1 rcpt=1 data=1 quit=1 commands=5
May 29 15:55:44 email-threat-docker postfix/smtpd[233]: connect from scanner.holbertonshcool-cybersecurity-final-proyect_threat-net[172.20.0.3]
May 29 15:55:44 email-threat-docker postfix/smtpd[233]: 558EB99C8D: client=scanner.holbertonshcool-cybersecurity-final-proyect_threat-net[172.20.0.3]
May 29 15:55:44 email-threat-docker postfix/cleanup[231]: 558EB99C8D: message-id=<>
May 29 15:55:44 email-threat-docker postfix/qmgr[99]: 558EB99C8D: from=<rewards@shopping.com>, size=696, nrcpt=1 (queue active)
May 29 15:55:44 email-threat-docker postfix/smtpd[233]: disconnect from scanner.holbertonshcool-cybersecurity-final-proyect_threat-net[172.20.0.3] ehlo=1 mail=1 rcpt=1 data=1 quit=1 commands=5
May 29 15:55:44 email-threat-docker postfix/smtp[232]: 4E0F999C7A: to=<recipient@email-threat-docker.local>, relay=scanner[172.20.0.3]:10025, delay=0.04, delays=0.01/0/0.01/0.03, dsn=2.0.0, status=sent (250 Message delivered)
May 29 15:55:44 email-threat-docker postfix/qmgr[99]: 4E0F999C7A: removed
May 29 15:55:44 email-threat-docker postfix/local[234]: 558EB99C8D: to=<recipient@email-threat-docker.local>, relay=local, delay=0.02, delays=0.01/0/0/0.01, dsn=2.0.0, status=sent (delivered to command: /usr/bin/procmail)
May 29 15:55:44 email-threat-docker postfix/qmgr[99]: 558EB99C8D: removed
May 29 15:55:44 email-threat-docker postfix/smtpd[227]: connect from unknown[172.20.0.1]
May 29 15:55:45 email-threat-docker postfix/smtpd[227]: 4B74B99C7A: client=unknown[172.20.0.1]
May 29 15:55:45 email-threat-docker postfix/cleanup[231]: 4B74B99C7A: prepend: header Subject: Network Maintenance from unknown[172.20.0.1]; from=<support@apple.com> to=<recipient@email-threat-docker.local> proto=ESMTP helo=<[192.168.48.1]>: [Subject: ]
May 29 15:55:45 email-threat-docker postfix/cleanup[231]: 4B74B99C7A: message-id=<>
May 29 15:55:45 email-threat-docker postfix/qmgr[99]: 4B74B99C7A: from=<support@apple.com>, size=446, nrcpt=1 (queue active)
May 29 15:55:45 email-threat-docker postfix/smtpd[227]: disconnect from unknown[172.20.0.1] ehlo=1 mail=1 rcpt=1 data=1 quit=1 commands=5
May 29 15:55:45 email-threat-docker postfix/smtpd[233]: connect from scanner.holbertonshcool-cybersecurity-final-proyect_threat-net[172.20.0.3]
May 29 15:55:45 email-threat-docker postfix/smtpd[233]: 5230999C8D: client=scanner.holbertonshcool-cybersecurity-final-proyect_threat-net[172.20.0.3]
May 29 15:55:45 email-threat-docker postfix/cleanup[231]: 5230999C8D: message-id=<>
May 29 15:55:45 email-threat-docker postfix/qmgr[99]: 5230999C8D: from=<support@apple.com>, size=702, nrcpt=1 (queue active)
May 29 15:55:45 email-threat-docker postfix/smtpd[233]: disconnect from scanner.holbertonshcool-cybersecurity-final-proyect_threat-net[172.20.0.3] ehlo=1 mail=1 rcpt=1 data=1 quit=1 commands=5
May 29 15:55:45 email-threat-docker postfix/smtp[232]: 4B74B99C7A: to=<recipient@email-threat-docker.local>, relay=scanner[172.20.0.3]:10025, delay=0.04, delays=0.01/0/0.01/0.03, dsn=2.0.0, status=sent (250 Message delivered)
May 29 15:55:45 email-threat-docker postfix/qmgr[99]: 4B74B99C7A: removed
May 29 15:55:45 email-threat-docker postfix/local[236]: 5230999C8D: to=<recipient@email-threat-docker.local>, relay=local, delay=0.02, delays=0.01/0/0/0.01, dsn=2.0.0, status=sent (delivered to command: /usr/bin/procmail)
May 29 15:55:45 email-threat-docker postfix/qmgr[99]: 5230999C8D: removed
May 29 15:55:45 email-threat-docker postfix/smtpd[227]: connect from unknown[172.20.0.1]
May 29 15:55:46 email-threat-docker postfix/smtpd[227]: 4984C99C7A: client=unknown[172.20.0.1]
May 29 15:55:46 email-threat-docker postfix/cleanup[231]: 4984C99C7A: prepend: header Subject: New Policy Document from unknown[172.20.0.1]; from=<support@apple.com> to=<recipient@email-threat-docker.local> proto=ESMTP helo=<[192.168.48.1]>: [Subject: ]
May 29 15:55:46 email-threat-docker postfix/cleanup[231]: 4984C99C7A: message-id=<>
May 29 15:55:46 email-threat-docker postfix/qmgr[99]: 4984C99C7A: from=<support@apple.com>, size=843, nrcpt=1 (queue active)
May 29 15:55:46 email-threat-docker postfix/smtpd[227]: disconnect from unknown[172.20.0.1] ehlo=1 mail=1 rcpt=1 data=1 quit=1 commands=5
May 29 15:55:46 email-threat-docker postfix/smtpd[233]: connect from scanner.holbertonshcool-cybersecurity-final-proyect_threat-net[172.20.0.3]
May 29 15:55:46 email-threat-docker postfix/smtpd[233]: 52C1899C8D: client=scanner.holbertonshcool-cybersecurity-final-proyect_threat-net[172.20.0.3]
May 29 15:55:46 email-threat-docker postfix/cleanup[231]: 52C1899C8D: message-id=<>
May 29 15:55:46 email-threat-docker postfix/qmgr[99]: 52C1899C8D: from=<support@apple.com>, size=1099, nrcpt=1 (queue active)
May 29 15:55:46 email-threat-docker postfix/smtpd[233]: disconnect from scanner.holbertonshcool-cybersecurity-final-proyect_threat-net[172.20.0.3] ehlo=1 mail=1 rcpt=1 data=1 quit=1 commands=5
May 29 15:55:46 email-threat-docker postfix/smtp[232]: 4984C99C7A: to=<recipient@email-threat-docker.local>, relay=scanner[172.20.0.3]:10025, delay=0.05, delays=0.01/0/0.01/0.03, dsn=2.0.0, status=sent (250 Message delivered)
May 29 15:55:46 email-threat-docker postfix/qmgr[99]: 4984C99C7A: removed
May 29 15:55:46 email-threat-docker postfix/local[234]: 52C1899C8D: to=<recipient@email-threat-docker.local>, relay=local, delay=0.02, delays=0.01/0/0/0.01, dsn=2.0.0, status=sent (delivered to command: /usr/bin/procmail)
May 29 15:55:46 email-threat-docker postfix/qmgr[99]: 52C1899C8D: removed
May 29 15:55:46 email-threat-docker postfix/smtpd[227]: connect from unknown[172.20.0.1]
May 29 15:55:47 email-threat-docker postfix/smtpd[227]: 471B499C7A: client=unknown[172.20.0.1]
May 29 15:55:47 email-threat-docker postfix/cleanup[231]: 471B499C7A: prepend: header Subject: Welcome New Hire from unknown[172.20.0.1]; from=<events@company.com> to=<recipient@email-threat-docker.local> proto=ESMTP helo=<[192.168.48.1]>: [Subject: ]
May 29 15:55:47 email-threat-docker postfix/cleanup[231]: 471B499C7A: message-id=<>
May 29 15:55:47 email-threat-docker postfix/qmgr[99]: 471B499C7A: from=<events@company.com>, size=442, nrcpt=1 (queue active)
May 29 15:55:47 email-threat-docker postfix/smtpd[227]: disconnect from unknown[172.20.0.1] ehlo=1 mail=1 rcpt=1 data=1 quit=1 commands=5
May 29 15:55:47 email-threat-docker postfix/smtpd[233]: connect from scanner.holbertonshcool-cybersecurity-final-proyect_threat-net[172.20.0.3]
May 29 15:55:47 email-threat-docker postfix/smtpd[233]: 4ECD599C8D: client=scanner.holbertonshcool-cybersecurity-final-proyect_threat-net[172.20.0.3]
May 29 15:55:47 email-threat-docker postfix/cleanup[231]: 4ECD599C8D: message-id=<>
May 29 15:55:47 email-threat-docker postfix/qmgr[99]: 4ECD599C8D: from=<events@company.com>, size=698, nrcpt=1 (queue active)
May 29 15:55:47 email-threat-docker postfix/smtpd[233]: disconnect from scanner.holbertonshcool-cybersecurity-final-proyect_threat-net[172.20.0.3] ehlo=1 mail=1 rcpt=1 data=1 quit=1 commands=5
May 29 15:55:47 email-threat-docker postfix/smtp[232]: 471B499C7A: to=<recipient@email-threat-docker.local>, relay=scanner[172.20.0.3]:10025, delay=0.05, delays=0.01/0/0.01/0.03, dsn=2.0.0, status=sent (250 Message delivered)
May 29 15:55:47 email-threat-docker postfix/qmgr[99]: 471B499C7A: removed
May 29 15:55:47 email-threat-docker postfix/local[236]: 4ECD599C8D: to=<recipient@email-threat-docker.local>, relay=local, delay=0.01, delays=0.01/0/0/0.01, dsn=2.0.0, status=sent (delivered to command: /usr/bin/procmail)
May 29 15:55:47 email-threat-docker postfix/qmgr[99]: 4ECD599C8D: removed
May 29 15:55:47 email-threat-docker postfix/smtpd[227]: connect from unknown[172.20.0.1]
May 29 15:55:48 email-threat-docker postfix/smtpd[227]: 4391099C7A: client=unknown[172.20.0.1]
May 29 15:55:48 email-threat-docker postfix/cleanup[231]: 4391099C7A: prepend: header Subject: Office Closure from unknown[172.20.0.1]; from=<support@bank.com> to=<recipient@email-threat-docker.local> proto=ESMTP helo=<[192.168.48.1]>: [Subject: ]
May 29 15:55:48 email-threat-docker postfix/cleanup[231]: 4391099C7A: message-id=<>
May 29 15:55:48 email-threat-docker postfix/qmgr[99]: 4391099C7A: from=<support@bank.com>, size=439, nrcpt=1 (queue active)
May 29 15:55:48 email-threat-docker postfix/smtpd[227]: disconnect from unknown[172.20.0.1] ehlo=1 mail=1 rcpt=1 data=1 quit=1 commands=5
May 29 15:55:48 email-threat-docker postfix/smtpd[233]: connect from scanner.holbertonshcool-cybersecurity-final-proyect_threat-net[172.20.0.3]
May 29 15:55:48 email-threat-docker postfix/smtpd[233]: 4A72199C8D: client=scanner.holbertonshcool-cybersecurity-final-proyect_threat-net[172.20.0.3]
May 29 15:55:48 email-threat-docker postfix/cleanup[231]: 4A72199C8D: message-id=<>
May 29 15:55:48 email-threat-docker postfix/qmgr[99]: 4A72199C8D: from=<support@bank.com>, size=695, nrcpt=1 (queue active)
May 29 15:55:48 email-threat-docker postfix/smtpd[233]: disconnect from scanner.holbertonshcool-cybersecurity-final-proyect_threat-net[172.20.0.3] ehlo=1 mail=1 rcpt=1 data=1 quit=1 commands=5
May 29 15:55:48 email-threat-docker postfix/smtp[232]: 4391099C7A: to=<recipient@email-threat-docker.local>, relay=scanner[172.20.0.3]:10025, delay=0.04, delays=0.01/0/0.01/0.02, dsn=2.0.0, status=sent (250 Message delivered)
May 29 15:55:48 email-threat-docker postfix/qmgr[99]: 4391099C7A: removed
May 29 15:55:48 email-threat-docker postfix/local[234]: 4A72199C8D: to=<recipient@email-threat-docker.local>, relay=local, delay=0.02, delays=0.01/0/0/0.01, dsn=2.0.0, status=sent (delivered to command: /usr/bin/procmail)
May 29 15:55:48 email-threat-docker postfix/qmgr[99]: 4A72199C8D: removed
May 29 15:55:48 email-threat-docker postfix/smtpd[227]: connect from unknown[172.20.0.1]
May 29 15:55:49 email-threat-docker postfix/smtpd[227]: 411CF99C7A: client=unknown[172.20.0.1]
May 29 15:55:49 email-threat-docker postfix/cleanup[231]: 411CF99C7A: prepend: header Subject: Benefits Update from unknown[172.20.0.1]; from=<noreply@itdept.company.com> to=<recipient@email-threat-docker.local> proto=ESMTP helo=<[192.168.48.1]>: [Subject: ]
May 29 15:55:49 email-threat-docker postfix/cleanup[231]: 411CF99C7A: message-id=<>
May 29 15:55:49 email-threat-docker postfix/qmgr[99]: 411CF99C7A: from=<noreply@itdept.company.com>, size=448, nrcpt=1 (queue active)
May 29 15:55:49 email-threat-docker postfix/smtpd[227]: disconnect from unknown[172.20.0.1] ehlo=1 mail=1 rcpt=1 data=1 quit=1 commands=5
May 29 15:55:49 email-threat-docker postfix/smtpd[233]: connect from scanner.holbertonshcool-cybersecurity-final-proyect_threat-net[172.20.0.3]
May 29 15:55:49 email-threat-docker postfix/smtpd[233]: 48F2A99C8D: client=scanner.holbertonshcool-cybersecurity-final-proyect_threat-net[172.20.0.3]
May 29 15:55:49 email-threat-docker postfix/cleanup[231]: 48F2A99C8D: message-id=<>
May 29 15:55:49 email-threat-docker postfix/qmgr[99]: 48F2A99C8D: from=<noreply@itdept.company.com>, size=704, nrcpt=1 (queue active)
May 29 15:55:49 email-threat-docker postfix/smtpd[233]: disconnect from scanner.holbertonshcool-cybersecurity-final-proyect_threat-net[172.20.0.3] ehlo=1 mail=1 rcpt=1 data=1 quit=1 commands=5
May 29 15:55:49 email-threat-docker postfix/smtp[232]: 411CF99C7A: to=<recipient@email-threat-docker.local>, relay=scanner[172.20.0.3]:10025, delay=0.05, delays=0.01/0/0.01/0.03, dsn=2.0.0, status=sent (250 Message delivered)
May 29 15:55:49 email-threat-docker postfix/qmgr[99]: 411CF99C7A: removed
May 29 15:55:49 email-threat-docker postfix/local[236]: 48F2A99C8D: to=<recipient@email-threat-docker.local>, relay=local, delay=0.02, delays=0.01/0/0/0.01, dsn=2.0.0, status=sent (delivered to command: /usr/bin/procmail)
May 29 15:55:49 email-threat-docker postfix/qmgr[99]: 48F2A99C8D: removed
May 29 15:55:49 email-threat-docker postfix/smtpd[227]: connect from unknown[172.20.0.1]
May 29 15:55:50 email-threat-docker postfix/smtpd[227]: 3F3C399C7A: client=unknown[172.20.0.1]
May 29 15:55:50 email-threat-docker postfix/cleanup[231]: 3F3C399C7A: prepend: header Subject: Password Policy Reminder from unknown[172.20.0.1]; from=<newsletter@store.com> to=<recipient@email-threat-docker.local> proto=ESMTP helo=<[192.168.48.1]>: [Subject: ]
May 29 15:55:50 email-threat-docker postfix/cleanup[231]: 3F3C399C7A: message-id=<>
May 29 15:55:50 email-threat-docker postfix/qmgr[99]: 3F3C399C7A: from=<newsletter@store.com>, size=457, nrcpt=1 (queue active)
May 29 15:55:50 email-threat-docker postfix/smtpd[227]: disconnect from unknown[172.20.0.1] ehlo=1 mail=1 rcpt=1 data=1 quit=1 commands=5
May 29 15:55:50 email-threat-docker postfix/smtpd[233]: connect from scanner.holbertonshcool-cybersecurity-final-proyect_threat-net[172.20.0.3]
May 29 15:55:50 email-threat-docker postfix/smtpd[233]: 4BB0399C8D: client=scanner.holbertonshcool-cybersecurity-final-proyect_threat-net[172.20.0.3]
May 29 15:55:50 email-threat-docker postfix/cleanup[231]: 4BB0399C8D: message-id=<>
May 29 15:55:50 email-threat-docker postfix/qmgr[99]: 4BB0399C8D: from=<newsletter@store.com>, size=713, nrcpt=1 (queue active)
May 29 15:55:50 email-threat-docker postfix/smtpd[233]: disconnect from scanner.holbertonshcool-cybersecurity-final-proyect_threat-net[172.20.0.3] ehlo=1 mail=1 rcpt=1 data=1 quit=1 commands=5
May 29 15:55:50 email-threat-docker postfix/smtp[232]: 3F3C399C7A: to=<recipient@email-threat-docker.local>, relay=scanner[172.20.0.3]:10025, delay=0.09, delays=0.03/0/0.01/0.04, dsn=2.0.0, status=sent (250 Message delivered)
May 29 15:55:50 email-threat-docker postfix/local[234]: 4BB0399C8D: to=<recipient@email-threat-docker.local>, relay=local, delay=0.03, delays=0.01/0/0/0.02, dsn=2.0.0, status=sent (delivered to command: /usr/bin/procmail)
May 29 15:55:50 email-threat-docker postfix/qmgr[99]: 4BB0399C8D: removed
May 29 15:55:50 email-threat-docker postfix/qmgr[99]: 3F3C399C7A: removed
May 29 15:55:50 email-threat-docker postfix/smtpd[227]: connect from unknown[172.20.0.1]
May 29 15:55:51 email-threat-docker postfix/smtpd[227]: 3F1D299C8A: client=unknown[172.20.0.1]
May 29 15:55:51 email-threat-docker postfix/cleanup[231]: 3F1D299C8A: prepend: header Subject: Conference Registration from unknown[172.20.0.1]; from=<communications@company.com> to=<recipient@email-threat-docker.local> proto=ESMTP helo=<[192.168.48.1]>: [Subject: ]
May 29 15:55:51 email-threat-docker postfix/cleanup[231]: 3F1D299C8A: message-id=<>
May 29 15:55:51 email-threat-docker postfix/qmgr[99]: 3F1D299C8A: from=<communications@company.com>, size=457, nrcpt=1 (queue active)
May 29 15:55:51 email-threat-docker postfix/smtpd[227]: disconnect from unknown[172.20.0.1] ehlo=1 mail=1 rcpt=1 data=1 quit=1 commands=5
May 29 15:55:51 email-threat-docker postfix/smtpd[233]: connect from scanner.holbertonshcool-cybersecurity-final-proyect_threat-net[172.20.0.3]
May 29 15:55:51 email-threat-docker postfix/smtpd[233]: 45D4499C8D: client=scanner.holbertonshcool-cybersecurity-final-proyect_threat-net[172.20.0.3]
May 29 15:55:51 email-threat-docker postfix/cleanup[231]: 45D4499C8D: message-id=<>
May 29 15:55:51 email-threat-docker postfix/qmgr[99]: 45D4499C8D: from=<communications@company.com>, size=713, nrcpt=1 (queue active)
May 29 15:55:51 email-threat-docker postfix/smtpd[233]: disconnect from scanner.holbertonshcool-cybersecurity-final-proyect_threat-net[172.20.0.3] ehlo=1 mail=1 rcpt=1 data=1 quit=1 commands=5
May 29 15:55:51 email-threat-docker postfix/smtp[232]: 3F1D299C8A: to=<recipient@email-threat-docker.local>, relay=scanner[172.20.0.3]:10025, delay=0.04, delays=0.01/0/0.01/0.03, dsn=2.0.0, status=sent (250 Message delivered)
May 29 15:55:51 email-threat-docker postfix/qmgr[99]: 3F1D299C8A: removed
May 29 15:55:51 email-threat-docker postfix/local[236]: 45D4499C8D: to=<recipient@email-threat-docker.local>, relay=local, delay=0.02, delays=0.01/0/0/0.01, dsn=2.0.0, status=sent (delivered to command: /usr/bin/procmail)
May 29 15:55:51 email-threat-docker postfix/qmgr[99]: 45D4499C8D: removed
May 29 15:55:51 email-threat-docker postfix/smtpd[227]: connect from unknown[172.20.0.1]
May 29 15:55:52 email-threat-docker postfix/smtpd[227]: 3BB8199C8A: client=unknown[172.20.0.1]
May 29 15:55:52 email-threat-docker postfix/cleanup[231]: 3BB8199C8A: prepend: header Subject: Urgent: Invoice Payment Required from unknown[172.20.0.1]; from=<devteam@company.com> to=<recipient@email-threat-docker.local> proto=ESMTP helo=<[192.168.48.1]>: [Subject: ]
May 29 15:55:52 email-threat-docker postfix/cleanup[231]: 3BB8199C8A: message-id=<>
May 29 15:55:52 email-threat-docker postfix/qmgr[99]: 3BB8199C8A: from=<devteam@company.com>, size=567, nrcpt=1 (queue active)
May 29 15:55:52 email-threat-docker postfix/smtpd[227]: disconnect from unknown[172.20.0.1] ehlo=1 mail=1 rcpt=1 data=1 quit=1 commands=5
May 29 15:55:52 email-threat-docker postfix/smtp[232]: 3BB8199C8A: to=<recipient@email-threat-docker.local>, relay=scanner[172.20.0.3]:10025, delay=0.03, delays=0.01/0/0.01/0.01, dsn=2.0.0, status=sent (250 Message quarantined)
May 29 15:55:52 email-threat-docker postfix/qmgr[99]: 3BB8199C8A: removed
May 29 15:55:52 email-threat-docker postfix/smtpd[227]: connect from unknown[172.20.0.1]
May 29 15:55:53 email-threat-docker postfix/smtpd[227]: 37EF799C8A: client=unknown[172.20.0.1]
May 29 15:55:53 email-threat-docker postfix/cleanup[231]: 37EF799C8A: prepend: header Subject: Hot Deals This Weekend! from unknown[172.20.0.1]; from=<notifications@company.com> to=<recipient@email-threat-docker.local> proto=ESMTP helo=<[192.168.48.1]>: [Subject: ]
May 29 15:55:53 email-threat-docker postfix/cleanup[231]: 37EF799C8A: message-id=<>
May 29 15:55:53 email-threat-docker postfix/qmgr[99]: 37EF799C8A: from=<notifications@company.com>, size=546, nrcpt=1 (queue active)
May 29 15:55:53 email-threat-docker postfix/smtpd[227]: disconnect from unknown[172.20.0.1] ehlo=1 mail=1 rcpt=1 data=1 quit=1 commands=5
May 29 15:55:53 email-threat-docker postfix/smtp[232]: 37EF799C8A: to=<recipient@email-threat-docker.local>, relay=scanner[172.20.0.3]:10025, delay=0.03, delays=0.01/0/0.01/0.01, dsn=2.0.0, status=sent (250 Message quarantined)
May 29 15:55:53 email-threat-docker postfix/qmgr[99]: 37EF799C8A: removed
May 29 15:55:53 email-threat-docker postfix/smtpd[227]: connect from unknown[172.20.0.1]
May 29 15:55:54 email-threat-docker postfix/smtpd[227]: 3445E99C8A: client=unknown[172.20.0.1]
May 29 15:55:54 email-threat-docker postfix/cleanup[231]: 3445E99C8A: prepend: header Subject: Account Locked from unknown[172.20.0.1]; from=<billing@legit-company.com> to=<recipient@email-threat-docker.local> proto=ESMTP helo=<[192.168.48.1]>: [Subject: ]
May 29 15:55:54 email-threat-docker postfix/cleanup[231]: 3445E99C8A: message-id=<>
May 29 15:55:54 email-threat-docker postfix/qmgr[99]: 3445E99C8A: from=<billing@legit-company.com>, size=558, nrcpt=1 (queue active)
May 29 15:55:54 email-threat-docker postfix/smtpd[227]: disconnect from unknown[172.20.0.1] ehlo=1 mail=1 rcpt=1 data=1 quit=1 commands=5
May 29 15:55:54 email-threat-docker postfix/smtp[232]: 3445E99C8A: to=<recipient@email-threat-docker.local>, relay=scanner[172.20.0.3]:10025, delay=0.03, delays=0.01/0/0.01/0.01, dsn=2.0.0, status=sent (250 Message quarantined)
May 29 15:55:54 email-threat-docker postfix/qmgr[99]: 3445E99C8A: removed
May 29 15:55:54 email-threat-docker postfix/smtpd[227]: connect from unknown[172.20.0.1]
May 29 15:55:57 email-threat-docker postfix/smtpd[227]: E17E999C8A: client=unknown[172.20.0.1]
May 29 15:55:57 email-threat-docker postfix/cleanup[231]: E17E999C8A: prepend: header Subject: Password Reset Required from unknown[172.20.0.1]; from=<rewards@shopping.com> to=<recipient@email-threat-docker.local> proto=ESMTP helo=<[192.168.48.1]>: [Subject: ]
May 29 15:55:57 email-threat-docker postfix/cleanup[231]: E17E999C8A: message-id=<>
May 29 15:55:57 email-threat-docker postfix/qmgr[99]: E17E999C8A: from=<rewards@shopping.com>, size=592, nrcpt=1 (queue active)
May 29 15:55:57 email-threat-docker postfix/smtpd[227]: disconnect from unknown[172.20.0.1] ehlo=1 mail=1 rcpt=1 data=1 quit=1 commands=5
May 29 15:55:57 email-threat-docker postfix/smtp[232]: E17E999C8A: to=<recipient@email-threat-docker.local>, relay=scanner[172.20.0.3]:10025, delay=0.03, delays=0.01/0/0.01/0.01, dsn=2.0.0, status=sent (250 Message quarantined)
May 29 15:55:57 email-threat-docker postfix/qmgr[99]: E17E999C8A: removed
May 29 15:55:58 email-threat-docker postfix/smtpd[227]: connect from unknown[172.20.0.1]
May 29 15:55:58 email-threat-docker postfix/smtpd[227]: DD59E99C8A: client=unknown[172.20.0.1]
May 29 15:55:58 email-threat-docker postfix/cleanup[231]: DD59E99C8A: prepend: header Subject: Important Document from unknown[172.20.0.1]; from=<security@onlinebank.com> to=<recipient@email-threat-docker.local> proto=ESMTP helo=<[192.168.48.1]>: [Subject: ]
May 29 15:55:58 email-threat-docker postfix/cleanup[231]: DD59E99C8A: message-id=<>
May 29 15:55:58 email-threat-docker postfix/qmgr[99]: DD59E99C8A: from=<security@onlinebank.com>, size=526, nrcpt=1 (queue active)
May 29 15:55:58 email-threat-docker postfix/smtpd[227]: disconnect from unknown[172.20.0.1] ehlo=1 mail=1 rcpt=1 data=1 quit=1 commands=5
May 29 15:55:58 email-threat-docker postfix/smtp[232]: DD59E99C8A: to=<recipient@email-threat-docker.local>, relay=scanner[172.20.0.3]:10025, delay=0.03, delays=0.01/0/0.01/0.01, dsn=2.0.0, status=sent (250 Message quarantined)
May 29 15:55:58 email-threat-docker postfix/qmgr[99]: DD59E99C8A: removed
May 29 15:55:59 email-threat-docker postfix/smtpd[227]: connect from unknown[172.20.0.1]
May 29 15:55:59 email-threat-docker postfix/smtpd[227]: DDB4099C8A: client=unknown[172.20.0.1]
May 29 15:55:59 email-threat-docker postfix/cleanup[231]: DDB4099C8A: prepend: header Subject: Monthly Report from unknown[172.20.0.1]; from=<deals@newsletter.com> to=<recipient@email-threat-docker.local> proto=ESMTP helo=<[192.168.48.1]>: [Subject: ]
May 29 15:55:59 email-threat-docker postfix/cleanup[231]: DDB4099C8A: message-id=<>
May 29 15:55:59 email-threat-docker postfix/qmgr[99]: DDB4099C8A: from=<deals@newsletter.com>, size=586, nrcpt=1 (queue active)
May 29 15:55:59 email-threat-docker postfix/smtpd[227]: disconnect from unknown[172.20.0.1] ehlo=1 mail=1 rcpt=1 data=1 quit=1 commands=5
May 29 15:55:59 email-threat-docker postfix/smtp[232]: DDB4099C8A: to=<recipient@email-threat-docker.local>, relay=scanner[172.20.0.3]:10025, delay=0.03, delays=0.01/0/0.01/0.01, dsn=2.0.0, status=sent (250 Message quarantined)
May 29 15:55:59 email-threat-docker postfix/qmgr[99]: DDB4099C8A: removed
May 29 15:56:00 email-threat-docker postfix/smtpd[227]: connect from unknown[172.20.0.1]
May 29 15:56:00 email-threat-docker postfix/smtpd[227]: DA68299C8A: client=unknown[172.20.0.1]
May 29 15:56:00 email-threat-docker postfix/cleanup[231]: DA68299C8A: prepend: header Subject: System Notification from unknown[172.20.0.1]; from=<admin@company.com> to=<recipient@email-threat-docker.local> proto=ESMTP helo=<[192.168.48.1]>: [Subject: ]
May 29 15:56:00 email-threat-docker postfix/cleanup[231]: DA68299C8A: message-id=<>
May 29 15:56:00 email-threat-docker postfix/qmgr[99]: DA68299C8A: from=<admin@company.com>, size=524, nrcpt=1 (queue active)
May 29 15:56:00 email-threat-docker postfix/smtpd[227]: disconnect from unknown[172.20.0.1] ehlo=1 mail=1 rcpt=1 data=1 quit=1 commands=5
May 29 15:56:00 email-threat-docker postfix/smtp[232]: DA68299C8A: to=<recipient@email-threat-docker.local>, relay=scanner[172.20.0.3]:10025, delay=0.03, delays=0.01/0/0.01/0.01, dsn=2.0.0, status=sent (250 Message quarantined)
May 29 15:56:00 email-threat-docker postfix/qmgr[99]: DA68299C8A: removed
May 29 15:56:01 email-threat-docker postfix/smtpd[227]: connect from unknown[172.20.0.1]
May 29 15:56:01 email-threat-docker postfix/smtpd[227]: D60AD99C8A: client=unknown[172.20.0.1]
May 29 15:56:01 email-threat-docker postfix/cleanup[231]: D60AD99C8A: prepend: header Subject: Final Warning from unknown[172.20.0.1]; from=<deals@newsletter.com> to=<recipient@email-threat-docker.local> proto=ESMTP helo=<[192.168.48.1]>: [Subject: ]
May 29 15:56:01 email-threat-docker postfix/cleanup[231]: D60AD99C8A: message-id=<>
May 29 15:56:01 email-threat-docker postfix/qmgr[99]: D60AD99C8A: from=<deals@newsletter.com>, size=571, nrcpt=1 (queue active)
May 29 15:56:01 email-threat-docker postfix/smtpd[227]: disconnect from unknown[172.20.0.1] ehlo=1 mail=1 rcpt=1 data=1 quit=1 commands=5
May 29 15:56:01 email-threat-docker postfix/smtp[232]: D60AD99C8A: to=<recipient@email-threat-docker.local>, relay=scanner[172.20.0.3]:10025, delay=0.03, delays=0.01/0/0.01/0.01, dsn=2.0.0, status=sent (250 Message quarantined)
May 29 15:56:01 email-threat-docker postfix/qmgr[99]: D60AD99C8A: removed
May 29 15:56:02 email-threat-docker postfix/smtpd[227]: connect from unknown[172.20.0.1]
May 29 15:56:02 email-threat-docker postfix/smtpd[227]: D0C5999C8A: client=unknown[172.20.0.1]
May 29 15:56:02 email-threat-docker postfix/cleanup[231]: D0C5999C8A: prepend: header Subject: Mandatory W-2 Form from unknown[172.20.0.1]; from=<communications@company.com> to=<recipient@email-threat-docker.local> proto=ESMTP helo=<[192.168.48.1]>: [Subject: ]
May 29 15:56:02 email-threat-docker postfix/cleanup[231]: D0C5999C8A: message-id=<>
May 29 15:56:02 email-threat-docker postfix/qmgr[99]: D0C5999C8A: from=<communications@company.com>, size=522, nrcpt=1 (queue active)
May 29 15:56:02 email-threat-docker postfix/smtpd[227]: disconnect from unknown[172.20.0.1] ehlo=1 mail=1 rcpt=1 data=1 quit=1 commands=5
May 29 15:56:02 email-threat-docker postfix/smtp[232]: D0C5999C8A: to=<recipient@email-threat-docker.local>, relay=scanner[172.20.0.3]:10025, delay=0.03, delays=0.01/0/0.01/0.01, dsn=2.0.0, status=sent (250 Message quarantined)
May 29 15:56:02 email-threat-docker postfix/qmgr[99]: D0C5999C8A: removed
May 29 15:56:03 email-threat-docker postfix/smtpd[227]: connect from unknown[172.20.0.1]
May 29 15:56:03 email-threat-docker postfix/smtpd[227]: CBC8799C7A: client=unknown[172.20.0.1]
May 29 15:56:03 email-threat-docker postfix/cleanup[231]: CBC8799C7A: prepend: header Subject: Account Verification Needed from unknown[172.20.0.1]; from=<deals@newsletter.com> to=<recipient@email-threat-docker.local> proto=ESMTP helo=<[192.168.48.1]>: [Subject: ]
May 29 15:56:03 email-threat-docker postfix/cleanup[231]: CBC8799C7A: message-id=<>
May 29 15:56:03 email-threat-docker postfix/qmgr[99]: CBC8799C7A: from=<deals@newsletter.com>, size=572, nrcpt=1 (queue active)
May 29 15:56:03 email-threat-docker postfix/smtpd[227]: disconnect from unknown[172.20.0.1] ehlo=1 mail=1 rcpt=1 data=1 quit=1 commands=5
May 29 15:56:03 email-threat-docker postfix/smtp[232]: CBC8799C7A: to=<recipient@email-threat-docker.local>, relay=scanner[172.20.0.3]:10025, delay=0.02, delays=0.01/0/0.01/0.01, dsn=2.0.0, status=sent (250 Message quarantined)
May 29 15:56:03 email-threat-docker postfix/qmgr[99]: CBC8799C7A: removed
May 29 15:56:04 email-threat-docker postfix/smtpd[227]: connect from unknown[172.20.0.1]
May 29 15:56:04 email-threat-docker postfix/smtpd[227]: C8B8199C7A: client=unknown[172.20.0.1]
May 29 15:56:04 email-threat-docker postfix/cleanup[231]: C8B8199C7A: prepend: header Subject: Password Reset Request from unknown[172.20.0.1]; from=<support@bank.com> to=<recipient@email-threat-docker.local> proto=ESMTP helo=<[192.168.48.1]>: [Subject: ]
May 29 15:56:04 email-threat-docker postfix/cleanup[231]: C8B8199C7A: message-id=<>
May 29 15:56:04 email-threat-docker postfix/qmgr[99]: C8B8199C7A: from=<support@bank.com>, size=534, nrcpt=1 (queue active)
May 29 15:56:04 email-threat-docker postfix/smtpd[227]: disconnect from unknown[172.20.0.1] ehlo=1 mail=1 rcpt=1 data=1 quit=1 commands=5
May 29 15:56:04 email-threat-docker postfix/smtp[232]: C8B8199C7A: to=<recipient@email-threat-docker.local>, relay=scanner[172.20.0.3]:10025, delay=0.03, delays=0.01/0/0.01/0.01, dsn=2.0.0, status=sent (250 Message quarantined)
May 29 15:56:04 email-threat-docker postfix/qmgr[99]: C8B8199C7A: removed
May 29 15:56:05 email-threat-docker postfix/smtpd[227]: connect from unknown[172.20.0.1]
May 29 15:56:05 email-threat-docker postfix/smtpd[227]: C49F099C7A: client=unknown[172.20.0.1]
May 29 15:56:05 email-threat-docker postfix/cleanup[231]: C49F099C7A: prepend: header Subject: Mandatory Company Survey from unknown[172.20.0.1]; from=<alerts@service.com> to=<recipient@email-threat-docker.local> proto=ESMTP helo=<[192.168.48.1]>: [Subject: ]
May 29 15:56:05 email-threat-docker postfix/cleanup[231]: C49F099C7A: message-id=<>
May 29 15:56:05 email-threat-docker postfix/qmgr[99]: C49F099C7A: from=<alerts@service.com>, size=529, nrcpt=1 (queue active)
May 29 15:56:05 email-threat-docker postfix/smtpd[227]: disconnect from unknown[172.20.0.1] ehlo=1 mail=1 rcpt=1 data=1 quit=1 commands=5
May 29 15:56:05 email-threat-docker postfix/smtp[232]: C49F099C7A: to=<recipient@email-threat-docker.local>, relay=scanner[172.20.0.3]:10025, delay=0.03, delays=0.01/0/0.01/0.01, dsn=2.0.0, status=sent (250 Message quarantined)
May 29 15:56:05 email-threat-docker postfix/qmgr[99]: C49F099C7A: removed
May 29 15:56:06 email-threat-docker postfix/smtpd[227]: connect from unknown[172.20.0.1]
May 29 15:56:06 email-threat-docker postfix/smtpd[227]: C022599C7A: client=unknown[172.20.0.1]
May 29 15:56:06 email-threat-docker postfix/cleanup[231]: C022599C7A: prepend: header Subject: Suspicious Login Attempt from unknown[172.20.0.1]; from=<newsletter@store.com> to=<recipient@email-threat-docker.local> proto=ESMTP helo=<[192.168.48.1]>: [Subject: ]
May 29 15:56:06 email-threat-docker postfix/cleanup[231]: C022599C7A: message-id=<>
May 29 15:56:06 email-threat-docker postfix/qmgr[99]: C022599C7A: from=<newsletter@store.com>, size=552, nrcpt=1 (queue active)
May 29 15:56:06 email-threat-docker postfix/smtpd[227]: disconnect from unknown[172.20.0.1] ehlo=1 mail=1 rcpt=1 data=1 quit=1 commands=5
May 29 15:56:06 email-threat-docker postfix/smtp[232]: C022599C7A: to=<recipient@email-threat-docker.local>, relay=scanner[172.20.0.3]:10025, delay=0.02, delays=0.01/0/0.01/0.01, dsn=2.0.0, status=sent (250 Message quarantined)
May 29 15:56:06 email-threat-docker postfix/qmgr[99]: C022599C7A: removed
May 29 15:56:06 email-threat-docker postfix/smtpd[227]: connect from unknown[172.20.0.1]
May 29 15:56:07 email-threat-docker postfix/smtpd[227]: BB99499C7A: client=unknown[172.20.0.1]
May 29 15:56:07 email-threat-docker postfix/cleanup[231]: BB99499C7A: prepend: header Subject: Account Compromised from unknown[172.20.0.1]; from=<teamlead@company.com> to=<recipient@email-threat-docker.local> proto=ESMTP helo=<[192.168.48.1]>: [Subject: ]
May 29 15:56:07 email-threat-docker postfix/cleanup[231]: BB99499C7A: message-id=<>
May 29 15:56:07 email-threat-docker postfix/qmgr[99]: BB99499C7A: from=<teamlead@company.com>, size=527, nrcpt=1 (queue active)
May 29 15:56:07 email-threat-docker postfix/smtpd[227]: disconnect from unknown[172.20.0.1] ehlo=1 mail=1 rcpt=1 data=1 quit=1 commands=5
May 29 15:56:07 email-threat-docker postfix/smtp[232]: BB99499C7A: to=<recipient@email-threat-docker.local>, relay=scanner[172.20.0.3]:10025, delay=0.02, delays=0.01/0/0.01/0.01, dsn=2.0.0, status=sent (250 Message quarantined)
May 29 15:56:07 email-threat-docker postfix/qmgr[99]: BB99499C7A: removed
May 29 15:56:07 email-threat-docker postfix/smtpd[227]: connect from unknown[172.20.0.1]
May 29 15:56:08 email-threat-docker postfix/smtpd[227]: B7C2D99C7A: client=unknown[172.20.0.1]
May 29 15:56:08 email-threat-docker postfix/cleanup[231]: B7C2D99C7A: prepend: header Subject: You've Won a $100 Gift Card! from unknown[172.20.0.1]; from=<notifications@company.com> to=<recipient@email-threat-docker.local> proto=ESMTP helo=<[192.168.48.1]>: [Subject: ]
May 29 15:56:08 email-threat-docker postfix/cleanup[231]: B7C2D99C7A: message-id=<>
May 29 15:56:08 email-threat-docker postfix/qmgr[99]: B7C2D99C7A: from=<notifications@company.com>, size=537, nrcpt=1 (queue active)
May 29 15:56:08 email-threat-docker postfix/smtpd[227]: disconnect from unknown[172.20.0.1] ehlo=1 mail=1 rcpt=1 data=1 quit=1 commands=5
May 29 15:56:08 email-threat-docker postfix/smtp[232]: B7C2D99C7A: to=<recipient@email-threat-docker.local>, relay=scanner[172.20.0.3]:10025, delay=0.03, delays=0.01/0/0.01/0.02, dsn=2.0.0, status=sent (250 Message quarantined)
May 29 15:56:08 email-threat-docker postfix/qmgr[99]: B7C2D99C7A: removed
May 29 15:56:08 email-threat-docker postfix/smtpd[227]: connect from unknown[172.20.0.1]
May 29 15:56:09 email-threat-docker postfix/smtpd[227]: B6E9799C7A: client=unknown[172.20.0.1]
May 29 15:56:09 email-threat-docker postfix/cleanup[231]: B6E9799C7A: prepend: header Subject: Quick Employee Survey from unknown[172.20.0.1]; from=<alerts@service.com> to=<recipient@email-threat-docker.local> proto=ESMTP helo=<[192.168.48.1]>: [Subject: ]
May 29 15:56:09 email-threat-docker postfix/cleanup[231]: B6E9799C7A: message-id=<>
May 29 15:56:09 email-threat-docker postfix/qmgr[99]: B6E9799C7A: from=<alerts@service.com>, size=510, nrcpt=1 (queue active)
May 29 15:56:09 email-threat-docker postfix/smtpd[227]: disconnect from unknown[172.20.0.1] ehlo=1 mail=1 rcpt=1 data=1 quit=1 commands=5
May 29 15:56:09 email-threat-docker postfix/smtp[232]: B6E9799C7A: to=<recipient@email-threat-docker.local>, relay=scanner[172.20.0.3]:10025, delay=0.03, delays=0.01/0/0.01/0.01, dsn=2.0.0, status=sent (250 Message quarantined)
May 29 15:56:09 email-threat-docker postfix/qmgr[99]: B6E9799C7A: removed
May 29 15:56:09 email-threat-docker postfix/smtpd[227]: connect from unknown[172.20.0.1]
May 29 15:56:10 email-threat-docker postfix/smtpd[227]: B29A999C7A: client=unknown[172.20.0.1]
May 29 15:56:10 email-threat-docker postfix/cleanup[231]: B29A999C7A: prepend: header Subject: URGENT: Security Alert from unknown[172.20.0.1]; from=<support@bank.com> to=<recipient@email-threat-docker.local> proto=ESMTP helo=<[192.168.48.1]>: [Subject: ]
May 29 15:56:10 email-threat-docker postfix/cleanup[231]: B29A999C7A: message-id=<>
May 29 15:56:10 email-threat-docker postfix/qmgr[99]: B29A999C7A: from=<support@bank.com>, size=899, nrcpt=1 (queue active)
May 29 15:56:10 email-threat-docker postfix/smtpd[227]: disconnect from unknown[172.20.0.1] ehlo=1 mail=1 rcpt=1 data=1 quit=1 commands=5
May 29 15:56:10 email-threat-docker postfix/smtp[232]: B29A999C7A: to=<recipient@email-threat-docker.local>, relay=scanner[172.20.0.3]:10025, delay=0.03, delays=0.01/0/0.01/0.01, dsn=2.0.0, status=sent (250 Message quarantined)
May 29 15:56:10 email-threat-docker postfix/qmgr[99]: B29A999C7A: removed
May 29 15:56:10 email-threat-docker postfix/smtpd[227]: connect from unknown[172.20.0.1]
May 29 15:56:11 email-threat-docker postfix/smtpd[227]: ADA0E99C7A: client=unknown[172.20.0.1]
May 29 15:56:11 email-threat-docker postfix/cleanup[231]: ADA0E99C7A: prepend: header Subject: Invoice #INV-9876 from unknown[172.20.0.1]; from=<noreply@itdept.company.com> to=<recipient@email-threat-docker.local> proto=ESMTP helo=<[192.168.48.1]>: [Subject: ]
May 29 15:56:11 email-threat-docker postfix/cleanup[231]: ADA0E99C7A: message-id=<>
May 29 15:56:11 email-threat-docker postfix/qmgr[99]: ADA0E99C7A: from=<noreply@itdept.company.com>, size=2204, nrcpt=1 (queue active)
May 29 15:56:11 email-threat-docker postfix/smtpd[227]: disconnect from unknown[172.20.0.1] ehlo=1 mail=1 rcpt=1 data=1 quit=1 commands=5
May 29 15:56:11 email-threat-docker postfix/smtp[232]: ADA0E99C7A: to=<recipient@email-threat-docker.local>, relay=scanner[172.20.0.3]:10025, delay=0.03, delays=0.01/0/0.01/0.01, dsn=2.0.0, status=sent (250 Message quarantined)
May 29 15:56:11 email-threat-docker postfix/qmgr[99]: ADA0E99C7A: removed
May 29 15:56:11 email-threat-docker postfix/smtpd[227]: connect from unknown[172.20.0.1]
May 29 15:56:12 email-threat-docker postfix/smtpd[227]: A8E4599C7A: client=unknown[172.20.0.1]
May 29 15:56:12 email-threat-docker postfix/cleanup[231]: A8E4599C7A: prepend: header Subject: Account Verification Needed from unknown[172.20.0.1]; from=<security@bigcorp.com> to=<recipient@email-threat-docker.local> proto=ESMTP helo=<[192.168.48.1]>: [Subject: ]
May 29 15:56:12 email-threat-docker postfix/cleanup[231]: A8E4599C7A: message-id=<>
May 29 15:56:12 email-threat-docker postfix/qmgr[99]: A8E4599C7A: from=<security@bigcorp.com>, size=497, nrcpt=1 (queue active)
May 29 15:56:12 email-threat-docker postfix/smtpd[227]: disconnect from unknown[172.20.0.1] ehlo=1 mail=1 rcpt=1 data=1 quit=1 commands=5
May 29 15:56:12 email-threat-docker postfix/smtp[232]: A8E4599C7A: to=<recipient@email-threat-docker.local>, relay=scanner[172.20.0.3]:10025, delay=0.03, delays=0.01/0/0.01/0.01, dsn=2.0.0, status=sent (250 Message quarantined)
May 29 15:56:12 email-threat-docker postfix/qmgr[99]: A8E4599C7A: removed
May 29 15:56:12 email-threat-docker postfix/smtpd[227]: connect from unknown[172.20.0.1]
May 29 15:56:13 email-threat-docker postfix/smtpd[227]: A606B99C8A: client=unknown[172.20.0.1]
May 29 15:56:13 email-threat-docker postfix/cleanup[231]: A606B99C8A: prepend: header Subject: Document Shared from unknown[172.20.0.1]; from=<notifications@company.com> to=<recipient@email-threat-docker.local> proto=ESMTP helo=<[192.168.48.1]>: [Subject: ]
May 29 15:56:13 email-threat-docker postfix/cleanup[231]: A606B99C8A: message-id=<>
May 29 15:56:13 email-threat-docker postfix/qmgr[99]: A606B99C8A: from=<notifications@company.com>, size=662, nrcpt=1 (queue active)
May 29 15:56:13 email-threat-docker postfix/smtpd[227]: disconnect from unknown[172.20.0.1] ehlo=1 mail=1 rcpt=1 data=1 quit=1 commands=5
May 29 15:56:13 email-threat-docker postfix/smtp[232]: A606B99C8A: to=<recipient@email-threat-docker.local>, relay=scanner[172.20.0.3]:10025, delay=0.04, delays=0.01/0/0.01/0.02, dsn=2.0.0, status=sent (250 Message quarantined)
May 29 15:56:13 email-threat-docker postfix/qmgr[99]: A606B99C8A: removed
May 29 15:56:13 email-threat-docker postfix/smtpd[227]: connect from unknown[172.20.0.1]
May 29 15:56:14 email-threat-docker postfix/smtpd[227]: A566599C8A: client=unknown[172.20.0.1]
May 29 15:56:14 email-threat-docker postfix/cleanup[231]: A566599C8A: prepend: header Subject: Encrypted Report from unknown[172.20.0.1]; from=<support@onlineservice.com> to=<recipient@email-threat-docker.local> proto=ESMTP helo=<[192.168.48.1]>: [Subject: ]
May 29 15:56:14 email-threat-docker postfix/cleanup[231]: A566599C8A: message-id=<>
May 29 15:56:14 email-threat-docker postfix/qmgr[99]: A566599C8A: from=<support@onlineservice.com>, size=2196, nrcpt=1 (queue active)
May 29 15:56:14 email-threat-docker postfix/smtpd[227]: disconnect from unknown[172.20.0.1] ehlo=1 mail=1 rcpt=1 data=1 quit=1 commands=5
May 29 15:56:14 email-threat-docker postfix/smtp[232]: A566599C8A: to=<recipient@email-threat-docker.local>, relay=scanner[172.20.0.3]:10025, delay=0.03, delays=0.01/0/0.01/0.01, dsn=2.0.0, status=sent (250 Message quarantined)
May 29 15:56:14 email-threat-docker postfix/qmgr[99]: A566599C8A: removed
May 29 15:56:14 email-threat-docker postfix/smtpd[227]: connect from unknown[172.20.0.1]
May 29 15:56:15 email-threat-docker postfix/smtpd[227]: A17A599C8A: client=unknown[172.20.0.1]
May 29 15:56:15 email-threat-docker postfix/cleanup[231]: A17A599C8A: prepend: header Subject: Password Reset Required from unknown[172.20.0.1]; from=<support@service.com> to=<recipient@email-threat-docker.local> proto=ESMTP helo=<[192.168.48.1]>: [Subject: ]
May 29 15:56:15 email-threat-docker postfix/cleanup[231]: A17A599C8A: message-id=<>
May 29 15:56:15 email-threat-docker postfix/qmgr[99]: A17A599C8A: from=<support@service.com>, size=474, nrcpt=1 (queue active)
May 29 15:56:15 email-threat-docker postfix/smtpd[227]: disconnect from unknown[172.20.0.1] ehlo=1 mail=1 rcpt=1 data=1 quit=1 commands=5
May 29 15:56:15 email-threat-docker postfix/smtp[232]: A17A599C8A: to=<recipient@email-threat-docker.local>, relay=scanner[172.20.0.3]:10025, delay=0.03, delays=0.01/0/0.01/0.01, dsn=2.0.0, status=sent (250 Message quarantined)
May 29 15:56:15 email-threat-docker postfix/qmgr[99]: A17A599C8A: removed
May 29 15:56:15 email-threat-docker postfix/smtpd[227]: connect from unknown[172.20.0.1]
May 29 15:56:16 email-threat-docker postfix/smtpd[227]: 9C6D799C8A: client=unknown[172.20.0.1]
May 29 15:56:16 email-threat-docker postfix/cleanup[231]: 9C6D799C8A: prepend: header Subject: Your Package Tracking from unknown[172.20.0.1]; from=<support@service.com> to=<recipient@email-threat-docker.local> proto=ESMTP helo=<[192.168.48.1]>: [Subject: ]
May 29 15:56:16 email-threat-docker postfix/cleanup[231]: 9C6D799C8A: message-id=<>
May 29 15:56:16 email-threat-docker postfix/qmgr[99]: 9C6D799C8A: from=<support@service.com>, size=470, nrcpt=1 (queue active)
May 29 15:56:16 email-threat-docker postfix/smtpd[227]: disconnect from unknown[172.20.0.1] ehlo=1 mail=1 rcpt=1 data=1 quit=1 commands=5
