May 19 06:44:28 email-threat-docker postfix/smtpd[207]: disconnect from unknown[172.20.0.1] ehlo=1 mail=1 rcpt=1 data=1 quit=1 commands=5
May 19 06:44:29 email-threat-docker postfix/smtp[212]: DF6F68C63F: to=<recipient@email-threat-docker.local>, relay=scanner[172.20.0.3]:10025, delay=0.13, delays=0.02/0/0.05/0.06, dsn=2.0.0, status=sent (250 Message quarantined)
May 19 06:44:29 email-threat-docker postfix/qmgr[99]: DF6F68C63F: removed
May 19 06:44:29 email-threat-docker postfix/smtpd[207]: connect from unknown[172.20.0.1]
May 19 06:44:30 email-threat-docker postfix/smtpd[207]: 141818C63F: client=unknown[172.20.0.1]
May 19 06:44:30 email-threat-docker postfix/cleanup[211]: 141818C63F: prepend: header Subject: Suspicious Login Attempt from unknown[172.20.0.1]; from=<admin@company.com> to=<recipient@email-threat-docker.local> proto=ESMTP helo=<[192.168.48.1]>: [Subject: ]
May 19 06:44:30 email-threat-docker postfix/cleanup[211]: 141818C63F: message-id=<>
May 19 06:44:30 email-threat-docker postfix/qmgr[99]: 141818C63F: from=<admin@company.com>, size=549, nrcpt=1 (queue active)
May 19 06:44:30 email-threat-docker postfix/smtpd[207]: disconnect from unknown[172.20.0.1] ehlo=1 mail=1 rcpt=1 data=1 quit=1 commands=5
May 19 06:44:30 email-threat-docker postfix/smtp[212]: 141818C63F: to=<recipient@email-threat-docker.local>, relay=scanner[172.20.0.3]:10025, delay=0.04, delays=0.01/0/0.01/0.02, dsn=2.0.0, status=sent (250 Message quarantined)
May 19 06:44:30 email-threat-docker postfix/qmgr[99]: 141818C63F: removed
May 19 06:44:30 email-threat-docker postfix/smtpd[207]: connect from unknown[172.20.0.1]
May 19 06:44:31 email-threat-docker postfix/smtpd[207]: 3AD868C63F: client=unknown[172.20.0.1]
May 19 06:44:31 email-threat-docker postfix/cleanup[211]: 3AD868C63F: prepend: header Subject: Account Compromised from unknown[172.20.0.1]; from=<support@bank.com> to=<recipient@email-threat-docker.local> proto=ESMTP helo=<[192.168.48.1]>: [Subject: ]
May 19 06:44:31 email-threat-docker postfix/cleanup[211]: 3AD868C63F: message-id=<>
May 19 06:44:31 email-threat-docker postfix/qmgr[99]: 3AD868C63F: from=<support@bank.com>, size=523, nrcpt=1 (queue active)
May 19 06:44:31 email-threat-docker postfix/smtpd[207]: disconnect from unknown[172.20.0.1] ehlo=1 mail=1 rcpt=1 data=1 quit=1 commands=5
May 19 06:44:31 email-threat-docker postfix/smtp[212]: 3AD868C63F: to=<recipient@email-threat-docker.local>, relay=scanner[172.20.0.3]:10025, delay=0.11, delays=0.04/0/0.02/0.05, dsn=2.0.0, status=sent (250 Message quarantined)
May 19 06:44:31 email-threat-docker postfix/qmgr[99]: 3AD868C63F: removed
May 19 06:44:31 email-threat-docker postfix/smtpd[207]: connect from unknown[172.20.0.1]
May 19 06:44:32 email-threat-docker postfix/smtpd[207]: 6B2758C63F: client=unknown[172.20.0.1]
May 19 06:44:32 email-threat-docker postfix/cleanup[211]: 6B2758C63F: prepend: header Subject: You've Won a $100 Gift Card! from unknown[172.20.0.1]; from=<teamlead@company.com> to=<recipient@email-threat-docker.local> proto=ESMTP helo=<[192.168.48.1]>: [Subject: ]
May 19 06:44:32 email-threat-docker postfix/cleanup[211]: 6B2758C63F: message-id=<>
May 19 06:44:32 email-threat-docker postfix/qmgr[99]: 6B2758C63F: from=<teamlead@company.com>, size=532, nrcpt=1 (queue active)
May 19 06:44:32 email-threat-docker postfix/smtpd[207]: disconnect from unknown[172.20.0.1] ehlo=1 mail=1 rcpt=1 data=1 quit=1 commands=5
May 19 06:44:32 email-threat-docker postfix/smtp[212]: 6B2758C63F: to=<recipient@email-threat-docker.local>, relay=scanner[172.20.0.3]:10025, delay=0.06, delays=0.02/0/0.02/0.03, dsn=2.0.0, status=sent (250 Message quarantined)
May 19 06:44:32 email-threat-docker postfix/qmgr[99]: 6B2758C63F: removed
May 19 06:44:32 email-threat-docker postfix/smtpd[207]: connect from unknown[172.20.0.1]
May 19 06:44:33 email-threat-docker postfix/smtpd[207]: A7DB58C63F: client=unknown[172.20.0.1]
May 19 06:44:33 email-threat-docker postfix/cleanup[211]: A7DB58C63F: prepend: header Subject: Quick Employee Survey from unknown[172.20.0.1]; from=<events@company.com> to=<recipient@email-threat-docker.local> proto=ESMTP helo=<[192.168.48.1]>: [Subject: ]
May 19 06:44:33 email-threat-docker postfix/cleanup[211]: A7DB58C63F: message-id=<>
May 19 06:44:33 email-threat-docker postfix/qmgr[99]: A7DB58C63F: from=<events@company.com>, size=510, nrcpt=1 (queue active)
May 19 06:44:33 email-threat-docker postfix/smtpd[207]: disconnect from unknown[172.20.0.1] ehlo=1 mail=1 rcpt=1 data=1 quit=1 commands=5
May 19 06:44:33 email-threat-docker postfix/smtp[212]: A7DB58C63F: to=<recipient@email-threat-docker.local>, relay=scanner[172.20.0.3]:10025, delay=0.05, delays=0.02/0/0.01/0.02, dsn=2.0.0, status=sent (250 Message quarantined)
May 19 06:44:33 email-threat-docker postfix/qmgr[99]: A7DB58C63F: removed
May 19 06:44:33 email-threat-docker postfix/smtpd[207]: connect from unknown[172.20.0.1]
May 19 06:44:34 email-threat-docker postfix/smtpd[207]: D78F28C63F: client=unknown[172.20.0.1]
May 19 06:44:34 email-threat-docker postfix/cleanup[211]: D78F28C63F: prepend: header Subject: URGENT: Security Alert from unknown[172.20.0.1]; from=<teamlead@company.com> to=<recipient@email-threat-docker.local> proto=ESMTP helo=<[192.168.48.1]>: [Subject: ]
May 19 06:44:34 email-threat-docker postfix/cleanup[211]: D78F28C63F: message-id=<>
May 19 06:44:34 email-threat-docker postfix/qmgr[99]: D78F28C63F: from=<teamlead@company.com>, size=903, nrcpt=1 (queue active)
May 19 06:44:34 email-threat-docker postfix/smtpd[207]: disconnect from unknown[172.20.0.1] ehlo=1 mail=1 rcpt=1 data=1 quit=1 commands=5
May 19 06:44:34 email-threat-docker postfix/smtp[212]: D78F28C63F: to=<recipient@email-threat-docker.local>, relay=scanner[172.20.0.3]:10025, delay=0.04, delays=0.01/0/0.01/0.02, dsn=2.0.0, status=sent (250 Message quarantined)
May 19 06:44:34 email-threat-docker postfix/qmgr[99]: D78F28C63F: removed
May 19 06:44:35 email-threat-docker postfix/smtpd[207]: connect from unknown[172.20.0.1]
May 19 06:44:36 email-threat-docker postfix/smtpd[207]: 088348C631: client=unknown[172.20.0.1]
May 19 06:44:36 email-threat-docker postfix/cleanup[211]: 088348C631: prepend: header Subject: Invoice #INV-9876 from unknown[172.20.0.1]; from=<noreply@itdept.company.com> to=<recipient@email-threat-docker.local> proto=ESMTP helo=<[192.168.48.1]>: [Subject: ]
May 19 06:44:36 email-threat-docker postfix/cleanup[211]: 088348C631: message-id=<>
May 19 06:44:36 email-threat-docker postfix/qmgr[99]: 088348C631: from=<noreply@itdept.company.com>, size=2204, nrcpt=1 (queue active)
May 19 06:44:36 email-threat-docker postfix/smtpd[207]: disconnect from unknown[172.20.0.1] ehlo=1 mail=1 rcpt=1 data=1 quit=1 commands=5
May 19 06:44:36 email-threat-docker postfix/smtp[212]: 088348C631: to=<recipient@email-threat-docker.local>, relay=scanner[172.20.0.3]:10025, delay=0.1, delays=0.07/0/0.01/0.02, dsn=2.0.0, status=sent (250 Message quarantined)
May 19 06:44:36 email-threat-docker postfix/qmgr[99]: 088348C631: removed
May 19 06:44:36 email-threat-docker postfix/smtpd[207]: connect from unknown[172.20.0.1]
May 19 06:44:37 email-threat-docker postfix/smtpd[207]: 3F8518C631: client=unknown[172.20.0.1]
May 19 06:44:37 email-threat-docker postfix/cleanup[211]: 3F8518C631: prepend: header Subject: Account Verification Needed from unknown[172.20.0.1]; from=<alerts@service.com> to=<recipient@email-threat-docker.local> proto=ESMTP helo=<[192.168.48.1]>: [Subject: ]
May 19 06:44:37 email-threat-docker postfix/cleanup[211]: 3F8518C631: message-id=<>
May 19 06:44:37 email-threat-docker postfix/qmgr[99]: 3F8518C631: from=<alerts@service.com>, size=495, nrcpt=1 (queue active)
May 19 06:44:37 email-threat-docker postfix/smtpd[207]: disconnect from unknown[172.20.0.1] ehlo=1 mail=1 rcpt=1 data=1 quit=1 commands=5
May 19 06:44:37 email-threat-docker postfix/smtp[212]: 3F8518C631: to=<recipient@email-threat-docker.local>, relay=scanner[172.20.0.3]:10025, delay=0.04, delays=0.02/0/0.01/0.02, dsn=2.0.0, status=sent (250 Message quarantined)
May 19 06:44:37 email-threat-docker postfix/qmgr[99]: 3F8518C631: removed
May 19 06:44:37 email-threat-docker postfix/smtpd[207]: connect from unknown[172.20.0.1]
May 19 06:44:38 email-threat-docker postfix/smtpd[207]: 651408C631: client=unknown[172.20.0.1]
May 19 06:44:38 email-threat-docker postfix/cleanup[211]: 651408C631: prepend: header Subject: Document Shared from unknown[172.20.0.1]; from=<events@company.com> to=<recipient@email-threat-docker.local> proto=ESMTP helo=<[192.168.48.1]>: [Subject: ]
May 19 06:44:38 email-threat-docker postfix/cleanup[211]: 651408C631: message-id=<>
May 19 06:44:38 email-threat-docker postfix/qmgr[99]: 651408C631: from=<events@company.com>, size=655, nrcpt=1 (queue active)
May 19 06:44:38 email-threat-docker postfix/smtpd[207]: disconnect from unknown[172.20.0.1] ehlo=1 mail=1 rcpt=1 data=1 quit=1 commands=5
May 19 06:44:38 email-threat-docker postfix/smtp[212]: 651408C631: to=<recipient@email-threat-docker.local>, relay=scanner[172.20.0.3]:10025, delay=0.05, delays=0.01/0/0.01/0.02, dsn=2.0.0, status=sent (250 Message quarantined)
May 19 06:44:38 email-threat-docker postfix/qmgr[99]: 651408C631: removed
May 19 06:44:38 email-threat-docker postfix/smtpd[207]: connect from unknown[172.20.0.1]
May 19 06:44:39 email-threat-docker postfix/smtpd[207]: 8EB468C631: client=unknown[172.20.0.1]
May 19 06:44:39 email-threat-docker postfix/cleanup[211]: 8EB468C631: prepend: header Subject: Encrypted Report from unknown[172.20.0.1]; from=<hr@company.com> to=<recipient@email-threat-docker.local> proto=ESMTP helo=<[192.168.48.1]>: [Subject: ]
May 19 06:44:39 email-threat-docker postfix/cleanup[211]: 8EB468C631: message-id=<>
May 19 06:44:39 email-threat-docker postfix/qmgr[99]: 8EB468C631: from=<hr@company.com>, size=2185, nrcpt=1 (queue active)
May 19 06:44:39 email-threat-docker postfix/smtpd[207]: disconnect from unknown[172.20.0.1] ehlo=1 mail=1 rcpt=1 data=1 quit=1 commands=5
May 19 06:44:39 email-threat-docker postfix/smtp[212]: 8EB468C631: to=<recipient@email-threat-docker.local>, relay=scanner[172.20.0.3]:10025, delay=0.05, delays=0.02/0/0.01/0.02, dsn=2.0.0, status=sent (250 Message quarantined)
May 19 06:44:39 email-threat-docker postfix/qmgr[99]: 8EB468C631: removed
May 19 06:44:39 email-threat-docker postfix/smtpd[207]: connect from unknown[172.20.0.1]
May 19 06:44:40 email-threat-docker postfix/smtpd[207]: BBFC18C631: client=unknown[172.20.0.1]
May 19 06:44:40 email-threat-docker postfix/cleanup[211]: BBFC18C631: prepend: header Subject: Password Reset Required from unknown[172.20.0.1]; from=<events@company.com> to=<recipient@email-threat-docker.local> proto=ESMTP helo=<[192.168.48.1]>: [Subject: ]
May 19 06:44:40 email-threat-docker postfix/cleanup[211]: BBFC18C631: message-id=<>
May 19 06:44:40 email-threat-docker postfix/qmgr[99]: BBFC18C631: from=<events@company.com>, size=473, nrcpt=1 (queue active)
May 19 06:44:40 email-threat-docker postfix/smtpd[207]: disconnect from unknown[172.20.0.1] ehlo=1 mail=1 rcpt=1 data=1 quit=1 commands=5
May 19 06:44:40 email-threat-docker postfix/smtp[212]: BBFC18C631: to=<recipient@email-threat-docker.local>, relay=scanner[172.20.0.3]:10025, delay=0.04, delays=0.01/0/0.01/0.02, dsn=2.0.0, status=sent (250 Message quarantined)
May 19 06:44:40 email-threat-docker postfix/qmgr[99]: BBFC18C631: removed
May 19 06:44:41 email-threat-docker postfix/smtpd[207]: connect from unknown[172.20.0.1]
May 19 06:44:41 email-threat-docker postfix/smtpd[207]: E19E08C631: client=unknown[172.20.0.1]
May 19 06:44:41 email-threat-docker postfix/cleanup[211]: E19E08C631: prepend: header Subject: Your Package Tracking from unknown[172.20.0.1]; from=<security@onlinebank.com> to=<recipient@email-threat-docker.local> proto=ESMTP helo=<[192.168.48.1]>: [Subject: ]
May 19 06:44:41 email-threat-docker postfix/cleanup[211]: E19E08C631: message-id=<>
May 19 06:44:41 email-threat-docker postfix/qmgr[99]: E19E08C631: from=<security@onlinebank.com>, size=474, nrcpt=1 (queue active)
May 19 06:44:41 email-threat-docker postfix/smtpd[207]: disconnect from unknown[172.20.0.1] ehlo=1 mail=1 rcpt=1 data=1 quit=1 commands=5
May 19 06:44:41 email-threat-docker postfix/smtp[212]: E19E08C631: to=<recipient@email-threat-docker.local>, relay=scanner[172.20.0.3]:10025, delay=0.04, delays=0.01/0/0.01/0.02, dsn=2.0.0, status=sent (250 Message quarantined)
May 19 06:44:41 email-threat-docker postfix/qmgr[99]: E19E08C631: removed
May 19 06:44:42 email-threat-docker postfix/smtpd[207]: connect from unknown[172.20.0.1]
May 19 06:44:43 email-threat-docker postfix/smtpd[207]: 12AB68C631: client=unknown[172.20.0.1]
May 19 06:44:43 email-threat-docker postfix/cleanup[211]: 12AB68C631: prepend: header Subject: Financial Report from unknown[172.20.0.1]; from=<support@apple.com> to=<recipient@email-threat-docker.local> proto=ESMTP helo=<[192.168.48.1]>: [Subject: ]
May 19 06:44:43 email-threat-docker postfix/cleanup[211]: 12AB68C631: message-id=<>
May 19 06:44:43 email-threat-docker postfix/qmgr[99]: 12AB68C631: from=<support@apple.com>, size=807, nrcpt=1 (queue active)
May 19 06:44:43 email-threat-docker postfix/smtpd[207]: disconnect from unknown[172.20.0.1] ehlo=1 mail=1 rcpt=1 data=1 quit=1 commands=5
May 19 06:44:43 email-threat-docker postfix/smtp[212]: 12AB68C631: to=<recipient@email-threat-docker.local>, relay=scanner[172.20.0.3]:10025, delay=0.08, delays=0.02/0/0.02/0.04, dsn=2.0.0, status=sent (250 Message quarantined)
May 19 06:44:43 email-threat-docker postfix/qmgr[99]: 12AB68C631: removed
May 19 06:44:43 email-threat-docker postfix/smtpd[207]: connect from unknown[172.20.0.1]
May 19 06:44:44 email-threat-docker postfix/smtpd[207]: 3BB528C631: client=unknown[172.20.0.1]
May 19 06:44:44 email-threat-docker postfix/cleanup[211]: 3BB528C631: prepend: header Subject: Microsoft Security Update from unknown[172.20.0.1]; from=<rewards@shopping.com> to=<recipient@email-threat-docker.local> proto=ESMTP helo=<[192.168.48.1]>: [Subject: ]
May 19 06:44:44 email-threat-docker postfix/cleanup[211]: 3BB528C631: message-id=<>
May 19 06:44:44 email-threat-docker postfix/qmgr[99]: 3BB528C631: from=<rewards@shopping.com>, size=2272, nrcpt=1 (queue active)
May 19 06:44:44 email-threat-docker postfix/smtpd[207]: disconnect from unknown[172.20.0.1] ehlo=1 mail=1 rcpt=1 data=1 quit=1 commands=5
May 19 06:44:44 email-threat-docker postfix/smtp[212]: 3BB528C631: to=<recipient@email-threat-docker.local>, relay=scanner[172.20.0.3]:10025, delay=0.05, delays=0.02/0/0.01/0.02, dsn=2.0.0, status=sent (250 Message quarantined)
May 19 06:44:44 email-threat-docker postfix/qmgr[99]: 3BB528C631: removed
May 19 06:44:44 email-threat-docker postfix/smtpd[207]: connect from unknown[172.20.0.1]
May 19 06:44:43 email-threat-docker postfix/smtpd[207]: 9AC038C631: client=unknown[172.20.0.1]
May 19 06:44:43 email-threat-docker postfix/cleanup[211]: 9AC038C631: prepend: header Subject: Undelivered Mail Notification from unknown[172.20.0.1]; from=<support@bank.com> to=<recipient@email-threat-docker.local> proto=ESMTP helo=<[192.168.48.1]>: [Subject: ]
May 19 06:44:43 email-threat-docker postfix/cleanup[211]: 9AC038C631: message-id=<>
May 19 06:44:43 email-threat-docker postfix/qmgr[99]: warning: backward time jump detected -- slewing clock
May 19 06:44:43 email-threat-docker postfix/qmgr[99]: 9AC038C631: from=<support@bank.com>, size=887, nrcpt=1 (queue active)
May 19 06:44:43 email-threat-docker postfix/smtpd[207]: disconnect from unknown[172.20.0.1] ehlo=1 mail=1 rcpt=1 data=1 quit=1 commands=5
May 19 06:44:43 email-threat-docker postfix/smtp[212]: 9AC038C631: to=<recipient@email-threat-docker.local>, relay=scanner[172.20.0.3]:10025, delay=0.04, delays=0.01/0/0.01/0.02, dsn=2.0.0, status=sent (250 Message quarantined)
May 19 06:44:43 email-threat-docker postfix/qmgr[99]: 9AC038C631: removed
May 19 08:20:46 email-threat-docker postfix/smtpd[8893]: warning: dict_nis_init: NIS domain name not set - NIS lookups disabled
May 19 08:20:46 email-threat-docker postfix/smtpd[8893]: connect from unknown[172.20.0.1]
May 19 08:20:46 email-threat-docker postfix/smtpd[8893]: disconnect from unknown[172.20.0.1] ehlo=1 quit=1 commands=2
