Jun  7 09:40:26 email-threat-docker postfix/qmgr[91]: B4CFE97305: from=<hr@company.com>, size=693, nrcpt=1 (queue active)
Jun  7 09:40:26 email-threat-docker postfix/smtpd[245]: disconnect from scanner.holbertonshcool-cybersecurity-final-proyect_threat-net[172.20.0.4] ehlo=1 mail=1 rcpt=1 data=1 quit=1 commands=5
Jun  7 09:40:26 email-threat-docker postfix/smtp[244]: AD29B97304: to=<recipient@email-threat-docker.local>, relay=scanner[172.20.0.4]:10025, delay=0.04, delays=0.01/0/0.01/0.02, dsn=2.0.0, status=sent (250 Message delivered)
Jun  7 09:40:26 email-threat-docker postfix/qmgr[91]: AD29B97304: removed
Jun  7 09:40:26 email-threat-docker postfix/local[246]: B4CFE97305: to=<recipient@email-threat-docker.local>, relay=local, delay=0.02, delays=0.01/0/0/0.01, dsn=2.0.0, status=sent (delivered to command: /usr/bin/procmail)
Jun  7 09:40:26 email-threat-docker postfix/qmgr[91]: B4CFE97305: removed
Jun  7 09:40:26 email-threat-docker postfix/smtpd[239]: connect from unknown[172.20.0.1]
Jun  7 09:40:27 email-threat-docker postfix/smtpd[239]: AB06A97304: client=unknown[172.20.0.1]
Jun  7 09:40:27 email-threat-docker postfix/cleanup[243]: AB06A97304: prepend: header Subject: Benefits Update from unknown[172.20.0.1]; from=<teamlead@company.com> to=<recipient@email-threat-docker.local> proto=ESMTP helo=<[192.168.48.1]>: [Subject: ]
Jun  7 09:40:27 email-threat-docker postfix/cleanup[243]: AB06A97304: message-id=<>
Jun  7 09:40:27 email-threat-docker postfix/qmgr[91]: AB06A97304: from=<teamlead@company.com>, size=442, nrcpt=1 (queue active)
Jun  7 09:40:27 email-threat-docker postfix/smtpd[239]: disconnect from unknown[172.20.0.1] ehlo=1 mail=1 rcpt=1 data=1 quit=1 commands=5
Jun  7 09:40:27 email-threat-docker postfix/smtpd[245]: connect from scanner.holbertonshcool-cybersecurity-final-proyect_threat-net[172.20.0.4]
Jun  7 09:40:27 email-threat-docker postfix/smtpd[245]: B1BD697305: client=scanner.holbertonshcool-cybersecurity-final-proyect_threat-net[172.20.0.4]
Jun  7 09:40:27 email-threat-docker postfix/cleanup[243]: B1BD697305: message-id=<>
Jun  7 09:40:27 email-threat-docker postfix/qmgr[91]: B1BD697305: from=<teamlead@company.com>, size=698, nrcpt=1 (queue active)
Jun  7 09:40:27 email-threat-docker postfix/smtpd[245]: disconnect from scanner.holbertonshcool-cybersecurity-final-proyect_threat-net[172.20.0.4] ehlo=1 mail=1 rcpt=1 data=1 quit=1 commands=5
Jun  7 09:40:27 email-threat-docker postfix/smtp[244]: AB06A97304: to=<recipient@email-threat-docker.local>, relay=scanner[172.20.0.4]:10025, delay=0.04, delays=0.01/0/0.01/0.03, dsn=2.0.0, status=sent (250 Message delivered)
Jun  7 09:40:27 email-threat-docker postfix/qmgr[91]: AB06A97304: removed
Jun  7 09:40:27 email-threat-docker postfix/local[246]: B1BD697305: to=<recipient@email-threat-docker.local>, relay=local, delay=0.03, delays=0.01/0/0/0.01, dsn=2.0.0, status=sent (delivered to command: /usr/bin/procmail)
Jun  7 09:40:27 email-threat-docker postfix/qmgr[91]: B1BD697305: removed
Jun  7 09:40:27 email-threat-docker postfix/smtpd[239]: connect from unknown[172.20.0.1]
Jun  7 09:40:28 email-threat-docker postfix/smtpd[239]: A93B397304: client=unknown[172.20.0.1]
Jun  7 09:40:28 email-threat-docker postfix/cleanup[243]: A93B397304: prepend: header Subject: Password Policy Reminder from unknown[172.20.0.1]; from=<support@bank.com> to=<recipient@email-threat-docker.local> proto=ESMTP helo=<[192.168.48.1]>: [Subject: ]
Jun  7 09:40:28 email-threat-docker postfix/cleanup[243]: A93B397304: message-id=<>
Jun  7 09:40:28 email-threat-docker postfix/qmgr[91]: A93B397304: from=<support@bank.com>, size=453, nrcpt=1 (queue active)
Jun  7 09:40:28 email-threat-docker postfix/smtpd[239]: disconnect from unknown[172.20.0.1] ehlo=1 mail=1 rcpt=1 data=1 quit=1 commands=5
Jun  7 09:40:28 email-threat-docker postfix/smtpd[245]: connect from scanner.holbertonshcool-cybersecurity-final-proyect_threat-net[172.20.0.4]
Jun  7 09:40:28 email-threat-docker postfix/smtpd[245]: B13C097305: client=scanner.holbertonshcool-cybersecurity-final-proyect_threat-net[172.20.0.4]
Jun  7 09:40:28 email-threat-docker postfix/cleanup[243]: B13C097305: message-id=<>
Jun  7 09:40:28 email-threat-docker postfix/qmgr[91]: B13C097305: from=<support@bank.com>, size=709, nrcpt=1 (queue active)
Jun  7 09:40:28 email-threat-docker postfix/smtpd[245]: disconnect from scanner.holbertonshcool-cybersecurity-final-proyect_threat-net[172.20.0.4] ehlo=1 mail=1 rcpt=1 data=1 quit=1 commands=5
Jun  7 09:40:28 email-threat-docker postfix/smtp[244]: A93B397304: to=<recipient@email-threat-docker.local>, relay=scanner[172.20.0.4]:10025, delay=0.05, delays=0.01/0/0.01/0.03, dsn=2.0.0, status=sent (250 Message delivered)
Jun  7 09:40:28 email-threat-docker postfix/qmgr[91]: A93B397304: removed
Jun  7 09:40:28 email-threat-docker postfix/local[246]: B13C097305: to=<recipient@email-threat-docker.local>, relay=local, delay=0.02, delays=0.01/0/0/0.01, dsn=2.0.0, status=sent (delivered to command: /usr/bin/procmail)
Jun  7 09:40:28 email-threat-docker postfix/qmgr[91]: B13C097305: removed
Jun  7 09:40:28 email-threat-docker postfix/smtpd[239]: connect from unknown[172.20.0.1]
Jun  7 09:40:29 email-threat-docker postfix/smtpd[239]: A6F4397304: client=unknown[172.20.0.1]
Jun  7 09:40:29 email-threat-docker postfix/cleanup[243]: A6F4397304: prepend: header Subject: Conference Registration from unknown[172.20.0.1]; from=<support@service.com> to=<recipient@email-threat-docker.local> proto=ESMTP helo=<[192.168.48.1]>: [Subject: ]
Jun  7 09:40:29 email-threat-docker postfix/cleanup[243]: A6F4397304: message-id=<>
Jun  7 09:40:29 email-threat-docker postfix/qmgr[91]: A6F4397304: from=<support@service.com>, size=450, nrcpt=1 (queue active)
Jun  7 09:40:29 email-threat-docker postfix/smtpd[239]: disconnect from unknown[172.20.0.1] ehlo=1 mail=1 rcpt=1 data=1 quit=1 commands=5
Jun  7 09:40:29 email-threat-docker postfix/smtpd[245]: connect from scanner.holbertonshcool-cybersecurity-final-proyect_threat-net[172.20.0.4]
Jun  7 09:40:29 email-threat-docker postfix/smtpd[245]: AE7BE97305: client=scanner.holbertonshcool-cybersecurity-final-proyect_threat-net[172.20.0.4]
Jun  7 09:40:29 email-threat-docker postfix/cleanup[243]: AE7BE97305: message-id=<>
Jun  7 09:40:29 email-threat-docker postfix/qmgr[91]: AE7BE97305: from=<support@service.com>, size=706, nrcpt=1 (queue active)
Jun  7 09:40:29 email-threat-docker postfix/smtpd[245]: disconnect from scanner.holbertonshcool-cybersecurity-final-proyect_threat-net[172.20.0.4] ehlo=1 mail=1 rcpt=1 data=1 quit=1 commands=5
Jun  7 09:40:29 email-threat-docker postfix/smtp[244]: A6F4397304: to=<recipient@email-threat-docker.local>, relay=scanner[172.20.0.4]:10025, delay=0.04, delays=0.01/0/0.01/0.02, dsn=2.0.0, status=sent (250 Message delivered)
Jun  7 09:40:29 email-threat-docker postfix/qmgr[91]: A6F4397304: removed
Jun  7 09:40:29 email-threat-docker postfix/local[246]: AE7BE97305: to=<recipient@email-threat-docker.local>, relay=local, delay=0.02, delays=0.01/0/0/0.01, dsn=2.0.0, status=sent (delivered to command: /usr/bin/procmail)
Jun  7 09:40:29 email-threat-docker postfix/qmgr[91]: AE7BE97305: removed
Jun  7 09:40:29 email-threat-docker postfix/smtpd[239]: connect from unknown[172.20.0.1]
Jun  7 09:40:30 email-threat-docker postfix/smtpd[239]: A94D397304: client=unknown[172.20.0.1]
Jun  7 09:40:30 email-threat-docker postfix/cleanup[243]: A94D397304: prepend: header Subject: Urgent: Invoice Payment Required from unknown[172.20.0.1]; from=<newsletter@store.com> to=<recipient@email-threat-docker.local> proto=ESMTP helo=<[192.168.48.1]>: [Subject: ]
Jun  7 09:40:30 email-threat-docker postfix/cleanup[243]: A94D397304: message-id=<>
Jun  7 09:40:30 email-threat-docker postfix/qmgr[91]: A94D397304: from=<newsletter@store.com>, size=568, nrcpt=1 (queue active)
Jun  7 09:40:30 email-threat-docker postfix/smtpd[239]: disconnect from unknown[172.20.0.1] ehlo=1 mail=1 rcpt=1 data=1 quit=1 commands=5
Jun  7 09:40:30 email-threat-docker postfix/smtp[244]: A94D397304: to=<recipient@email-threat-docker.local>, relay=scanner[172.20.0.4]:10025, delay=0.04, delays=0.02/0/0.01/0.01, dsn=2.0.0, status=sent (250 Message quarantined)
Jun  7 09:40:30 email-threat-docker postfix/qmgr[91]: A94D397304: removed
Jun  7 09:40:30 email-threat-docker postfix/smtpd[239]: connect from unknown[172.20.0.1]
Jun  7 09:40:31 email-threat-docker postfix/smtpd[239]: A699397304: client=unknown[172.20.0.1]
Jun  7 09:40:31 email-threat-docker postfix/cleanup[243]: A699397304: prepend: header Subject: Hot Deals This Weekend! from unknown[172.20.0.1]; from=<events@company.com> to=<recipient@email-threat-docker.local> proto=ESMTP helo=<[192.168.48.1]>: [Subject: ]
Jun  7 09:40:31 email-threat-docker postfix/cleanup[243]: A699397304: message-id=<>
Jun  7 09:40:31 email-threat-docker postfix/qmgr[91]: A699397304: from=<events@company.com>, size=539, nrcpt=1 (queue active)
Jun  7 09:40:31 email-threat-docker postfix/smtpd[239]: disconnect from unknown[172.20.0.1] ehlo=1 mail=1 rcpt=1 data=1 quit=1 commands=5
Jun  7 09:40:31 email-threat-docker postfix/smtp[244]: A699397304: to=<recipient@email-threat-docker.local>, relay=scanner[172.20.0.4]:10025, delay=0.03, delays=0.01/0/0.01/0.01, dsn=2.0.0, status=sent (250 Message quarantined)
Jun  7 09:40:31 email-threat-docker postfix/qmgr[91]: A699397304: removed
Jun  7 09:40:31 email-threat-docker postfix/smtpd[239]: connect from unknown[172.20.0.1]
Jun  7 09:40:32 email-threat-docker postfix/smtpd[239]: A5B1997304: client=unknown[172.20.0.1]
Jun  7 09:40:32 email-threat-docker postfix/cleanup[243]: A5B1997304: prepend: header Subject: Account Locked from unknown[172.20.0.1]; from=<admin@company.com> to=<recipient@email-threat-docker.local> proto=ESMTP helo=<[192.168.48.1]>: [Subject: ]
Jun  7 09:40:32 email-threat-docker postfix/cleanup[243]: A5B1997304: message-id=<>
Jun  7 09:40:32 email-threat-docker postfix/qmgr[91]: A5B1997304: from=<admin@company.com>, size=550, nrcpt=1 (queue active)
Jun  7 09:40:32 email-threat-docker postfix/smtpd[239]: disconnect from unknown[172.20.0.1] ehlo=1 mail=1 rcpt=1 data=1 quit=1 commands=5
Jun  7 09:40:32 email-threat-docker postfix/smtp[244]: A5B1997304: to=<recipient@email-threat-docker.local>, relay=scanner[172.20.0.4]:10025, delay=0.03, delays=0.01/0/0.01/0.01, dsn=2.0.0, status=sent (250 Message quarantined)
Jun  7 09:40:32 email-threat-docker postfix/qmgr[91]: A5B1997304: removed
Jun  7 09:40:32 email-threat-docker postfix/smtpd[239]: connect from unknown[172.20.0.1]
Jun  7 09:40:33 email-threat-docker postfix/smtpd[239]: A374E97304: client=unknown[172.20.0.1]
Jun  7 09:40:33 email-threat-docker postfix/cleanup[243]: A374E97304: prepend: header Subject: Password Reset Required from unknown[172.20.0.1]; from=<deals@newsletter.com> to=<recipient@email-threat-docker.local> proto=ESMTP helo=<[192.168.48.1]>: [Subject: ]
Jun  7 09:40:33 email-threat-docker postfix/cleanup[243]: A374E97304: message-id=<>
Jun  7 09:40:33 email-threat-docker postfix/qmgr[91]: A374E97304: from=<deals@newsletter.com>, size=592, nrcpt=1 (queue active)
Jun  7 09:40:33 email-threat-docker postfix/smtpd[239]: disconnect from unknown[172.20.0.1] ehlo=1 mail=1 rcpt=1 data=1 quit=1 commands=5
Jun  7 09:40:33 email-threat-docker postfix/smtp[244]: A374E97304: to=<recipient@email-threat-docker.local>, relay=scanner[172.20.0.4]:10025, delay=0.03, delays=0.01/0/0.01/0.01, dsn=2.0.0, status=sent (250 Message quarantined)
Jun  7 09:40:33 email-threat-docker postfix/qmgr[91]: A374E97304: removed
Jun  7 09:40:33 email-threat-docker postfix/smtpd[239]: connect from unknown[172.20.0.1]
Jun  7 09:40:34 email-threat-docker postfix/smtpd[239]: A244C97304: client=unknown[172.20.0.1]
Jun  7 09:40:34 email-threat-docker postfix/cleanup[243]: A244C97304: prepend: header Subject: Important Document from unknown[172.20.0.1]; from=<teamlead@company.com> to=<recipient@email-threat-docker.local> proto=ESMTP helo=<[192.168.48.1]>: [Subject: ]
Jun  7 09:40:34 email-threat-docker postfix/cleanup[243]: A244C97304: message-id=<>
Jun  7 09:40:34 email-threat-docker postfix/qmgr[91]: A244C97304: from=<teamlead@company.com>, size=523, nrcpt=1 (queue active)
Jun  7 09:40:34 email-threat-docker postfix/smtpd[239]: disconnect from unknown[172.20.0.1] ehlo=1 mail=1 rcpt=1 data=1 quit=1 commands=5
Jun  7 09:40:34 email-threat-docker postfix/smtp[244]: A244C97304: to=<recipient@email-threat-docker.local>, relay=scanner[172.20.0.4]:10025, delay=0.03, delays=0.01/0/0.01/0.01, dsn=2.0.0, status=sent (250 Message quarantined)
Jun  7 09:40:34 email-threat-docker postfix/qmgr[91]: A244C97304: removed
Jun  7 09:40:34 email-threat-docker postfix/smtpd[239]: connect from unknown[172.20.0.1]
Jun  7 09:40:35 email-threat-docker postfix/smtpd[239]: A070897304: client=unknown[172.20.0.1]
Jun  7 09:40:35 email-threat-docker postfix/cleanup[243]: A070897304: prepend: header Subject: Monthly Report from unknown[172.20.0.1]; from=<support@apple.com> to=<recipient@email-threat-docker.local> proto=ESMTP helo=<[192.168.48.1]>: [Subject: ]
Jun  7 09:40:35 email-threat-docker postfix/cleanup[243]: A070897304: message-id=<>
Jun  7 09:40:35 email-threat-docker postfix/qmgr[91]: A070897304: from=<support@apple.com>, size=583, nrcpt=1 (queue active)
Jun  7 09:40:35 email-threat-docker postfix/smtpd[239]: disconnect from unknown[172.20.0.1] ehlo=1 mail=1 rcpt=1 data=1 quit=1 commands=5
Jun  7 09:40:35 email-threat-docker postfix/smtp[244]: A070897304: to=<recipient@email-threat-docker.local>, relay=scanner[172.20.0.4]:10025, delay=0.04, delays=0.02/0/0.01/0.01, dsn=2.0.0, status=sent (250 Message quarantined)
Jun  7 09:40:35 email-threat-docker postfix/qmgr[91]: A070897304: removed
Jun  7 09:40:35 email-threat-docker postfix/smtpd[239]: connect from unknown[172.20.0.1]
Jun  7 09:40:36 email-threat-docker postfix/smtpd[239]: 9DAD197304: client=unknown[172.20.0.1]
Jun  7 09:40:36 email-threat-docker postfix/cleanup[243]: 9DAD197304: prepend: header Subject: System Notification from unknown[172.20.0.1]; from=<support@service.com> to=<recipient@email-threat-docker.local> proto=ESMTP helo=<[192.168.48.1]>: [Subject: ]
Jun  7 09:40:36 email-threat-docker postfix/cleanup[243]: 9DAD197304: message-id=<>
Jun  7 09:40:36 email-threat-docker postfix/qmgr[91]: 9DAD197304: from=<support@service.com>, size=526, nrcpt=1 (queue active)
Jun  7 09:40:36 email-threat-docker postfix/smtpd[239]: disconnect from unknown[172.20.0.1] ehlo=1 mail=1 rcpt=1 data=1 quit=1 commands=5
Jun  7 09:40:36 email-threat-docker postfix/smtp[244]: 9DAD197304: to=<recipient@email-threat-docker.local>, relay=scanner[172.20.0.4]:10025, delay=0.03, delays=0.01/0/0.01/0.01, dsn=2.0.0, status=sent (250 Message quarantined)
Jun  7 09:40:36 email-threat-docker postfix/qmgr[91]: 9DAD197304: removed
Jun  7 09:40:36 email-threat-docker postfix/smtpd[239]: connect from unknown[172.20.0.1]
Jun  7 09:40:37 email-threat-docker postfix/smtpd[239]: 9D43497304: client=unknown[172.20.0.1]
Jun  7 09:40:37 email-threat-docker postfix/cleanup[243]: 9D43497304: prepend: header Subject: Final Warning from unknown[172.20.0.1]; from=<hr@company.com> to=<recipient@email-threat-docker.local> proto=ESMTP helo=<[192.168.48.1]>: [Subject: ]
Jun  7 09:40:37 email-threat-docker postfix/cleanup[243]: 9D43497304: message-id=<>
Jun  7 09:40:37 email-threat-docker postfix/qmgr[91]: 9D43497304: from=<hr@company.com>, size=565, nrcpt=1 (queue active)
Jun  7 09:40:37 email-threat-docker postfix/smtpd[239]: disconnect from unknown[172.20.0.1] ehlo=1 mail=1 rcpt=1 data=1 quit=1 commands=5
Jun  7 09:40:37 email-threat-docker postfix/smtp[244]: 9D43497304: to=<recipient@email-threat-docker.local>, relay=scanner[172.20.0.4]:10025, delay=0.03, delays=0.01/0/0.01/0.01, dsn=2.0.0, status=sent (250 Message quarantined)
Jun  7 09:40:37 email-threat-docker postfix/qmgr[91]: 9D43497304: removed
Jun  7 09:40:37 email-threat-docker postfix/smtpd[239]: connect from unknown[172.20.0.1]
Jun  7 09:40:38 email-threat-docker postfix/smtpd[239]: A0D6897304: client=unknown[172.20.0.1]
Jun  7 09:40:38 email-threat-docker postfix/cleanup[243]: A0D6897304: prepend: header Subject: Mandatory W-2 Form from unknown[172.20.0.1]; from=<support@bank.com> to=<recipient@email-threat-docker.local> proto=ESMTP helo=<[192.168.48.1]>: [Subject: ]
Jun  7 09:40:38 email-threat-docker postfix/cleanup[243]: A0D6897304: message-id=<>
Jun  7 09:40:38 email-threat-docker postfix/qmgr[91]: A0D6897304: from=<support@bank.com>, size=512, nrcpt=1 (queue active)
Jun  7 09:40:38 email-threat-docker postfix/smtpd[239]: disconnect from unknown[172.20.0.1] ehlo=1 mail=1 rcpt=1 data=1 quit=1 commands=5
Jun  7 09:40:38 email-threat-docker postfix/smtp[244]: A0D6897304: to=<recipient@email-threat-docker.local>, relay=scanner[172.20.0.4]:10025, delay=0.04, delays=0.01/0/0.01/0.01, dsn=2.0.0, status=sent (250 Message quarantined)
Jun  7 09:40:38 email-threat-docker postfix/qmgr[91]: A0D6897304: removed
Jun  7 09:40:38 email-threat-docker postfix/smtpd[239]: connect from unknown[172.20.0.1]
Jun  7 09:40:39 email-threat-docker postfix/smtpd[239]: A1E7397304: client=unknown[172.20.0.1]
Jun  7 09:40:39 email-threat-docker postfix/cleanup[243]: A1E7397304: prepend: header Subject: Account Verification Needed from unknown[172.20.0.1]; from=<teamlead@company.com> to=<recipient@email-threat-docker.local> proto=ESMTP helo=<[192.168.48.1]>: [Subject: ]
Jun  7 09:40:39 email-threat-docker postfix/cleanup[243]: A1E7397304: message-id=<>
Jun  7 09:40:39 email-threat-docker postfix/qmgr[91]: A1E7397304: from=<teamlead@company.com>, size=572, nrcpt=1 (queue active)
Jun  7 09:40:39 email-threat-docker postfix/smtpd[239]: disconnect from unknown[172.20.0.1] ehlo=1 mail=1 rcpt=1 data=1 quit=1 commands=5
Jun  7 09:40:39 email-threat-docker postfix/smtp[244]: A1E7397304: to=<recipient@email-threat-docker.local>, relay=scanner[172.20.0.4]:10025, delay=0.06, delays=0.02/0/0.02/0.02, dsn=2.0.0, status=sent (250 Message quarantined)
Jun  7 09:40:39 email-threat-docker postfix/qmgr[91]: A1E7397304: removed
Jun  7 09:40:39 email-threat-docker postfix/smtpd[239]: connect from unknown[172.20.0.1]
Jun  7 09:40:40 email-threat-docker postfix/smtpd[239]: A47C597304: client=unknown[172.20.0.1]
Jun  7 09:40:40 email-threat-docker postfix/cleanup[243]: A47C597304: prepend: header Subject: Password Reset Request from unknown[172.20.0.1]; from=<teamlead@company.com> to=<recipient@email-threat-docker.local> proto=ESMTP helo=<[192.168.48.1]>: [Subject: ]
Jun  7 09:40:40 email-threat-docker postfix/cleanup[243]: A47C597304: message-id=<>
Jun  7 09:40:40 email-threat-docker postfix/qmgr[91]: A47C597304: from=<teamlead@company.com>, size=538, nrcpt=1 (queue active)
Jun  7 09:40:40 email-threat-docker postfix/smtpd[239]: disconnect from unknown[172.20.0.1] ehlo=1 mail=1 rcpt=1 data=1 quit=1 commands=5
Jun  7 09:40:40 email-threat-docker postfix/smtp[244]: A47C597304: to=<recipient@email-threat-docker.local>, relay=scanner[172.20.0.4]:10025, delay=0.03, delays=0.01/0/0.01/0.01, dsn=2.0.0, status=sent (250 Message quarantined)
Jun  7 09:40:40 email-threat-docker postfix/qmgr[91]: A47C597304: removed
Jun  7 09:40:40 email-threat-docker postfix/smtpd[239]: connect from unknown[172.20.0.1]
Jun  7 09:40:41 email-threat-docker postfix/smtpd[239]: A069097304: client=unknown[172.20.0.1]
Jun  7 09:40:41 email-threat-docker postfix/cleanup[243]: A069097304: prepend: header Subject: Mandatory Company Survey from unknown[172.20.0.1]; from=<devteam@company.com> to=<recipient@email-threat-docker.local> proto=ESMTP helo=<[192.168.48.1]>: [Subject: ]
Jun  7 09:40:41 email-threat-docker postfix/cleanup[243]: A069097304: message-id=<>
Jun  7 09:40:41 email-threat-docker postfix/qmgr[91]: A069097304: from=<devteam@company.com>, size=530, nrcpt=1 (queue active)
Jun  7 09:40:41 email-threat-docker postfix/smtpd[239]: disconnect from unknown[172.20.0.1] ehlo=1 mail=1 rcpt=1 data=1 quit=1 commands=5
Jun  7 09:40:41 email-threat-docker postfix/smtp[244]: A069097304: to=<recipient@email-threat-docker.local>, relay=scanner[172.20.0.4]:10025, delay=0.03, delays=0.01/0/0.01/0.01, dsn=2.0.0, status=sent (250 Message quarantined)
Jun  7 09:40:41 email-threat-docker postfix/qmgr[91]: A069097304: removed
Jun  7 09:40:41 email-threat-docker postfix/smtpd[239]: connect from unknown[172.20.0.1]
Jun  7 09:40:42 email-threat-docker postfix/smtpd[239]: 9BE2897304: client=unknown[172.20.0.1]
Jun  7 09:40:42 email-threat-docker postfix/cleanup[243]: 9BE2897304: prepend: header Subject: Suspicious Login Attempt from unknown[172.20.0.1]; from=<events@company.com> to=<recipient@email-threat-docker.local> proto=ESMTP helo=<[192.168.48.1]>: [Subject: ]
Jun  7 09:40:42 email-threat-docker postfix/cleanup[243]: 9BE2897304: message-id=<>
Jun  7 09:40:42 email-threat-docker postfix/qmgr[91]: 9BE2897304: from=<events@company.com>, size=550, nrcpt=1 (queue active)
Jun  7 09:40:42 email-threat-docker postfix/smtpd[239]: disconnect from unknown[172.20.0.1] ehlo=1 mail=1 rcpt=1 data=1 quit=1 commands=5
Jun  7 09:40:42 email-threat-docker postfix/smtp[244]: 9BE2897304: to=<recipient@email-threat-docker.local>, relay=scanner[172.20.0.4]:10025, delay=0.02, delays=0.01/0/0.01/0.01, dsn=2.0.0, status=sent (250 Message quarantined)
Jun  7 09:40:42 email-threat-docker postfix/qmgr[91]: 9BE2897304: removed
Jun  7 09:40:42 email-threat-docker postfix/smtpd[239]: connect from unknown[172.20.0.1]
Jun  7 09:40:46 email-threat-docker postfix/smtpd[239]: 570B197304: client=unknown[172.20.0.1]
Jun  7 09:40:46 email-threat-docker postfix/cleanup[243]: 570B197304: prepend: header Subject: Account Compromised from unknown[172.20.0.1]; from=<hr@company.com> to=<recipient@email-threat-docker.local> proto=ESMTP helo=<[192.168.48.1]>: [Subject: ]
Jun  7 09:40:46 email-threat-docker postfix/cleanup[243]: 570B197304: message-id=<>
Jun  7 09:40:46 email-threat-docker postfix/qmgr[91]: 570B197304: from=<hr@company.com>, size=521, nrcpt=1 (queue active)
Jun  7 09:40:46 email-threat-docker postfix/smtpd[239]: disconnect from unknown[172.20.0.1] ehlo=1 mail=1 rcpt=1 data=1 quit=1 commands=5
Jun  7 09:40:46 email-threat-docker postfix/smtp[244]: 570B197304: to=<recipient@email-threat-docker.local>, relay=scanner[172.20.0.4]:10025, delay=0.02, delays=0.01/0/0.01/0.01, dsn=2.0.0, status=sent (250 Message quarantined)
Jun  7 09:40:46 email-threat-docker postfix/qmgr[91]: 570B197304: removed
Jun  7 09:40:46 email-threat-docker postfix/smtpd[239]: connect from unknown[172.20.0.1]
Jun  7 09:40:47 email-threat-docker postfix/smtpd[239]: 5259E97304: client=unknown[172.20.0.1]
Jun  7 09:40:47 email-threat-docker postfix/cleanup[243]: 5259E97304: prepend: header Subject: You've Won a $100 Gift Card! from unknown[172.20.0.1]; from=<admin@company.com> to=<recipient@email-threat-docker.local> proto=ESMTP helo=<[192.168.48.1]>: [Subject: ]
Jun  7 09:40:47 email-threat-docker postfix/cleanup[243]: 5259E97304: message-id=<>
Jun  7 09:40:47 email-threat-docker postfix/qmgr[91]: 5259E97304: from=<admin@company.com>, size=529, nrcpt=1 (queue active)
Jun  7 09:40:47 email-threat-docker postfix/smtpd[239]: disconnect from unknown[172.20.0.1] ehlo=1 mail=1 rcpt=1 data=1 quit=1 commands=5
Jun  7 09:40:47 email-threat-docker postfix/smtp[244]: 5259E97304: to=<recipient@email-threat-docker.local>, relay=scanner[172.20.0.4]:10025, delay=0.02, delays=0.01/0/0.01/0.01, dsn=2.0.0, status=sent (250 Message quarantined)
Jun  7 09:40:47 email-threat-docker postfix/qmgr[91]: 5259E97304: removed
Jun  7 09:40:47 email-threat-docker postfix/smtpd[239]: connect from unknown[172.20.0.1]
Jun  7 09:40:48 email-threat-docker postfix/smtpd[239]: 4D57897304: client=unknown[172.20.0.1]
Jun  7 09:40:48 email-threat-docker postfix/cleanup[243]: 4D57897304: prepend: header Subject: Quick Employee Survey from unknown[172.20.0.1]; from=<devteam@company.com> to=<recipient@email-threat-docker.local> proto=ESMTP helo=<[192.168.48.1]>: [Subject: ]
Jun  7 09:40:48 email-threat-docker postfix/cleanup[243]: 4D57897304: message-id=<>
Jun  7 09:40:48 email-threat-docker postfix/qmgr[91]: 4D57897304: from=<devteam@company.com>, size=511, nrcpt=1 (queue active)
Jun  7 09:40:48 email-threat-docker postfix/smtpd[239]: disconnect from unknown[172.20.0.1] ehlo=1 mail=1 rcpt=1 data=1 quit=1 commands=5
Jun  7 09:40:48 email-threat-docker postfix/smtp[244]: 4D57897304: to=<recipient@email-threat-docker.local>, relay=scanner[172.20.0.4]:10025, delay=0.03, delays=0.01/0/0.01/0.01, dsn=2.0.0, status=sent (250 Message quarantined)
Jun  7 09:40:48 email-threat-docker postfix/qmgr[91]: 4D57897304: removed
Jun  7 09:40:48 email-threat-docker postfix/smtpd[239]: connect from unknown[172.20.0.1]
Jun  7 09:40:49 email-threat-docker postfix/smtpd[239]: 527AF97304: client=unknown[172.20.0.1]
Jun  7 09:40:49 email-threat-docker postfix/cleanup[243]: 527AF97304: prepend: header Subject: URGENT: Security Alert from unknown[172.20.0.1]; from=<support@apple.com> to=<recipient@email-threat-docker.local> proto=ESMTP helo=<[192.168.48.1]>: [Subject: ]
Jun  7 09:40:49 email-threat-docker postfix/cleanup[243]: 527AF97304: message-id=<>
Jun  7 09:40:49 email-threat-docker postfix/qmgr[91]: 527AF97304: from=<support@apple.com>, size=900, nrcpt=1 (queue active)
Jun  7 09:40:49 email-threat-docker postfix/smtpd[239]: disconnect from unknown[172.20.0.1] ehlo=1 mail=1 rcpt=1 data=1 quit=1 commands=5
Jun  7 09:40:49 email-threat-docker postfix/smtp[244]: 527AF97304: to=<recipient@email-threat-docker.local>, relay=scanner[172.20.0.4]:10025, delay=0.06, delays=0.04/0/0.01/0.01, dsn=2.0.0, status=sent (250 Message quarantined)
Jun  7 09:40:49 email-threat-docker postfix/qmgr[91]: 527AF97304: removed
Jun  7 09:40:49 email-threat-docker postfix/smtpd[239]: connect from unknown[172.20.0.1]
Jun  7 09:40:50 email-threat-docker postfix/smtpd[239]: 5937A97304: client=unknown[172.20.0.1]
Jun  7 09:40:50 email-threat-docker postfix/cleanup[243]: 5937A97304: prepend: header Subject: Invoice #INV-9876 from unknown[172.20.0.1]; from=<devteam@company.com> to=<recipient@email-threat-docker.local> proto=ESMTP helo=<[192.168.48.1]>: [Subject: ]
Jun  7 09:40:50 email-threat-docker postfix/cleanup[243]: 5937A97304: message-id=<>
Jun  7 09:40:50 email-threat-docker postfix/qmgr[91]: 5937A97304: from=<devteam@company.com>, size=2197, nrcpt=1 (queue active)
Jun  7 09:40:50 email-threat-docker postfix/smtpd[239]: disconnect from unknown[172.20.0.1] ehlo=1 mail=1 rcpt=1 data=1 quit=1 commands=5
Jun  7 09:40:50 email-threat-docker postfix/smtp[244]: 5937A97304: to=<recipient@email-threat-docker.local>, relay=scanner[172.20.0.4]:10025, delay=0.03, delays=0.01/0/0.01/0.01, dsn=2.0.0, status=sent (250 Message quarantined)
Jun  7 09:40:50 email-threat-docker postfix/qmgr[91]: 5937A97304: removed
Jun  7 09:40:50 email-threat-docker postfix/smtpd[239]: connect from unknown[172.20.0.1]
Jun  7 09:40:51 email-threat-docker postfix/smtpd[239]: 54A4797304: client=unknown[172.20.0.1]
Jun  7 09:40:51 email-threat-docker postfix/cleanup[243]: 54A4797304: prepend: header Subject: Account Verification Needed from unknown[172.20.0.1]; from=<admin@company.com> to=<recipient@email-threat-docker.local> proto=ESMTP helo=<[192.168.48.1]>: [Subject: ]
Jun  7 09:40:51 email-threat-docker postfix/cleanup[243]: 54A4797304: message-id=<>
Jun  7 09:40:51 email-threat-docker postfix/qmgr[91]: 54A4797304: from=<admin@company.com>, size=494, nrcpt=1 (queue active)
Jun  7 09:40:51 email-threat-docker postfix/smtpd[239]: disconnect from unknown[172.20.0.1] ehlo=1 mail=1 rcpt=1 data=1 quit=1 commands=5
Jun  7 09:40:51 email-threat-docker postfix/smtp[244]: 54A4797304: to=<recipient@email-threat-docker.local>, relay=scanner[172.20.0.4]:10025, delay=0.03, delays=0.01/0/0.01/0.01, dsn=2.0.0, status=sent (250 Message quarantined)
Jun  7 09:40:51 email-threat-docker postfix/qmgr[91]: 54A4797304: removed
Jun  7 09:40:51 email-threat-docker postfix/smtpd[239]: connect from unknown[172.20.0.1]
Jun  7 09:40:52 email-threat-docker postfix/smtpd[239]: 4E5A097304: client=unknown[172.20.0.1]
Jun  7 09:40:52 email-threat-docker postfix/cleanup[243]: 4E5A097304: prepend: header Subject: Document Shared from unknown[172.20.0.1]; from=<info@company.com> to=<recipient@email-threat-docker.local> proto=ESMTP helo=<[192.168.48.1]>: [Subject: ]
Jun  7 09:40:52 email-threat-docker postfix/cleanup[243]: 4E5A097304: message-id=<>
Jun  7 09:40:52 email-threat-docker postfix/qmgr[91]: 4E5A097304: from=<info@company.com>, size=653, nrcpt=1 (queue active)
Jun  7 09:40:52 email-threat-docker postfix/smtpd[239]: disconnect from unknown[172.20.0.1] ehlo=1 mail=1 rcpt=1 data=1 quit=1 commands=5
Jun  7 09:40:52 email-threat-docker postfix/smtp[244]: 4E5A097304: to=<recipient@email-threat-docker.local>, relay=scanner[172.20.0.4]:10025, delay=0.03, delays=0.01/0/0.01/0.01, dsn=2.0.0, status=sent (250 Message quarantined)
Jun  7 09:40:52 email-threat-docker postfix/qmgr[91]: 4E5A097304: removed
Jun  7 09:40:52 email-threat-docker postfix/smtpd[239]: connect from unknown[172.20.0.1]
Jun  7 09:40:53 email-threat-docker postfix/smtpd[239]: 4D7ED97304: client=unknown[172.20.0.1]
Jun  7 09:40:53 email-threat-docker postfix/cleanup[243]: 4D7ED97304: prepend: header Subject: Encrypted Report from unknown[172.20.0.1]; from=<security@bigcorp.com> to=<recipient@email-threat-docker.local> proto=ESMTP helo=<[192.168.48.1]>: [Subject: ]
Jun  7 09:40:53 email-threat-docker postfix/cleanup[243]: 4D7ED97304: message-id=<>
Jun  7 09:40:53 email-threat-docker postfix/qmgr[91]: 4D7ED97304: from=<security@bigcorp.com>, size=2191, nrcpt=1 (queue active)
Jun  7 09:40:53 email-threat-docker postfix/smtpd[239]: disconnect from unknown[172.20.0.1] ehlo=1 mail=1 rcpt=1 data=1 quit=1 commands=5
Jun  7 09:40:53 email-threat-docker postfix/smtp[244]: 4D7ED97304: to=<recipient@email-threat-docker.local>, relay=scanner[172.20.0.4]:10025, delay=0.04, delays=0.01/0/0.01/0.02, dsn=2.0.0, status=sent (250 Message quarantined)
Jun  7 09:40:53 email-threat-docker postfix/qmgr[91]: 4D7ED97304: removed
Jun  7 09:40:53 email-threat-docker postfix/smtpd[239]: connect from unknown[172.20.0.1]
Jun  7 09:40:54 email-threat-docker postfix/smtpd[239]: 4ABD697304: client=unknown[172.20.0.1]
Jun  7 09:40:54 email-threat-docker postfix/cleanup[243]: 4ABD697304: prepend: header Subject: Password Reset Required from unknown[172.20.0.1]; from=<security@service.com> to=<recipient@email-threat-docker.local> proto=ESMTP helo=<[192.168.48.1]>: [Subject: ]
Jun  7 09:40:54 email-threat-docker postfix/cleanup[243]: 4ABD697304: message-id=<>
Jun  7 09:40:54 email-threat-docker postfix/qmgr[91]: 4ABD697304: from=<security@service.com>, size=475, nrcpt=1 (queue active)
Jun  7 09:40:54 email-threat-docker postfix/smtpd[239]: disconnect from unknown[172.20.0.1] ehlo=1 mail=1 rcpt=1 data=1 quit=1 commands=5
Jun  7 09:40:54 email-threat-docker postfix/smtp[244]: 4ABD697304: to=<recipient@email-threat-docker.local>, relay=scanner[172.20.0.4]:10025, delay=0.03, delays=0.01/0/0.01/0.01, dsn=2.0.0, status=sent (250 Message quarantined)
Jun  7 09:40:54 email-threat-docker postfix/qmgr[91]: 4ABD697304: removed
Jun  7 09:40:54 email-threat-docker postfix/smtpd[239]: connect from unknown[172.20.0.1]
Jun  7 09:40:55 email-threat-docker postfix/smtpd[239]: 4922F97304: client=unknown[172.20.0.1]
Jun  7 09:40:55 email-threat-docker postfix/cleanup[243]: 4922F97304: prepend: header Subject: Your Package Tracking from unknown[172.20.0.1]; from=<info@company.com> to=<recipient@email-threat-docker.local> proto=ESMTP helo=<[192.168.48.1]>: [Subject: ]
Jun  7 09:40:55 email-threat-docker postfix/cleanup[243]: 4922F97304: message-id=<>
Jun  7 09:40:55 email-threat-docker postfix/qmgr[91]: 4922F97304: from=<info@company.com>, size=467, nrcpt=1 (queue active)
Jun  7 09:40:55 email-threat-docker postfix/smtpd[239]: disconnect from unknown[172.20.0.1] ehlo=1 mail=1 rcpt=1 data=1 quit=1 commands=5
Jun  7 09:40:55 email-threat-docker postfix/smtp[244]: 4922F97304: to=<recipient@email-threat-docker.local>, relay=scanner[172.20.0.4]:10025, delay=0.04, delays=0.01/0/0.02/0.01, dsn=2.0.0, status=sent (250 Message quarantined)
Jun  7 09:40:55 email-threat-docker postfix/qmgr[91]: 4922F97304: removed
Jun  7 09:40:55 email-threat-docker postfix/smtpd[239]: connect from unknown[172.20.0.1]
Jun  7 09:40:56 email-threat-docker postfix/smtpd[239]: 4625F97304: client=unknown[172.20.0.1]
Jun  7 09:40:56 email-threat-docker postfix/cleanup[243]: 4625F97304: prepend: header Subject: Financial Report from unknown[172.20.0.1]; from=<security@service.com> to=<recipient@email-threat-docker.local> proto=ESMTP helo=<[192.168.48.1]>: [Subject: ]
Jun  7 09:40:56 email-threat-docker postfix/cleanup[243]: 4625F97304: message-id=<>
Jun  7 09:40:56 email-threat-docker postfix/qmgr[91]: 4625F97304: from=<security@service.com>, size=810, nrcpt=1 (queue active)
Jun  7 09:40:56 email-threat-docker postfix/smtpd[239]: disconnect from unknown[172.20.0.1] ehlo=1 mail=1 rcpt=1 data=1 quit=1 commands=5
Jun  7 09:40:56 email-threat-docker postfix/smtp[244]: 4625F97304: to=<recipient@email-threat-docker.local>, relay=scanner[172.20.0.4]:10025, delay=0.04, delays=0.01/0/0.01/0.02, dsn=2.0.0, status=sent (250 Message quarantined)
Jun  7 09:40:56 email-threat-docker postfix/qmgr[91]: 4625F97304: removed
Jun  7 09:40:56 email-threat-docker postfix/smtpd[239]: connect from unknown[172.20.0.1]
Jun  7 09:40:57 email-threat-docker postfix/smtpd[239]: 42F7597304: client=unknown[172.20.0.1]
Jun  7 09:40:57 email-threat-docker postfix/cleanup[243]: 42F7597304: prepend: header Subject: Microsoft Security Update from unknown[172.20.0.1]; from=<events@company.com> to=<recipient@email-threat-docker.local> proto=ESMTP helo=<[192.168.48.1]>: [Subject: ]
Jun  7 09:40:57 email-threat-docker postfix/cleanup[243]: 42F7597304: message-id=<>
Jun  7 09:40:57 email-threat-docker postfix/qmgr[91]: 42F7597304: from=<events@company.com>, size=2270, nrcpt=1 (queue active)
Jun  7 09:40:57 email-threat-docker postfix/smtpd[239]: disconnect from unknown[172.20.0.1] ehlo=1 mail=1 rcpt=1 data=1 quit=1 commands=5
Jun  7 09:40:57 email-threat-docker postfix/smtp[244]: 42F7597304: to=<recipient@email-threat-docker.local>, relay=scanner[172.20.0.4]:10025, delay=0.03, delays=0.01/0/0.01/0.01, dsn=2.0.0, status=sent (250 Message quarantined)
Jun  7 09:40:57 email-threat-docker postfix/qmgr[91]: 42F7597304: removed
Jun  7 09:40:57 email-threat-docker postfix/smtpd[239]: connect from unknown[172.20.0.1]
Jun  7 09:40:58 email-threat-docker postfix/smtpd[239]: 3DBFD97304: client=unknown[172.20.0.1]
Jun  7 09:40:58 email-threat-docker postfix/cleanup[243]: 3DBFD97304: prepend: header Subject: Undelivered Mail Notification from unknown[172.20.0.1]; from=<security@onlinebank.com> to=<recipient@email-threat-docker.local> proto=ESMTP helo=<[192.168.48.1]>: [Subject: ]
Jun  7 09:40:58 email-threat-docker postfix/cleanup[243]: 3DBFD97304: message-id=<>
Jun  7 09:40:58 email-threat-docker postfix/qmgr[91]: 3DBFD97304: from=<security@onlinebank.com>, size=894, nrcpt=1 (queue active)
Jun  7 09:40:58 email-threat-docker postfix/smtpd[239]: disconnect from unknown[172.20.0.1] ehlo=1 mail=1 rcpt=1 data=1 quit=1 commands=5
Jun  7 09:40:58 email-threat-docker postfix/smtp[244]: 3DBFD97304: to=<recipient@email-threat-docker.local>, relay=scanner[172.20.0.4]:10025, delay=0.03, delays=0.01/0/0.01/0.01, dsn=2.0.0, status=sent (250 Message quarantined)
Jun  7 09:40:58 email-threat-docker postfix/qmgr[91]: 3DBFD97304: removed
Jun  7 09:43:36 email-threat-docker postfix/postfix-script[73]: warning: group or other writable: /etc/postfix/./main.cf
Jun  7 09:43:36 email-threat-docker postfix/postfix-script[74]: warning: group or other writable: /etc/postfix/./master.cf
Jun  7 09:43:36 email-threat-docker postfix/postfix-script[75]: warning: group or other writable: /etc/postfix/./transport
Jun  7 09:43:36 email-threat-docker postfix/postfix-script[98]: starting the Postfix mail system
Jun  7 09:43:36 email-threat-docker postfix/master[1]: daemon started -- version 3.6.4, configuration /etc/postfix
Jun  7 09:46:03 email-threat-docker postfix/smtpd[295]: warning: dict_nis_init: NIS domain name not set - NIS lookups disabled
Jun  7 09:46:03 email-threat-docker postfix/smtpd[295]: connect from unknown[172.20.0.1]
Jun  7 09:46:03 email-threat-docker postfix/smtpd[295]: disconnect from unknown[172.20.0.1] ehlo=1 quit=1 commands=2
Jun  7 09:49:48 email-threat-docker postfix/smtpd[588]: warning: dict_nis_init: NIS domain name not set - NIS lookups disabled
Jun  7 09:49:48 email-threat-docker postfix/smtpd[588]: connect from unknown[172.20.0.1]
Jun  7 09:49:50 email-threat-docker postfix/smtpd[588]: 1D00697329: client=unknown[172.20.0.1]
Jun  7 09:49:50 email-threat-docker postfix/cleanup[599]: 1D00697329: prepend: header Subject: Upcoming Holiday Schedule from unknown[172.20.0.1]; from=<communications@company.com> to=<recipient@email-threat-docker.local> proto=ESMTP helo=<[192.168.48.1]>: [Subject: ]
Jun  7 09:49:50 email-threat-docker postfix/cleanup[599]: 1D00697329: message-id=<>
Jun  7 09:49:50 email-threat-docker postfix/qmgr[100]: 1D00697329: from=<communications@company.com>, size=626, nrcpt=1 (queue active)
Jun  7 09:49:50 email-threat-docker postfix/smtpd[588]: disconnect from unknown[172.20.0.1] ehlo=1 mail=1 rcpt=1 data=1 quit=1 commands=5
Jun  7 09:49:50 email-threat-docker postfix/smtpd[601]: warning: dict_nis_init: NIS domain name not set - NIS lookups disabled
Jun  7 09:49:50 email-threat-docker postfix/smtpd[601]: connect from scanner.holbertonshcool-cybersecurity-final-proyect_threat-net[172.20.0.2]
Jun  7 09:49:50 email-threat-docker postfix/smtpd[601]: 2B9CC97334: client=scanner.holbertonshcool-cybersecurity-final-proyect_threat-net[172.20.0.2]
Jun  7 09:49:50 email-threat-docker postfix/cleanup[599]: 2B9CC97334: message-id=<>
Jun  7 09:49:50 email-threat-docker postfix/qmgr[100]: 2B9CC97334: from=<communications@company.com>, size=882, nrcpt=1 (queue active)
Jun  7 09:49:50 email-threat-docker postfix/smtpd[601]: disconnect from scanner.holbertonshcool-cybersecurity-final-proyect_threat-net[172.20.0.2] ehlo=1 mail=1 rcpt=1 data=1 quit=1 commands=5
Jun  7 09:49:50 email-threat-docker postfix/smtp[600]: 1D00697329: to=<recipient@email-threat-docker.local>, relay=scanner[172.20.0.2]:10025, delay=0.08, delays=0.02/0.01/0.01/0.05, dsn=2.0.0, status=sent (250 Message delivered)
Jun  7 09:49:50 email-threat-docker postfix/qmgr[100]: 1D00697329: removed
Jun  7 09:49:50 email-threat-docker postfix/local[602]: warning: dict_nis_init: NIS domain name not set - NIS lookups disabled
Jun  7 09:49:50 email-threat-docker postfix/smtpd[588]: connect from unknown[172.20.0.1]
Jun  7 09:49:51 email-threat-docker postfix/smtpd[588]: 1856C97339: client=unknown[172.20.0.1]
Jun  7 09:49:51 email-threat-docker postfix/cleanup[599]: 1856C97339: prepend: header Subject: Project Kickoff Meeting from unknown[172.20.0.1]; from=<support@bank.com> to=<recipient@email-threat-docker.local> proto=ESMTP helo=<[192.168.48.1]>: [Subject: ]
Jun  7 09:49:51 email-threat-docker postfix/cleanup[599]: 1856C97339: message-id=<>
Jun  7 09:49:51 email-threat-docker postfix/qmgr[100]: 1856C97339: from=<support@bank.com>, size=630, nrcpt=1 (queue active)
Jun  7 09:49:51 email-threat-docker postfix/smtpd[588]: disconnect from unknown[172.20.0.1] ehlo=1 mail=1 rcpt=1 data=1 quit=1 commands=5
Jun  7 09:49:51 email-threat-docker postfix/smtpd[601]: connect from scanner.holbertonshcool-cybersecurity-final-proyect_threat-net[172.20.0.2]
Jun  7 09:49:51 email-threat-docker postfix/smtpd[601]: 1E99A9733B: client=scanner.holbertonshcool-cybersecurity-final-proyect_threat-net[172.20.0.2]
Jun  7 09:49:51 email-threat-docker postfix/cleanup[599]: 1E99A9733B: message-id=<>
Jun  7 09:49:51 email-threat-docker postfix/qmgr[100]: 1E99A9733B: from=<support@bank.com>, size=886, nrcpt=1 (queue active)
Jun  7 09:49:51 email-threat-docker postfix/smtpd[601]: disconnect from scanner.holbertonshcool-cybersecurity-final-proyect_threat-net[172.20.0.2] ehlo=1 mail=1 rcpt=1 data=1 quit=1 commands=5
Jun  7 09:49:51 email-threat-docker postfix/smtp[600]: 1856C97339: to=<recipient@email-threat-docker.local>, relay=scanner[172.20.0.2]:10025, delay=0.04, delays=0.01/0/0/0.02, dsn=2.0.0, status=sent (250 Message delivered)
Jun  7 09:49:51 email-threat-docker postfix/qmgr[100]: 1856C97339: removed
Jun  7 09:49:51 email-threat-docker postfix/local[604]: warning: dict_nis_init: NIS domain name not set - NIS lookups disabled
Jun  7 09:49:51 email-threat-docker postfix/local[602]: 2B9CC97334: to=<recipient@email-threat-docker.local>, relay=local, delay=1, delays=0.01/0.01/0/1, dsn=2.0.0, status=sent (delivered to command: /usr/bin/procmail)
Jun  7 09:49:51 email-threat-docker postfix/qmgr[100]: 2B9CC97334: removed
Jun  7 09:49:51 email-threat-docker postfix/smtpd[588]: connect from unknown[172.20.0.1]
Jun  7 09:49:52 email-threat-docker postfix/smtpd[588]: 147F197334: client=unknown[172.20.0.1]
Jun  7 09:49:52 email-threat-docker postfix/cleanup[599]: 147F197334: prepend: header Subject: Scheduled Maintenance Tonight from unknown[172.20.0.1]; from=<alerts@service.com> to=<recipient@email-threat-docker.local> proto=ESMTP helo=<[192.168.48.1]>: [Subject: ]
Jun  7 09:49:52 email-threat-docker postfix/cleanup[599]: 147F197334: message-id=<>
Jun  7 09:49:52 email-threat-docker postfix/qmgr[100]: 147F197334: from=<alerts@service.com>, size=633, nrcpt=1 (queue active)
Jun  7 09:49:52 email-threat-docker postfix/smtpd[588]: disconnect from unknown[172.20.0.1] ehlo=1 mail=1 rcpt=1 data=1 quit=1 commands=5
Jun  7 09:49:52 email-threat-docker postfix/smtpd[601]: connect from scanner.holbertonshcool-cybersecurity-final-proyect_threat-net[172.20.0.2]
Jun  7 09:49:52 email-threat-docker postfix/smtpd[601]: 1B03A97337: client=scanner.holbertonshcool-cybersecurity-final-proyect_threat-net[172.20.0.2]
Jun  7 09:49:52 email-threat-docker postfix/cleanup[599]: 1B03A97337: message-id=<>
Jun  7 09:49:52 email-threat-docker postfix/qmgr[100]: 1B03A97337: from=<alerts@service.com>, size=889, nrcpt=1 (queue active)
Jun  7 09:49:52 email-threat-docker postfix/smtpd[601]: disconnect from scanner.holbertonshcool-cybersecurity-final-proyect_threat-net[172.20.0.2] ehlo=1 mail=1 rcpt=1 data=1 quit=1 commands=5
Jun  7 09:49:52 email-threat-docker postfix/smtp[600]: 147F197334: to=<recipient@email-threat-docker.local>, relay=scanner[172.20.0.2]:10025, delay=0.04, delays=0.01/0/0/0.02, dsn=2.0.0, status=sent (250 Message delivered)
Jun  7 09:49:52 email-threat-docker postfix/qmgr[100]: 147F197334: removed
Jun  7 09:49:52 email-threat-docker postfix/local[602]: 1B03A97337: to=<recipient@email-threat-docker.local>, relay=local, delay=0.02, delays=0.01/0/0/0.01, dsn=2.0.0, status=sent (delivered to command: /usr/bin/procmail)
Jun  7 09:49:52 email-threat-docker postfix/qmgr[100]: 1B03A97337: removed
Jun  7 09:49:52 email-threat-docker postfix/smtpd[588]: connect from unknown[172.20.0.1]
Jun  7 09:49:53 email-threat-docker postfix/smtpd[588]: 105E697334: client=unknown[172.20.0.1]
Jun  7 09:49:53 email-threat-docker postfix/cleanup[599]: 105E697334: prepend: header Subject: Your Subscription Renewal Confirmation from unknown[172.20.0.1]; from=<devteam@company.com> to=<recipient@email-threat-docker.local> proto=ESMTP helo=<[192.168.48.1]>: [Subject: ]
Jun  7 09:49:53 email-threat-docker postfix/cleanup[599]: 105E697334: message-id=<>
Jun  7 09:49:53 email-threat-docker postfix/qmgr[100]: 105E697334: from=<devteam@company.com>, size=599, nrcpt=1 (queue active)
Jun  7 09:49:53 email-threat-docker postfix/smtpd[588]: disconnect from unknown[172.20.0.1] ehlo=1 mail=1 rcpt=1 data=1 quit=1 commands=5
Jun  7 09:49:53 email-threat-docker postfix/smtpd[601]: connect from scanner.holbertonshcool-cybersecurity-final-proyect_threat-net[172.20.0.2]
Jun  7 09:49:53 email-threat-docker postfix/smtpd[601]: 1675497337: client=scanner.holbertonshcool-cybersecurity-final-proyect_threat-net[172.20.0.2]
Jun  7 09:49:53 email-threat-docker postfix/cleanup[599]: 1675497337: message-id=<>
Jun  7 09:49:53 email-threat-docker postfix/qmgr[100]: 1675497337: from=<devteam@company.com>, size=855, nrcpt=1 (queue active)
Jun  7 09:49:53 email-threat-docker postfix/smtpd[601]: disconnect from scanner.holbertonshcool-cybersecurity-final-proyect_threat-net[172.20.0.2] ehlo=1 mail=1 rcpt=1 data=1 quit=1 commands=5
Jun  7 09:49:53 email-threat-docker postfix/smtp[600]: 105E697334: to=<recipient@email-threat-docker.local>, relay=scanner[172.20.0.2]:10025, delay=0.04, delays=0.01/0/0.01/0.02, dsn=2.0.0, status=sent (250 Message delivered)
Jun  7 09:49:53 email-threat-docker postfix/qmgr[100]: 105E697334: removed
Jun  7 09:49:53 email-threat-docker postfix/local[602]: 1675497337: to=<recipient@email-threat-docker.local>, relay=local, delay=0.02, delays=0.01/0/0/0.01, dsn=2.0.0, status=sent (delivered to command: /usr/bin/procmail)
Jun  7 09:49:53 email-threat-docker postfix/qmgr[100]: 1675497337: removed
Jun  7 09:49:53 email-threat-docker postfix/smtpd[588]: connect from unknown[172.20.0.1]
Jun  7 09:49:54 email-threat-docker postfix/smtpd[588]: 0C8C797334: client=unknown[172.20.0.1]
Jun  7 09:49:54 email-threat-docker postfix/cleanup[599]: 0C8C797334: prepend: header Subject: Join Us for the Charity Run! from unknown[172.20.0.1]; from=<devteam@company.com> to=<recipient@email-threat-docker.local> proto=ESMTP helo=<[192.168.48.1]>: [Subject: ]
Jun  7 09:49:54 email-threat-docker postfix/cleanup[599]: 0C8C797334: message-id=<>
Jun  7 09:49:54 email-threat-docker postfix/qmgr[100]: 0C8C797334: from=<devteam@company.com>, size=642, nrcpt=1 (queue active)
Jun  7 09:49:54 email-threat-docker postfix/smtpd[588]: disconnect from unknown[172.20.0.1] ehlo=1 mail=1 rcpt=1 data=1 quit=1 commands=5
Jun  7 09:49:54 email-threat-docker postfix/smtpd[601]: connect from scanner.holbertonshcool-cybersecurity-final-proyect_threat-net[172.20.0.2]
Jun  7 09:49:54 email-threat-docker postfix/smtpd[601]: 1329797337: client=scanner.holbertonshcool-cybersecurity-final-proyect_threat-net[172.20.0.2]
Jun  7 09:49:54 email-threat-docker postfix/cleanup[599]: 1329797337: message-id=<>
Jun  7 09:49:54 email-threat-docker postfix/qmgr[100]: 1329797337: from=<devteam@company.com>, size=898, nrcpt=1 (queue active)
Jun  7 09:49:54 email-threat-docker postfix/smtpd[601]: disconnect from scanner.holbertonshcool-cybersecurity-final-proyect_threat-net[172.20.0.2] ehlo=1 mail=1 rcpt=1 data=1 quit=1 commands=5
Jun  7 09:49:54 email-threat-docker postfix/smtp[600]: 0C8C797334: to=<recipient@email-threat-docker.local>, relay=scanner[172.20.0.2]:10025, delay=0.04, delays=0.01/0/0.01/0.02, dsn=2.0.0, status=sent (250 Message delivered)
Jun  7 09:49:54 email-threat-docker postfix/qmgr[100]: 0C8C797334: removed
Jun  7 09:49:54 email-threat-docker postfix/local[602]: 1329797337: to=<recipient@email-threat-docker.local>, relay=local, delay=0.02, delays=0.01/0/0/0.01, dsn=2.0.0, status=sent (delivered to command: /usr/bin/procmail)
Jun  7 09:49:54 email-threat-docker postfix/qmgr[100]: 1329797337: removed
Jun  7 09:49:54 email-threat-docker postfix/smtpd[588]: connect from unknown[172.20.0.1]
Jun  7 09:49:55 email-threat-docker postfix/smtpd[588]: 097B897334: client=unknown[172.20.0.1]
Jun  7 09:49:55 email-threat-docker postfix/cleanup[599]: 097B897334: prepend: header Subject: Password Change Successful from unknown[172.20.0.1]; from=<security@onlinebank.com> to=<recipient@email-threat-docker.local> proto=ESMTP helo=<[192.168.48.1]>: [Subject: ]
Jun  7 09:49:55 email-threat-docker postfix/cleanup[599]: 097B897334: message-id=<>
Jun  7 09:49:55 email-threat-docker postfix/qmgr[100]: 097B897334: from=<security@onlinebank.com>, size=634, nrcpt=1 (queue active)
Jun  7 09:49:55 email-threat-docker postfix/smtpd[588]: disconnect from unknown[172.20.0.1] ehlo=1 mail=1 rcpt=1 data=1 quit=1 commands=5
Jun  7 09:49:55 email-threat-docker postfix/smtpd[601]: connect from scanner.holbertonshcool-cybersecurity-final-proyect_threat-net[172.20.0.2]
Jun  7 09:49:55 email-threat-docker postfix/smtpd[601]: 0F58897337: client=scanner.holbertonshcool-cybersecurity-final-proyect_threat-net[172.20.0.2]
Jun  7 09:49:55 email-threat-docker postfix/cleanup[599]: 0F58897337: message-id=<>
Jun  7 09:49:55 email-threat-docker postfix/qmgr[100]: 0F58897337: from=<security@onlinebank.com>, size=890, nrcpt=1 (queue active)
Jun  7 09:49:55 email-threat-docker postfix/smtpd[601]: disconnect from scanner.holbertonshcool-cybersecurity-final-proyect_threat-net[172.20.0.2] ehlo=1 mail=1 rcpt=1 data=1 quit=1 commands=5
Jun  7 09:49:55 email-threat-docker postfix/smtp[600]: 097B897334: to=<recipient@email-threat-docker.local>, relay=scanner[172.20.0.2]:10025, delay=0.03, delays=0.01/0/0.01/0.02, dsn=2.0.0, status=sent (250 Message delivered)
Jun  7 09:49:55 email-threat-docker postfix/qmgr[100]: 097B897334: removed
Jun  7 09:49:55 email-threat-docker postfix/local[602]: 0F58897337: to=<recipient@email-threat-docker.local>, relay=local, delay=0.01, delays=0.01/0/0/0.01, dsn=2.0.0, status=sent (delivered to command: /usr/bin/procmail)
Jun  7 09:49:55 email-threat-docker postfix/qmgr[100]: 0F58897337: removed
Jun  7 09:49:55 email-threat-docker postfix/smtpd[588]: connect from unknown[172.20.0.1]
Jun  7 09:49:56 email-threat-docker postfix/smtpd[588]: 05A2A97334: client=unknown[172.20.0.1]
Jun  7 09:49:56 email-threat-docker postfix/cleanup[599]: 05A2A97334: prepend: header Subject: Feature X Deployment from unknown[172.20.0.1]; from=<communications@company.com> to=<recipient@email-threat-docker.local> proto=ESMTP helo=<[192.168.48.1]>: [Subject: ]
Jun  7 09:49:56 email-threat-docker postfix/cleanup[599]: 05A2A97334: message-id=<>
Jun  7 09:49:56 email-threat-docker postfix/qmgr[100]: 05A2A97334: from=<communications@company.com>, size=625, nrcpt=1 (queue active)
